[INIT] Maximum length of marshaled GetTxnTimestampCtx is: 22
gc 1 @0.281s 0%: 0.035+2.4+0.008 ms clock, 0.28+0.29/2.4/0.54+0.068 ms cpu, 4->4->1 MB, 5 MB goal, 8 P
scvg: 0 MB released
scvg: inuse: 3, idle: 59, sys: 63, released: 58, consumed: 4 (MB)
scvg: 0 MB released
scvg: inuse: 2, idle: 60, sys: 63, released: 58, consumed: 4 (MB)
scvg: 0 MB released
scvg: inuse: 3, idle: 59, sys: 63, released: 58, consumed: 4 (MB)
scvg: 0 MB released
scvg: inuse: 3, idle: 59, sys: 63, released: 58, consumed: 4 (MB)
scvg: 0 MB released
scvg: inuse: 4, idle: 58, sys: 63, released: 58, consumed: 4 (MB)
scvg: inuse: 4, idle: 58, sys: 63, released: 58, consumed: 4 (MB)
scvg: inuse: 4, idle: 58, sys: 63, released: 58, consumed: 4 (MB)
scvg: inuse: 4, idle: 58, sys: 63, released: 58, consumed: 4 (MB)
scvg: inuse: 4, idle: 58, sys: 63, released: 58, consumed: 4 (MB)
scvg: inuse: 5, idle: 58, sys: 63, released: 58, consumed: 5 (MB)
gc 2 @0.297s 0%: 0.005+0.42+0.011 ms clock, 0.046+0.23/0.33/1.0+0.091 ms cpu, 4->4->0 MB, 5 MB goal, 8 P
scvg: 0 MB released
scvg: inuse: 4, idle: 58, sys: 63, released: 57, consumed: 5 (MB)
scvg: 0 MB released
scvg: inuse: 2, idle: 60, sys: 63, released: 57, consumed: 5 (MB)
scvg: 0 MB released
scvg: inuse: 2, idle: 60, sys: 63, released: 57, consumed: 5 (MB)
scvg: 0 MB released
scvg: inuse: 2, idle: 60, sys: 63, released: 57, consumed: 5 (MB)
scvg: 0 MB released
scvg: inuse: 2, idle: 60, sys: 63, released: 57, consumed: 5 (MB)
scvg: 0 MB released
scvg: inuse: 2, idle: 60, sys: 63, released: 57, consumed: 5 (MB)
scvg: 0 MB released
scvg: inuse: 3, idle: 60, sys: 63, released: 57, consumed: 5 (MB)
scvg: 0 MB released
scvg: inuse: 4, idle: 58, sys: 63, released: 57, consumed: 5 (MB)
scvg: 0 MB released
scvg: inuse: 5, idle: 58, sys: 63, released: 57, consumed: 5 (MB)
gc 3 @0.313s 0%: 0.026+0.89+0.008 ms clock, 0.20+0.20/0.47/0.57+0.065 ms cpu, 4->4->1 MB, 5 MB goal, 8 P
scvg: 0 MB released
scvg: inuse: 5, idle: 57, sys: 63, released: 57, consumed: 5 (MB)
scvg: 0 MB released
scvg: inuse: 3, idle: 59, sys: 63, released: 57, consumed: 5 (MB)
scvg: 0 MB released
scvg: inuse: 3, idle: 59, sys: 63, released: 57, consumed: 5 (MB)
scvg: 0 MB released
scvg: inuse: 3, idle: 59, sys: 63, released: 57, consumed: 5 (MB)
scvg: 0 MB released
scvg: inuse: 4, idle: 58, sys: 63, released: 57, consumed: 5 (MB)
scvg: inuse: 5, idle: 57, sys: 63, released: 57, consumed: 5 (MB)
scvg: inuse: 5, idle: 57, sys: 63, released: 57, consumed: 5 (MB)
gc 4 @0.324s 0%: 0.007+0.85+0.009 ms clock, 0.060+0/0.51/1.5+0.074 ms cpu, 4->4->1 MB, 5 MB goal, 8 P
scvg: 0 MB released
scvg: inuse: 5, idle: 57, sys: 63, released: 57, consumed: 5 (MB)
scvg: 0 MB released
scvg: inuse: 4, idle: 59, sys: 63, released: 57, consumed: 5 (MB)
scvg: 0 MB released
scvg: inuse: 4, idle: 58, sys: 63, released: 57, consumed: 5 (MB)
scvg: 0 MB released
scvg: inuse: 5, idle: 57, sys: 63, released: 57, consumed: 5 (MB)
gc 5 @0.330s 0%: 0.006+1.9+0.009 ms clock, 0.052+0.72/0.96/0+0.074 ms cpu, 4->4->2 MB, 5 MB goal, 8 P
gc 6 @0.336s 0%: 0.006+3.0+0.026 ms clock, 0.048+0/1.3/0.67+0.21 ms cpu, 5->6->3 MB, 6 MB goal, 8 P
gc 7 @0.350s 0%: 0.033+1.0+0.009 ms clock, 0.26+0.24/1.3/0.36+0.079 ms cpu, 7->7->4 MB, 8 MB goal, 8 P
gc 8 @0.359s 0%: 0.006+1.8+0.025 ms clock, 0.055+0/1.1/2.3+0.20 ms cpu, 8->8->5 MB, 9 MB goal, 8 P
gc 9 @0.376s 0%: 0.007+1.5+0.016 ms clock, 0.058+1.3/0.93/1.8+0.13 ms cpu, 10->10->5 MB, 11 MB goal, 8 P
gc 10 @0.402s 0%: 0.007+1.3+0.006 ms clock, 0.058+0/2.0/1.2+0.048 ms cpu, 11->11->7 MB, 12 MB goal, 8 P
gc 11 @0.418s 0%: 0.006+5.9+0.015 ms clock, 0.051+1.1/1.2/1.7+0.12 ms cpu, 14->17->12 MB, 15 MB goal, 8 P
gc 12 @0.449s 0%: 0.007+7.6+0.029 ms clock, 0.056+0/3.5/2.7+0.23 ms cpu, 22->23->12 MB, 24 MB goal, 8 P
scvg: 0 MB released
scvg: inuse: 25, idle: 37, sys: 62, released: 36, consumed: 26 (MB)
gc 13 @0.484s 0%: 0.011+3.2+0.008 ms clock, 0.094+0.69/3.6/0.061+0.066 ms cpu, 24->24->11 MB, 25 MB goal, 8 P
scvg: 0 MB released
scvg: inuse: 14, idle: 48, sys: 62, released: 36, consumed: 26 (MB)
scvg: 0 MB released
scvg: inuse: 16, idle: 46, sys: 62, released: 36, consumed: 26 (MB)
scvg: 0 MB released
scvg: inuse: 18, idle: 44, sys: 62, released: 36, consumed: 26 (MB)
scvg: 0 MB released
scvg: inuse: 19, idle: 43, sys: 62, released: 36, consumed: 26 (MB)
scvg: 0 MB released
scvg: inuse: 21, idle: 41, sys: 62, released: 36, consumed: 26 (MB)
scvg: 0 MB released
scvg: inuse: 23, idle: 39, sys: 62, released: 36, consumed: 26 (MB)
scvg: inuse: 24, idle: 38, sys: 62, released: 36, consumed: 26 (MB)
scvg: inuse: 24, idle: 38, sys: 62, released: 36, consumed: 26 (MB)
gc 14 @0.500s 0%: 0.020+2.0+0.009 ms clock, 0.16+0.62/3.3/0.12+0.079 ms cpu, 21->22->10 MB, 22 MB goal, 8 P
scvg: 0 MB released
scvg: inuse: 24, idle: 38, sys: 62, released: 36, consumed: 26 (MB)
scvg: 0 MB released
scvg: inuse: 14, idle: 48, sys: 62, released: 36, consumed: 26 (MB)
scvg: 0 MB released
scvg: inuse: 16, idle: 46, sys: 62, released: 36, consumed: 26 (MB)
scvg: 0 MB released
scvg: inuse: 17, idle: 45, sys: 62, released: 36, consumed: 26 (MB)
scvg: 0 MB released
scvg: inuse: 19, idle: 43, sys: 62, released: 36, consumed: 26 (MB)
scvg: 0 MB released
scvg: inuse: 20, idle: 42, sys: 62, released: 36, consumed: 26 (MB)
scvg: 0 MB released
scvg: inuse: 20, idle: 42, sys: 62, released: 36, consumed: 26 (MB)
scvg: 0 MB released
scvg: inuse: 20, idle: 42, sys: 62, released: 36, consumed: 26 (MB)
scvg: 0 MB released
scvg: inuse: 20, idle: 42, sys: 62, released: 36, consumed: 26 (MB)
scvg: 0 MB released
scvg: inuse: 20, idle: 42, sys: 62, released: 36, consumed: 26 (MB)
scvg: 0 MB released
scvg: inuse: 20, idle: 42, sys: 62, released: 36, consumed: 26 (MB)
scvg: 0 MB released
scvg: inuse: 20, idle: 42, sys: 62, released: 36, consumed: 26 (MB)
scvg: 0 MB released
scvg: inuse: 20, idle: 42, sys: 62, released: 36, consumed: 26 (MB)
scvg: 0 MB released
scvg: inuse: 20, idle: 42, sys: 62, released: 36, consumed: 26 (MB)
scvg: 0 MB released
scvg: inuse: 20, idle: 42, sys: 62, released: 36, consumed: 26 (MB)
scvg: 0 MB released
scvg: inuse: 20, idle: 42, sys: 62, released: 36, consumed: 26 (MB)
scvg: 0 MB released
scvg: inuse: 20, idle: 42, sys: 62, released: 36, consumed: 26 (MB)
scvg: 0 MB released
scvg: inuse: 20, idle: 42, sys: 62, released: 36, consumed: 26 (MB)
scvg: 0 MB released
scvg: inuse: 20, idle: 42, sys: 62, released: 36, consumed: 26 (MB)
scvg: 0 MB released
scvg: inuse: 20, idle: 42, sys: 62, released: 36, consumed: 26 (MB)
scvg: 0 MB released
scvg: inuse: 20, idle: 42, sys: 62, released: 36, consumed: 26 (MB)
scvg: 0 MB released
scvg: inuse: 20, idle: 42, sys: 62, released: 36, consumed: 26 (MB)
scvg: 0 MB released
scvg: inuse: 20, idle: 42, sys: 62, released: 36, consumed: 26 (MB)
scvg: 0 MB released
scvg: inuse: 20, idle: 42, sys: 62, released: 36, consumed: 26 (MB)
scvg: 0 MB released
scvg: inuse: 20, idle: 42, sys: 62, released: 36, consumed: 26 (MB)
scvg: 0 MB released
scvg: inuse: 20, idle: 42, sys: 62, released: 36, consumed: 26 (MB)
scvg: 0 MB released
scvg: inuse: 20, idle: 42, sys: 62, released: 36, consumed: 25 (MB)
scvg: 0 MB released
scvg: inuse: 20, idle: 42, sys: 62, released: 36, consumed: 25 (MB)
gc 15 @5.717s 0%: 0.060+2.1+0.006 ms clock, 0.48+0.23/2.9/2.1+0.051 ms cpu, 21->21->11 MB, 22 MB goal, 8 P
scvg: 0 MB released
scvg: inuse: 21, idle: 40, sys: 62, released: 37, consumed: 25 (MB)
scvg: 0 MB released
scvg: inuse: 14, idle: 48, sys: 62, released: 37, consumed: 25 (MB)
scvg: 0 MB released
scvg: inuse: 14, idle: 48, sys: 62, released: 37, consumed: 25 (MB)
scvg: 0 MB released
scvg: inuse: 14, idle: 48, sys: 62, released: 37, consumed: 25 (MB)
scvg: 0 MB released
scvg: inuse: 14, idle: 48, sys: 62, released: 37, consumed: 25 (MB)
scvg: 0 MB released
scvg: inuse: 14, idle: 48, sys: 62, released: 37, consumed: 25 (MB)
scvg: 0 MB released
scvg: inuse: 14, idle: 48, sys: 62, released: 37, consumed: 25 (MB)
scvg: 0 MB released
scvg: inuse: 14, idle: 48, sys: 62, released: 37, consumed: 25 (MB)
scvg: 0 MB released
scvg: inuse: 14, idle: 48, sys: 62, released: 37, consumed: 25 (MB)
scvg: 0 MB released
scvg: inuse: 14, idle: 48, sys: 62, released: 37, consumed: 25 (MB)
scvg: 0 MB released
scvg: inuse: 14, idle: 48, sys: 62, released: 37, consumed: 25 (MB)
scvg: 0 MB released
scvg: inuse: 14, idle: 48, sys: 62, released: 37, consumed: 25 (MB)
scvg: 0 MB released
scvg: inuse: 14, idle: 48, sys: 62, released: 37, consumed: 25 (MB)
scvg: 0 MB released
scvg: inuse: 14, idle: 48, sys: 62, released: 37, consumed: 25 (MB)
scvg: 0 MB released
scvg: inuse: 14, idle: 48, sys: 62, released: 37, consumed: 25 (MB)
scvg: 0 MB released
scvg: inuse: 14, idle: 48, sys: 62, released: 37, consumed: 25 (MB)
GC forced
gc 16 @125.732s 0%: 0.018+4.0+0.008 ms clock, 0.14+0/4.7/2.1+0.067 ms cpu, 16->16->11 MB, 23 MB goal, 8 P
scvg: 0 MB released
scvg: inuse: 16, idle: 46, sys: 62, released: 37, consumed: 25 (MB)
scvg: 0 MB released
scvg: inuse: 14, idle: 48, sys: 62, released: 37, consumed: 25 (MB)
scvg: 0 MB released
scvg: inuse: 14, idle: 48, sys: 62, released: 37, consumed: 25 (MB)
scvg: 0 MB released
scvg: inuse: 14, idle: 48, sys: 62, released: 37, consumed: 25 (MB)
scvg: 0 MB released
scvg: inuse: 14, idle: 48, sys: 62, released: 37, consumed: 25 (MB)
scvg: 0 MB released
scvg: inuse: 14, idle: 48, sys: 62, released: 37, consumed: 25 (MB)
scvg: 0 MB released
scvg: inuse: 14, idle: 48, sys: 62, released: 37, consumed: 25 (MB)
scvg: 0 MB released
scvg: inuse: 14, idle: 48, sys: 62, released: 37, consumed: 25 (MB)
scvg: 0 MB released
scvg: inuse: 14, idle: 48, sys: 62, released: 37, consumed: 25 (MB)
scvg: 0 MB released
scvg: inuse: 14, idle: 48, sys: 62, released: 37, consumed: 25 (MB)
scvg: 0 MB released
scvg: inuse: 14, idle: 48, sys: 62, released: 37, consumed: 25 (MB)
scvg: 0 MB released
scvg: inuse: 14, idle: 48, sys: 62, released: 37, consumed: 25 (MB)
scvg: 0 MB released
scvg: inuse: 14, idle: 48, sys: 62, released: 37, consumed: 25 (MB)
scvg: 0 MB released
scvg: inuse: 14, idle: 48, sys: 62, released: 37, consumed: 25 (MB)
scvg: 0 MB released
scvg: inuse: 14, idle: 48, sys: 62, released: 37, consumed: 25 (MB)
scvg: 0 MB released
scvg: inuse: 14, idle: 48, sys: 62, released: 37, consumed: 25 (MB)
scvg: 0 MB released
scvg: inuse: 14, idle: 48, sys: 62, released: 37, consumed: 25 (MB)
scvg: 0 MB released
scvg: inuse: 14, idle: 48, sys: 62, released: 37, consumed: 25 (MB)
scvg: 0 MB released
scvg: inuse: 14, idle: 48, sys: 62, released: 37, consumed: 25 (MB)
scvg: 0 MB released
scvg: inuse: 14, idle: 48, sys: 62, released: 37, consumed: 25 (MB)
scvg: 0 MB released
scvg: inuse: 14, idle: 48, sys: 62, released: 37, consumed: 25 (MB)
scvg: 0 MB released
scvg: inuse: 14, idle: 48, sys: 62, released: 37, consumed: 25 (MB)
scvg: 0 MB released
scvg: inuse: 14, idle: 48, sys: 62, released: 37, consumed: 25 (MB)
scvg: 0 MB released
scvg: inuse: 14, idle: 48, sys: 62, released: 37, consumed: 25 (MB)
scvg: 0 MB released
scvg: inuse: 14, idle: 48, sys: 62, released: 37, consumed: 25 (MB)
scvg: 0 MB released
scvg: inuse: 14, idle: 48, sys: 62, released: 37, consumed: 25 (MB)
scvg: 0 MB released
scvg: inuse: 14, idle: 48, sys: 62, released: 37, consumed: 25 (MB)
scvg: 0 MB released
scvg: inuse: 14, idle: 48, sys: 62, released: 37, consumed: 25 (MB)
scvg: 0 MB released
scvg: inuse: 14, idle: 48, sys: 62, released: 37, consumed: 25 (MB)
scvg: 0 MB released
scvg: inuse: 14, idle: 48, sys: 62, released: 37, consumed: 25 (MB)
scvg: 0 MB released
scvg: inuse: 14, idle: 48, sys: 62, released: 37, consumed: 25 (MB)
scvg: 0 MB released
scvg: inuse: 14, idle: 48, sys: 62, released: 37, consumed: 25 (MB)
scvg: 0 MB released
scvg: inuse: 14, idle: 48, sys: 62, released: 37, consumed: 25 (MB)
scvg: 0 MB released
scvg: inuse: 14, idle: 48, sys: 62, released: 37, consumed: 25 (MB)
scvg: 0 MB released
scvg: inuse: 14, idle: 48, sys: 62, released: 37, consumed: 25 (MB)
scvg: 0 MB released
scvg: inuse: 14, idle: 48, sys: 62, released: 37, consumed: 25 (MB)
scvg: 0 MB released
scvg: inuse: 14, idle: 48, sys: 62, released: 37, consumed: 25 (MB)
scvg: 0 MB released
scvg: inuse: 14, idle: 48, sys: 62, released: 37, consumed: 25 (MB)
scvg: 0 MB released
scvg: inuse: 14, idle: 48, sys: 62, released: 37, consumed: 25 (MB)
scvg: 0 MB released
scvg: inuse: 14, idle: 48, sys: 62, released: 37, consumed: 25 (MB)
scvg: 0 MB released
scvg: inuse: 14, idle: 48, sys: 62, released: 37, consumed: 25 (MB)
scvg: 0 MB released
scvg: inuse: 14, idle: 48, sys: 62, released: 37, consumed: 25 (MB)
scvg: 0 MB released
scvg: inuse: 14, idle: 48, sys: 62, released: 37, consumed: 25 (MB)
scvg: 0 MB released
scvg: inuse: 14, idle: 48, sys: 62, released: 37, consumed: 25 (MB)
scvg: 0 MB released
scvg: inuse: 14, idle: 48, sys: 62, released: 37, consumed: 25 (MB)
scvg: 0 MB released
scvg: inuse: 14, idle: 48, sys: 62, released: 37, consumed: 25 (MB)
scvg: 0 MB released
scvg: inuse: 14, idle: 48, sys: 62, released: 37, consumed: 25 (MB)
scvg: 0 MB released
scvg: inuse: 14, idle: 48, sys: 62, released: 37, consumed: 25 (MB)
scvg: 0 MB released
scvg: inuse: 14, idle: 48, sys: 62, released: 37, consumed: 25 (MB)
scvg: 0 MB released
scvg: inuse: 14, idle: 48, sys: 62, released: 37, consumed: 25 (MB)
scvg: 0 MB released
scvg: inuse: 14, idle: 48, sys: 62, released: 37, consumed: 25 (MB)
scvg: 0 MB released
scvg: inuse: 14, idle: 48, sys: 62, released: 37, consumed: 25 (MB)
scvg: 0 MB released
scvg: inuse: 14, idle: 48, sys: 62, released: 37, consumed: 25 (MB)
scvg: 0 MB released
scvg: inuse: 14, idle: 48, sys: 62, released: 37, consumed: 25 (MB)
scvg: 0 MB released
scvg: inuse: 14, idle: 48, sys: 62, released: 37, consumed: 25 (MB)
scvg: 0 MB released
scvg: inuse: 14, idle: 48, sys: 62, released: 37, consumed: 25 (MB)
scvg: 0 MB released
scvg: inuse: 14, idle: 48, sys: 62, released: 37, consumed: 25 (MB)
scvg: 0 MB released
scvg: inuse: 14, idle: 48, sys: 62, released: 37, consumed: 25 (MB)
scvg: 0 MB released
scvg: inuse: 14, idle: 48, sys: 62, released: 37, consumed: 25 (MB)
scvg: 0 MB released
scvg: inuse: 14, idle: 48, sys: 62, released: 37, consumed: 25 (MB)
scvg: 0 MB released
scvg: inuse: 14, idle: 48, sys: 62, released: 37, consumed: 25 (MB)
scvg: 0 MB released
scvg: inuse: 14, idle: 48, sys: 62, released: 37, consumed: 25 (MB)
scvg: 0 MB released
scvg: inuse: 14, idle: 48, sys: 62, released: 37, consumed: 25 (MB)
scvg: 0 MB released
scvg: inuse: 14, idle: 48, sys: 62, released: 37, consumed: 25 (MB)
scvg: 0 MB released
scvg: inuse: 14, idle: 48, sys: 62, released: 37, consumed: 25 (MB)
scvg: 0 MB released
scvg: inuse: 14, idle: 48, sys: 62, released: 37, consumed: 25 (MB)
scvg: 0 MB released
scvg: inuse: 14, idle: 48, sys: 62, released: 37, consumed: 25 (MB)
scvg: 0 MB released
scvg: inuse: 14, idle: 48, sys: 62, released: 37, consumed: 25 (MB)
scvg: 0 MB released
scvg: inuse: 14, idle: 48, sys: 62, released: 37, consumed: 25 (MB)
scvg: 0 MB released
scvg: inuse: 14, idle: 48, sys: 62, released: 37, consumed: 25 (MB)
scvg: 0 MB released
scvg: inuse: 14, idle: 48, sys: 62, released: 37, consumed: 24 (MB)
scvg: 0 MB released
scvg: inuse: 14, idle: 48, sys: 62, released: 37, consumed: 24 (MB)
scvg: 0 MB released
scvg: inuse: 14, idle: 48, sys: 62, released: 37, consumed: 24 (MB)
scvg: 0 MB released
scvg: inuse: 14, idle: 48, sys: 62, released: 37, consumed: 24 (MB)
scvg: 0 MB released
scvg: inuse: 14, idle: 48, sys: 62, released: 37, consumed: 24 (MB)
scvg: 0 MB released
scvg: inuse: 14, idle: 48, sys: 62, released: 37, consumed: 24 (MB)
scvg: 0 MB released
scvg: inuse: 14, idle: 48, sys: 62, released: 37, consumed: 24 (MB)
scvg: 0 MB released
scvg: inuse: 14, idle: 48, sys: 62, released: 37, consumed: 24 (MB)
scvg: 0 MB released
scvg: inuse: 14, idle: 48, sys: 62, released: 37, consumed: 24 (MB)
scvg: 0 MB released
scvg: inuse: 14, idle: 48, sys: 62, released: 37, consumed: 24 (MB)
scvg: 0 MB released
scvg: inuse: 14, idle: 48, sys: 62, released: 37, consumed: 24 (MB)
scvg: 0 MB released
scvg: inuse: 14, idle: 48, sys: 62, released: 37, consumed: 24 (MB)
scvg: 0 MB released
scvg: inuse: 14, idle: 48, sys: 62, released: 37, consumed: 24 (MB)
scvg: 0 MB released
scvg: inuse: 14, idle: 48, sys: 62, released: 37, consumed: 24 (MB)
scvg: 0 MB released
scvg: inuse: 14, idle: 48, sys: 62, released: 37, consumed: 24 (MB)
scvg: 0 MB released
scvg: inuse: 14, idle: 48, sys: 62, released: 38, consumed: 24 (MB)
scvg: 0 MB released
scvg: inuse: 14, idle: 48, sys: 62, released: 38, consumed: 24 (MB)
scvg: 0 MB released
scvg: inuse: 14, idle: 48, sys: 62, released: 38, consumed: 24 (MB)
scvg: 0 MB released
scvg: inuse: 14, idle: 48, sys: 62, released: 38, consumed: 24 (MB)
scvg: 0 MB released
scvg: inuse: 14, idle: 48, sys: 62, released: 38, consumed: 24 (MB)
scvg: 0 MB released
scvg: inuse: 14, idle: 48, sys: 62, released: 38, consumed: 24 (MB)
scvg: 0 MB released
scvg: inuse: 14, idle: 48, sys: 62, released: 38, consumed: 24 (MB)
scvg: 0 MB released
scvg: inuse: 14, idle: 48, sys: 62, released: 38, consumed: 24 (MB)
scvg: 0 MB released
scvg: inuse: 14, idle: 48, sys: 62, released: 38, consumed: 24 (MB)
scvg: 0 MB released
scvg: inuse: 14, idle: 48, sys: 62, released: 38, consumed: 24 (MB)
scvg: 0 MB released
scvg: inuse: 14, idle: 48, sys: 62, released: 38, consumed: 24 (MB)
scvg: 0 MB released
scvg: inuse: 14, idle: 48, sys: 62, released: 38, consumed: 24 (MB)
scvg: 0 MB released
scvg: inuse: 14, idle: 48, sys: 62, released: 38, consumed: 24 (MB)
scvg: 0 MB released
scvg: inuse: 14, idle: 48, sys: 62, released: 38, consumed: 24 (MB)
scvg: 0 MB released
scvg: inuse: 14, idle: 48, sys: 62, released: 38, consumed: 24 (MB)
scvg: 0 MB released
scvg: inuse: 14, idle: 48, sys: 62, released: 38, consumed: 24 (MB)
scvg: 0 MB released
scvg: inuse: 14, idle: 48, sys: 62, released: 38, consumed: 24 (MB)
scvg: 0 MB released
scvg: inuse: 14, idle: 48, sys: 62, released: 38, consumed: 24 (MB)
scvg: 0 MB released
scvg: inuse: 14, idle: 48, sys: 62, released: 38, consumed: 24 (MB)
scvg: 0 MB released
scvg: inuse: 14, idle: 48, sys: 62, released: 38, consumed: 24 (MB)
scvg: 0 MB released
scvg: inuse: 14, idle: 48, sys: 62, released: 38, consumed: 24 (MB)
scvg: 0 MB released
scvg: inuse: 14, idle: 48, sys: 62, released: 38, consumed: 24 (MB)
scvg: 0 MB released
scvg: inuse: 14, idle: 48, sys: 62, released: 38, consumed: 24 (MB)
scvg: 0 MB released
scvg: inuse: 14, idle: 48, sys: 62, released: 38, consumed: 24 (MB)
scvg: 0 MB released
scvg: inuse: 14, idle: 48, sys: 62, released: 38, consumed: 24 (MB)
scvg: 0 MB released
scvg: inuse: 14, idle: 48, sys: 62, released: 38, consumed: 24 (MB)
scvg: 0 MB released
scvg: inuse: 14, idle: 48, sys: 62, released: 38, consumed: 24 (MB)
scvg: 0 MB released
scvg: inuse: 14, idle: 48, sys: 62, released: 38, consumed: 24 (MB)
scvg: 0 MB released
scvg: inuse: 14, idle: 48, sys: 62, released: 38, consumed: 24 (MB)
scvg: 0 MB released
scvg: inuse: 14, idle: 48, sys: 62, released: 38, consumed: 24 (MB)
scvg: 0 MB released
scvg: inuse: 14, idle: 48, sys: 62, released: 38, consumed: 24 (MB)
scvg: 0 MB released
scvg: inuse: 14, idle: 48, sys: 62, released: 38, consumed: 24 (MB)
scvg: 0 MB released
scvg: inuse: 14, idle: 48, sys: 62, released: 38, consumed: 24 (MB)
scvg: 0 MB released
scvg: inuse: 14, idle: 48, sys: 62, released: 38, consumed: 24 (MB)
scvg: 0 MB released
scvg: inuse: 14, idle: 48, sys: 62, released: 38, consumed: 24 (MB)
scvg: 0 MB released
scvg: inuse: 14, idle: 48, sys: 62, released: 38, consumed: 24 (MB)
scvg: 0 MB released
scvg: inuse: 14, idle: 48, sys: 62, released: 38, consumed: 24 (MB)
scvg: 0 MB released
scvg: inuse: 14, idle: 48, sys: 62, released: 38, consumed: 24 (MB)
scvg: 0 MB released
scvg: inuse: 14, idle: 48, sys: 62, released: 38, consumed: 24 (MB)
scvg: 0 MB released
scvg: inuse: 14, idle: 48, sys: 62, released: 38, consumed: 24 (MB)
scvg: 0 MB released
scvg: inuse: 14, idle: 48, sys: 62, released: 38, consumed: 24 (MB)
scvg: 0 MB released
scvg: inuse: 14, idle: 48, sys: 62, released: 38, consumed: 24 (MB)
scvg: 0 MB released
scvg: inuse: 14, idle: 48, sys: 62, released: 38, consumed: 24 (MB)
scvg: 0 MB released
scvg: inuse: 14, idle: 48, sys: 62, released: 38, consumed: 24 (MB)
scvg: 0 MB released
scvg: inuse: 14, idle: 48, sys: 62, released: 38, consumed: 24 (MB)
scvg: 0 MB released
scvg: inuse: 14, idle: 48, sys: 62, released: 38, consumed: 24 (MB)
scvg: 0 MB released
scvg: inuse: 14, idle: 48, sys: 62, released: 38, consumed: 24 (MB)
scvg: 0 MB released
scvg: inuse: 14, idle: 48, sys: 62, released: 38, consumed: 24 (MB)
scvg: 0 MB released
scvg: inuse: 14, idle: 48, sys: 62, released: 38, consumed: 24 (MB)
scvg: 0 MB released
scvg: inuse: 14, idle: 48, sys: 62, released: 38, consumed: 24 (MB)
scvg: 0 MB released
scvg: inuse: 14, idle: 48, sys: 62, released: 38, consumed: 24 (MB)
scvg: 0 MB released
scvg: inuse: 14, idle: 48, sys: 62, released: 38, consumed: 24 (MB)
scvg: 0 MB released
scvg: inuse: 14, idle: 48, sys: 62, released: 38, consumed: 24 (MB)
scvg: 0 MB released
scvg: inuse: 14, idle: 48, sys: 62, released: 38, consumed: 24 (MB)
scvg: 0 MB released
scvg: inuse: 14, idle: 48, sys: 62, released: 38, consumed: 24 (MB)
scvg: 0 MB released
scvg: inuse: 14, idle: 48, sys: 62, released: 38, consumed: 24 (MB)
scvg: 0 MB released
scvg: inuse: 14, idle: 48, sys: 62, released: 38, consumed: 24 (MB)
scvg: 0 MB released
scvg: inuse: 14, idle: 48, sys: 62, released: 38, consumed: 24 (MB)
scvg: 0 MB released
scvg: inuse: 14, idle: 48, sys: 62, released: 38, consumed: 24 (MB)
scvg: 0 MB released
scvg: inuse: 14, idle: 48, sys: 62, released: 38, consumed: 24 (MB)
scvg: 0 MB released
scvg: inuse: 14, idle: 48, sys: 62, released: 38, consumed: 24 (MB)
scvg: 0 MB released
scvg: inuse: 14, idle: 48, sys: 62, released: 38, consumed: 24 (MB)
scvg: 0 MB released
scvg: inuse: 14, idle: 48, sys: 62, released: 38, consumed: 24 (MB)
scvg: 0 MB released
scvg: inuse: 14, idle: 48, sys: 62, released: 38, consumed: 24 (MB)
scvg: 0 MB released
scvg: inuse: 14, idle: 48, sys: 62, released: 38, consumed: 24 (MB)
scvg: 0 MB released
scvg: inuse: 14, idle: 48, sys: 62, released: 38, consumed: 24 (MB)
scvg: 0 MB released
scvg: inuse: 14, idle: 48, sys: 62, released: 38, consumed: 24 (MB)
scvg: 0 MB released
scvg: inuse: 14, idle: 48, sys: 62, released: 38, consumed: 24 (MB)
scvg: 0 MB released
scvg: inuse: 14, idle: 48, sys: 62, released: 38, consumed: 24 (MB)
scvg: 0 MB released
scvg: inuse: 14, idle: 48, sys: 62, released: 38, consumed: 24 (MB)
scvg: 0 MB released
scvg: inuse: 14, idle: 48, sys: 62, released: 38, consumed: 24 (MB)
scvg: 0 MB released
scvg: inuse: 14, idle: 48, sys: 62, released: 38, consumed: 24 (MB)
scvg: 0 MB released
scvg: inuse: 14, idle: 48, sys: 62, released: 38, consumed: 24 (MB)
scvg: 0 MB released
scvg: inuse: 14, idle: 48, sys: 62, released: 38, consumed: 24 (MB)
scvg: 0 MB released
scvg: inuse: 14, idle: 48, sys: 62, released: 38, consumed: 24 (MB)
scvg: 0 MB released
scvg: inuse: 14, idle: 48, sys: 62, released: 38, consumed: 24 (MB)
scvg: 0 MB released
scvg: inuse: 14, idle: 48, sys: 62, released: 38, consumed: 24 (MB)
scvg: 0 MB released
scvg: inuse: 14, idle: 48, sys: 62, released: 38, consumed: 24 (MB)
scvg: 0 MB released
scvg: inuse: 14, idle: 48, sys: 62, released: 38, consumed: 24 (MB)
scvg: 0 MB released
scvg: inuse: 14, idle: 48, sys: 62, released: 38, consumed: 24 (MB)
scvg: 0 MB released
scvg: inuse: 14, idle: 48, sys: 62, released: 38, consumed: 24 (MB)
scvg: 0 MB released
scvg: inuse: 14, idle: 48, sys: 62, released: 38, consumed: 24 (MB)
scvg: 0 MB released
scvg: inuse: 14, idle: 48, sys: 62, released: 38, consumed: 24 (MB)
scvg: 0 MB released
scvg: inuse: 14, idle: 48, sys: 62, released: 38, consumed: 24 (MB)
scvg: 0 MB released
scvg: inuse: 14, idle: 48, sys: 62, released: 38, consumed: 24 (MB)
scvg: 0 MB released
scvg: inuse: 14, idle: 48, sys: 62, released: 38, consumed: 24 (MB)
scvg: 0 MB released
scvg: inuse: 14, idle: 48, sys: 62, released: 38, consumed: 24 (MB)
scvg: 0 MB released
scvg: inuse: 14, idle: 48, sys: 62, released: 38, consumed: 24 (MB)
scvg: 0 MB released
scvg: inuse: 14, idle: 48, sys: 62, released: 38, consumed: 24 (MB)
scvg: 0 MB released
scvg: inuse: 14, idle: 48, sys: 62, released: 38, consumed: 24 (MB)
scvg: 0 MB released
scvg: inuse: 14, idle: 48, sys: 62, released: 38, consumed: 24 (MB)
scvg: 0 MB released
scvg: inuse: 14, idle: 48, sys: 62, released: 38, consumed: 24 (MB)
scvg: 0 MB released
scvg: inuse: 14, idle: 48, sys: 62, released: 38, consumed: 24 (MB)
scvg: 0 MB released
scvg: inuse: 14, idle: 48, sys: 62, released: 38, consumed: 24 (MB)
scvg: 0 MB released
scvg: inuse: 14, idle: 48, sys: 62, released: 38, consumed: 24 (MB)
scvg: 0 MB released
scvg: inuse: 14, idle: 48, sys: 62, released: 38, consumed: 24 (MB)
scvg: 0 MB released
scvg: inuse: 14, idle: 48, sys: 62, released: 38, consumed: 24 (MB)
scvg: 0 MB released
scvg: inuse: 14, idle: 48, sys: 62, released: 38, consumed: 24 (MB)
scvg: 0 MB released
scvg: inuse: 14, idle: 48, sys: 62, released: 38, consumed: 24 (MB)
scvg: 0 MB released
scvg: inuse: 14, idle: 48, sys: 62, released: 38, consumed: 24 (MB)
scvg: 0 MB released
scvg: inuse: 14, idle: 48, sys: 62, released: 38, consumed: 24 (MB)
scvg: 0 MB released
scvg: inuse: 14, idle: 48, sys: 62, released: 38, consumed: 24 (MB)
scvg: 0 MB released
scvg: inuse: 14, idle: 48, sys: 62, released: 38, consumed: 24 (MB)
scvg: 0 MB released
scvg: inuse: 14, idle: 48, sys: 62, released: 38, consumed: 24 (MB)
scvg: 0 MB released
scvg: inuse: 14, idle: 48, sys: 62, released: 38, consumed: 24 (MB)
scvg: 0 MB released
scvg: inuse: 14, idle: 48, sys: 62, released: 38, consumed: 24 (MB)
scvg: 0 MB released
scvg: inuse: 14, idle: 48, sys: 62, released: 38, consumed: 24 (MB)
scvg: 0 MB released
scvg: inuse: 14, idle: 48, sys: 62, released: 38, consumed: 24 (MB)
scvg: 0 MB released
scvg: inuse: 14, idle: 48, sys: 62, released: 38, consumed: 24 (MB)
scvg: 0 MB released
scvg: inuse: 14, idle: 48, sys: 62, released: 38, consumed: 24 (MB)
scvg: 0 MB released
scvg: inuse: 14, idle: 48, sys: 62, released: 38, consumed: 24 (MB)
scvg: 0 MB released
scvg: inuse: 14, idle: 48, sys: 62, released: 38, consumed: 24 (MB)
scvg: 0 MB released
scvg: inuse: 14, idle: 48, sys: 62, released: 38, consumed: 24 (MB)
scvg: 0 MB released
scvg: inuse: 14, idle: 48, sys: 62, released: 38, consumed: 23 (MB)
scvg: 0 MB released
scvg: inuse: 14, idle: 48, sys: 62, released: 38, consumed: 23 (MB)
scvg: 0 MB released
scvg: inuse: 14, idle: 48, sys: 62, released: 38, consumed: 23 (MB)
scvg: 0 MB released
scvg: inuse: 14, idle: 48, sys: 62, released: 38, consumed: 23 (MB)
scvg: 0 MB released
scvg: inuse: 14, idle: 48, sys: 62, released: 38, consumed: 23 (MB)
scvg: 0 MB released
scvg: inuse: 14, idle: 48, sys: 62, released: 38, consumed: 23 (MB)
scvg: 0 MB released
scvg: inuse: 14, idle: 48, sys: 62, released: 38, consumed: 23 (MB)
scvg: 0 MB released
scvg: inuse: 14, idle: 48, sys: 62, released: 38, consumed: 23 (MB)
scvg: 0 MB released
scvg: inuse: 14, idle: 48, sys: 62, released: 38, consumed: 23 (MB)
scvg: 0 MB released
scvg: inuse: 14, idle: 48, sys: 62, released: 38, consumed: 23 (MB)
scvg: 0 MB released
scvg: inuse: 14, idle: 48, sys: 62, released: 38, consumed: 23 (MB)
scvg: 0 MB released
scvg: inuse: 14, idle: 48, sys: 62, released: 38, consumed: 23 (MB)
scvg: 0 MB released
scvg: inuse: 14, idle: 48, sys: 62, released: 38, consumed: 23 (MB)
scvg: 0 MB released
scvg: inuse: 14, idle: 48, sys: 62, released: 38, consumed: 23 (MB)
scvg: 0 MB released
scvg: inuse: 14, idle: 48, sys: 62, released: 38, consumed: 23 (MB)
scvg: 0 MB released
scvg: inuse: 14, idle: 48, sys: 62, released: 39, consumed: 23 (MB)
scvg: 0 MB released
scvg: inuse: 14, idle: 48, sys: 62, released: 39, consumed: 23 (MB)
scvg: 0 MB released
scvg: inuse: 14, idle: 48, sys: 62, released: 39, consumed: 23 (MB)
scvg: 0 MB released
scvg: inuse: 14, idle: 48, sys: 62, released: 39, consumed: 23 (MB)
scvg: 0 MB released
scvg: inuse: 14, idle: 48, sys: 62, released: 39, consumed: 23 (MB)
scvg: 0 MB released
scvg: inuse: 14, idle: 48, sys: 62, released: 39, consumed: 23 (MB)
scvg: 0 MB released
scvg: inuse: 14, idle: 48, sys: 62, released: 39, consumed: 23 (MB)
scvg: 0 MB released
scvg: inuse: 14, idle: 48, sys: 62, released: 39, consumed: 23 (MB)
scvg: 0 MB released
scvg: inuse: 14, idle: 48, sys: 62, released: 39, consumed: 23 (MB)
scvg: 0 MB released
scvg: inuse: 14, idle: 48, sys: 62, released: 39, consumed: 23 (MB)
scvg: 0 MB released
scvg: inuse: 14, idle: 48, sys: 62, released: 39, consumed: 23 (MB)
scvg: 0 MB released
scvg: inuse: 14, idle: 48, sys: 62, released: 39, consumed: 23 (MB)
scvg: 0 MB released
scvg: inuse: 14, idle: 48, sys: 62, released: 39, consumed: 23 (MB)
scvg: 0 MB released
scvg: inuse: 14, idle: 48, sys: 62, released: 39, consumed: 23 (MB)
scvg: 0 MB released
scvg: inuse: 14, idle: 48, sys: 62, released: 39, consumed: 23 (MB)
scvg: 0 MB released
scvg: inuse: 14, idle: 48, sys: 62, released: 39, consumed: 23 (MB)
scvg: 0 MB released
scvg: inuse: 14, idle: 48, sys: 62, released: 39, consumed: 23 (MB)
scvg: 0 MB released
scvg: inuse: 14, idle: 48, sys: 62, released: 39, consumed: 23 (MB)
scvg: 0 MB released
scvg: inuse: 14, idle: 48, sys: 62, released: 39, consumed: 23 (MB)
scvg: 0 MB released
scvg: inuse: 14, idle: 48, sys: 62, released: 39, consumed: 23 (MB)
scvg: 0 MB released
scvg: inuse: 14, idle: 48, sys: 62, released: 39, consumed: 23 (MB)
scvg: 0 MB released
scvg: inuse: 14, idle: 48, sys: 62, released: 39, consumed: 23 (MB)
scvg: 0 MB released
scvg: inuse: 14, idle: 48, sys: 62, released: 39, consumed: 23 (MB)
scvg: 0 MB released
scvg: inuse: 14, idle: 48, sys: 62, released: 39, consumed: 23 (MB)
scvg: 0 MB released
scvg: inuse: 14, idle: 48, sys: 62, released: 39, consumed: 23 (MB)
scvg: 0 MB released
scvg: inuse: 14, idle: 48, sys: 62, released: 39, consumed: 23 (MB)
scvg: 0 MB released
scvg: inuse: 14, idle: 48, sys: 62, released: 39, consumed: 23 (MB)
scvg: 0 MB released
scvg: inuse: 14, idle: 48, sys: 62, released: 39, consumed: 23 (MB)
scvg: 0 MB released
scvg: inuse: 14, idle: 48, sys: 62, released: 39, consumed: 23 (MB)
scvg: 0 MB released
scvg: inuse: 14, idle: 48, sys: 62, released: 39, consumed: 23 (MB)
scvg: 0 MB released
scvg: inuse: 14, idle: 48, sys: 62, released: 39, consumed: 23 (MB)
scvg: 0 MB released
scvg: inuse: 14, idle: 48, sys: 62, released: 39, consumed: 23 (MB)
scvg: 0 MB released
scvg: inuse: 14, idle: 48, sys: 62, released: 39, consumed: 23 (MB)
scvg: 0 MB released
scvg: inuse: 14, idle: 48, sys: 62, released: 39, consumed: 23 (MB)
scvg: 0 MB released
scvg: inuse: 14, idle: 48, sys: 62, released: 39, consumed: 23 (MB)
scvg: 0 MB released
scvg: inuse: 14, idle: 48, sys: 62, released: 39, consumed: 23 (MB)
scvg: 0 MB released
scvg: inuse: 14, idle: 48, sys: 62, released: 39, consumed: 23 (MB)
scvg: 0 MB released
scvg: inuse: 14, idle: 48, sys: 62, released: 39, consumed: 23 (MB)
scvg: 0 MB released
scvg: inuse: 14, idle: 48, sys: 62, released: 39, consumed: 23 (MB)
scvg: 0 MB released
scvg: inuse: 14, idle: 48, sys: 62, released: 39, consumed: 23 (MB)
scvg: 0 MB released
scvg: inuse: 14, idle: 48, sys: 62, released: 39, consumed: 23 (MB)
scvg: 0 MB released
scvg: inuse: 14, idle: 48, sys: 62, released: 39, consumed: 23 (MB)
scvg: 0 MB released
scvg: inuse: 14, idle: 48, sys: 62, released: 39, consumed: 23 (MB)
scvg: 0 MB released
scvg: inuse: 14, idle: 48, sys: 62, released: 39, consumed: 23 (MB)
scvg: 0 MB released
scvg: inuse: 14, idle: 48, sys: 62, released: 39, consumed: 23 (MB)
scvg: 0 MB released
scvg: inuse: 14, idle: 48, sys: 62, released: 39, consumed: 23 (MB)
scvg: 0 MB released
scvg: inuse: 14, idle: 48, sys: 62, released: 39, consumed: 23 (MB)
scvg: 0 MB released
scvg: inuse: 14, idle: 48, sys: 62, released: 39, consumed: 23 (MB)
scvg: 0 MB released
scvg: inuse: 14, idle: 48, sys: 62, released: 39, consumed: 23 (MB)
scvg: 0 MB released
scvg: inuse: 14, idle: 48, sys: 62, released: 39, consumed: 23 (MB)
scvg: 0 MB released
scvg: inuse: 14, idle: 48, sys: 62, released: 39, consumed: 23 (MB)
scvg: 0 MB released
scvg: inuse: 14, idle: 48, sys: 62, released: 39, consumed: 23 (MB)
scvg: 0 MB released
scvg: inuse: 14, idle: 48, sys: 62, released: 39, consumed: 23 (MB)
scvg: 0 MB released
scvg: inuse: 14, idle: 48, sys: 62, released: 39, consumed: 23 (MB)
scvg: 0 MB released
scvg: inuse: 14, idle: 48, sys: 62, released: 39, consumed: 23 (MB)
scvg: 0 MB released
scvg: inuse: 14, idle: 48, sys: 62, released: 39, consumed: 23 (MB)
scvg: 0 MB released
scvg: inuse: 14, idle: 48, sys: 62, released: 39, consumed: 23 (MB)
scvg: 0 MB released
scvg: inuse: 14, idle: 48, sys: 62, released: 39, consumed: 23 (MB)
scvg: 0 MB released
scvg: inuse: 14, idle: 48, sys: 62, released: 39, consumed: 23 (MB)
scvg: 0 MB released
scvg: inuse: 14, idle: 48, sys: 62, released: 39, consumed: 23 (MB)
scvg: 0 MB released
scvg: inuse: 14, idle: 48, sys: 62, released: 39, consumed: 23 (MB)
scvg: 0 MB released
scvg: inuse: 14, idle: 48, sys: 62, released: 39, consumed: 23 (MB)
scvg: 0 MB released
scvg: inuse: 14, idle: 48, sys: 62, released: 39, consumed: 23 (MB)
scvg: 0 MB released
scvg: inuse: 14, idle: 48, sys: 62, released: 39, consumed: 23 (MB)
scvg: 0 MB released
scvg: inuse: 14, idle: 48, sys: 62, released: 39, consumed: 23 (MB)
scvg: 0 MB released
scvg: inuse: 14, idle: 48, sys: 62, released: 39, consumed: 23 (MB)
scvg: 0 MB released
scvg: inuse: 14, idle: 48, sys: 62, released: 39, consumed: 23 (MB)
scvg: 0 MB released
scvg: inuse: 14, idle: 48, sys: 62, released: 39, consumed: 23 (MB)
scvg: 0 MB released
scvg: inuse: 14, idle: 48, sys: 62, released: 39, consumed: 23 (MB)
scvg: 0 MB released
scvg: inuse: 14, idle: 48, sys: 62, released: 39, consumed: 23 (MB)
scvg: 0 MB released
scvg: inuse: 14, idle: 48, sys: 62, released: 39, consumed: 23 (MB)
scvg: 0 MB released
scvg: inuse: 14, idle: 48, sys: 62, released: 39, consumed: 23 (MB)
scvg: 0 MB released
scvg: inuse: 14, idle: 48, sys: 62, released: 39, consumed: 23 (MB)
scvg: 0 MB released
scvg: inuse: 14, idle: 48, sys: 62, released: 39, consumed: 23 (MB)
scvg: 0 MB released
scvg: inuse: 14, idle: 48, sys: 62, released: 39, consumed: 23 (MB)
scvg: 0 MB released
scvg: inuse: 14, idle: 48, sys: 62, released: 39, consumed: 23 (MB)
scvg: 0 MB released
scvg: inuse: 14, idle: 48, sys: 62, released: 39, consumed: 23 (MB)
scvg: 0 MB released
scvg: inuse: 14, idle: 48, sys: 62, released: 39, consumed: 23 (MB)
scvg: 0 MB released
scvg: inuse: 14, idle: 48, sys: 62, released: 39, consumed: 23 (MB)
scvg: 0 MB released
scvg: inuse: 14, idle: 48, sys: 62, released: 39, consumed: 23 (MB)
scvg: 0 MB released
scvg: inuse: 14, idle: 48, sys: 62, released: 39, consumed: 23 (MB)
scvg: 0 MB released
scvg: inuse: 14, idle: 48, sys: 62, released: 39, consumed: 23 (MB)
scvg: 0 MB released
scvg: inuse: 14, idle: 48, sys: 62, released: 39, consumed: 23 (MB)
scvg: 0 MB released
scvg: inuse: 14, idle: 48, sys: 62, released: 39, consumed: 23 (MB)
scvg: 0 MB released
scvg: inuse: 14, idle: 48, sys: 62, released: 39, consumed: 23 (MB)
scvg: 0 MB released
scvg: inuse: 14, idle: 48, sys: 62, released: 39, consumed: 23 (MB)
scvg: 0 MB released
scvg: inuse: 14, idle: 48, sys: 62, released: 39, consumed: 23 (MB)
scvg: 0 MB released
scvg: inuse: 14, idle: 48, sys: 62, released: 39, consumed: 23 (MB)
scvg: 0 MB released
scvg: inuse: 14, idle: 48, sys: 62, released: 39, consumed: 23 (MB)
scvg: 0 MB released
scvg: inuse: 14, idle: 48, sys: 62, released: 39, consumed: 23 (MB)
scvg: 0 MB released
scvg: inuse: 14, idle: 48, sys: 62, released: 39, consumed: 23 (MB)
scvg: 0 MB released
scvg: inuse: 14, idle: 48, sys: 62, released: 39, consumed: 23 (MB)
scvg: 0 MB released
scvg: inuse: 14, idle: 48, sys: 62, released: 39, consumed: 23 (MB)
scvg: 0 MB released
scvg: inuse: 14, idle: 48, sys: 62, released: 39, consumed: 23 (MB)
scvg: 0 MB released
scvg: inuse: 14, idle: 48, sys: 62, released: 39, consumed: 23 (MB)
scvg: 0 MB released
scvg: inuse: 14, idle: 48, sys: 62, released: 39, consumed: 23 (MB)
scvg: 0 MB released
scvg: inuse: 14, idle: 48, sys: 62, released: 39, consumed: 23 (MB)
scvg: 0 MB released
scvg: inuse: 14, idle: 48, sys: 62, released: 39, consumed: 23 (MB)
scvg: 0 MB released
scvg: inuse: 14, idle: 48, sys: 62, released: 39, consumed: 23 (MB)
scvg: 0 MB released
scvg: inuse: 14, idle: 48, sys: 62, released: 39, consumed: 23 (MB)
scvg: 0 MB released
scvg: inuse: 14, idle: 48, sys: 62, released: 39, consumed: 23 (MB)
scvg: 0 MB released
scvg: inuse: 14, idle: 48, sys: 62, released: 39, consumed: 23 (MB)
scvg: 0 MB released
scvg: inuse: 14, idle: 48, sys: 62, released: 39, consumed: 23 (MB)
scvg: 0 MB released
scvg: inuse: 14, idle: 48, sys: 62, released: 39, consumed: 23 (MB)
scvg: 0 MB released
scvg: inuse: 14, idle: 48, sys: 62, released: 39, consumed: 23 (MB)
scvg: 0 MB released
scvg: inuse: 14, idle: 48, sys: 62, released: 39, consumed: 23 (MB)
scvg: 0 MB released
scvg: inuse: 14, idle: 48, sys: 62, released: 39, consumed: 23 (MB)
scvg: 0 MB released
scvg: inuse: 14, idle: 48, sys: 62, released: 39, consumed: 23 (MB)
scvg: 0 MB released
scvg: inuse: 14, idle: 48, sys: 62, released: 39, consumed: 23 (MB)
scvg: 0 MB released
scvg: inuse: 14, idle: 48, sys: 62, released: 39, consumed: 23 (MB)
scvg: 0 MB released
scvg: inuse: 14, idle: 48, sys: 62, released: 39, consumed: 23 (MB)
scvg: 0 MB released
scvg: inuse: 14, idle: 48, sys: 62, released: 39, consumed: 23 (MB)
scvg: 0 MB released
scvg: inuse: 14, idle: 48, sys: 62, released: 39, consumed: 23 (MB)
scvg: 0 MB released
scvg: inuse: 14, idle: 48, sys: 62, released: 39, consumed: 22 (MB)
scvg: 0 MB released
scvg: inuse: 14, idle: 48, sys: 62, released: 39, consumed: 22 (MB)
scvg: 0 MB released
scvg: inuse: 14, idle: 48, sys: 62, released: 39, consumed: 22 (MB)
scvg: 0 MB released
scvg: inuse: 14, idle: 48, sys: 62, released: 39, consumed: 22 (MB)
scvg: 0 MB released
scvg: inuse: 14, idle: 48, sys: 62, released: 39, consumed: 22 (MB)
scvg: 0 MB released
scvg: inuse: 14, idle: 48, sys: 62, released: 39, consumed: 22 (MB)
scvg: 0 MB released
scvg: inuse: 14, idle: 48, sys: 62, released: 39, consumed: 22 (MB)
scvg: 0 MB released
scvg: inuse: 14, idle: 48, sys: 62, released: 39, consumed: 22 (MB)
scvg: 0 MB released
scvg: inuse: 14, idle: 48, sys: 62, released: 39, consumed: 22 (MB)
scvg: 0 MB released
scvg: inuse: 14, idle: 48, sys: 62, released: 39, consumed: 22 (MB)
scvg: 0 MB released
scvg: inuse: 14, idle: 48, sys: 62, released: 39, consumed: 22 (MB)
scvg: 0 MB released
scvg: inuse: 14, idle: 48, sys: 62, released: 39, consumed: 22 (MB)
scvg: 0 MB released
scvg: inuse: 14, idle: 48, sys: 62, released: 39, consumed: 22 (MB)
scvg: 0 MB released
scvg: inuse: 14, idle: 48, sys: 62, released: 39, consumed: 22 (MB)
scvg: 0 MB released
scvg: inuse: 14, idle: 48, sys: 62, released: 39, consumed: 22 (MB)
scvg: 0 MB released
scvg: inuse: 14, idle: 48, sys: 62, released: 40, consumed: 22 (MB)
scvg: 0 MB released
scvg: inuse: 14, idle: 48, sys: 62, released: 40, consumed: 22 (MB)
scvg: 0 MB released
scvg: inuse: 14, idle: 48, sys: 62, released: 40, consumed: 22 (MB)
scvg: 0 MB released
scvg: inuse: 14, idle: 48, sys: 62, released: 40, consumed: 22 (MB)
scvg: 0 MB released
scvg: inuse: 14, idle: 48, sys: 62, released: 40, consumed: 22 (MB)
scvg: 0 MB released
scvg: inuse: 14, idle: 48, sys: 62, released: 40, consumed: 22 (MB)
scvg: 0 MB released
scvg: inuse: 14, idle: 48, sys: 62, released: 40, consumed: 22 (MB)
scvg: 0 MB released
scvg: inuse: 14, idle: 48, sys: 62, released: 40, consumed: 22 (MB)
scvg: 0 MB released
scvg: inuse: 14, idle: 48, sys: 62, released: 40, consumed: 22 (MB)
scvg: 0 MB released
scvg: inuse: 14, idle: 48, sys: 62, released: 40, consumed: 22 (MB)
scvg: 0 MB released
scvg: inuse: 14, idle: 48, sys: 62, released: 40, consumed: 22 (MB)
scvg: 0 MB released
scvg: inuse: 14, idle: 48, sys: 62, released: 40, consumed: 22 (MB)
scvg: 0 MB released
scvg: inuse: 14, idle: 48, sys: 62, released: 40, consumed: 22 (MB)
scvg: 0 MB released
scvg: inuse: 14, idle: 48, sys: 62, released: 40, consumed: 22 (MB)
scvg: 0 MB released
scvg: inuse: 14, idle: 48, sys: 62, released: 40, consumed: 22 (MB)
scvg: 0 MB released
scvg: inuse: 14, idle: 48, sys: 62, released: 40, consumed: 22 (MB)
scvg: 0 MB released
scvg: inuse: 14, idle: 48, sys: 62, released: 40, consumed: 22 (MB)
scvg: 0 MB released
scvg: inuse: 14, idle: 48, sys: 62, released: 40, consumed: 22 (MB)
scvg: 0 MB released
scvg: inuse: 14, idle: 48, sys: 62, released: 40, consumed: 22 (MB)
scvg: 0 MB released
scvg: inuse: 14, idle: 48, sys: 62, released: 40, consumed: 22 (MB)
scvg: 0 MB released
scvg: inuse: 14, idle: 48, sys: 62, released: 40, consumed: 22 (MB)
scvg: 0 MB released
scvg: inuse: 14, idle: 48, sys: 62, released: 40, consumed: 22 (MB)
scvg: 0 MB released
scvg: inuse: 14, idle: 48, sys: 62, released: 40, consumed: 22 (MB)
scvg: 0 MB released
scvg: inuse: 14, idle: 48, sys: 62, released: 40, consumed: 22 (MB)
scvg: 0 MB released
scvg: inuse: 14, idle: 48, sys: 62, released: 40, consumed: 22 (MB)
scvg: 0 MB released
scvg: inuse: 14, idle: 48, sys: 62, released: 40, consumed: 22 (MB)
scvg: 0 MB released
scvg: inuse: 14, idle: 48, sys: 62, released: 40, consumed: 22 (MB)
scvg: 0 MB released
scvg: inuse: 14, idle: 48, sys: 62, released: 40, consumed: 22 (MB)
scvg: 0 MB released
scvg: inuse: 14, idle: 48, sys: 62, released: 40, consumed: 22 (MB)
scvg: 0 MB released
scvg: inuse: 14, idle: 48, sys: 62, released: 40, consumed: 22 (MB)
scvg: 0 MB released
scvg: inuse: 14, idle: 48, sys: 62, released: 40, consumed: 22 (MB)
scvg: 0 MB released
scvg: inuse: 14, idle: 48, sys: 62, released: 40, consumed: 22 (MB)
scvg: 0 MB released
scvg: inuse: 14, idle: 48, sys: 62, released: 40, consumed: 22 (MB)
scvg: 0 MB released
scvg: inuse: 14, idle: 48, sys: 62, released: 40, consumed: 22 (MB)
scvg: 0 MB released
scvg: inuse: 14, idle: 48, sys: 62, released: 40, consumed: 22 (MB)
scvg: 0 MB released
scvg: inuse: 14, idle: 48, sys: 62, released: 40, consumed: 22 (MB)
scvg: 0 MB released
scvg: inuse: 14, idle: 48, sys: 62, released: 40, consumed: 22 (MB)
scvg: 0 MB released
scvg: inuse: 14, idle: 48, sys: 62, released: 40, consumed: 22 (MB)
scvg: 0 MB released
scvg: inuse: 14, idle: 48, sys: 62, released: 40, consumed: 22 (MB)
scvg: 0 MB released
scvg: inuse: 14, idle: 48, sys: 62, released: 40, consumed: 22 (MB)
scvg: 0 MB released
scvg: inuse: 14, idle: 48, sys: 62, released: 40, consumed: 22 (MB)
scvg: 0 MB released
scvg: inuse: 14, idle: 48, sys: 62, released: 40, consumed: 22 (MB)
scvg: 0 MB released
scvg: inuse: 14, idle: 48, sys: 62, released: 40, consumed: 22 (MB)
scvg: 0 MB released
scvg: inuse: 14, idle: 48, sys: 62, released: 40, consumed: 22 (MB)
scvg: 0 MB released
scvg: inuse: 14, idle: 48, sys: 62, released: 40, consumed: 22 (MB)
scvg: 0 MB released
scvg: inuse: 14, idle: 48, sys: 62, released: 40, consumed: 22 (MB)
scvg: 0 MB released
scvg: inuse: 14, idle: 48, sys: 62, released: 40, consumed: 22 (MB)
scvg: 0 MB released
scvg: inuse: 14, idle: 48, sys: 62, released: 40, consumed: 22 (MB)
scvg: 0 MB released
scvg: inuse: 14, idle: 48, sys: 62, released: 40, consumed: 22 (MB)
scvg: 0 MB released
scvg: inuse: 14, idle: 48, sys: 62, released: 40, consumed: 22 (MB)
scvg: 0 MB released
scvg: inuse: 14, idle: 48, sys: 62, released: 40, consumed: 22 (MB)
scvg: 0 MB released
scvg: inuse: 14, idle: 48, sys: 62, released: 40, consumed: 22 (MB)
scvg: 0 MB released
scvg: inuse: 14, idle: 48, sys: 62, released: 40, consumed: 22 (MB)
scvg: 0 MB released
scvg: inuse: 14, idle: 48, sys: 62, released: 40, consumed: 22 (MB)
scvg: 0 MB released
scvg: inuse: 14, idle: 48, sys: 62, released: 40, consumed: 22 (MB)
scvg: 0 MB released
scvg: inuse: 14, idle: 48, sys: 62, released: 40, consumed: 22 (MB)
scvg: 0 MB released
scvg: inuse: 14, idle: 48, sys: 62, released: 40, consumed: 22 (MB)
scvg: 0 MB released
scvg: inuse: 14, idle: 48, sys: 62, released: 40, consumed: 22 (MB)
scvg: 0 MB released
scvg: inuse: 14, idle: 48, sys: 62, released: 40, consumed: 22 (MB)
scvg: 0 MB released
scvg: inuse: 14, idle: 48, sys: 62, released: 40, consumed: 22 (MB)
scvg: 0 MB released
scvg: inuse: 14, idle: 48, sys: 62, released: 40, consumed: 22 (MB)
scvg: 0 MB released
scvg: inuse: 14, idle: 48, sys: 62, released: 40, consumed: 22 (MB)
scvg: 0 MB released
scvg: inuse: 14, idle: 48, sys: 62, released: 40, consumed: 22 (MB)
scvg: 0 MB released
scvg: inuse: 14, idle: 48, sys: 62, released: 40, consumed: 22 (MB)
scvg: 0 MB released
scvg: inuse: 14, idle: 48, sys: 62, released: 40, consumed: 22 (MB)
scvg: 0 MB released
scvg: inuse: 14, idle: 48, sys: 62, released: 40, consumed: 22 (MB)
scvg: 0 MB released
scvg: inuse: 14, idle: 48, sys: 62, released: 40, consumed: 22 (MB)
scvg: 0 MB released
scvg: inuse: 14, idle: 48, sys: 62, released: 40, consumed: 22 (MB)
scvg: 0 MB released
scvg: inuse: 14, idle: 48, sys: 62, released: 40, consumed: 22 (MB)
scvg: 0 MB released
scvg: inuse: 14, idle: 48, sys: 62, released: 40, consumed: 22 (MB)
scvg: 0 MB released
scvg: inuse: 14, idle: 48, sys: 62, released: 40, consumed: 22 (MB)
scvg: 0 MB released
scvg: inuse: 14, idle: 48, sys: 62, released: 40, consumed: 22 (MB)
scvg: 0 MB released
scvg: inuse: 14, idle: 48, sys: 62, released: 40, consumed: 22 (MB)
scvg: 0 MB released
scvg: inuse: 14, idle: 48, sys: 62, released: 40, consumed: 22 (MB)
scvg: 0 MB released
scvg: inuse: 14, idle: 48, sys: 62, released: 40, consumed: 22 (MB)
scvg: 0 MB released
scvg: inuse: 14, idle: 48, sys: 62, released: 40, consumed: 22 (MB)
scvg: 0 MB released
scvg: inuse: 14, idle: 48, sys: 62, released: 40, consumed: 22 (MB)
scvg: 0 MB released
scvg: inuse: 14, idle: 48, sys: 62, released: 40, consumed: 22 (MB)
scvg: 0 MB released
scvg: inuse: 14, idle: 48, sys: 62, released: 40, consumed: 22 (MB)
scvg: 0 MB released
scvg: inuse: 14, idle: 48, sys: 62, released: 40, consumed: 22 (MB)
scvg: 0 MB released
scvg: inuse: 14, idle: 48, sys: 62, released: 40, consumed: 22 (MB)
scvg: 0 MB released
scvg: inuse: 14, idle: 48, sys: 62, released: 40, consumed: 22 (MB)
scvg: 0 MB released
scvg: inuse: 14, idle: 48, sys: 62, released: 40, consumed: 22 (MB)
scvg: 0 MB released
scvg: inuse: 14, idle: 48, sys: 62, released: 40, consumed: 22 (MB)
scvg: 0 MB released
scvg: inuse: 14, idle: 48, sys: 62, released: 40, consumed: 22 (MB)
scvg: 0 MB released
scvg: inuse: 14, idle: 48, sys: 62, released: 40, consumed: 22 (MB)
scvg: 0 MB released
scvg: inuse: 14, idle: 48, sys: 62, released: 40, consumed: 22 (MB)
scvg: 0 MB released
scvg: inuse: 14, idle: 48, sys: 62, released: 40, consumed: 22 (MB)
scvg: 0 MB released
scvg: inuse: 14, idle: 48, sys: 62, released: 40, consumed: 22 (MB)
scvg: 0 MB released
scvg: inuse: 14, idle: 48, sys: 62, released: 40, consumed: 22 (MB)
scvg: 0 MB released
scvg: inuse: 14, idle: 48, sys: 62, released: 40, consumed: 22 (MB)
scvg: 0 MB released
scvg: inuse: 14, idle: 48, sys: 62, released: 40, consumed: 22 (MB)
scvg: 0 MB released
scvg: inuse: 14, idle: 48, sys: 62, released: 40, consumed: 22 (MB)
scvg: 0 MB released
scvg: inuse: 14, idle: 48, sys: 62, released: 40, consumed: 22 (MB)
scvg: 0 MB released
scvg: inuse: 14, idle: 48, sys: 62, released: 40, consumed: 22 (MB)
scvg: 0 MB released
scvg: inuse: 14, idle: 48, sys: 62, released: 40, consumed: 22 (MB)
scvg: 0 MB released
scvg: inuse: 14, idle: 48, sys: 62, released: 40, consumed: 22 (MB)
scvg: 0 MB released
scvg: inuse: 14, idle: 48, sys: 62, released: 40, consumed: 22 (MB)
scvg: 0 MB released
scvg: inuse: 14, idle: 48, sys: 62, released: 40, consumed: 22 (MB)
scvg: 0 MB released
scvg: inuse: 14, idle: 48, sys: 62, released: 40, consumed: 22 (MB)
scvg: 0 MB released
scvg: inuse: 14, idle: 48, sys: 62, released: 40, consumed: 22 (MB)
scvg: 0 MB released
scvg: inuse: 14, idle: 48, sys: 62, released: 40, consumed: 22 (MB)
scvg: 0 MB released
scvg: inuse: 14, idle: 48, sys: 62, released: 40, consumed: 22 (MB)
scvg: 0 MB released
scvg: inuse: 14, idle: 48, sys: 62, released: 40, consumed: 22 (MB)
scvg: 0 MB released
scvg: inuse: 14, idle: 48, sys: 62, released: 40, consumed: 22 (MB)
scvg: 0 MB released
scvg: inuse: 14, idle: 48, sys: 62, released: 40, consumed: 22 (MB)
scvg: 0 MB released
scvg: inuse: 14, idle: 48, sys: 62, released: 40, consumed: 22 (MB)
scvg: 0 MB released
scvg: inuse: 14, idle: 48, sys: 62, released: 40, consumed: 22 (MB)
scvg: 0 MB released
scvg: inuse: 14, idle: 48, sys: 62, released: 40, consumed: 22 (MB)
scvg: 0 MB released
scvg: inuse: 14, idle: 48, sys: 62, released: 40, consumed: 22 (MB)
scvg: 0 MB released
scvg: inuse: 14, idle: 48, sys: 62, released: 40, consumed: 22 (MB)
scvg: 0 MB released
scvg: inuse: 14, idle: 48, sys: 62, released: 40, consumed: 22 (MB)
scvg: 0 MB released
scvg: inuse: 14, idle: 48, sys: 62, released: 40, consumed: 22 (MB)
scvg: 0 MB released
scvg: inuse: 14, idle: 48, sys: 62, released: 40, consumed: 21 (MB)
scvg: 0 MB released
scvg: inuse: 14, idle: 48, sys: 62, released: 40, consumed: 21 (MB)
scvg: 0 MB released
scvg: inuse: 14, idle: 48, sys: 62, released: 40, consumed: 21 (MB)
scvg: 0 MB released
scvg: inuse: 14, idle: 48, sys: 62, released: 40, consumed: 21 (MB)
scvg: 0 MB released
scvg: inuse: 14, idle: 48, sys: 62, released: 40, consumed: 21 (MB)
scvg: 0 MB released
scvg: inuse: 14, idle: 48, sys: 62, released: 40, consumed: 21 (MB)
scvg: 0 MB released
scvg: inuse: 14, idle: 48, sys: 62, released: 40, consumed: 21 (MB)
scvg: 0 MB released
scvg: inuse: 14, idle: 48, sys: 62, released: 40, consumed: 21 (MB)
scvg: 0 MB released
scvg: inuse: 14, idle: 48, sys: 62, released: 40, consumed: 21 (MB)
scvg: 0 MB released
scvg: inuse: 14, idle: 48, sys: 62, released: 40, consumed: 21 (MB)
scvg: 0 MB released
scvg: inuse: 14, idle: 48, sys: 62, released: 40, consumed: 21 (MB)
scvg: 0 MB released
scvg: inuse: 14, idle: 48, sys: 62, released: 40, consumed: 21 (MB)
scvg: 0 MB released
scvg: inuse: 14, idle: 48, sys: 62, released: 40, consumed: 21 (MB)
scvg: 0 MB released
scvg: inuse: 14, idle: 48, sys: 62, released: 40, consumed: 21 (MB)
scvg: 0 MB released
scvg: inuse: 14, idle: 48, sys: 62, released: 40, consumed: 21 (MB)
scvg: 0 MB released
scvg: inuse: 14, idle: 48, sys: 62, released: 41, consumed: 21 (MB)
scvg: 0 MB released
scvg: inuse: 14, idle: 48, sys: 62, released: 41, consumed: 21 (MB)
scvg: 0 MB released
scvg: inuse: 14, idle: 48, sys: 62, released: 41, consumed: 21 (MB)
scvg: 0 MB released
scvg: inuse: 14, idle: 48, sys: 62, released: 41, consumed: 21 (MB)
scvg: 0 MB released
scvg: inuse: 14, idle: 48, sys: 62, released: 41, consumed: 21 (MB)
scvg: 0 MB released
scvg: inuse: 14, idle: 48, sys: 62, released: 41, consumed: 21 (MB)
scvg: 0 MB released
scvg: inuse: 14, idle: 48, sys: 62, released: 41, consumed: 21 (MB)
scvg: 0 MB released
scvg: inuse: 14, idle: 48, sys: 62, released: 41, consumed: 21 (MB)
scvg: 0 MB released
scvg: inuse: 14, idle: 48, sys: 62, released: 41, consumed: 21 (MB)
scvg: 0 MB released
scvg: inuse: 14, idle: 48, sys: 62, released: 41, consumed: 21 (MB)
scvg: 0 MB released
scvg: inuse: 14, idle: 48, sys: 62, released: 41, consumed: 21 (MB)
scvg: 0 MB released
scvg: inuse: 14, idle: 48, sys: 62, released: 41, consumed: 21 (MB)
scvg: 0 MB released
scvg: inuse: 14, idle: 48, sys: 62, released: 41, consumed: 21 (MB)
scvg: 0 MB released
scvg: inuse: 14, idle: 48, sys: 62, released: 41, consumed: 21 (MB)
scvg: 0 MB released
scvg: inuse: 14, idle: 48, sys: 62, released: 41, consumed: 21 (MB)
scvg: 0 MB released
scvg: inuse: 14, idle: 48, sys: 62, released: 41, consumed: 21 (MB)
scvg: 0 MB released
scvg: inuse: 14, idle: 48, sys: 62, released: 41, consumed: 21 (MB)
scvg: 0 MB released
scvg: inuse: 14, idle: 48, sys: 62, released: 41, consumed: 21 (MB)
scvg: 0 MB released
scvg: inuse: 14, idle: 48, sys: 62, released: 41, consumed: 21 (MB)
scvg: 0 MB released
scvg: inuse: 14, idle: 48, sys: 62, released: 41, consumed: 21 (MB)
scvg: 0 MB released
scvg: inuse: 14, idle: 48, sys: 62, released: 41, consumed: 21 (MB)
scvg: 0 MB released
scvg: inuse: 14, idle: 48, sys: 62, released: 41, consumed: 21 (MB)
scvg: 0 MB released
scvg: inuse: 14, idle: 48, sys: 62, released: 41, consumed: 21 (MB)
scvg: 0 MB released
scvg: inuse: 14, idle: 48, sys: 62, released: 41, consumed: 21 (MB)
scvg: 0 MB released
scvg: inuse: 14, idle: 48, sys: 62, released: 41, consumed: 21 (MB)
scvg: 0 MB released
scvg: inuse: 14, idle: 48, sys: 62, released: 41, consumed: 21 (MB)
scvg: 0 MB released
scvg: inuse: 14, idle: 48, sys: 62, released: 41, consumed: 21 (MB)
scvg: 0 MB released
scvg: inuse: 14, idle: 48, sys: 62, released: 41, consumed: 21 (MB)
scvg: 0 MB released
scvg: inuse: 14, idle: 48, sys: 62, released: 41, consumed: 21 (MB)
scvg: 0 MB released
scvg: inuse: 14, idle: 48, sys: 62, released: 41, consumed: 21 (MB)
scvg: 0 MB released
scvg: inuse: 14, idle: 48, sys: 62, released: 41, consumed: 21 (MB)
scvg: 0 MB released
scvg: inuse: 14, idle: 48, sys: 62, released: 41, consumed: 21 (MB)
scvg: 0 MB released
scvg: inuse: 14, idle: 48, sys: 62, released: 41, consumed: 21 (MB)
scvg: 0 MB released
scvg: inuse: 14, idle: 48, sys: 62, released: 41, consumed: 21 (MB)
scvg: 0 MB released
scvg: inuse: 14, idle: 48, sys: 62, released: 41, consumed: 21 (MB)
scvg: 0 MB released
scvg: inuse: 14, idle: 48, sys: 62, released: 41, consumed: 21 (MB)
scvg: 0 MB released
scvg: inuse: 14, idle: 48, sys: 62, released: 41, consumed: 21 (MB)
scvg: 0 MB released
scvg: inuse: 14, idle: 48, sys: 62, released: 41, consumed: 21 (MB)
scvg: 0 MB released
scvg: inuse: 14, idle: 48, sys: 62, released: 41, consumed: 21 (MB)
scvg: 0 MB released
scvg: inuse: 14, idle: 48, sys: 62, released: 41, consumed: 21 (MB)
scvg: 0 MB released
scvg: inuse: 14, idle: 48, sys: 62, released: 41, consumed: 21 (MB)
scvg: 0 MB released
scvg: inuse: 14, idle: 48, sys: 62, released: 41, consumed: 21 (MB)
scvg: 0 MB released
scvg: inuse: 14, idle: 48, sys: 62, released: 41, consumed: 21 (MB)
scvg: 0 MB released
scvg: inuse: 14, idle: 48, sys: 62, released: 41, consumed: 21 (MB)
scvg: 0 MB released
scvg: inuse: 14, idle: 48, sys: 62, released: 41, consumed: 21 (MB)
scvg: 0 MB released
scvg: inuse: 14, idle: 48, sys: 62, released: 41, consumed: 21 (MB)
scvg: 0 MB released
scvg: inuse: 14, idle: 48, sys: 62, released: 41, consumed: 21 (MB)
scvg: 0 MB released
scvg: inuse: 14, idle: 48, sys: 62, released: 41, consumed: 21 (MB)
scvg: 0 MB released
scvg: inuse: 14, idle: 48, sys: 62, released: 41, consumed: 21 (MB)
scvg: 0 MB released
scvg: inuse: 14, idle: 48, sys: 62, released: 41, consumed: 21 (MB)
scvg: 0 MB released
scvg: inuse: 14, idle: 48, sys: 62, released: 41, consumed: 21 (MB)
scvg: 0 MB released
scvg: inuse: 14, idle: 48, sys: 62, released: 41, consumed: 21 (MB)
scvg: 0 MB released
scvg: inuse: 14, idle: 48, sys: 62, released: 41, consumed: 21 (MB)
scvg: 0 MB released
scvg: inuse: 14, idle: 48, sys: 62, released: 41, consumed: 21 (MB)
scvg: 0 MB released
scvg: inuse: 14, idle: 48, sys: 62, released: 41, consumed: 21 (MB)
scvg: 0 MB released
scvg: inuse: 14, idle: 48, sys: 62, released: 41, consumed: 21 (MB)
scvg: 0 MB released
scvg: inuse: 14, idle: 48, sys: 62, released: 41, consumed: 21 (MB)
scvg: 0 MB released
scvg: inuse: 14, idle: 48, sys: 62, released: 41, consumed: 21 (MB)
scvg: 0 MB released
scvg: inuse: 14, idle: 48, sys: 62, released: 41, consumed: 21 (MB)
scvg: 0 MB released
scvg: inuse: 14, idle: 48, sys: 62, released: 41, consumed: 21 (MB)
scvg: 0 MB released
scvg: inuse: 14, idle: 48, sys: 62, released: 41, consumed: 21 (MB)
scvg: 0 MB released
scvg: inuse: 14, idle: 48, sys: 62, released: 41, consumed: 21 (MB)
scvg: 0 MB released
scvg: inuse: 14, idle: 48, sys: 62, released: 41, consumed: 21 (MB)
scvg: 0 MB released
scvg: inuse: 14, idle: 48, sys: 62, released: 41, consumed: 21 (MB)
scvg: 0 MB released
scvg: inuse: 14, idle: 48, sys: 62, released: 41, consumed: 21 (MB)
scvg: 0 MB released
scvg: inuse: 14, idle: 48, sys: 62, released: 41, consumed: 21 (MB)
scvg: 0 MB released
scvg: inuse: 14, idle: 48, sys: 62, released: 41, consumed: 21 (MB)
scvg: 0 MB released
scvg: inuse: 14, idle: 48, sys: 62, released: 41, consumed: 21 (MB)
scvg: 0 MB released
scvg: inuse: 14, idle: 48, sys: 62, released: 41, consumed: 21 (MB)
scvg: 0 MB released
scvg: inuse: 14, idle: 48, sys: 62, released: 41, consumed: 21 (MB)
scvg: 0 MB released
scvg: inuse: 14, idle: 48, sys: 62, released: 41, consumed: 21 (MB)
scvg: 0 MB released
scvg: inuse: 14, idle: 48, sys: 62, released: 41, consumed: 21 (MB)
scvg: 0 MB released
scvg: inuse: 14, idle: 48, sys: 62, released: 41, consumed: 21 (MB)
scvg: 0 MB released
scvg: inuse: 14, idle: 48, sys: 62, released: 41, consumed: 21 (MB)
scvg: 0 MB released
scvg: inuse: 14, idle: 48, sys: 62, released: 41, consumed: 21 (MB)
scvg: 0 MB released
scvg: inuse: 14, idle: 48, sys: 62, released: 41, consumed: 21 (MB)
scvg: 0 MB released
scvg: inuse: 14, idle: 48, sys: 62, released: 41, consumed: 21 (MB)
scvg: 0 MB released
scvg: inuse: 14, idle: 48, sys: 62, released: 41, consumed: 21 (MB)
scvg: 0 MB released
scvg: inuse: 14, idle: 48, sys: 62, released: 41, consumed: 21 (MB)
scvg: 0 MB released
scvg: inuse: 14, idle: 48, sys: 62, released: 41, consumed: 21 (MB)
scvg: 0 MB released
scvg: inuse: 14, idle: 48, sys: 62, released: 41, consumed: 21 (MB)
scvg: 0 MB released
scvg: inuse: 14, idle: 48, sys: 62, released: 41, consumed: 21 (MB)
scvg: 0 MB released
scvg: inuse: 14, idle: 48, sys: 62, released: 41, consumed: 21 (MB)
scvg: 0 MB released
scvg: inuse: 14, idle: 48, sys: 62, released: 41, consumed: 21 (MB)
scvg: 0 MB released
scvg: inuse: 14, idle: 48, sys: 62, released: 41, consumed: 21 (MB)
scvg: 0 MB released
scvg: inuse: 14, idle: 48, sys: 62, released: 41, consumed: 21 (MB)
scvg: 0 MB released
scvg: inuse: 14, idle: 48, sys: 62, released: 41, consumed: 21 (MB)
scvg: 0 MB released
scvg: inuse: 14, idle: 48, sys: 62, released: 41, consumed: 21 (MB)
scvg: 0 MB released
scvg: inuse: 14, idle: 48, sys: 62, released: 41, consumed: 21 (MB)
scvg: 0 MB released
scvg: inuse: 14, idle: 48, sys: 62, released: 41, consumed: 21 (MB)
scvg: 0 MB released
scvg: inuse: 14, idle: 48, sys: 62, released: 41, consumed: 21 (MB)
scvg: 0 MB released
scvg: inuse: 14, idle: 48, sys: 62, released: 41, consumed: 21 (MB)
scvg: 0 MB released
scvg: inuse: 14, idle: 48, sys: 62, released: 41, consumed: 21 (MB)
scvg: 0 MB released
scvg: inuse: 14, idle: 48, sys: 62, released: 41, consumed: 21 (MB)
scvg: 0 MB released
scvg: inuse: 14, idle: 48, sys: 62, released: 41, consumed: 21 (MB)
scvg: 0 MB released
scvg: inuse: 14, idle: 48, sys: 62, released: 41, consumed: 21 (MB)
scvg: 0 MB released
scvg: inuse: 14, idle: 48, sys: 62, released: 41, consumed: 21 (MB)
scvg: 0 MB released
scvg: inuse: 14, idle: 48, sys: 62, released: 41, consumed: 21 (MB)
scvg: 0 MB released
scvg: inuse: 14, idle: 48, sys: 62, released: 41, consumed: 21 (MB)
scvg: 0 MB released
scvg: inuse: 14, idle: 48, sys: 62, released: 41, consumed: 21 (MB)
scvg: 0 MB released
scvg: inuse: 14, idle: 48, sys: 62, released: 41, consumed: 21 (MB)
scvg: 0 MB released
scvg: inuse: 14, idle: 48, sys: 62, released: 41, consumed: 21 (MB)
scvg: 0 MB released
scvg: inuse: 14, idle: 48, sys: 62, released: 41, consumed: 21 (MB)
scvg: 0 MB released
scvg: inuse: 14, idle: 48, sys: 62, released: 41, consumed: 21 (MB)
scvg: 0 MB released
scvg: inuse: 14, idle: 48, sys: 62, released: 41, consumed: 21 (MB)
scvg: 0 MB released
scvg: inuse: 14, idle: 48, sys: 62, released: 41, consumed: 21 (MB)
scvg: 0 MB released
scvg: inuse: 14, idle: 48, sys: 62, released: 41, consumed: 21 (MB)
scvg: 0 MB released
scvg: inuse: 14, idle: 48, sys: 62, released: 41, consumed: 21 (MB)
scvg: 0 MB released
scvg: inuse: 14, idle: 48, sys: 62, released: 41, consumed: 21 (MB)
scvg: 0 MB released
scvg: inuse: 14, idle: 48, sys: 62, released: 41, consumed: 21 (MB)
scvg: 0 MB released
scvg: inuse: 14, idle: 48, sys: 62, released: 41, consumed: 21 (MB)
scvg: 0 MB released
scvg: inuse: 14, idle: 48, sys: 62, released: 41, consumed: 21 (MB)
scvg: 0 MB released
scvg: inuse: 14, idle: 48, sys: 62, released: 41, consumed: 21 (MB)
scvg: 0 MB released
scvg: inuse: 14, idle: 48, sys: 62, released: 41, consumed: 20 (MB)
scvg: 0 MB released
scvg: inuse: 14, idle: 48, sys: 62, released: 41, consumed: 20 (MB)
scvg: 0 MB released
scvg: inuse: 14, idle: 48, sys: 62, released: 41, consumed: 20 (MB)
scvg: 0 MB released
scvg: inuse: 14, idle: 48, sys: 62, released: 41, consumed: 20 (MB)
scvg: 0 MB released
scvg: inuse: 14, idle: 48, sys: 62, released: 41, consumed: 20 (MB)
scvg: 0 MB released
scvg: inuse: 14, idle: 48, sys: 62, released: 41, consumed: 20 (MB)
scvg: 0 MB released
scvg: inuse: 14, idle: 48, sys: 62, released: 41, consumed: 20 (MB)
scvg: 0 MB released
scvg: inuse: 14, idle: 48, sys: 62, released: 41, consumed: 20 (MB)
scvg: 0 MB released
scvg: inuse: 14, idle: 48, sys: 62, released: 41, consumed: 20 (MB)
scvg: 0 MB released
scvg: inuse: 14, idle: 48, sys: 62, released: 41, consumed: 20 (MB)
scvg: 0 MB released
scvg: inuse: 14, idle: 48, sys: 62, released: 41, consumed: 20 (MB)
scvg: 0 MB released
scvg: inuse: 14, idle: 48, sys: 62, released: 41, consumed: 20 (MB)
scvg: 0 MB released
scvg: inuse: 14, idle: 48, sys: 62, released: 41, consumed: 20 (MB)
scvg: 0 MB released
scvg: inuse: 14, idle: 48, sys: 62, released: 41, consumed: 20 (MB)
scvg: 0 MB released
scvg: inuse: 14, idle: 48, sys: 62, released: 41, consumed: 20 (MB)
scvg: 0 MB released
scvg: inuse: 14, idle: 48, sys: 62, released: 42, consumed: 20 (MB)
scvg: 0 MB released
scvg: inuse: 14, idle: 48, sys: 62, released: 42, consumed: 20 (MB)
scvg: 0 MB released
scvg: inuse: 14, idle: 48, sys: 62, released: 42, consumed: 20 (MB)
scvg: 0 MB released
scvg: inuse: 14, idle: 48, sys: 62, released: 42, consumed: 20 (MB)
scvg: 0 MB released
scvg: inuse: 14, idle: 48, sys: 62, released: 42, consumed: 20 (MB)
scvg: 0 MB released
scvg: inuse: 14, idle: 48, sys: 62, released: 42, consumed: 20 (MB)
scvg: 0 MB released
scvg: inuse: 14, idle: 48, sys: 62, released: 42, consumed: 20 (MB)
scvg: 0 MB released
scvg: inuse: 14, idle: 48, sys: 62, released: 42, consumed: 20 (MB)
scvg: 0 MB released
scvg: inuse: 14, idle: 48, sys: 62, released: 42, consumed: 20 (MB)
scvg: 0 MB released
scvg: inuse: 14, idle: 48, sys: 62, released: 42, consumed: 20 (MB)
scvg: 0 MB released
scvg: inuse: 14, idle: 48, sys: 62, released: 42, consumed: 20 (MB)
scvg: 0 MB released
scvg: inuse: 14, idle: 48, sys: 62, released: 42, consumed: 20 (MB)
scvg: 0 MB released
scvg: inuse: 14, idle: 48, sys: 62, released: 42, consumed: 20 (MB)
scvg: 0 MB released
scvg: inuse: 14, idle: 48, sys: 62, released: 42, consumed: 20 (MB)
scvg: 0 MB released
scvg: inuse: 14, idle: 48, sys: 62, released: 42, consumed: 20 (MB)
scvg: 0 MB released
scvg: inuse: 14, idle: 48, sys: 62, released: 42, consumed: 20 (MB)
scvg: 0 MB released
scvg: inuse: 14, idle: 48, sys: 62, released: 42, consumed: 20 (MB)
scvg: 0 MB released
scvg: inuse: 14, idle: 48, sys: 62, released: 42, consumed: 20 (MB)
scvg: 0 MB released
scvg: inuse: 14, idle: 48, sys: 62, released: 42, consumed: 20 (MB)
scvg: 0 MB released
scvg: inuse: 14, idle: 48, sys: 62, released: 42, consumed: 20 (MB)
scvg: 0 MB released
scvg: inuse: 14, idle: 48, sys: 62, released: 42, consumed: 20 (MB)
scvg: 0 MB released
scvg: inuse: 14, idle: 48, sys: 62, released: 42, consumed: 20 (MB)
scvg: 0 MB released
scvg: inuse: 14, idle: 48, sys: 62, released: 42, consumed: 20 (MB)
scvg: 0 MB released
scvg: inuse: 14, idle: 48, sys: 62, released: 42, consumed: 20 (MB)
scvg: 0 MB released
scvg: inuse: 14, idle: 48, sys: 62, released: 42, consumed: 20 (MB)
scvg: 0 MB released
scvg: inuse: 14, idle: 48, sys: 62, released: 42, consumed: 20 (MB)
scvg: 0 MB released
scvg: inuse: 14, idle: 48, sys: 62, released: 42, consumed: 20 (MB)
scvg: 0 MB released
scvg: inuse: 14, idle: 48, sys: 62, released: 42, consumed: 20 (MB)
scvg: 0 MB released
scvg: inuse: 14, idle: 48, sys: 62, released: 42, consumed: 20 (MB)
scvg: 0 MB released
scvg: inuse: 14, idle: 48, sys: 62, released: 42, consumed: 20 (MB)
scvg: 0 MB released
scvg: inuse: 14, idle: 48, sys: 62, released: 42, consumed: 20 (MB)
scvg: 0 MB released
scvg: inuse: 14, idle: 48, sys: 62, released: 42, consumed: 20 (MB)
scvg: 0 MB released
scvg: inuse: 14, idle: 48, sys: 62, released: 42, consumed: 20 (MB)
scvg: 0 MB released
scvg: inuse: 14, idle: 48, sys: 62, released: 42, consumed: 20 (MB)
scvg: 0 MB released
scvg: inuse: 14, idle: 48, sys: 62, released: 42, consumed: 20 (MB)
scvg: 0 MB released
scvg: inuse: 14, idle: 48, sys: 62, released: 42, consumed: 20 (MB)
scvg: 0 MB released
scvg: inuse: 14, idle: 48, sys: 62, released: 42, consumed: 20 (MB)
scvg: 0 MB released
scvg: inuse: 14, idle: 48, sys: 62, released: 42, consumed: 20 (MB)
scvg: 0 MB released
scvg: inuse: 14, idle: 48, sys: 62, released: 42, consumed: 20 (MB)
scvg: 0 MB released
scvg: inuse: 14, idle: 48, sys: 62, released: 42, consumed: 20 (MB)
scvg: 0 MB released
scvg: inuse: 14, idle: 48, sys: 62, released: 42, consumed: 20 (MB)
scvg: 0 MB released
scvg: inuse: 14, idle: 48, sys: 62, released: 42, consumed: 20 (MB)
scvg: 0 MB released
scvg: inuse: 14, idle: 48, sys: 62, released: 42, consumed: 20 (MB)
scvg: 0 MB released
scvg: inuse: 14, idle: 48, sys: 62, released: 42, consumed: 20 (MB)
scvg: 0 MB released
scvg: inuse: 14, idle: 48, sys: 62, released: 42, consumed: 20 (MB)
scvg: 0 MB released
scvg: inuse: 14, idle: 48, sys: 62, released: 42, consumed: 20 (MB)
scvg: 0 MB released
scvg: inuse: 14, idle: 48, sys: 62, released: 42, consumed: 20 (MB)
scvg: 0 MB released
scvg: inuse: 14, idle: 48, sys: 62, released: 42, consumed: 20 (MB)
scvg: 0 MB released
scvg: inuse: 14, idle: 48, sys: 62, released: 42, consumed: 20 (MB)
scvg: 0 MB released
scvg: inuse: 14, idle: 48, sys: 62, released: 42, consumed: 20 (MB)
scvg: 0 MB released
scvg: inuse: 14, idle: 48, sys: 62, released: 42, consumed: 20 (MB)
scvg: 0 MB released
scvg: inuse: 14, idle: 48, sys: 62, released: 42, consumed: 20 (MB)
scvg: 0 MB released
scvg: inuse: 14, idle: 48, sys: 62, released: 42, consumed: 20 (MB)
scvg: 0 MB released
scvg: inuse: 14, idle: 48, sys: 62, released: 42, consumed: 20 (MB)
scvg: 0 MB released
scvg: inuse: 14, idle: 48, sys: 62, released: 42, consumed: 20 (MB)
scvg: 0 MB released
scvg: inuse: 14, idle: 48, sys: 62, released: 42, consumed: 20 (MB)
scvg: 0 MB released
scvg: inuse: 14, idle: 48, sys: 62, released: 42, consumed: 20 (MB)
scvg: 0 MB released
scvg: inuse: 14, idle: 48, sys: 62, released: 42, consumed: 20 (MB)
scvg: 0 MB released
scvg: inuse: 14, idle: 48, sys: 62, released: 42, consumed: 20 (MB)
scvg: 0 MB released
scvg: inuse: 14, idle: 48, sys: 62, released: 42, consumed: 20 (MB)
scvg: 0 MB released
scvg: inuse: 14, idle: 48, sys: 62, released: 42, consumed: 20 (MB)
scvg: 0 MB released
scvg: inuse: 14, idle: 48, sys: 62, released: 42, consumed: 20 (MB)
scvg: 0 MB released
scvg: inuse: 14, idle: 48, sys: 62, released: 42, consumed: 20 (MB)
scvg: 0 MB released
scvg: inuse: 14, idle: 48, sys: 62, released: 42, consumed: 20 (MB)
scvg: 0 MB released
scvg: inuse: 14, idle: 48, sys: 62, released: 42, consumed: 20 (MB)
scvg: 0 MB released
scvg: inuse: 14, idle: 48, sys: 62, released: 42, consumed: 20 (MB)
scvg: 0 MB released
scvg: inuse: 14, idle: 48, sys: 62, released: 42, consumed: 20 (MB)
scvg: 0 MB released
scvg: inuse: 14, idle: 48, sys: 62, released: 42, consumed: 20 (MB)
scvg: 0 MB released
scvg: inuse: 14, idle: 48, sys: 62, released: 42, consumed: 20 (MB)
scvg: 0 MB released
scvg: inuse: 14, idle: 48, sys: 62, released: 42, consumed: 20 (MB)
scvg: 0 MB released
scvg: inuse: 14, idle: 48, sys: 62, released: 42, consumed: 20 (MB)
scvg: 0 MB released
scvg: inuse: 14, idle: 48, sys: 62, released: 42, consumed: 20 (MB)
scvg: 0 MB released
scvg: inuse: 14, idle: 48, sys: 62, released: 42, consumed: 20 (MB)
scvg: 0 MB released
scvg: inuse: 14, idle: 48, sys: 62, released: 42, consumed: 20 (MB)
scvg: 0 MB released
scvg: inuse: 14, idle: 48, sys: 62, released: 42, consumed: 20 (MB)
scvg: 0 MB released
scvg: inuse: 14, idle: 48, sys: 62, released: 42, consumed: 20 (MB)
scvg: 0 MB released
scvg: inuse: 14, idle: 48, sys: 62, released: 42, consumed: 20 (MB)
scvg: 0 MB released
scvg: inuse: 14, idle: 48, sys: 62, released: 42, consumed: 20 (MB)
scvg: 0 MB released
scvg: inuse: 14, idle: 48, sys: 62, released: 42, consumed: 20 (MB)
scvg: 0 MB released
scvg: inuse: 14, idle: 48, sys: 62, released: 42, consumed: 20 (MB)
scvg: 0 MB released
scvg: inuse: 14, idle: 48, sys: 62, released: 42, consumed: 20 (MB)
scvg: 0 MB released
scvg: inuse: 14, idle: 48, sys: 62, released: 42, consumed: 20 (MB)
scvg: 0 MB released
scvg: inuse: 14, idle: 48, sys: 62, released: 42, consumed: 20 (MB)
scvg: 0 MB released
scvg: inuse: 14, idle: 48, sys: 62, released: 42, consumed: 20 (MB)
scvg: 0 MB released
scvg: inuse: 14, idle: 48, sys: 62, released: 42, consumed: 20 (MB)
scvg: 0 MB released
scvg: inuse: 14, idle: 48, sys: 62, released: 42, consumed: 20 (MB)
scvg: 0 MB released
scvg: inuse: 14, idle: 48, sys: 62, released: 42, consumed: 20 (MB)
scvg: 0 MB released
scvg: inuse: 14, idle: 48, sys: 62, released: 42, consumed: 20 (MB)
scvg: 0 MB released
scvg: inuse: 14, idle: 48, sys: 62, released: 42, consumed: 20 (MB)
scvg: 0 MB released
scvg: inuse: 14, idle: 48, sys: 62, released: 42, consumed: 20 (MB)
scvg: 0 MB released
scvg: inuse: 14, idle: 48, sys: 62, released: 42, consumed: 20 (MB)
scvg: 0 MB released
scvg: inuse: 14, idle: 48, sys: 62, released: 42, consumed: 20 (MB)
scvg: 0 MB released
scvg: inuse: 14, idle: 48, sys: 62, released: 42, consumed: 20 (MB)
scvg: 0 MB released
scvg: inuse: 14, idle: 48, sys: 62, released: 42, consumed: 20 (MB)
scvg: 0 MB released
scvg: inuse: 14, idle: 48, sys: 62, released: 42, consumed: 20 (MB)
scvg: 0 MB released
scvg: inuse: 14, idle: 48, sys: 62, released: 42, consumed: 20 (MB)
scvg: 0 MB released
scvg: inuse: 14, idle: 48, sys: 62, released: 42, consumed: 20 (MB)
scvg: 0 MB released
scvg: inuse: 14, idle: 48, sys: 62, released: 42, consumed: 20 (MB)
scvg: 0 MB released
scvg: inuse: 14, idle: 48, sys: 62, released: 42, consumed: 20 (MB)
scvg: 0 MB released
scvg: inuse: 14, idle: 48, sys: 62, released: 42, consumed: 20 (MB)
scvg: 0 MB released
scvg: inuse: 14, idle: 48, sys: 62, released: 42, consumed: 20 (MB)
scvg: 0 MB released
scvg: inuse: 14, idle: 48, sys: 62, released: 42, consumed: 20 (MB)
scvg: 0 MB released
scvg: inuse: 14, idle: 48, sys: 62, released: 42, consumed: 20 (MB)
scvg: 0 MB released
scvg: inuse: 14, idle: 48, sys: 62, released: 42, consumed: 20 (MB)
scvg: 0 MB released
scvg: inuse: 14, idle: 48, sys: 62, released: 42, consumed: 20 (MB)
scvg: 0 MB released
scvg: inuse: 14, idle: 48, sys: 62, released: 42, consumed: 20 (MB)
scvg: 0 MB released
scvg: inuse: 14, idle: 48, sys: 62, released: 42, consumed: 20 (MB)
scvg: 0 MB released
scvg: inuse: 14, idle: 48, sys: 62, released: 42, consumed: 20 (MB)
scvg: 0 MB released
scvg: inuse: 14, idle: 48, sys: 62, released: 42, consumed: 20 (MB)
scvg: 0 MB released
scvg: inuse: 14, idle: 48, sys: 62, released: 42, consumed: 20 (MB)
scvg: 0 MB released
scvg: inuse: 14, idle: 48, sys: 62, released: 42, consumed: 20 (MB)
scvg: 0 MB released
scvg: inuse: 14, idle: 48, sys: 62, released: 42, consumed: 20 (MB)
scvg: 0 MB released
scvg: inuse: 14, idle: 48, sys: 62, released: 42, consumed: 20 (MB)
scvg: 0 MB released
scvg: inuse: 14, idle: 48, sys: 62, released: 42, consumed: 19 (MB)
scvg: 0 MB released
scvg: inuse: 14, idle: 48, sys: 62, released: 42, consumed: 19 (MB)
scvg: 0 MB released
scvg: inuse: 14, idle: 48, sys: 62, released: 42, consumed: 19 (MB)
scvg: 0 MB released
scvg: inuse: 14, idle: 48, sys: 62, released: 42, consumed: 19 (MB)
scvg: 0 MB released
scvg: inuse: 14, idle: 48, sys: 62, released: 42, consumed: 19 (MB)
scvg: 0 MB released
scvg: inuse: 14, idle: 48, sys: 62, released: 42, consumed: 19 (MB)
scvg: 0 MB released
scvg: inuse: 14, idle: 48, sys: 62, released: 42, consumed: 19 (MB)
scvg: 0 MB released
scvg: inuse: 14, idle: 48, sys: 62, released: 42, consumed: 19 (MB)
scvg: 0 MB released
scvg: inuse: 14, idle: 48, sys: 62, released: 42, consumed: 19 (MB)
scvg: 0 MB released
scvg: inuse: 14, idle: 48, sys: 62, released: 42, consumed: 19 (MB)
scvg: 0 MB released
scvg: inuse: 14, idle: 48, sys: 62, released: 42, consumed: 19 (MB)
scvg: 0 MB released
scvg: inuse: 14, idle: 48, sys: 62, released: 42, consumed: 19 (MB)
scvg: 0 MB released
scvg: inuse: 14, idle: 48, sys: 62, released: 42, consumed: 19 (MB)
scvg: 0 MB released
scvg: inuse: 14, idle: 48, sys: 62, released: 42, consumed: 19 (MB)
scvg: 0 MB released
scvg: inuse: 14, idle: 48, sys: 62, released: 42, consumed: 19 (MB)
scvg: 0 MB released
scvg: inuse: 14, idle: 48, sys: 62, released: 43, consumed: 19 (MB)
scvg: 0 MB released
scvg: inuse: 14, idle: 48, sys: 62, released: 43, consumed: 19 (MB)
scvg: 0 MB released
scvg: inuse: 14, idle: 48, sys: 62, released: 43, consumed: 19 (MB)
scvg: 0 MB released
scvg: inuse: 14, idle: 48, sys: 62, released: 43, consumed: 19 (MB)
scvg: 0 MB released
scvg: inuse: 14, idle: 48, sys: 62, released: 43, consumed: 19 (MB)
scvg: 0 MB released
scvg: inuse: 14, idle: 48, sys: 62, released: 43, consumed: 19 (MB)
scvg: 0 MB released
scvg: inuse: 14, idle: 48, sys: 62, released: 43, consumed: 19 (MB)
scvg: 0 MB released
scvg: inuse: 14, idle: 48, sys: 62, released: 43, consumed: 19 (MB)
scvg: 0 MB released
scvg: inuse: 14, idle: 48, sys: 62, released: 43, consumed: 19 (MB)
scvg: 0 MB released
scvg: inuse: 14, idle: 48, sys: 62, released: 43, consumed: 19 (MB)
scvg: 0 MB released
scvg: inuse: 14, idle: 48, sys: 62, released: 43, consumed: 19 (MB)
scvg: 0 MB released
scvg: inuse: 14, idle: 48, sys: 62, released: 43, consumed: 19 (MB)
scvg: 0 MB released
scvg: inuse: 14, idle: 48, sys: 62, released: 43, consumed: 19 (MB)
scvg: 0 MB released
scvg: inuse: 14, idle: 48, sys: 62, released: 43, consumed: 19 (MB)
scvg: 0 MB released
scvg: inuse: 14, idle: 48, sys: 62, released: 43, consumed: 19 (MB)
scvg: 0 MB released
scvg: inuse: 14, idle: 48, sys: 62, released: 43, consumed: 19 (MB)
scvg: 0 MB released
scvg: inuse: 14, idle: 48, sys: 62, released: 43, consumed: 19 (MB)
scvg: 0 MB released
scvg: inuse: 14, idle: 48, sys: 62, released: 43, consumed: 19 (MB)
scvg: 0 MB released
scvg: inuse: 14, idle: 48, sys: 62, released: 43, consumed: 19 (MB)
scvg: 0 MB released
scvg: inuse: 14, idle: 48, sys: 62, released: 43, consumed: 19 (MB)
scvg: 0 MB released
scvg: inuse: 14, idle: 48, sys: 62, released: 43, consumed: 19 (MB)
scvg: 0 MB released
scvg: inuse: 14, idle: 48, sys: 62, released: 43, consumed: 19 (MB)
scvg: 0 MB released
scvg: inuse: 14, idle: 48, sys: 62, released: 43, consumed: 19 (MB)
scvg: 0 MB released
scvg: inuse: 14, idle: 48, sys: 62, released: 43, consumed: 19 (MB)
scvg: 0 MB released
scvg: inuse: 14, idle: 48, sys: 62, released: 43, consumed: 19 (MB)
scvg: 0 MB released
scvg: inuse: 14, idle: 48, sys: 62, released: 43, consumed: 19 (MB)
scvg: 0 MB released
scvg: inuse: 14, idle: 48, sys: 62, released: 43, consumed: 19 (MB)
scvg: 0 MB released
scvg: inuse: 14, idle: 48, sys: 62, released: 43, consumed: 19 (MB)
scvg: 0 MB released
scvg: inuse: 14, idle: 48, sys: 62, released: 43, consumed: 19 (MB)
scvg: 0 MB released
scvg: inuse: 14, idle: 48, sys: 62, released: 43, consumed: 19 (MB)
scvg: 0 MB released
scvg: inuse: 14, idle: 48, sys: 62, released: 43, consumed: 19 (MB)
scvg: 0 MB released
scvg: inuse: 14, idle: 48, sys: 62, released: 43, consumed: 19 (MB)
scvg: 0 MB released
scvg: inuse: 14, idle: 48, sys: 62, released: 43, consumed: 19 (MB)
scvg: 0 MB released
scvg: inuse: 14, idle: 48, sys: 62, released: 43, consumed: 19 (MB)
scvg: 0 MB released
scvg: inuse: 14, idle: 48, sys: 62, released: 43, consumed: 19 (MB)
scvg: 0 MB released
scvg: inuse: 14, idle: 48, sys: 62, released: 43, consumed: 19 (MB)
scvg: 0 MB released
scvg: inuse: 14, idle: 48, sys: 62, released: 43, consumed: 19 (MB)
scvg: 0 MB released
scvg: inuse: 14, idle: 48, sys: 62, released: 43, consumed: 19 (MB)
scvg: 0 MB released
scvg: inuse: 14, idle: 48, sys: 62, released: 43, consumed: 19 (MB)
scvg: 0 MB released
scvg: inuse: 14, idle: 48, sys: 62, released: 43, consumed: 19 (MB)
scvg: 0 MB released
scvg: inuse: 14, idle: 48, sys: 62, released: 43, consumed: 19 (MB)
scvg: 0 MB released
scvg: inuse: 14, idle: 48, sys: 62, released: 43, consumed: 19 (MB)
scvg: 0 MB released
scvg: inuse: 14, idle: 48, sys: 62, released: 43, consumed: 19 (MB)
scvg: 0 MB released
scvg: inuse: 14, idle: 48, sys: 62, released: 43, consumed: 19 (MB)
scvg: 0 MB released
scvg: inuse: 14, idle: 48, sys: 62, released: 43, consumed: 19 (MB)
scvg: 0 MB released
scvg: inuse: 14, idle: 48, sys: 62, released: 43, consumed: 19 (MB)
scvg: 0 MB released
scvg: inuse: 14, idle: 48, sys: 62, released: 43, consumed: 19 (MB)
scvg: 0 MB released
scvg: inuse: 14, idle: 48, sys: 62, released: 43, consumed: 19 (MB)
scvg: 0 MB released
scvg: inuse: 14, idle: 48, sys: 62, released: 43, consumed: 19 (MB)
scvg: 0 MB released
scvg: inuse: 14, idle: 48, sys: 62, released: 43, consumed: 19 (MB)
scvg: 0 MB released
scvg: inuse: 14, idle: 48, sys: 62, released: 43, consumed: 19 (MB)
scvg: 0 MB released
scvg: inuse: 14, idle: 48, sys: 62, released: 43, consumed: 19 (MB)
scvg: 0 MB released
scvg: inuse: 14, idle: 48, sys: 62, released: 43, consumed: 19 (MB)
scvg: 0 MB released
scvg: inuse: 14, idle: 48, sys: 62, released: 43, consumed: 19 (MB)
scvg: 0 MB released
scvg: inuse: 14, idle: 48, sys: 62, released: 43, consumed: 19 (MB)
scvg: 0 MB released
scvg: inuse: 14, idle: 48, sys: 62, released: 43, consumed: 19 (MB)
scvg: 0 MB released
scvg: inuse: 14, idle: 48, sys: 62, released: 43, consumed: 19 (MB)
scvg: 0 MB released
scvg: inuse: 14, idle: 48, sys: 62, released: 43, consumed: 19 (MB)
scvg: 0 MB released
scvg: inuse: 14, idle: 48, sys: 62, released: 43, consumed: 19 (MB)
scvg: 0 MB released
scvg: inuse: 14, idle: 48, sys: 62, released: 43, consumed: 19 (MB)
scvg: 0 MB released
scvg: inuse: 14, idle: 48, sys: 62, released: 43, consumed: 19 (MB)
scvg: 0 MB released
scvg: inuse: 14, idle: 48, sys: 62, released: 43, consumed: 19 (MB)
scvg: 0 MB released
scvg: inuse: 14, idle: 48, sys: 62, released: 43, consumed: 19 (MB)
scvg: 0 MB released
scvg: inuse: 14, idle: 48, sys: 62, released: 43, consumed: 19 (MB)
scvg: 0 MB released
scvg: inuse: 14, idle: 48, sys: 62, released: 43, consumed: 19 (MB)
scvg: 0 MB released
scvg: inuse: 14, idle: 48, sys: 62, released: 43, consumed: 19 (MB)
scvg: 0 MB released
scvg: inuse: 14, idle: 48, sys: 62, released: 43, consumed: 19 (MB)
scvg: 0 MB released
scvg: inuse: 14, idle: 48, sys: 62, released: 43, consumed: 19 (MB)
scvg: 0 MB released
scvg: inuse: 14, idle: 48, sys: 62, released: 43, consumed: 19 (MB)
scvg: 0 MB released
scvg: inuse: 14, idle: 48, sys: 62, released: 43, consumed: 19 (MB)
scvg: 0 MB released
scvg: inuse: 14, idle: 48, sys: 62, released: 43, consumed: 19 (MB)
scvg: 0 MB released
scvg: inuse: 14, idle: 48, sys: 62, released: 43, consumed: 19 (MB)
scvg: 0 MB released
scvg: inuse: 14, idle: 48, sys: 62, released: 43, consumed: 19 (MB)
scvg: 0 MB released
scvg: inuse: 14, idle: 48, sys: 62, released: 43, consumed: 19 (MB)
scvg: 0 MB released
scvg: inuse: 14, idle: 48, sys: 62, released: 43, consumed: 19 (MB)
scvg: 0 MB released
scvg: inuse: 14, idle: 48, sys: 62, released: 43, consumed: 19 (MB)
scvg: 0 MB released
scvg: inuse: 14, idle: 48, sys: 62, released: 43, consumed: 19 (MB)
scvg: 0 MB released
scvg: inuse: 14, idle: 48, sys: 62, released: 43, consumed: 19 (MB)
scvg: 0 MB released
scvg: inuse: 14, idle: 48, sys: 62, released: 43, consumed: 19 (MB)
scvg: 0 MB released
scvg: inuse: 14, idle: 48, sys: 62, released: 43, consumed: 19 (MB)
scvg: 0 MB released
scvg: inuse: 14, idle: 48, sys: 62, released: 43, consumed: 19 (MB)
scvg: 0 MB released
scvg: inuse: 14, idle: 48, sys: 62, released: 43, consumed: 19 (MB)
scvg: 0 MB released
scvg: inuse: 14, idle: 48, sys: 62, released: 43, consumed: 19 (MB)
GC forced
gc 17 @245.741s 0%: 0.010+2.1+0.005 ms clock, 0.083+0/2.7/4.8+0.046 ms cpu, 16->16->11 MB, 22 MB goal, 8 P
GC forced
gc 18 @365.763s 0%: 0.009+2.4+0.005 ms clock, 0.076+0/3.9/1.7+0.045 ms cpu, 19->19->12 MB, 22 MB goal, 8 P
GC forced
gc 19 @485.831s 0%: 0.008+2.2+0.005 ms clock, 0.068+0/3.6/1.4+0.045 ms cpu, 16->16->12 MB, 24 MB goal, 8 P
scvg: 0 MB released
scvg: inuse: 16, idle: 46, sys: 62, released: 41, consumed: 20 (MB)
scvg: 0 MB released
scvg: inuse: 15, idle: 47, sys: 62, released: 41, consumed: 20 (MB)
scvg: 0 MB released
scvg: inuse: 15, idle: 47, sys: 62, released: 41, consumed: 20 (MB)
scvg: 0 MB released
scvg: inuse: 15, idle: 47, sys: 62, released: 41, consumed: 20 (MB)
scvg: 0 MB released
scvg: inuse: 15, idle: 47, sys: 62, released: 41, consumed: 20 (MB)
scvg: 0 MB released
scvg: inuse: 15, idle: 47, sys: 62, released: 41, consumed: 20 (MB)
scvg: 0 MB released
scvg: inuse: 15, idle: 47, sys: 62, released: 41, consumed: 20 (MB)
scvg: 0 MB released
scvg: inuse: 15, idle: 47, sys: 62, released: 41, consumed: 20 (MB)
scvg: 0 MB released
scvg: inuse: 15, idle: 47, sys: 62, released: 41, consumed: 20 (MB)
scvg: 0 MB released
scvg: inuse: 15, idle: 47, sys: 62, released: 41, consumed: 20 (MB)
scvg: 0 MB released
scvg: inuse: 15, idle: 47, sys: 62, released: 41, consumed: 20 (MB)
scvg: 0 MB released
scvg: inuse: 15, idle: 47, sys: 62, released: 42, consumed: 20 (MB)
scvg: 0 MB released
scvg: inuse: 15, idle: 47, sys: 62, released: 42, consumed: 20 (MB)
scvg: 0 MB released
scvg: inuse: 15, idle: 47, sys: 62, released: 42, consumed: 20 (MB)
scvg: 0 MB released
scvg: inuse: 15, idle: 47, sys: 62, released: 42, consumed: 20 (MB)
scvg: 0 MB released
scvg: inuse: 15, idle: 47, sys: 62, released: 42, consumed: 20 (MB)
scvg: 0 MB released
scvg: inuse: 15, idle: 47, sys: 62, released: 42, consumed: 20 (MB)
scvg: 0 MB released
scvg: inuse: 15, idle: 47, sys: 62, released: 42, consumed: 20 (MB)
scvg: 0 MB released
scvg: inuse: 15, idle: 47, sys: 62, released: 42, consumed: 20 (MB)
scvg: 0 MB released
scvg: inuse: 15, idle: 47, sys: 62, released: 42, consumed: 20 (MB)
scvg: 0 MB released
scvg: inuse: 15, idle: 47, sys: 62, released: 42, consumed: 20 (MB)
scvg: 0 MB released
scvg: inuse: 15, idle: 47, sys: 62, released: 42, consumed: 20 (MB)
scvg: 0 MB released
scvg: inuse: 15, idle: 47, sys: 62, released: 42, consumed: 20 (MB)
scvg: 0 MB released
scvg: inuse: 15, idle: 47, sys: 62, released: 42, consumed: 20 (MB)
scvg: 0 MB released
scvg: inuse: 15, idle: 47, sys: 62, released: 42, consumed: 20 (MB)
scvg: 0 MB released
scvg: inuse: 15, idle: 47, sys: 62, released: 42, consumed: 20 (MB)
scvg: 0 MB released
scvg: inuse: 15, idle: 47, sys: 62, released: 42, consumed: 20 (MB)
scvg: 0 MB released
scvg: inuse: 15, idle: 47, sys: 62, released: 42, consumed: 20 (MB)
scvg: 0 MB released
scvg: inuse: 15, idle: 47, sys: 62, released: 42, consumed: 20 (MB)
scvg: 0 MB released
scvg: inuse: 15, idle: 47, sys: 62, released: 42, consumed: 20 (MB)
scvg: 0 MB released
scvg: inuse: 15, idle: 47, sys: 62, released: 42, consumed: 20 (MB)
scvg: 0 MB released
scvg: inuse: 15, idle: 47, sys: 62, released: 42, consumed: 20 (MB)
scvg: 0 MB released
scvg: inuse: 15, idle: 47, sys: 62, released: 42, consumed: 20 (MB)
scvg: 0 MB released
scvg: inuse: 15, idle: 47, sys: 62, released: 42, consumed: 20 (MB)
scvg: 0 MB released
scvg: inuse: 15, idle: 47, sys: 62, released: 42, consumed: 20 (MB)
scvg: 0 MB released
scvg: inuse: 15, idle: 47, sys: 62, released: 42, consumed: 20 (MB)
scvg: 0 MB released
scvg: inuse: 15, idle: 47, sys: 62, released: 42, consumed: 20 (MB)
scvg: 0 MB released
scvg: inuse: 15, idle: 47, sys: 62, released: 42, consumed: 20 (MB)
scvg: 0 MB released
scvg: inuse: 15, idle: 47, sys: 62, released: 42, consumed: 20 (MB)
scvg: 0 MB released
scvg: inuse: 15, idle: 47, sys: 62, released: 42, consumed: 20 (MB)
scvg: 0 MB released
scvg: inuse: 15, idle: 47, sys: 62, released: 42, consumed: 20 (MB)
scvg: 0 MB released
scvg: inuse: 15, idle: 47, sys: 62, released: 42, consumed: 20 (MB)
scvg: 0 MB released
scvg: inuse: 15, idle: 47, sys: 62, released: 42, consumed: 20 (MB)
scvg: 0 MB released
scvg: inuse: 15, idle: 47, sys: 62, released: 42, consumed: 20 (MB)
scvg: 0 MB released
scvg: inuse: 15, idle: 47, sys: 62, released: 42, consumed: 20 (MB)
scvg: 0 MB released
scvg: inuse: 15, idle: 47, sys: 62, released: 42, consumed: 20 (MB)
scvg: 0 MB released
scvg: inuse: 15, idle: 47, sys: 62, released: 42, consumed: 20 (MB)
scvg: 0 MB released
scvg: inuse: 15, idle: 47, sys: 62, released: 42, consumed: 20 (MB)
scvg: 0 MB released
scvg: inuse: 15, idle: 47, sys: 62, released: 42, consumed: 20 (MB)
scvg: 0 MB released
scvg: inuse: 15, idle: 47, sys: 62, released: 42, consumed: 20 (MB)
scvg: 0 MB released
scvg: inuse: 15, idle: 47, sys: 62, released: 42, consumed: 20 (MB)
scvg: 0 MB released
scvg: inuse: 15, idle: 47, sys: 62, released: 42, consumed: 20 (MB)
scvg: 0 MB released
scvg: inuse: 15, idle: 47, sys: 62, released: 42, consumed: 20 (MB)
scvg: 0 MB released
scvg: inuse: 15, idle: 47, sys: 62, released: 42, consumed: 20 (MB)
scvg: 0 MB released
scvg: inuse: 15, idle: 47, sys: 62, released: 42, consumed: 20 (MB)
scvg: 0 MB released
scvg: inuse: 15, idle: 47, sys: 62, released: 42, consumed: 20 (MB)
scvg: 0 MB released
scvg: inuse: 15, idle: 47, sys: 62, released: 42, consumed: 20 (MB)
scvg: 0 MB released
scvg: inuse: 15, idle: 47, sys: 62, released: 42, consumed: 20 (MB)
scvg: 0 MB released
scvg: inuse: 15, idle: 47, sys: 62, released: 42, consumed: 20 (MB)
scvg: 0 MB released
scvg: inuse: 15, idle: 47, sys: 62, released: 42, consumed: 20 (MB)
scvg: 0 MB released
scvg: inuse: 15, idle: 47, sys: 62, released: 42, consumed: 20 (MB)
scvg: 0 MB released
scvg: inuse: 15, idle: 47, sys: 62, released: 42, consumed: 20 (MB)
scvg: 0 MB released
scvg: inuse: 15, idle: 47, sys: 62, released: 42, consumed: 20 (MB)
scvg: 0 MB released
scvg: inuse: 15, idle: 47, sys: 62, released: 42, consumed: 20 (MB)
scvg: 0 MB released
scvg: inuse: 15, idle: 47, sys: 62, released: 42, consumed: 20 (MB)
scvg: 0 MB released
scvg: inuse: 15, idle: 47, sys: 62, released: 42, consumed: 20 (MB)
scvg: 0 MB released
scvg: inuse: 15, idle: 47, sys: 62, released: 42, consumed: 20 (MB)
scvg: 0 MB released
scvg: inuse: 15, idle: 47, sys: 62, released: 42, consumed: 20 (MB)
scvg: 0 MB released
scvg: inuse: 15, idle: 47, sys: 62, released: 42, consumed: 20 (MB)
scvg: 0 MB released
scvg: inuse: 15, idle: 47, sys: 62, released: 42, consumed: 20 (MB)
scvg: 0 MB released
scvg: inuse: 15, idle: 47, sys: 62, released: 42, consumed: 20 (MB)
scvg: 0 MB released
scvg: inuse: 15, idle: 47, sys: 62, released: 42, consumed: 20 (MB)
scvg: 0 MB released
scvg: inuse: 15, idle: 47, sys: 62, released: 42, consumed: 20 (MB)
scvg: 0 MB released
scvg: inuse: 15, idle: 47, sys: 62, released: 42, consumed: 20 (MB)
scvg: 0 MB released
scvg: inuse: 15, idle: 47, sys: 62, released: 42, consumed: 20 (MB)
scvg: 0 MB released
scvg: inuse: 15, idle: 47, sys: 62, released: 42, consumed: 20 (MB)
scvg: 0 MB released
scvg: inuse: 15, idle: 47, sys: 62, released: 42, consumed: 20 (MB)
scvg: 0 MB released
scvg: inuse: 15, idle: 47, sys: 62, released: 42, consumed: 20 (MB)
scvg: 0 MB released
scvg: inuse: 15, idle: 47, sys: 62, released: 42, consumed: 20 (MB)
scvg: 0 MB released
scvg: inuse: 15, idle: 47, sys: 62, released: 42, consumed: 20 (MB)
scvg: 0 MB released
scvg: inuse: 15, idle: 47, sys: 62, released: 42, consumed: 20 (MB)
scvg: 0 MB released
scvg: inuse: 15, idle: 47, sys: 62, released: 42, consumed: 20 (MB)
scvg: 0 MB released
scvg: inuse: 15, idle: 47, sys: 62, released: 42, consumed: 20 (MB)
scvg: 0 MB released
scvg: inuse: 15, idle: 47, sys: 62, released: 42, consumed: 20 (MB)
scvg: 0 MB released
scvg: inuse: 15, idle: 47, sys: 62, released: 42, consumed: 20 (MB)
scvg: 0 MB released
scvg: inuse: 15, idle: 47, sys: 62, released: 42, consumed: 20 (MB)
scvg: 0 MB released
scvg: inuse: 15, idle: 47, sys: 62, released: 42, consumed: 20 (MB)
scvg: 0 MB released
scvg: inuse: 15, idle: 47, sys: 62, released: 42, consumed: 20 (MB)
scvg: 0 MB released
scvg: inuse: 15, idle: 47, sys: 62, released: 42, consumed: 20 (MB)
scvg: 0 MB released
scvg: inuse: 15, idle: 47, sys: 62, released: 42, consumed: 20 (MB)
scvg: 0 MB released
scvg: inuse: 15, idle: 47, sys: 62, released: 42, consumed: 20 (MB)
scvg: 0 MB released
scvg: inuse: 15, idle: 47, sys: 62, released: 42, consumed: 20 (MB)
scvg: 0 MB released
scvg: inuse: 15, idle: 47, sys: 62, released: 42, consumed: 20 (MB)
scvg: 0 MB released
scvg: inuse: 15, idle: 47, sys: 62, released: 42, consumed: 20 (MB)
scvg: 0 MB released
scvg: inuse: 15, idle: 47, sys: 62, released: 42, consumed: 20 (MB)
scvg: 0 MB released
scvg: inuse: 15, idle: 47, sys: 62, released: 42, consumed: 20 (MB)
scvg: 0 MB released
scvg: inuse: 15, idle: 47, sys: 62, released: 42, consumed: 20 (MB)
scvg: 0 MB released
scvg: inuse: 15, idle: 47, sys: 62, released: 42, consumed: 20 (MB)
scvg: 0 MB released
scvg: inuse: 15, idle: 47, sys: 62, released: 42, consumed: 20 (MB)
scvg: 0 MB released
scvg: inuse: 15, idle: 47, sys: 62, released: 42, consumed: 20 (MB)
scvg: 0 MB released
scvg: inuse: 15, idle: 47, sys: 62, released: 42, consumed: 19 (MB)
scvg: 0 MB released
scvg: inuse: 15, idle: 47, sys: 62, released: 42, consumed: 19 (MB)
scvg: 0 MB released
scvg: inuse: 15, idle: 47, sys: 62, released: 42, consumed: 19 (MB)
scvg: 0 MB released
scvg: inuse: 15, idle: 47, sys: 62, released: 42, consumed: 19 (MB)
scvg: 0 MB released
scvg: inuse: 15, idle: 47, sys: 62, released: 42, consumed: 19 (MB)
scvg: 0 MB released
scvg: inuse: 15, idle: 47, sys: 62, released: 42, consumed: 19 (MB)
GC forced
gc 20 @605.841s 0%: 0.012+2.1+0.006 ms clock, 0.098+0/2.8/4.2+0.049 ms cpu, 16->16->12 MB, 24 MB goal, 8 P
GC forced
gc 21 @725.864s 0%: 0.017+3.5+0.007 ms clock, 0.13+0/4.3/3.7+0.060 ms cpu, 16->16->12 MB, 24 MB goal, 8 P
scvg: 0 MB released
scvg: inuse: 16, idle: 46, sys: 62, released: 42, consumed: 20 (MB)
scvg: 0 MB released
scvg: inuse: 15, idle: 47, sys: 62, released: 42, consumed: 19 (MB)
scvg: 0 MB released
scvg: inuse: 15, idle: 47, sys: 62, released: 42, consumed: 19 (MB)
scvg: 0 MB released
scvg: inuse: 15, idle: 47, sys: 62, released: 42, consumed: 19 (MB)
scvg: 0 MB released
scvg: inuse: 15, idle: 47, sys: 62, released: 42, consumed: 19 (MB)
scvg: 0 MB released
scvg: inuse: 15, idle: 47, sys: 62, released: 42, consumed: 19 (MB)
scvg: 0 MB released
scvg: inuse: 15, idle: 47, sys: 62, released: 42, consumed: 19 (MB)
scvg: 0 MB released
scvg: inuse: 15, idle: 47, sys: 62, released: 42, consumed: 19 (MB)
scvg: 0 MB released
scvg: inuse: 15, idle: 47, sys: 62, released: 42, consumed: 19 (MB)
scvg: 0 MB released
scvg: inuse: 15, idle: 47, sys: 62, released: 42, consumed: 19 (MB)
scvg: 0 MB released
scvg: inuse: 15, idle: 47, sys: 62, released: 42, consumed: 19 (MB)
scvg: 0 MB released
scvg: inuse: 15, idle: 47, sys: 62, released: 42, consumed: 19 (MB)
GC forced
gc 22 @845.870s 0%: 0.010+2.3+0.006 ms clock, 0.080+0/3.8/1.1+0.054 ms cpu, 16->16->12 MB, 24 MB goal, 8 P
GC forced
gc 23 @965.911s 0%: 0.022+2.9+0.006 ms clock, 0.18+0/3.7/2.5+0.052 ms cpu, 16->16->12 MB, 24 MB goal, 8 P
GC forced
gc 24 @1085.925s 0%: 0.009+2.3+0.006 ms clock, 0.077+0/3.5/3.9+0.049 ms cpu, 17->17->12 MB, 24 MB goal, 8 P
GC forced
gc 25 @1205.935s 0%: 0.012+2.7+0.006 ms clock, 0.096+0/3.8/2.3+0.051 ms cpu, 16->16->12 MB, 24 MB goal, 8 P
scvg: 0 MB released
scvg: inuse: 16, idle: 46, sys: 62, released: 42, consumed: 19 (MB)
scvg: 0 MB released
scvg: inuse: 15, idle: 47, sys: 62, released: 42, consumed: 19 (MB)
scvg: 0 MB released
scvg: inuse: 15, idle: 47, sys: 62, released: 42, consumed: 19 (MB)
scvg: 0 MB released
scvg: inuse: 15, idle: 47, sys: 62, released: 42, consumed: 19 (MB)
scvg: 0 MB released
scvg: inuse: 15, idle: 47, sys: 62, released: 42, consumed: 19 (MB)
scvg: 0 MB released
scvg: inuse: 15, idle: 47, sys: 62, released: 42, consumed: 19 (MB)
scvg: 0 MB released
scvg: inuse: 15, idle: 47, sys: 62, released: 42, consumed: 19 (MB)
scvg: 0 MB released
scvg: inuse: 15, idle: 47, sys: 62, released: 42, consumed: 19 (MB)
scvg: 0 MB released
scvg: inuse: 15, idle: 47, sys: 62, released: 42, consumed: 19 (MB)
scvg: 0 MB released
scvg: inuse: 15, idle: 47, sys: 62, released: 42, consumed: 19 (MB)
scvg: 0 MB released
scvg: inuse: 15, idle: 47, sys: 62, released: 42, consumed: 19 (MB)
scvg: 0 MB released
scvg: inuse: 15, idle: 47, sys: 62, released: 42, consumed: 19 (MB)
scvg: 0 MB released
scvg: inuse: 15, idle: 47, sys: 62, released: 42, consumed: 19 (MB)
scvg: 0 MB released
scvg: inuse: 15, idle: 47, sys: 62, released: 42, consumed: 19 (MB)
scvg: 0 MB released
scvg: inuse: 15, idle: 47, sys: 62, released: 42, consumed: 19 (MB)
scvg: 0 MB released
scvg: inuse: 15, idle: 47, sys: 62, released: 42, consumed: 19 (MB)
scvg: 0 MB released
scvg: inuse: 15, idle: 47, sys: 62, released: 42, consumed: 19 (MB)
GC forced
gc 26 @1325.941s 0%: 0.054+2.3+0.006 ms clock, 0.43+0/3.2/2.3+0.053 ms cpu, 16->16->12 MB, 24 MB goal, 8 P
GC forced
gc 27 @1445.954s 0%: 0.008+2.5+0.006 ms clock, 0.067+0/1.4/5.8+0.049 ms cpu, 16->16->12 MB, 24 MB goal, 8 P
GC forced
gc 28 @1566.041s 0%: 0.010+3.0+0.005 ms clock, 0.085+0/3.4/7.5+0.044 ms cpu, 17->17->12 MB, 24 MB goal, 8 P
GC forced
gc 29 @1686.100s 0%: 0.008+2.2+0.006 ms clock, 0.067+0/3.5/2.7+0.053 ms cpu, 16->16->12 MB, 24 MB goal, 8 P
GC forced
gc 30 @1806.141s 0%: 0.010+2.4+0.013 ms clock, 0.081+0/3.0/2.6+0.10 ms cpu, 16->16->12 MB, 24 MB goal, 8 P
GC forced
gc 31 @1926.149s 0%: 0.008+3.7+0.007 ms clock, 0.069+0/5.5/0.98+0.061 ms cpu, 16->16->12 MB, 24 MB goal, 8 P
GC forced
gc 32 @2046.165s 0%: 0.008+2.0+0.006 ms clock, 0.070+0/2.5/4.5+0.051 ms cpu, 16->16->12 MB, 24 MB goal, 8 P
GC forced
gc 33 @2166.184s 0%: 0.019+3.4+0.006 ms clock, 0.15+0/4.0/1.9+0.051 ms cpu, 16->16->12 MB, 24 MB goal, 8 P
GC forced
gc 34 @2286.241s 0%: 0.010+3.0+0.006 ms clock, 0.085+0/3.0/2.5+0.049 ms cpu, 17->17->12 MB, 24 MB goal, 8 P
GC forced
gc 35 @2406.317s 0%: 0.007+2.3+0.005 ms clock, 0.058+0/2.7/2.3+0.044 ms cpu, 16->16->12 MB, 24 MB goal, 8 P
GC forced
gc 36 @2526.341s 0%: 0.012+3.1+0.007 ms clock, 0.097+0/3.4/2.7+0.063 ms cpu, 17->17->12 MB, 24 MB goal, 8 P
GC forced
gc 37 @2646.364s 0%: 0.027+1.8+0.013 ms clock, 0.22+0/2.4/5.8+0.10 ms cpu, 16->16->12 MB, 24 MB goal, 8 P
scvg: 0 MB released
scvg: inuse: 16, idle: 46, sys: 62, released: 42, consumed: 19 (MB)
scvg: 0 MB released
scvg: inuse: 15, idle: 47, sys: 62, released: 42, consumed: 19 (MB)
scvg: 0 MB released
scvg: inuse: 15, idle: 47, sys: 62, released: 42, consumed: 19 (MB)
scvg: 0 MB released
scvg: inuse: 15, idle: 47, sys: 62, released: 42, consumed: 19 (MB)
scvg: 0 MB released
scvg: inuse: 15, idle: 47, sys: 62, released: 42, consumed: 19 (MB)
scvg: 0 MB released
scvg: inuse: 15, idle: 47, sys: 62, released: 42, consumed: 19 (MB)
scvg: 0 MB released
scvg: inuse: 15, idle: 47, sys: 62, released: 42, consumed: 19 (MB)
scvg: 0 MB released
scvg: inuse: 15, idle: 47, sys: 62, released: 42, consumed: 19 (MB)
scvg: 0 MB released
scvg: inuse: 15, idle: 47, sys: 62, released: 42, consumed: 19 (MB)
GC forced
gc 38 @2766.425s 0%: 0.009+2.1+0.006 ms clock, 0.077+0/3.1/5.1+0.051 ms cpu, 17->17->12 MB, 24 MB goal, 8 P
GC forced
gc 39 @2886.441s 0%: 0.010+3.0+0.019 ms clock, 0.082+0/5.0/0.84+0.15 ms cpu, 16->16->12 MB, 24 MB goal, 8 P
GC forced
gc 40 @3006.464s 0%: 0.009+2.1+0.006 ms clock, 0.075+0/3.2/2.4+0.049 ms cpu, 17->17->12 MB, 24 MB goal, 8 P
GC forced
gc 41 @3126.490s 0%: 0.021+3.5+0.008 ms clock, 0.16+0/5.0/1.5+0.065 ms cpu, 16->16->12 MB, 24 MB goal, 8 P
scvg: 0 MB released
scvg: inuse: 16, idle: 45, sys: 62, released: 42, consumed: 19 (MB)
scvg: 0 MB released
scvg: inuse: 15, idle: 47, sys: 62, released: 42, consumed: 19 (MB)
scvg: 0 MB released
scvg: inuse: 15, idle: 47, sys: 62, released: 42, consumed: 19 (MB)
scvg: 0 MB released
scvg: inuse: 15, idle: 47, sys: 62, released: 42, consumed: 19 (MB)
scvg: 0 MB released
scvg: inuse: 15, idle: 47, sys: 62, released: 42, consumed: 19 (MB)
GC forced
gc 42 @3246.495s 0%: 0.012+2.3+0.005 ms clock, 0.10+0/3.3/2.1+0.046 ms cpu, 17->17->12 MB, 24 MB goal, 8 P
GC forced
gc 43 @3366.541s 0%: 0.010+3.8+0.008 ms clock, 0.083+0/3.7/2.8+0.067 ms cpu, 17->17->12 MB, 24 MB goal, 8 P
GC forced
gc 44 @3486.615s 0%: 0.008+1.7+0.007 ms clock, 0.066+0/3.0/4.5+0.057 ms cpu, 17->17->12 MB, 24 MB goal, 8 P
GC forced
gc 45 @3606.635s 0%: 0.009+2.5+0.006 ms clock, 0.079+0/3.8/2.0+0.052 ms cpu, 17->17->12 MB, 24 MB goal, 8 P
GC forced
gc 46 @3726.639s 0%: 0.009+2.0+0.005 ms clock, 0.073+0/2.6/3.9+0.045 ms cpu, 17->17->12 MB, 24 MB goal, 8 P
GC forced
gc 47 @3846.652s 0%: 0.009+2.0+0.005 ms clock, 0.075+0/2.7/3.3+0.046 ms cpu, 17->17->12 MB, 24 MB goal, 8 P
GC forced
gc 48 @3966.657s 0%: 0.008+1.9+0.005 ms clock, 0.071+0/2.6/5.8+0.041 ms cpu, 16->16->12 MB, 24 MB goal, 8 P
GC forced
gc 49 @4086.663s 0%: 0.009+2.3+0.006 ms clock, 0.075+0/2.1/3.4+0.053 ms cpu, 17->17->12 MB, 24 MB goal, 8 P
GC forced
gc 50 @4206.669s 0%: 0.010+3.3+0.006 ms clock, 0.081+0/6.2/5.2+0.053 ms cpu, 16->16->12 MB, 24 MB goal, 8 P
GC forced
gc 51 @4326.674s 0%: 0.008+2.4+0.005 ms clock, 0.070+0/3.3/2.0+0.047 ms cpu, 16->16->12 MB, 24 MB goal, 8 P
GC forced
gc 52 @4446.680s 0%: 0.008+2.5+0.006 ms clock, 0.069+0/2.5/2.4+0.051 ms cpu, 16->16->12 MB, 24 MB goal, 8 P
GC forced
gc 53 @4566.683s 0%: 0.009+2.8+0.005 ms clock, 0.073+0/3.9/1.9+0.043 ms cpu, 17->17->12 MB, 24 MB goal, 8 P
GC forced
gc 54 @4686.691s 0%: 0.009+1.5+0.006 ms clock, 0.078+0/2.7/4.1+0.051 ms cpu, 16->16->12 MB, 24 MB goal, 8 P
GC forced
gc 55 @4806.697s 0%: 0.010+1.7+0.005 ms clock, 0.083+0/2.7/3.8+0.044 ms cpu, 17->17->12 MB, 24 MB goal, 8 P
GC forced
gc 56 @4926.703s 0%: 0.009+2.4+0.006 ms clock, 0.078+0/1.9/5.4+0.048 ms cpu, 16->16->12 MB, 24 MB goal, 8 P
GC forced
gc 57 @5046.708s 0%: 0.009+2.0+0.006 ms clock, 0.073+0/2.8/2.7+0.048 ms cpu, 17->17->12 MB, 24 MB goal, 8 P
GC forced
gc 58 @5166.714s 0%: 0.009+2.6+0.005 ms clock, 0.076+0/2.5/2.2+0.044 ms cpu, 16->16->12 MB, 24 MB goal, 8 P
GC forced
gc 59 @5286.719s 0%: 0.021+2.1+0.006 ms clock, 0.17+0/2.9/2.9+0.052 ms cpu, 16->16->12 MB, 24 MB goal, 8 P
GC forced
gc 60 @5406.725s 0%: 0.011+2.2+0.005 ms clock, 0.092+0/2.9/2.5+0.046 ms cpu, 17->17->12 MB, 24 MB goal, 8 P
GC forced
gc 61 @5526.730s 0%: 0.025+2.3+0.006 ms clock, 0.20+0/3.7/1.5+0.054 ms cpu, 17->17->12 MB, 24 MB goal, 8 P
GC forced
gc 62 @5646.738s 0%: 0.009+3.0+0.008 ms clock, 0.078+0/3.8/2.5+0.069 ms cpu, 17->17->12 MB, 24 MB goal, 8 P
GC forced
gc 63 @5766.743s 0%: 0.010+1.7+0.005 ms clock, 0.081+0/3.1/3.0+0.045 ms cpu, 17->17->12 MB, 24 MB goal, 8 P
GC forced
gc 64 @5886.748s 0%: 0.008+2.5+0.006 ms clock, 0.067+0/2.8/2.5+0.048 ms cpu, 17->17->12 MB, 24 MB goal, 8 P
GC forced
gc 65 @6006.754s 0%: 0.009+2.4+0.005 ms clock, 0.073+0/3.6/1.7+0.044 ms cpu, 16->16->12 MB, 24 MB goal, 8 P
GC forced
gc 66 @6126.756s 0%: 0.022+2.5+0.006 ms clock, 0.18+0.071/4.8/0+0.048 ms cpu, 17->17->12 MB, 24 MB goal, 8 P
GC forced
gc 67 @6246.765s 0%: 0.009+2.4+0.005 ms clock, 0.075+0/2.4/2.3+0.044 ms cpu, 17->17->12 MB, 24 MB goal, 8 P
GC forced
gc 68 @6366.769s 0%: 0.008+2.1+0.005 ms clock, 0.067+0/2.8/3.4+0.046 ms cpu, 17->17->12 MB, 24 MB goal, 8 P
GC forced
gc 69 @6486.775s 0%: 0.009+2.3+0.005 ms clock, 0.077+0/3.3/2.5+0.047 ms cpu, 17->17->12 MB, 24 MB goal, 8 P
GC forced
gc 70 @6606.781s 0%: 0.034+2.4+0.006 ms clock, 0.27+0/4.9/0+0.052 ms cpu, 17->17->12 MB, 24 MB goal, 8 P
GC forced
gc 71 @6726.787s 0%: 0.009+3.2+0.007 ms clock, 0.077+0/1.5/5.5+0.063 ms cpu, 16->16->12 MB, 24 MB goal, 8 P
GC forced
gc 72 @6846.792s 0%: 0.008+2.1+0.006 ms clock, 0.067+0/3.4/4.4+0.048 ms cpu, 17->17->12 MB, 24 MB goal, 8 P
GC forced
gc 73 @6966.797s 0%: 0.008+2.3+0.007 ms clock, 0.064+0/3.3/2.1+0.056 ms cpu, 17->17->12 MB, 24 MB goal, 8 P
GC forced
gc 74 @7086.803s 0%: 0.029+2.5+0.006 ms clock, 0.23+0/3.8/1.9+0.049 ms cpu, 17->17->12 MB, 24 MB goal, 8 P
GC forced
gc 75 @7206.808s 0%: 0.008+2.6+0.006 ms clock, 0.071+0/2.9/1.9+0.051 ms cpu, 16->16->12 MB, 24 MB goal, 8 P
GC forced
gc 76 @7326.814s 0%: 0.008+1.8+0.013 ms clock, 0.071+0/3.3/2.5+0.10 ms cpu, 17->17->12 MB, 24 MB goal, 8 P
GC forced
gc 77 @7446.820s 0%: 0.037+2.5+0.005 ms clock, 0.30+0.21/3.4/1.6+0.047 ms cpu, 16->16->12 MB, 24 MB goal, 8 P
GC forced
gc 78 @7566.825s 0%: 0.018+2.2+0.006 ms clock, 0.14+0/1.2/4.5+0.048 ms cpu, 17->17->12 MB, 24 MB goal, 8 P
GC forced
gc 79 @7686.831s 0%: 0.009+2.4+0.005 ms clock, 0.077+0/3.8/1.8+0.044 ms cpu, 16->16->12 MB, 24 MB goal, 8 P
GC forced
gc 80 @7806.836s 0%: 0.009+2.0+0.006 ms clock, 0.073+0/2.6/2.9+0.052 ms cpu, 17->17->12 MB, 24 MB goal, 8 P
GC forced
gc 81 @7926.841s 0%: 0.008+1.7+0.005 ms clock, 0.065+0/2.8/3.4+0.041 ms cpu, 16->16->12 MB, 24 MB goal, 8 P
GC forced
gc 82 @8046.847s 0%: 0.033+2.3+0.006 ms clock, 0.26+0/3.6/2.0+0.048 ms cpu, 17->17->12 MB, 24 MB goal, 8 P
GC forced
gc 83 @8166.852s 0%: 0.009+2.3+0.006 ms clock, 0.072+0/3.7/1.4+0.050 ms cpu, 17->17->12 MB, 24 MB goal, 8 P
GC forced
gc 84 @8286.858s 0%: 0.007+2.2+0.006 ms clock, 0.060+0/3.1/3.2+0.049 ms cpu, 17->17->12 MB, 24 MB goal, 8 P
GC forced
gc 85 @8406.863s 0%: 0.008+2.3+0.006 ms clock, 0.064+0/3.6/1.4+0.051 ms cpu, 16->16->12 MB, 24 MB goal, 8 P
GC forced
gc 86 @8526.868s 0%: 0.009+2.4+0.006 ms clock, 0.074+0/2.8/2.0+0.049 ms cpu, 17->17->12 MB, 24 MB goal, 8 P
GC forced
gc 87 @8646.874s 0%: 0.008+2.0+0.005 ms clock, 0.067+0/2.8/2.7+0.045 ms cpu, 17->17->12 MB, 24 MB goal, 8 P
GC forced
gc 88 @8766.879s 0%: 0.008+2.4+0.005 ms clock, 0.065+0/3.5/1.6+0.047 ms cpu, 17->17->12 MB, 24 MB goal, 8 P
GC forced
gc 89 @8886.885s 0%: 0.008+2.0+0.006 ms clock, 0.066+0/2.9/4.1+0.048 ms cpu, 17->17->12 MB, 24 MB goal, 8 P
GC forced
gc 90 @9006.890s 0%: 0.009+2.6+0.005 ms clock, 0.079+0/4.1/0.75+0.044 ms cpu, 17->17->12 MB, 24 MB goal, 8 P
GC forced
gc 91 @9126.895s 0%: 0.008+2.4+0.007 ms clock, 0.064+0/2.6/4.0+0.062 ms cpu, 16->16->12 MB, 24 MB goal, 8 P
GC forced
gc 92 @9246.901s 0%: 0.008+2.3+0.006 ms clock, 0.066+0/3.5/2.1+0.049 ms cpu, 17->17->12 MB, 24 MB goal, 8 P
GC forced
gc 93 @9366.906s 0%: 0.009+2.5+0.005 ms clock, 0.072+0/2.9/2.0+0.046 ms cpu, 17->17->12 MB, 24 MB goal, 8 P
GC forced
gc 94 @9486.911s 0%: 0.009+3.7+0.007 ms clock, 0.075+0/4.3/2.6+0.056 ms cpu, 17->17->12 MB, 24 MB goal, 8 P
GC forced
gc 95 @9606.917s 0%: 0.008+2.2+0.005 ms clock, 0.070+0/2.1/3.2+0.044 ms cpu, 17->17->12 MB, 24 MB goal, 8 P
GC forced
gc 96 @9726.922s 0%: 0.008+2.5+0.005 ms clock, 0.066+0/2.7/2.5+0.046 ms cpu, 16->16->12 MB, 24 MB goal, 8 P
GC forced
gc 97 @9846.927s 0%: 0.009+1.8+0.007 ms clock, 0.074+0/2.9/3.9+0.060 ms cpu, 17->17->12 MB, 24 MB goal, 8 P
GC forced
gc 98 @9966.932s 0%: 0.008+2.5+0.005 ms clock, 0.066+0/3.2/4.3+0.044 ms cpu, 17->17->12 MB, 24 MB goal, 8 P
GC forced
gc 99 @10086.938s 0%: 0.024+3.4+0.011 ms clock, 0.19+0/4.1/1.1+0.088 ms cpu, 17->17->12 MB, 24 MB goal, 8 P
GC forced
gc 100 @10206.942s 0%: 0.017+1.3+0.006 ms clock, 0.13+0/2.3/4.0+0.053 ms cpu, 17->17->12 MB, 24 MB goal, 8 P
GC forced
gc 101 @10326.947s 0%: 0.010+3.1+0.007 ms clock, 0.080+0/4.3/2.6+0.057 ms cpu, 17->17->12 MB, 24 MB goal, 8 P
GC forced
gc 102 @10446.952s 0%: 0.008+4.3+0.007 ms clock, 0.069+0/4.5/0.91+0.061 ms cpu, 16->16->12 MB, 24 MB goal, 8 P
GC forced
gc 103 @10566.958s 0%: 0.008+2.3+0.005 ms clock, 0.070+0/3.1/3.7+0.047 ms cpu, 17->17->12 MB, 24 MB goal, 8 P
GC forced
gc 104 @10686.962s 0%: 0.007+2.2+0.006 ms clock, 0.059+0/3.2/2.1+0.049 ms cpu, 17->17->12 MB, 24 MB goal, 8 P
GC forced
gc 105 @10806.967s 0%: 0.008+1.9+0.005 ms clock, 0.067+0/3.0/5.0+0.043 ms cpu, 17->17->12 MB, 24 MB goal, 8 P
GC forced
gc 106 @10926.972s 0%: 0.007+2.2+0.005 ms clock, 0.060+0/4.2/3.1+0.041 ms cpu, 16->16->12 MB, 25 MB goal, 8 P
GC forced
gc 107 @11046.978s 0%: 0.019+2.2+0.005 ms clock, 0.15+0/3.6/1.4+0.047 ms cpu, 17->17->12 MB, 25 MB goal, 8 P
GC forced
gc 108 @11166.983s 0%: 0.034+1.4+0.004 ms clock, 0.27+0/2.4/3.9+0.039 ms cpu, 17->17->12 MB, 25 MB goal, 8 P
GC forced
gc 109 @11286.989s 0%: 0.009+2.5+0.013 ms clock, 0.077+0/2.8/2.0+0.10 ms cpu, 17->17->12 MB, 25 MB goal, 8 P
GC forced
gc 110 @11406.993s 0%: 0.008+3.0+0.007 ms clock, 0.069+0/3.3/2.1+0.058 ms cpu, 17->17->12 MB, 25 MB goal, 8 P
GC forced
gc 111 @11526.999s 0%: 0.008+2.3+0.005 ms clock, 0.069+0/3.6/1.3+0.045 ms cpu, 17->17->12 MB, 25 MB goal, 8 P
GC forced
gc 112 @11647.004s 0%: 0.009+2.2+0.006 ms clock, 0.073+0/1.9/3.2+0.048 ms cpu, 17->17->12 MB, 25 MB goal, 8 P
GC forced
gc 113 @11767.009s 0%: 0.007+2.2+0.005 ms clock, 0.061+0/3.1/2.0+0.041 ms cpu, 17->17->12 MB, 25 MB goal, 8 P
GC forced
gc 114 @11887.014s 0%: 0.010+2.5+0.005 ms clock, 0.082+0/3.9/0.94+0.044 ms cpu, 17->17->12 MB, 25 MB goal, 8 P
GC forced
gc 115 @12007.019s 0%: 0.009+2.3+0.007 ms clock, 0.072+0/3.5/3.7+0.061 ms cpu, 17->17->12 MB, 25 MB goal, 8 P
GC forced
gc 116 @12127.022s 0%: 0.008+2.4+0.004 ms clock, 0.068+0/3.3/2.1+0.036 ms cpu, 17->17->12 MB, 25 MB goal, 8 P
GC forced
gc 117 @12247.029s 0%: 0.016+4.0+0.005 ms clock, 0.13+0/4.6/1.3+0.047 ms cpu, 17->17->12 MB, 25 MB goal, 8 P
GC forced
gc 118 @12367.034s 0%: 0.009+3.0+0.020 ms clock, 0.072+0/3.6/1.3+0.16 ms cpu, 17->17->12 MB, 25 MB goal, 8 P
GC forced
gc 119 @12487.039s 0%: 0.008+1.3+0.005 ms clock, 0.069+0/2.1/5.2+0.044 ms cpu, 17->17->12 MB, 25 MB goal, 8 P
GC forced
gc 120 @12607.041s 0%: 0.037+2.2+0.005 ms clock, 0.29+0/3.0/2.0+0.044 ms cpu, 17->17->12 MB, 25 MB goal, 8 P
GC forced
gc 121 @12727.047s 0%: 0.007+2.3+0.005 ms clock, 0.062+0/3.1/3.3+0.042 ms cpu, 17->17->12 MB, 25 MB goal, 8 P
GC forced
gc 122 @12847.054s 0%: 0.008+2.4+0.006 ms clock, 0.068+0/3.8/1.4+0.050 ms cpu, 17->17->12 MB, 25 MB goal, 8 P
GC forced
gc 123 @12967.058s 0%: 0.008+2.7+0.005 ms clock, 0.069+0/3.8/1.7+0.045 ms cpu, 17->17->12 MB, 25 MB goal, 8 P
GC forced
gc 124 @13087.063s 0%: 0.008+2.2+0.005 ms clock, 0.067+0/3.3/2.8+0.045 ms cpu, 17->17->12 MB, 25 MB goal, 8 P
GC forced
gc 125 @13207.068s 0%: 0.008+2.4+0.006 ms clock, 0.070+0/2.3/2.3+0.054 ms cpu, 17->17->12 MB, 25 MB goal, 8 P
GC forced
gc 126 @13327.073s 0%: 0.008+2.2+0.005 ms clock, 0.065+0/3.6/1.4+0.047 ms cpu, 17->17->12 MB, 25 MB goal, 8 P
GC forced
gc 127 @13447.078s 0%: 0.008+2.2+0.005 ms clock, 0.071+0/2.7/2.2+0.044 ms cpu, 17->17->12 MB, 25 MB goal, 8 P
GC forced
gc 128 @13567.083s 0%: 0.009+2.4+0.007 ms clock, 0.073+0/3.7/1.5+0.056 ms cpu, 17->17->12 MB, 25 MB goal, 8 P
GC forced
gc 129 @13687.088s 0%: 0.007+2.3+0.005 ms clock, 0.062+0/3.2/3.7+0.046 ms cpu, 17->17->12 MB, 25 MB goal, 8 P
GC forced
gc 130 @13807.093s 0%: 0.044+2.3+0.005 ms clock, 0.35+0/2.8/2.4+0.045 ms cpu, 17->17->12 MB, 25 MB goal, 8 P
GC forced
gc 131 @13927.098s 0%: 0.008+2.2+0.005 ms clock, 0.071+0/3.6/1.4+0.041 ms cpu, 17->17->12 MB, 25 MB goal, 8 P
GC forced
gc 132 @14047.103s 0%: 0.010+2.1+0.005 ms clock, 0.080+0/2.8/2.8+0.045 ms cpu, 17->17->12 MB, 25 MB goal, 8 P
GC forced
gc 133 @14167.108s 0%: 0.007+2.2+0.005 ms clock, 0.059+0/3.2/1.9+0.043 ms cpu, 17->17->12 MB, 25 MB goal, 8 P
GC forced
gc 134 @14287.113s 0%: 0.009+2.1+0.005 ms clock, 0.076+0/2.8/3.2+0.043 ms cpu, 17->17->12 MB, 25 MB goal, 8 P
GC forced
gc 135 @14407.118s 0%: 0.022+1.6+0.005 ms clock, 0.18+0/2.2/3.7+0.044 ms cpu, 17->17->12 MB, 25 MB goal, 8 P
GC forced
gc 136 @14527.123s 0%: 0.009+2.5+0.005 ms clock, 0.075+0/2.7/2.6+0.040 ms cpu, 17->17->12 MB, 25 MB goal, 8 P
GC forced
gc 137 @14647.127s 0%: 0.007+2.2+0.005 ms clock, 0.062+0/2.7/2.5+0.046 ms cpu, 17->17->12 MB, 25 MB goal, 8 P
GC forced
gc 138 @14767.132s 0%: 0.009+1.2+0.005 ms clock, 0.073+0/2.0/5.1+0.042 ms cpu, 17->17->12 MB, 25 MB goal, 8 P
GC forced
gc 139 @14887.137s 0%: 0.012+2.1+0.005 ms clock, 0.096+0/3.3/3.1+0.044 ms cpu, 17->17->12 MB, 25 MB goal, 8 P
GC forced
gc 140 @15007.140s 0%: 0.008+2.3+0.004 ms clock, 0.065+0/3.1/3.2+0.039 ms cpu, 17->17->12 MB, 25 MB goal, 8 P
GC forced
gc 141 @15127.143s 0%: 0.007+2.1+0.006 ms clock, 0.060+0/3.0/4.9+0.048 ms cpu, 17->17->12 MB, 25 MB goal, 8 P
GC forced
gc 142 @15247.147s 0%: 0.048+2.2+0.006 ms clock, 0.39+0/1.2/5.6+0.048 ms cpu, 17->17->12 MB, 25 MB goal, 8 P
GC forced
gc 143 @15367.155s 0%: 0.010+2.2+0.013 ms clock, 0.082+0/1.8/3.7+0.11 ms cpu, 17->17->12 MB, 25 MB goal, 8 P
GC forced
gc 144 @15487.160s 0%: 0.021+2.2+0.005 ms clock, 0.17+0/3.4/4.8+0.043 ms cpu, 17->17->12 MB, 25 MB goal, 8 P
GC forced
gc 145 @15607.165s 0%: 0.008+2.3+0.005 ms clock, 0.070+0/1.8/3.3+0.045 ms cpu, 17->17->12 MB, 25 MB goal, 8 P
GC forced
gc 146 @15727.169s 0%: 0.009+2.2+0.005 ms clock, 0.072+0/3.6/1.4+0.044 ms cpu, 17->17->12 MB, 25 MB goal, 8 P
GC forced
gc 147 @15847.173s 0%: 0.019+2.9+0.005 ms clock, 0.15+0/3.6/1.7+0.045 ms cpu, 17->17->12 MB, 25 MB goal, 8 P
GC forced
gc 148 @15967.178s 0%: 0.008+2.2+0.005 ms clock, 0.070+0/3.1/2.1+0.041 ms cpu, 16->16->12 MB, 25 MB goal, 8 P
scvg: 0 MB released
scvg: inuse: 15, idle: 46, sys: 62, released: 42, consumed: 19 (MB)
scvg: 0 MB released
scvg: inuse: 15, idle: 47, sys: 62, released: 42, consumed: 19 (MB)
scvg: 0 MB released
scvg: inuse: 15, idle: 47, sys: 62, released: 42, consumed: 19 (MB)
scvg: 0 MB released
scvg: inuse: 15, idle: 47, sys: 62, released: 42, consumed: 19 (MB)
scvg: 0 MB released
scvg: inuse: 15, idle: 47, sys: 62, released: 42, consumed: 19 (MB)
scvg: 0 MB released
scvg: inuse: 15, idle: 47, sys: 62, released: 42, consumed: 19 (MB)
scvg: 0 MB released
scvg: inuse: 15, idle: 47, sys: 62, released: 42, consumed: 19 (MB)
scvg: 0 MB released
scvg: inuse: 15, idle: 47, sys: 62, released: 42, consumed: 19 (MB)
scvg: 0 MB released
scvg: inuse: 15, idle: 47, sys: 62, released: 42, consumed: 19 (MB)
scvg: 0 MB released
scvg: inuse: 15, idle: 47, sys: 62, released: 42, consumed: 19 (MB)
scvg: 0 MB released
scvg: inuse: 15, idle: 47, sys: 62, released: 42, consumed: 19 (MB)
scvg: 0 MB released
scvg: inuse: 15, idle: 47, sys: 62, released: 42, consumed: 19 (MB)
GC forced
gc 149 @16087.183s 0%: 0.008+2.7+0.018 ms clock, 0.069+0/3.1/2.4+0.14 ms cpu, 17->17->12 MB, 25 MB goal, 8 P
GC forced
gc 150 @16207.187s 0%: 0.007+2.2+0.005 ms clock, 0.062+0/3.1/4.2+0.047 ms cpu, 17->17->12 MB, 25 MB goal, 8 P
GC forced
gc 151 @16327.191s 0%: 0.008+2.1+0.005 ms clock, 0.069+0/2.0/5.2+0.043 ms cpu, 17->17->12 MB, 25 MB goal, 8 P
GC forced
gc 152 @16447.196s 0%: 0.008+2.6+0.005 ms clock, 0.069+0/2.9/1.8+0.045 ms cpu, 17->17->12 MB, 25 MB goal, 8 P
GC forced
gc 153 @16567.201s 0%: 0.008+2.3+0.005 ms clock, 0.065+0/3.0/1.9+0.046 ms cpu, 17->17->12 MB, 25 MB goal, 8 P
GC forced
gc 154 @16687.205s 0%: 0.014+2.1+0.005 ms clock, 0.11+0/2.8/5.0+0.046 ms cpu, 17->17->12 MB, 25 MB goal, 8 P
GC forced
gc 155 @16807.210s 0%: 0.008+2.2+0.005 ms clock, 0.070+0/2.7/2.7+0.047 ms cpu, 17->17->12 MB, 25 MB goal, 8 P
GC forced
gc 156 @16927.215s 0%: 0.007+2.2+0.004 ms clock, 0.061+0/3.6/1.4+0.038 ms cpu, 17->17->12 MB, 25 MB goal, 8 P
GC forced
gc 157 @17047.220s 0%: 0.009+2.3+0.005 ms clock, 0.076+0/3.3/3.2+0.042 ms cpu, 17->17->12 MB, 25 MB goal, 8 P
GC forced
gc 158 @17167.225s 0%: 0.008+2.3+0.005 ms clock, 0.067+0/3.9/1.6+0.041 ms cpu, 17->17->12 MB, 25 MB goal, 8 P
GC forced
gc 159 @17287.229s 0%: 0.006+3.3+0.006 ms clock, 0.053+0/3.5/2.3+0.053 ms cpu, 17->17->12 MB, 25 MB goal, 8 P
GC forced
gc 160 @17407.234s 0%: 0.009+2.3+0.005 ms clock, 0.073+0/3.6/1.4+0.041 ms cpu, 17->17->12 MB, 25 MB goal, 8 P
GC forced
gc 161 @17527.239s 0%: 0.008+2.1+0.005 ms clock, 0.065+0/2.0/5.0+0.043 ms cpu, 17->17->12 MB, 25 MB goal, 8 P
GC forced
gc 162 @17647.243s 0%: 0.008+1.9+0.005 ms clock, 0.066+0/3.5/4.3+0.041 ms cpu, 17->17->12 MB, 25 MB goal, 8 P
GC forced
gc 163 @17767.246s 0%: 0.009+2.2+0.005 ms clock, 0.078+0/3.4/2.2+0.045 ms cpu, 17->17->12 MB, 25 MB goal, 8 P
GC forced
gc 164 @17887.252s 0%: 0.008+1.6+0.005 ms clock, 0.069+0/2.2/5.8+0.041 ms cpu, 17->17->12 MB, 25 MB goal, 8 P
GC forced
gc 165 @18007.256s 0%: 0.014+2.2+0.005 ms clock, 0.11+0/2.9/1.9+0.043 ms cpu, 17->17->12 MB, 25 MB goal, 8 P
GC forced
gc 166 @18127.261s 0%: 0.007+2.3+0.005 ms clock, 0.060+0/3.5/1.4+0.045 ms cpu, 17->17->12 MB, 25 MB goal, 8 P
GC forced
gc 167 @18247.266s 0%: 0.008+3.5+0.005 ms clock, 0.066+0/4.3/1.7+0.045 ms cpu, 17->17->12 MB, 25 MB goal, 8 P
GC forced
gc 168 @18367.270s 0%: 0.009+1.7+0.005 ms clock, 0.073+0/1.9/4.7+0.045 ms cpu, 17->17->12 MB, 25 MB goal, 8 P
GC forced
gc 169 @18487.275s 0%: 0.008+1.5+0.005 ms clock, 0.068+0/2.0/4.4+0.041 ms cpu, 17->17->12 MB, 25 MB goal, 8 P
GC forced
gc 170 @18607.280s 0%: 0.009+2.1+0.005 ms clock, 0.078+0/2.8/4.1+0.044 ms cpu, 17->17->12 MB, 25 MB goal, 8 P
GC forced
gc 171 @18727.285s 0%: 0.009+1.7+0.005 ms clock, 0.072+0/2.7/3.5+0.043 ms cpu, 17->17->12 MB, 25 MB goal, 8 P
GC forced
gc 172 @18847.290s 0%: 0.008+2.3+0.005 ms clock, 0.071+0/3.6/2.5+0.045 ms cpu, 17->17->12 MB, 25 MB goal, 8 P
GC forced
gc 173 @18967.295s 0%: 0.010+2.3+0.005 ms clock, 0.082+0/3.7/1.4+0.047 ms cpu, 17->17->12 MB, 25 MB goal, 8 P
GC forced
gc 174 @19087.299s 0%: 0.008+2.5+0.005 ms clock, 0.070+0/3.2/1.8+0.046 ms cpu, 17->17->12 MB, 25 MB goal, 8 P
GC forced
gc 175 @19207.304s 0%: 0.007+2.2+0.005 ms clock, 0.059+0/3.6/1.4+0.041 ms cpu, 17->17->12 MB, 25 MB goal, 8 P
GC forced
gc 176 @19327.308s 0%: 0.009+2.7+0.005 ms clock, 0.074+0/3.3/1.7+0.044 ms cpu, 17->17->12 MB, 25 MB goal, 8 P
GC forced
gc 177 @19447.313s 0%: 0.007+1.4+0.006 ms clock, 0.059+0/2.6/5.0+0.050 ms cpu, 17->17->12 MB, 25 MB goal, 8 P
GC forced
gc 178 @19567.318s 0%: 0.008+2.2+0.005 ms clock, 0.071+0/3.6/1.4+0.045 ms cpu, 17->17->12 MB, 25 MB goal, 8 P
GC forced
gc 179 @19687.322s 0%: 0.008+1.9+0.005 ms clock, 0.064+0/3.3/5.7+0.044 ms cpu, 17->17->12 MB, 25 MB goal, 8 P
GC forced
gc 180 @19807.327s 0%: 0.008+2.3+0.005 ms clock, 0.067+0/3.6/1.4+0.041 ms cpu, 17->17->12 MB, 25 MB goal, 8 P
GC forced
gc 181 @19927.332s 0%: 0.008+2.2+0.005 ms clock, 0.067+0/3.5/1.4+0.043 ms cpu, 17->17->12 MB, 25 MB goal, 8 P
GC forced
gc 182 @20047.337s 0%: 0.009+2.2+0.005 ms clock, 0.072+0/2.9/3.2+0.046 ms cpu, 17->17->12 MB, 25 MB goal, 8 P
GC forced
gc 183 @20167.341s 0%: 0.007+2.1+0.005 ms clock, 0.060+0/2.9/2.3+0.043 ms cpu, 17->17->12 MB, 25 MB goal, 8 P
GC forced
gc 184 @20287.346s 0%: 0.017+1.7+0.005 ms clock, 0.14+0/2.9/4.1+0.041 ms cpu, 17->17->12 MB, 25 MB goal, 8 P
GC forced
gc 185 @20407.350s 0%: 0.009+2.3+0.005 ms clock, 0.076+0/3.6/1.5+0.041 ms cpu, 17->17->12 MB, 25 MB goal, 8 P
GC forced
gc 186 @20527.355s 0%: 0.008+2.2+0.005 ms clock, 0.070+0/3.2/2.0+0.042 ms cpu, 17->17->12 MB, 25 MB goal, 8 P
GC forced
gc 187 @20647.359s 0%: 0.008+2.3+0.005 ms clock, 0.065+0/3.3/3.0+0.043 ms cpu, 17->17->12 MB, 25 MB goal, 8 P
GC forced
gc 188 @20767.362s 0%: 0.022+2.5+0.005 ms clock, 0.18+0/2.5/2.3+0.042 ms cpu, 17->17->12 MB, 25 MB goal, 8 P
GC forced
gc 189 @20887.369s 0%: 0.009+2.3+0.005 ms clock, 0.079+0/3.0/3.0+0.040 ms cpu, 17->17->12 MB, 25 MB goal, 8 P
GC forced
gc 190 @21007.373s 0%: 0.008+1.5+0.005 ms clock, 0.070+0/2.1/3.8+0.040 ms cpu, 17->17->12 MB, 25 MB goal, 8 P
GC forced
gc 191 @21127.378s 0%: 0.008+1.3+0.005 ms clock, 0.069+0/2.1/4.9+0.043 ms cpu, 17->17->12 MB, 25 MB goal, 8 P
GC forced
gc 192 @21247.383s 0%: 0.009+2.3+0.005 ms clock, 0.074+0/3.1/2.8+0.047 ms cpu, 17->17->12 MB, 25 MB goal, 8 P
GC forced
gc 193 @21367.388s 0%: 0.016+2.5+0.005 ms clock, 0.13+0/3.1/2.5+0.047 ms cpu, 17->17->12 MB, 25 MB goal, 8 P
GC forced
gc 194 @21487.392s 0%: 0.008+2.7+0.005 ms clock, 0.064+0/4.1/0.77+0.043 ms cpu, 17->17->12 MB, 25 MB goal, 8 P
GC forced
gc 195 @21607.397s 0%: 0.009+2.2+0.005 ms clock, 0.072+0/3.6/1.4+0.042 ms cpu, 17->17->12 MB, 25 MB goal, 8 P
GC forced
gc 196 @21727.401s 0%: 0.024+2.1+0.005 ms clock, 0.19+0/1.8/5.5+0.044 ms cpu, 17->17->12 MB, 25 MB goal, 8 P
GC forced
gc 197 @21847.406s 0%: 0.006+2.3+0.005 ms clock, 0.054+0/2.6/2.4+0.041 ms cpu, 17->17->12 MB, 25 MB goal, 8 P
GC forced
gc 198 @21967.410s 0%: 0.008+1.4+0.005 ms clock, 0.071+0/2.6/4.5+0.044 ms cpu, 17->17->12 MB, 25 MB goal, 8 P
GC forced
gc 199 @22087.412s 0%: 0.007+2.3+0.005 ms clock, 0.062+0/3.6/1.4+0.043 ms cpu, 17->17->12 MB, 25 MB goal, 8 P
GC forced
gc 200 @22207.420s 0%: 0.009+2.2+0.005 ms clock, 0.079+0/3.6/1.5+0.043 ms cpu, 17->17->12 MB, 25 MB goal, 8 P
GC forced
gc 201 @22327.424s 0%: 0.007+2.4+0.005 ms clock, 0.058+0/3.9/5.2+0.045 ms cpu, 17->17->12 MB, 25 MB goal, 8 P
GC forced
gc 202 @22447.428s 0%: 0.008+1.4+0.005 ms clock, 0.068+0/2.5/3.9+0.042 ms cpu, 17->17->12 MB, 25 MB goal, 8 P
GC forced
gc 203 @22567.432s 0%: 0.009+2.3+0.005 ms clock, 0.074+0/3.2/3.0+0.046 ms cpu, 17->17->12 MB, 25 MB goal, 8 P
GC forced
gc 204 @22687.437s 0%: 0.009+4.3+0.007 ms clock, 0.072+0/4.6/0.98+0.058 ms cpu, 17->17->12 MB, 25 MB goal, 8 P
GC forced
gc 205 @22807.476s 0%: 0.010+2.2+0.006 ms clock, 0.080+0/2.2/4.5+0.053 ms cpu, 17->17->12 MB, 25 MB goal, 8 P
GC forced
gc 206 @22927.501s 0%: 0.008+1.6+0.006 ms clock, 0.065+0/2.7/5.5+0.055 ms cpu, 17->17->12 MB, 25 MB goal, 8 P
GC forced
gc 207 @23047.541s 0%: 0.007+2.8+0.007 ms clock, 0.063+0/4.0/1.2+0.056 ms cpu, 17->17->12 MB, 25 MB goal, 8 P
GC forced
gc 208 @23167.571s 0%: 0.015+2.8+0.005 ms clock, 0.12+0/3.5/2.9+0.045 ms cpu, 17->17->12 MB, 25 MB goal, 8 P
GC forced
gc 209 @23287.596s 0%: 0.019+2.3+0.004 ms clock, 0.15+0/3.1/1.8+0.039 ms cpu, 17->17->12 MB, 25 MB goal, 8 P
GC forced
gc 210 @23407.634s 0%: 0.009+2.2+0.005 ms clock, 0.079+0/3.4/3.0+0.044 ms cpu, 17->17->12 MB, 25 MB goal, 8 P
GC forced
gc 211 @23527.641s 0%: 0.013+4.2+0.005 ms clock, 0.10+0/4.8/0.098+0.040 ms cpu, 17->17->12 MB, 25 MB goal, 8 P
GC forced
gc 212 @23647.684s 0%: 0.007+2.1+0.005 ms clock, 0.063+0/2.8/3.3+0.044 ms cpu, 17->17->12 MB, 25 MB goal, 8 P
GC forced
gc 213 @23767.727s 0%: 0.007+2.2+0.005 ms clock, 0.063+0/3.1/2.2+0.042 ms cpu, 17->17->12 MB, 25 MB goal, 8 P
GC forced
gc 214 @23887.741s 0%: 0.043+3.0+0.006 ms clock, 0.34+0/3.1/4.3+0.049 ms cpu, 17->17->12 MB, 25 MB goal, 8 P
GC forced
gc 215 @24007.763s 0%: 0.023+1.8+0.004 ms clock, 0.18+0.36/2.7/4.1+0.039 ms cpu, 17->17->12 MB, 25 MB goal, 8 P
GC forced
gc 216 @24127.816s 0%: 0.008+2.5+0.004 ms clock, 0.067+0/3.2/1.8+0.039 ms cpu, 17->17->12 MB, 25 MB goal, 8 P
GC forced
gc 217 @24247.841s 0%: 0.009+2.9+0.006 ms clock, 0.075+0/3.1/1.9+0.052 ms cpu, 17->17->12 MB, 25 MB goal, 8 P
GC forced
gc 218 @24367.874s 0%: 0.008+2.7+0.004 ms clock, 0.065+0/3.0/2.3+0.038 ms cpu, 17->17->12 MB, 25 MB goal, 8 P
GC forced
gc 219 @24487.909s 0%: 0.009+2.5+0.005 ms clock, 0.076+0/4.0/0.84+0.043 ms cpu, 17->17->12 MB, 25 MB goal, 8 P
GC forced
gc 220 @24607.924s 0%: 0.008+2.5+0.005 ms clock, 0.065+0/3.3/2.8+0.040 ms cpu, 17->17->12 MB, 25 MB goal, 8 P
GC forced
gc 221 @24727.941s 0%: 0.009+2.4+0.005 ms clock, 0.074+0/3.3/1.9+0.040 ms cpu, 17->17->12 MB, 25 MB goal, 8 P
GC forced
gc 222 @24847.991s 0%: 0.012+2.3+0.005 ms clock, 0.10+0/3.4/2.9+0.044 ms cpu, 17->17->12 MB, 25 MB goal, 8 P
GC forced
gc 223 @24968.028s 0%: 0.015+2.4+0.005 ms clock, 0.12+0/2.7/2.4+0.040 ms cpu, 17->17->12 MB, 25 MB goal, 8 P
GC forced
gc 224 @25088.041s 0%: 0.007+2.4+0.005 ms clock, 0.063+0/3.7/1.4+0.045 ms cpu, 17->17->12 MB, 25 MB goal, 8 P
GC forced
gc 225 @25208.087s 0%: 0.009+2.2+0.005 ms clock, 0.073+0/2.8/4.8+0.043 ms cpu, 17->17->12 MB, 25 MB goal, 8 P
GC forced
gc 226 @25328.119s 0%: 0.008+2.8+0.004 ms clock, 0.069+0/3.2/2.4+0.039 ms cpu, 17->17->12 MB, 25 MB goal, 8 P
GC forced
gc 227 @25448.141s 0%: 0.008+2.3+0.005 ms clock, 0.071+0/3.0/2.0+0.043 ms cpu, 17->17->12 MB, 25 MB goal, 8 P
GC forced
gc 228 @25568.165s 0%: 0.008+2.4+0.005 ms clock, 0.067+0/2.8/2.4+0.044 ms cpu, 17->17->12 MB, 25 MB goal, 8 P
GC forced
gc 229 @25688.184s 0%: 0.038+2.5+0.005 ms clock, 0.30+0/2.5/2.3+0.042 ms cpu, 17->17->13 MB, 25 MB goal, 8 P
GC forced
gc 230 @25808.226s 0%: 0.008+2.4+0.014 ms clock, 0.064+0/2.7/2.7+0.11 ms cpu, 17->17->13 MB, 26 MB goal, 8 P
GC forced
gc 231 @25928.241s 0%: 0.009+2.4+0.006 ms clock, 0.077+0/2.4/2.3+0.050 ms cpu, 17->17->13 MB, 26 MB goal, 8 P
GC forced
gc 232 @26048.300s 0%: 0.007+2.3+0.004 ms clock, 0.060+0/3.0/1.9+0.039 ms cpu, 17->17->13 MB, 26 MB goal, 8 P
GC forced
gc 233 @26168.312s 0%: 0.006+3.7+0.004 ms clock, 0.055+0/4.6/3.8+0.036 ms cpu, 17->17->13 MB, 26 MB goal, 8 P
GC forced
gc 234 @26288.341s 0%: 0.008+2.5+0.005 ms clock, 0.069+0/2.5/2.5+0.043 ms cpu, 17->17->13 MB, 26 MB goal, 8 P
GC forced
gc 235 @26408.392s 0%: 0.009+2.2+0.004 ms clock, 0.073+0/3.0/4.6+0.039 ms cpu, 17->17->13 MB, 26 MB goal, 8 P
GC forced
gc 236 @26528.424s 0%: 0.008+2.4+0.005 ms clock, 0.068+0/1.8/3.3+0.047 ms cpu, 17->17->13 MB, 26 MB goal, 8 P
GC forced
gc 237 @26648.441s 0%: 0.009+2.3+0.005 ms clock, 0.077+0/1.4/4.0+0.041 ms cpu, 17->17->13 MB, 26 MB goal, 8 P
GC forced
gc 238 @26768.490s 0%: 0.008+1.5+0.007 ms clock, 0.064+0/2.7/6.4+0.061 ms cpu, 17->17->13 MB, 26 MB goal, 8 P
GC forced
gc 239 @26888.525s 0%: 0.008+2.2+0.005 ms clock, 0.070+0/4.4/3.9+0.043 ms cpu, 17->17->13 MB, 26 MB goal, 8 P
GC forced
gc 240 @27008.541s 0%: 0.010+2.2+0.006 ms clock, 0.081+0/2.5/7.4+0.053 ms cpu, 17->17->13 MB, 26 MB goal, 8 P
GC forced
gc 241 @27128.569s 0%: 0.008+1.2+0.004 ms clock, 0.065+0/2.2/3.6+0.037 ms cpu, 17->17->13 MB, 26 MB goal, 8 P
GC forced
gc 242 @27248.575s 0%: 0.015+2.8+0.005 ms clock, 0.12+0/1.2/4.5+0.043 ms cpu, 17->17->13 MB, 26 MB goal, 8 P
GC forced
gc 243 @27368.635s 0%: 0.009+1.5+0.005 ms clock, 0.075+0/2.1/4.9+0.047 ms cpu, 17->17->13 MB, 26 MB goal, 8 P
GC forced
gc 244 @27488.641s 0%: 0.007+2.2+0.005 ms clock, 0.062+0/3.6/1.4+0.043 ms cpu, 17->17->13 MB, 26 MB goal, 8 P
GC forced
gc 245 @27608.671s 0%: 0.009+1.6+0.005 ms clock, 0.079+0/2.2/4.8+0.040 ms cpu, 18->18->13 MB, 26 MB goal, 8 P
GC forced
gc 246 @27728.741s 0%: 0.009+2.3+0.005 ms clock, 0.072+0/3.4/3.0+0.043 ms cpu, 17->17->13 MB, 26 MB goal, 8 P
GC forced
gc 247 @27848.757s 0%: 0.006+3.7+0.005 ms clock, 0.055+0/4.1/2.3+0.046 ms cpu, 17->17->13 MB, 26 MB goal, 8 P
GC forced
gc 248 @27968.807s 0%: 0.007+2.2+0.006 ms clock, 0.061+0/2.7/3.4+0.052 ms cpu, 17->17->13 MB, 26 MB goal, 8 P
GC forced
gc 249 @28088.841s 0%: 0.022+1.9+0.004 ms clock, 0.17+0/3.0/2.3+0.039 ms cpu, 17->17->13 MB, 26 MB goal, 8 P
GC forced
gc 250 @28208.867s 0%: 0.018+2.8+0.005 ms clock, 0.14+0/2.2/5.9+0.044 ms cpu, 17->17->13 MB, 26 MB goal, 8 P
GC forced
gc 251 @28328.887s 0%: 0.016+2.3+0.005 ms clock, 0.12+0/3.3/2.1+0.041 ms cpu, 17->17->13 MB, 26 MB goal, 8 P
GC forced
gc 252 @28448.901s 0%: 0.007+2.6+0.005 ms clock, 0.059+0/1.7/3.8+0.040 ms cpu, 17->17->13 MB, 26 MB goal, 8 P
GC forced
gc 253 @28568.915s 0%: 0.008+2.4+0.005 ms clock, 0.068+0/2.0/3.0+0.043 ms cpu, 17->17->13 MB, 26 MB goal, 8 P
GC forced
gc 254 @28688.924s 0%: 0.009+2.2+0.005 ms clock, 0.077+0/2.8/3.4+0.047 ms cpu, 17->17->13 MB, 26 MB goal, 8 P
GC forced
gc 255 @28808.941s 0%: 0.009+2.4+0.013 ms clock, 0.075+0/3.4/2.1+0.10 ms cpu, 17->17->13 MB, 26 MB goal, 8 P
GC forced
gc 256 @28928.955s 0%: 0.008+2.2+0.005 ms clock, 0.064+0/3.6/1.4+0.042 ms cpu, 17->17->13 MB, 26 MB goal, 8 P
GC forced
gc 257 @29048.968s 0%: 0.008+2.4+0.006 ms clock, 0.064+0/3.5/3.4+0.049 ms cpu, 18->18->13 MB, 26 MB goal, 8 P
GC forced
gc 258 @29168.981s 0%: 0.008+2.4+0.005 ms clock, 0.064+0/3.9/0.92+0.043 ms cpu, 17->17->13 MB, 26 MB goal, 8 P
GC forced
gc 259 @29288.995s 0%: 0.008+2.6+0.005 ms clock, 0.067+0/3.7/1.7+0.041 ms cpu, 17->17->13 MB, 26 MB goal, 8 P
GC forced
gc 260 @29408.998s 0%: 0.028+2.3+0.005 ms clock, 0.23+0.051/3.8/1.5+0.042 ms cpu, 18->18->13 MB, 26 MB goal, 8 P
GC forced
gc 261 @29529.022s 0%: 0.007+2.8+0.007 ms clock, 0.062+0/3.6/1.9+0.058 ms cpu, 17->17->13 MB, 26 MB goal, 8 P
GC forced
gc 262 @29649.037s 0%: 0.008+2.3+0.004 ms clock, 0.071+0/3.3/4.2+0.039 ms cpu, 18->18->13 MB, 26 MB goal, 8 P
GC forced
gc 263 @29769.041s 0%: 0.010+4.0+0.006 ms clock, 0.081+0/4.4/1.7+0.055 ms cpu, 17->17->13 MB, 26 MB goal, 8 P
scvg: 0 MB released
scvg: inuse: 16, idle: 45, sys: 62, released: 42, consumed: 20 (MB)
scvg: 0 MB released
scvg: inuse: 15, idle: 46, sys: 62, released: 42, consumed: 20 (MB)
scvg: 0 MB released
scvg: inuse: 15, idle: 46, sys: 62, released: 42, consumed: 20 (MB)
scvg: 0 MB released
scvg: inuse: 15, idle: 46, sys: 62, released: 42, consumed: 20 (MB)
scvg: 0 MB released
scvg: inuse: 15, idle: 46, sys: 62, released: 42, consumed: 20 (MB)
scvg: 0 MB released
scvg: inuse: 15, idle: 46, sys: 62, released: 42, consumed: 20 (MB)
scvg: 0 MB released
scvg: inuse: 15, idle: 46, sys: 62, released: 42, consumed: 20 (MB)
scvg: 0 MB released
scvg: inuse: 15, idle: 46, sys: 62, released: 42, consumed: 20 (MB)
GC forced
gc 264 @29889.050s 0%: 0.056+2.2+0.005 ms clock, 0.44+0/2.7/2.6+0.046 ms cpu, 18->18->13 MB, 26 MB goal, 8 P
GC forced
gc 265 @30009.055s 0%: 0.007+2.7+0.005 ms clock, 0.062+0/3.7/2.0+0.047 ms cpu, 17->18->13 MB, 26 MB goal, 8 P
GC forced
gc 266 @30129.089s 0%: 0.007+1.3+0.004 ms clock, 0.063+0/2.1/5.0+0.036 ms cpu, 17->17->13 MB, 26 MB goal, 8 P
GC forced
gc 267 @30249.103s 0%: 0.008+2.3+0.005 ms clock, 0.067+0/3.6/1.6+0.043 ms cpu, 18->18->13 MB, 26 MB goal, 8 P
GC forced
gc 268 @30369.117s 0%: 0.008+2.5+0.004 ms clock, 0.064+0/2.9/2.5+0.039 ms cpu, 18->18->13 MB, 26 MB goal, 8 P
GC forced
gc 269 @30489.120s 0%: 0.009+2.4+0.004 ms clock, 0.075+0/3.1/2.0+0.039 ms cpu, 17->17->13 MB, 26 MB goal, 8 P
GC forced
gc 270 @30609.141s 0%: 0.009+2.0+0.006 ms clock, 0.072+0/2.3/5.8+0.049 ms cpu, 17->17->13 MB, 26 MB goal, 8 P
GC forced
gc 271 @30729.158s 0%: 0.008+2.2+0.005 ms clock, 0.069+0/3.5/1.4+0.041 ms cpu, 18->18->13 MB, 26 MB goal, 8 P
GC forced
gc 272 @30849.165s 0%: 0.009+2.2+0.005 ms clock, 0.073+0/3.2/2.0+0.044 ms cpu, 18->18->13 MB, 26 MB goal, 8 P
GC forced
gc 273 @30969.183s 0%: 0.009+2.2+0.013 ms clock, 0.078+0/2.7/3.4+0.10 ms cpu, 17->17->13 MB, 26 MB goal, 8 P
GC forced
gc 274 @31089.186s 0%: 0.009+2.3+0.005 ms clock, 0.073+0/3.6/1.4+0.044 ms cpu, 18->18->13 MB, 26 MB goal, 8 P
GC forced
gc 275 @31209.208s 0%: 0.020+3.0+0.005 ms clock, 0.16+0/4.7/0+0.047 ms cpu, 17->17->13 MB, 26 MB goal, 8 P
GC forced
gc 276 @31329.222s 0%: 0.009+2.2+0.005 ms clock, 0.072+0/4.2/4.8+0.043 ms cpu, 17->17->13 MB, 26 MB goal, 8 P
GC forced
gc 277 @31449.235s 0%: 0.009+2.2+0.006 ms clock, 0.073+0/1.4/4.1+0.055 ms cpu, 18->18->13 MB, 26 MB goal, 8 P
GC forced
gc 278 @31569.241s 0%: 0.009+2.7+0.005 ms clock, 0.078+0/4.1/1.5+0.045 ms cpu, 17->17->13 MB, 26 MB goal, 8 P
GC forced
gc 279 @31689.262s 0%: 0.008+2.4+0.013 ms clock, 0.070+0/3.7/3.3+0.10 ms cpu, 18->18->13 MB, 26 MB goal, 8 P
GC forced
gc 280 @31809.275s 0%: 0.008+1.3+0.005 ms clock, 0.064+0/2.2/4.5+0.044 ms cpu, 17->17->13 MB, 26 MB goal, 8 P
GC forced
gc 281 @31929.289s 0%: 0.007+2.2+0.005 ms clock, 0.060+0/2.9/3.2+0.042 ms cpu, 18->18->13 MB, 26 MB goal, 8 P
GC forced
gc 282 @32049.291s 0%: 0.008+3.6+0.004 ms clock, 0.065+0/4.4/2.3+0.039 ms cpu, 18->18->13 MB, 26 MB goal, 8 P
GC forced
gc 283 @32169.309s 0%: 0.018+1.6+0.004 ms clock, 0.15+0.26/2.4/3.5+0.039 ms cpu, 18->18->13 MB, 26 MB goal, 8 P
GC forced
gc 284 @32289.319s 0%: 0.009+2.8+0.006 ms clock, 0.074+0/1.7/4.4+0.053 ms cpu, 17->17->13 MB, 26 MB goal, 8 P
GC forced
gc 285 @32409.331s 0%: 0.007+1.7+0.005 ms clock, 0.061+0/2.6/5.3+0.043 ms cpu, 17->17->13 MB, 26 MB goal, 8 P
GC forced
gc 286 @32529.341s 0%: 0.037+2.8+0.004 ms clock, 0.29+0/4.8/0.86+0.038 ms cpu, 17->17->13 MB, 26 MB goal, 8 P
GC forced
gc 287 @32649.357s 0%: 0.008+2.2+0.005 ms clock, 0.071+0/3.0/3.9+0.044 ms cpu, 18->18->13 MB, 26 MB goal, 8 P
GC forced
gc 288 @32769.364s 0%: 0.008+2.1+0.005 ms clock, 0.064+0/3.1/3.0+0.041 ms cpu, 17->17->13 MB, 26 MB goal, 8 P
GC forced
gc 289 @32889.386s 0%: 0.007+2.8+0.005 ms clock, 0.061+0/4.2/0.77+0.040 ms cpu, 18->18->13 MB, 26 MB goal, 8 P
GC forced
gc 290 @33009.394s 0%: 0.009+2.3+0.005 ms clock, 0.077+0/2.8/2.4+0.046 ms cpu, 17->17->13 MB, 26 MB goal, 8 P
GC forced
gc 291 @33129.408s 0%: 0.009+2.5+0.005 ms clock, 0.075+0/3.0/2.1+0.043 ms cpu, 18->18->13 MB, 26 MB goal, 8 P
GC forced
gc 292 @33249.424s 0%: 0.008+2.3+0.006 ms clock, 0.069+0/3.0/2.3+0.052 ms cpu, 17->17->13 MB, 26 MB goal, 8 P
GC forced
gc 293 @33369.441s 0%: 0.008+2.1+0.005 ms clock, 0.068+0/3.1/2.9+0.040 ms cpu, 18->18->13 MB, 26 MB goal, 8 P
GC forced
gc 294 @33489.458s 0%: 0.008+2.9+0.005 ms clock, 0.064+0/3.0/2.4+0.042 ms cpu, 18->18->13 MB, 26 MB goal, 8 P
GC forced
gc 295 @33609.484s 0%: 0.009+1.4+0.004 ms clock, 0.074+0/2.5/5.0+0.037 ms cpu, 18->18->13 MB, 26 MB goal, 8 P
GC forced
gc 296 @33729.499s 0%: 0.009+2.5+0.005 ms clock, 0.078+0/2.9/2.5+0.043 ms cpu, 17->17->13 MB, 26 MB goal, 8 P
GC forced
gc 297 @33849.513s 0%: 0.022+3.5+0.005 ms clock, 0.18+0/3.9/5.1+0.044 ms cpu, 17->17->13 MB, 26 MB goal, 8 P
GC forced
gc 298 @33969.528s 0%: 0.008+2.3+0.006 ms clock, 0.070+0/2.6/3.8+0.050 ms cpu, 18->18->13 MB, 26 MB goal, 8 P
GC forced
gc 299 @34089.532s 0%: 0.009+2.4+0.005 ms clock, 0.074+0/2.4/2.4+0.041 ms cpu, 18->18->13 MB, 26 MB goal, 8 P
GC forced
gc 300 @34209.541s 0%: 0.017+2.6+0.005 ms clock, 0.13+0/3.1/2.1+0.042 ms cpu, 17->17->13 MB, 26 MB goal, 8 P
GC forced
gc 301 @34329.570s 0%: 0.009+2.2+0.005 ms clock, 0.075+0/1.3/4.9+0.044 ms cpu, 18->18->13 MB, 26 MB goal, 8 P
GC forced
gc 302 @34449.586s 0%: 0.008+2.3+0.005 ms clock, 0.064+0/3.1/1.9+0.042 ms cpu, 18->18->13 MB, 26 MB goal, 8 P
GC forced
gc 303 @34569.601s 0%: 0.021+2.3+0.006 ms clock, 0.16+0/1.7/5.4+0.050 ms cpu, 18->18->13 MB, 26 MB goal, 8 P
GC forced
gc 304 @34689.616s 0%: 0.008+2.4+0.013 ms clock, 0.068+0/2.0/4.5+0.10 ms cpu, 18->18->13 MB, 26 MB goal, 8 P
GC forced
gc 305 @34809.631s 0%: 0.017+2.7+0.006 ms clock, 0.13+0/3.5/1.7+0.048 ms cpu, 18->18->13 MB, 26 MB goal, 8 P
GC forced
gc 306 @34929.635s 0%: 0.007+2.3+0.006 ms clock, 0.062+0/3.7/1.4+0.048 ms cpu, 18->18->13 MB, 26 MB goal, 8 P
GC forced
gc 307 @35049.641s 0%: 0.009+2.3+0.005 ms clock, 0.072+0/3.2/2.0+0.047 ms cpu, 18->18->13 MB, 26 MB goal, 8 P
GC forced
gc 308 @35169.666s 0%: 0.007+2.3+0.005 ms clock, 0.063+0/3.8/1.6+0.045 ms cpu, 18->18->13 MB, 26 MB goal, 8 P
GC forced
gc 309 @35289.672s 0%: 0.008+2.2+0.006 ms clock, 0.066+0/2.8/2.9+0.049 ms cpu, 18->18->13 MB, 26 MB goal, 8 P
GC forced
gc 310 @35409.698s 0%: 0.012+1.9+0.005 ms clock, 0.098+0.10/3.2/2.9+0.044 ms cpu, 18->18->13 MB, 26 MB goal, 8 P
GC forced
gc 311 @35529.709s 0%: 0.009+2.3+0.006 ms clock, 0.074+0/3.3/2.0+0.053 ms cpu, 18->18->13 MB, 27 MB goal, 8 P
GC forced
gc 312 @35649.713s 0%: 0.007+2.6+0.005 ms clock, 0.061+0/2.6/2.2+0.044 ms cpu, 18->18->13 MB, 26 MB goal, 8 P
GC forced
gc 313 @35769.718s 0%: 0.008+2.6+0.006 ms clock, 0.068+0/3.5/1.9+0.048 ms cpu, 18->18->13 MB, 26 MB goal, 8 P
GC forced
gc 314 @35889.741s 0%: 0.008+2.3+0.005 ms clock, 0.068+0/3.2/5.2+0.041 ms cpu, 18->18->13 MB, 27 MB goal, 8 P
GC forced
gc 315 @36009.748s 0%: 0.024+2.2+0.005 ms clock, 0.19+0/3.0/2.6+0.041 ms cpu, 18->18->13 MB, 26 MB goal, 8 P
GC forced
gc 316 @36129.773s 0%: 0.010+2.4+0.006 ms clock, 0.083+0/3.3/4.4+0.052 ms cpu, 18->18->13 MB, 26 MB goal, 8 P
GC forced
gc 317 @36249.803s 0%: 0.008+2.4+0.005 ms clock, 0.068+0/3.2/2.1+0.046 ms cpu, 18->18->13 MB, 26 MB goal, 8 P
GC forced
gc 318 @36369.825s 0%: 0.007+2.4+0.005 ms clock, 0.058+0/3.3/3.2+0.040 ms cpu, 18->18->13 MB, 26 MB goal, 8 P
GC forced
gc 319 @36489.840s 0%: 0.008+2.1+0.005 ms clock, 0.068+0/3.7/5.1+0.043 ms cpu, 18->18->13 MB, 26 MB goal, 8 P
GC forced
gc 320 @36609.854s 0%: 0.008+2.5+0.006 ms clock, 0.064+0/3.4/1.9+0.050 ms cpu, 18->18->13 MB, 27 MB goal, 8 P
GC forced
gc 321 @36729.870s 0%: 0.008+2.8+0.006 ms clock, 0.068+0/4.2/1.4+0.055 ms cpu, 18->18->13 MB, 27 MB goal, 8 P
GC forced
gc 322 @36849.885s 0%: 0.008+1.4+0.006 ms clock, 0.065+0/2.1/4.0+0.049 ms cpu, 18->18->13 MB, 27 MB goal, 8 P
GC forced
gc 323 @36969.900s 0%: 0.008+2.3+0.005 ms clock, 0.068+0/1.6/4.7+0.042 ms cpu, 18->18->13 MB, 27 MB goal, 8 P
GC forced
gc 324 @37089.916s 0%: 0.008+2.3+0.004 ms clock, 0.068+0/3.3/2.1+0.038 ms cpu, 18->18->13 MB, 27 MB goal, 8 P
GC forced
gc 325 @37209.922s 0%: 0.007+2.5+0.005 ms clock, 0.057+0/3.2/3.4+0.043 ms cpu, 18->18->13 MB, 27 MB goal, 8 P
GC forced
gc 326 @37329.941s 0%: 0.008+2.0+0.005 ms clock, 0.065+0/3.6/4.2+0.044 ms cpu, 18->18->13 MB, 27 MB goal, 8 P
GC forced
gc 327 @37449.946s 0%: 0.007+2.4+0.013 ms clock, 0.061+0/3.5/1.7+0.10 ms cpu, 18->18->13 MB, 27 MB goal, 8 P
GC forced
gc 328 @37569.951s 0%: 0.008+3.1+0.007 ms clock, 0.071+0/1.9/5.0+0.063 ms cpu, 18->18->13 MB, 27 MB goal, 8 P
GC forced
gc 329 @37689.956s 0%: 0.009+1.5+0.005 ms clock, 0.075+0/2.2/4.3+0.043 ms cpu, 18->18->13 MB, 27 MB goal, 8 P
GC forced
gc 330 @37809.961s 0%: 0.026+2.7+0.006 ms clock, 0.21+0/3.8/4.2+0.051 ms cpu, 18->18->13 MB, 27 MB goal, 8 P
GC forced
gc 331 @37929.966s 0%: 0.009+2.9+0.006 ms clock, 0.079+0/3.5/2.3+0.048 ms cpu, 18->18->13 MB, 27 MB goal, 8 P
GC forced
gc 332 @38049.971s 0%: 0.008+3.0+0.005 ms clock, 0.071+0/3.6/4.9+0.046 ms cpu, 18->18->13 MB, 27 MB goal, 8 P
GC forced
gc 333 @38169.977s 0%: 0.010+2.6+0.005 ms clock, 0.080+0/1.7/5.9+0.045 ms cpu, 18->18->13 MB, 27 MB goal, 8 P
GC forced
gc 334 @38289.982s 0%: 0.009+2.8+0.006 ms clock, 0.074+0/3.1/1.9+0.049 ms cpu, 18->18->13 MB, 27 MB goal, 8 P
GC forced
gc 335 @38409.987s 0%: 0.008+2.7+0.008 ms clock, 0.064+0/2.9/5.7+0.064 ms cpu, 18->18->13 MB, 27 MB goal, 8 P
GC forced
gc 336 @38529.991s 0%: 0.024+3.6+0.008 ms clock, 0.19+0/3.0/4.6+0.068 ms cpu, 18->18->13 MB, 27 MB goal, 8 P
GC forced
gc 337 @38649.998s 0%: 0.008+2.5+0.006 ms clock, 0.066+0/2.5/2.5+0.051 ms cpu, 18->18->13 MB, 27 MB goal, 8 P
GC forced
gc 338 @38770.003s 0%: 0.010+4.9+0.007 ms clock, 0.085+0/6.6/3.0+0.063 ms cpu, 18->18->13 MB, 27 MB goal, 8 P
GC forced
gc 339 @38890.041s 0%: 0.037+2.4+0.005 ms clock, 0.30+0/3.4/2.2+0.041 ms cpu, 18->18->13 MB, 27 MB goal, 8 P
GC forced
gc 340 @39010.086s 0%: 0.050+1.7+0.006 ms clock, 0.40+0/3.1/2.8+0.054 ms cpu, 18->18->13 MB, 27 MB goal, 8 P
GC forced
gc 341 @39130.120s 0%: 0.008+2.2+0.005 ms clock, 0.067+0/2.9/3.7+0.043 ms cpu, 18->18->13 MB, 27 MB goal, 8 P
GC forced
gc 342 @39250.141s 0%: 0.010+2.0+0.007 ms clock, 0.083+0/2.5/4.7+0.062 ms cpu, 18->18->13 MB, 27 MB goal, 8 P
GC forced
gc 343 @39370.165s 0%: 0.010+3.7+0.007 ms clock, 0.082+0/3.7/2.5+0.063 ms cpu, 18->18->13 MB, 27 MB goal, 8 P
GC forced
gc 344 @39490.184s 0%: 0.010+2.3+0.005 ms clock, 0.081+0/3.3/2.1+0.045 ms cpu, 18->18->13 MB, 27 MB goal, 8 P
GC forced
gc 345 @39610.241s 0%: 0.010+2.7+0.006 ms clock, 0.084+0/4.5/0.94+0.050 ms cpu, 18->18->13 MB, 27 MB goal, 8 P
GC forced
gc 346 @39730.261s 0%: 0.007+2.8+0.006 ms clock, 0.063+0/3.6/2.2+0.053 ms cpu, 22->22->14 MB, 27 MB goal, 8 P
GC forced
gc 347 @39850.277s 0%: 0.010+4.0+0.008 ms clock, 0.082+0/5.1/2.5+0.070 ms cpu, 19->19->14 MB, 28 MB goal, 8 P
scvg: 0 MB released
scvg: inuse: 17, idle: 44, sys: 62, released: 39, consumed: 23 (MB)
scvg: 0 MB released
scvg: inuse: 16, idle: 45, sys: 62, released: 39, consumed: 23 (MB)
scvg: 0 MB released
scvg: inuse: 16, idle: 45, sys: 62, released: 39, consumed: 23 (MB)
scvg: 0 MB released
scvg: inuse: 16, idle: 45, sys: 62, released: 39, consumed: 23 (MB)
scvg: 0 MB released
scvg: inuse: 16, idle: 45, sys: 62, released: 39, consumed: 23 (MB)
scvg: 0 MB released
scvg: inuse: 16, idle: 45, sys: 62, released: 39, consumed: 23 (MB)
scvg: 0 MB released
scvg: inuse: 16, idle: 45, sys: 62, released: 39, consumed: 23 (MB)
scvg: 0 MB released
scvg: inuse: 16, idle: 45, sys: 62, released: 39, consumed: 23 (MB)
scvg: 0 MB released
scvg: inuse: 16, idle: 45, sys: 62, released: 39, consumed: 23 (MB)
scvg: 0 MB released
scvg: inuse: 16, idle: 45, sys: 62, released: 39, consumed: 23 (MB)
scvg: 0 MB released
scvg: inuse: 16, idle: 45, sys: 62, released: 39, consumed: 23 (MB)
scvg: 0 MB released
scvg: inuse: 16, idle: 45, sys: 62, released: 39, consumed: 23 (MB)
scvg: 0 MB released
scvg: inuse: 16, idle: 45, sys: 62, released: 39, consumed: 23 (MB)
scvg: 0 MB released
scvg: inuse: 16, idle: 45, sys: 62, released: 39, consumed: 23 (MB)
scvg: 0 MB released
scvg: inuse: 16, idle: 45, sys: 62, released: 39, consumed: 23 (MB)
scvg: 0 MB released
scvg: inuse: 16, idle: 45, sys: 62, released: 39, consumed: 23 (MB)
scvg: 0 MB released
scvg: inuse: 16, idle: 45, sys: 62, released: 39, consumed: 23 (MB)
scvg: 0 MB released
scvg: inuse: 16, idle: 45, sys: 62, released: 39, consumed: 23 (MB)
scvg: 0 MB released
scvg: inuse: 16, idle: 45, sys: 62, released: 39, consumed: 23 (MB)
scvg: 0 MB released
scvg: inuse: 16, idle: 45, sys: 62, released: 39, consumed: 22 (MB)
scvg: 0 MB released
scvg: inuse: 16, idle: 45, sys: 62, released: 39, consumed: 22 (MB)
scvg: 0 MB released
scvg: inuse: 16, idle: 45, sys: 62, released: 39, consumed: 22 (MB)
scvg: 0 MB released
scvg: inuse: 16, idle: 45, sys: 62, released: 39, consumed: 22 (MB)
scvg: 0 MB released
scvg: inuse: 16, idle: 45, sys: 62, released: 39, consumed: 22 (MB)
scvg: 0 MB released
scvg: inuse: 16, idle: 45, sys: 62, released: 39, consumed: 22 (MB)
scvg: 0 MB released
scvg: inuse: 16, idle: 45, sys: 62, released: 39, consumed: 22 (MB)
scvg: 0 MB released
scvg: inuse: 16, idle: 45, sys: 62, released: 39, consumed: 22 (MB)
scvg: 0 MB released
scvg: inuse: 16, idle: 45, sys: 62, released: 39, consumed: 22 (MB)
scvg: 0 MB released
scvg: inuse: 16, idle: 45, sys: 62, released: 39, consumed: 22 (MB)
scvg: 0 MB released
scvg: inuse: 16, idle: 45, sys: 62, released: 39, consumed: 22 (MB)
scvg: 0 MB released
scvg: inuse: 16, idle: 45, sys: 62, released: 39, consumed: 22 (MB)
scvg: 0 MB released
scvg: inuse: 16, idle: 45, sys: 62, released: 39, consumed: 22 (MB)
scvg: 0 MB released
scvg: inuse: 16, idle: 45, sys: 62, released: 39, consumed: 22 (MB)
scvg: 0 MB released
scvg: inuse: 16, idle: 45, sys: 62, released: 39, consumed: 22 (MB)
scvg: 0 MB released
scvg: inuse: 16, idle: 45, sys: 62, released: 39, consumed: 22 (MB)
scvg: 0 MB released
scvg: inuse: 16, idle: 45, sys: 62, released: 39, consumed: 22 (MB)
scvg: 0 MB released
scvg: inuse: 16, idle: 45, sys: 62, released: 39, consumed: 22 (MB)
scvg: 0 MB released
scvg: inuse: 16, idle: 45, sys: 62, released: 39, consumed: 22 (MB)
scvg: 0 MB released
scvg: inuse: 16, idle: 45, sys: 62, released: 39, consumed: 22 (MB)
scvg: 0 MB released
scvg: inuse: 16, idle: 45, sys: 62, released: 39, consumed: 22 (MB)
scvg: 0 MB released
scvg: inuse: 16, idle: 45, sys: 62, released: 39, consumed: 22 (MB)
scvg: 0 MB released
scvg: inuse: 16, idle: 45, sys: 62, released: 39, consumed: 22 (MB)
scvg: 0 MB released
scvg: inuse: 16, idle: 45, sys: 62, released: 39, consumed: 22 (MB)
scvg: 0 MB released
scvg: inuse: 16, idle: 45, sys: 62, released: 39, consumed: 22 (MB)
scvg: 0 MB released
scvg: inuse: 16, idle: 45, sys: 62, released: 39, consumed: 22 (MB)
scvg: 0 MB released
scvg: inuse: 16, idle: 45, sys: 62, released: 39, consumed: 22 (MB)
scvg: 0 MB released
scvg: inuse: 16, idle: 45, sys: 62, released: 39, consumed: 22 (MB)
scvg: 0 MB released
scvg: inuse: 16, idle: 45, sys: 62, released: 39, consumed: 22 (MB)
scvg: 0 MB released
scvg: inuse: 16, idle: 45, sys: 62, released: 39, consumed: 22 (MB)
scvg: 0 MB released
scvg: inuse: 16, idle: 45, sys: 62, released: 39, consumed: 22 (MB)
scvg: 0 MB released
scvg: inuse: 16, idle: 45, sys: 62, released: 39, consumed: 22 (MB)
scvg: 0 MB released
scvg: inuse: 16, idle: 45, sys: 62, released: 39, consumed: 22 (MB)
scvg: 0 MB released
scvg: inuse: 16, idle: 45, sys: 62, released: 39, consumed: 22 (MB)
scvg: 0 MB released
scvg: inuse: 16, idle: 45, sys: 62, released: 39, consumed: 22 (MB)
scvg: 0 MB released
scvg: inuse: 16, idle: 45, sys: 62, released: 39, consumed: 22 (MB)
scvg: 0 MB released
scvg: inuse: 16, idle: 45, sys: 62, released: 39, consumed: 22 (MB)
scvg: 0 MB released
scvg: inuse: 16, idle: 45, sys: 62, released: 39, consumed: 22 (MB)
scvg: 0 MB released
scvg: inuse: 16, idle: 45, sys: 62, released: 39, consumed: 22 (MB)
scvg: 0 MB released
scvg: inuse: 16, idle: 45, sys: 62, released: 39, consumed: 22 (MB)
scvg: 0 MB released
scvg: inuse: 16, idle: 45, sys: 62, released: 39, consumed: 22 (MB)
scvg: 0 MB released
scvg: inuse: 16, idle: 45, sys: 62, released: 39, consumed: 22 (MB)
scvg: 0 MB released
scvg: inuse: 16, idle: 45, sys: 62, released: 39, consumed: 22 (MB)
scvg: 0 MB released
scvg: inuse: 16, idle: 45, sys: 62, released: 40, consumed: 22 (MB)
scvg: 0 MB released
scvg: inuse: 16, idle: 45, sys: 62, released: 40, consumed: 22 (MB)
scvg: 0 MB released
scvg: inuse: 16, idle: 45, sys: 62, released: 40, consumed: 22 (MB)
scvg: 0 MB released
scvg: inuse: 16, idle: 45, sys: 62, released: 40, consumed: 22 (MB)
scvg: 0 MB released
scvg: inuse: 16, idle: 45, sys: 62, released: 40, consumed: 22 (MB)
scvg: 0 MB released
scvg: inuse: 16, idle: 45, sys: 62, released: 40, consumed: 22 (MB)
scvg: 0 MB released
scvg: inuse: 16, idle: 45, sys: 62, released: 40, consumed: 22 (MB)
scvg: 0 MB released
scvg: inuse: 16, idle: 45, sys: 62, released: 40, consumed: 22 (MB)
scvg: 0 MB released
scvg: inuse: 16, idle: 45, sys: 62, released: 40, consumed: 22 (MB)
scvg: 0 MB released
scvg: inuse: 16, idle: 45, sys: 62, released: 40, consumed: 22 (MB)
scvg: 0 MB released
scvg: inuse: 16, idle: 45, sys: 62, released: 40, consumed: 22 (MB)
scvg: 0 MB released
scvg: inuse: 16, idle: 45, sys: 62, released: 40, consumed: 22 (MB)
scvg: 0 MB released
scvg: inuse: 16, idle: 45, sys: 62, released: 40, consumed: 22 (MB)
scvg: 0 MB released
scvg: inuse: 16, idle: 45, sys: 62, released: 40, consumed: 22 (MB)
scvg: 0 MB released
scvg: inuse: 16, idle: 45, sys: 62, released: 40, consumed: 22 (MB)
scvg: 0 MB released
scvg: inuse: 16, idle: 45, sys: 62, released: 40, consumed: 22 (MB)
scvg: 0 MB released
scvg: inuse: 16, idle: 45, sys: 62, released: 40, consumed: 22 (MB)
scvg: 0 MB released
scvg: inuse: 16, idle: 45, sys: 62, released: 40, consumed: 22 (MB)
scvg: 0 MB released
scvg: inuse: 16, idle: 45, sys: 62, released: 40, consumed: 22 (MB)
scvg: 0 MB released
scvg: inuse: 16, idle: 45, sys: 62, released: 40, consumed: 22 (MB)
scvg: 0 MB released
scvg: inuse: 16, idle: 45, sys: 62, released: 40, consumed: 22 (MB)
scvg: 0 MB released
scvg: inuse: 16, idle: 45, sys: 62, released: 40, consumed: 22 (MB)
scvg: 0 MB released
scvg: inuse: 16, idle: 45, sys: 62, released: 40, consumed: 22 (MB)
scvg: 0 MB released
scvg: inuse: 16, idle: 45, sys: 62, released: 40, consumed: 22 (MB)
scvg: 0 MB released
scvg: inuse: 16, idle: 45, sys: 62, released: 40, consumed: 22 (MB)
scvg: 0 MB released
scvg: inuse: 16, idle: 45, sys: 62, released: 40, consumed: 22 (MB)
scvg: 0 MB released
scvg: inuse: 16, idle: 45, sys: 62, released: 40, consumed: 22 (MB)
scvg: 0 MB released
scvg: inuse: 16, idle: 45, sys: 62, released: 40, consumed: 22 (MB)
scvg: 0 MB released
scvg: inuse: 16, idle: 45, sys: 62, released: 40, consumed: 22 (MB)
scvg: 0 MB released
scvg: inuse: 16, idle: 45, sys: 62, released: 40, consumed: 22 (MB)
scvg: 0 MB released
scvg: inuse: 16, idle: 45, sys: 62, released: 40, consumed: 22 (MB)
scvg: 0 MB released
scvg: inuse: 16, idle: 45, sys: 62, released: 40, consumed: 22 (MB)
scvg: 0 MB released
scvg: inuse: 16, idle: 45, sys: 62, released: 40, consumed: 22 (MB)
scvg: 0 MB released
scvg: inuse: 16, idle: 45, sys: 62, released: 40, consumed: 22 (MB)
scvg: 0 MB released
scvg: inuse: 16, idle: 45, sys: 62, released: 40, consumed: 22 (MB)
scvg: 0 MB released
scvg: inuse: 16, idle: 45, sys: 62, released: 40, consumed: 22 (MB)
scvg: 0 MB released
scvg: inuse: 16, idle: 45, sys: 62, released: 40, consumed: 22 (MB)
scvg: 0 MB released
scvg: inuse: 16, idle: 45, sys: 62, released: 40, consumed: 22 (MB)
scvg: 0 MB released
scvg: inuse: 16, idle: 45, sys: 62, released: 40, consumed: 22 (MB)
scvg: 0 MB released
scvg: inuse: 16, idle: 45, sys: 62, released: 40, consumed: 22 (MB)
scvg: 0 MB released
scvg: inuse: 16, idle: 45, sys: 62, released: 40, consumed: 22 (MB)
scvg: 0 MB released
scvg: inuse: 16, idle: 45, sys: 62, released: 40, consumed: 22 (MB)
scvg: 0 MB released
scvg: inuse: 16, idle: 45, sys: 62, released: 40, consumed: 22 (MB)
scvg: 0 MB released
scvg: inuse: 16, idle: 45, sys: 62, released: 40, consumed: 22 (MB)
scvg: 0 MB released
scvg: inuse: 16, idle: 45, sys: 62, released: 40, consumed: 22 (MB)
scvg: 0 MB released
scvg: inuse: 16, idle: 45, sys: 62, released: 40, consumed: 22 (MB)
scvg: 0 MB released
scvg: inuse: 16, idle: 45, sys: 62, released: 40, consumed: 22 (MB)
scvg: 0 MB released
scvg: inuse: 16, idle: 45, sys: 62, released: 40, consumed: 22 (MB)
scvg: 0 MB released
scvg: inuse: 16, idle: 45, sys: 62, released: 40, consumed: 22 (MB)
scvg: 0 MB released
scvg: inuse: 16, idle: 45, sys: 62, released: 40, consumed: 22 (MB)
scvg: 0 MB released
scvg: inuse: 16, idle: 45, sys: 62, released: 40, consumed: 22 (MB)
scvg: 0 MB released
scvg: inuse: 16, idle: 45, sys: 62, released: 40, consumed: 22 (MB)
scvg: 0 MB released
scvg: inuse: 16, idle: 45, sys: 62, released: 40, consumed: 22 (MB)
scvg: 0 MB released
scvg: inuse: 16, idle: 45, sys: 62, released: 40, consumed: 22 (MB)
scvg: 0 MB released
scvg: inuse: 16, idle: 45, sys: 62, released: 40, consumed: 22 (MB)
scvg: 0 MB released
scvg: inuse: 16, idle: 45, sys: 62, released: 40, consumed: 22 (MB)
scvg: 0 MB released
scvg: inuse: 16, idle: 45, sys: 62, released: 40, consumed: 22 (MB)
scvg: 0 MB released
scvg: inuse: 16, idle: 45, sys: 62, released: 40, consumed: 22 (MB)
scvg: 0 MB released
scvg: inuse: 16, idle: 45, sys: 62, released: 40, consumed: 22 (MB)
scvg: 0 MB released
scvg: inuse: 16, idle: 45, sys: 62, released: 40, consumed: 22 (MB)
scvg: 0 MB released
scvg: inuse: 16, idle: 45, sys: 62, released: 40, consumed: 22 (MB)
scvg: 0 MB released
scvg: inuse: 16, idle: 45, sys: 62, released: 40, consumed: 22 (MB)
scvg: 0 MB released
scvg: inuse: 16, idle: 45, sys: 62, released: 40, consumed: 22 (MB)
scvg: 0 MB released
scvg: inuse: 16, idle: 45, sys: 62, released: 40, consumed: 22 (MB)
scvg: 0 MB released
scvg: inuse: 16, idle: 45, sys: 62, released: 40, consumed: 22 (MB)
scvg: 0 MB released
scvg: inuse: 16, idle: 45, sys: 62, released: 40, consumed: 22 (MB)
scvg: 0 MB released
scvg: inuse: 16, idle: 45, sys: 62, released: 40, consumed: 22 (MB)
scvg: 0 MB released
scvg: inuse: 16, idle: 45, sys: 62, released: 40, consumed: 22 (MB)
scvg: 0 MB released
scvg: inuse: 16, idle: 45, sys: 62, released: 40, consumed: 22 (MB)
scvg: 0 MB released
scvg: inuse: 16, idle: 45, sys: 62, released: 40, consumed: 22 (MB)
scvg: 0 MB released
scvg: inuse: 16, idle: 45, sys: 62, released: 40, consumed: 22 (MB)
scvg: 0 MB released
scvg: inuse: 16, idle: 45, sys: 62, released: 40, consumed: 22 (MB)
scvg: 0 MB released
scvg: inuse: 16, idle: 45, sys: 62, released: 40, consumed: 22 (MB)
scvg: 0 MB released
scvg: inuse: 16, idle: 45, sys: 62, released: 40, consumed: 22 (MB)
scvg: 0 MB released
scvg: inuse: 16, idle: 45, sys: 62, released: 40, consumed: 22 (MB)
scvg: 0 MB released
scvg: inuse: 16, idle: 45, sys: 62, released: 40, consumed: 22 (MB)
scvg: 0 MB released
scvg: inuse: 16, idle: 45, sys: 62, released: 40, consumed: 22 (MB)
scvg: 0 MB released
scvg: inuse: 16, idle: 45, sys: 62, released: 40, consumed: 22 (MB)
scvg: 0 MB released
scvg: inuse: 16, idle: 45, sys: 62, released: 40, consumed: 22 (MB)
scvg: 0 MB released
scvg: inuse: 16, idle: 45, sys: 62, released: 40, consumed: 22 (MB)
scvg: 0 MB released
scvg: inuse: 16, idle: 45, sys: 62, released: 40, consumed: 22 (MB)
scvg: 0 MB released
scvg: inuse: 16, idle: 45, sys: 62, released: 40, consumed: 22 (MB)
scvg: 0 MB released
scvg: inuse: 16, idle: 45, sys: 62, released: 40, consumed: 22 (MB)
GC forced
gc 348 @39970.281s 0%: 0.008+2.6+0.006 ms clock, 0.066+0/4.1/1.5+0.049 ms cpu, 18->18->14 MB, 28 MB goal, 8 P
scvg: 0 MB released
scvg: inuse: 17, idle: 44, sys: 62, released: 40, consumed: 21 (MB)
scvg: 0 MB released
scvg: inuse: 16, idle: 45, sys: 62, released: 40, consumed: 21 (MB)
scvg: 0 MB released
scvg: inuse: 16, idle: 45, sys: 62, released: 40, consumed: 21 (MB)
scvg: 0 MB released
scvg: inuse: 16, idle: 45, sys: 62, released: 40, consumed: 21 (MB)
scvg: 0 MB released
scvg: inuse: 16, idle: 45, sys: 62, released: 40, consumed: 21 (MB)
scvg: 0 MB released
scvg: inuse: 16, idle: 45, sys: 62, released: 40, consumed: 21 (MB)
scvg: 0 MB released
scvg: inuse: 16, idle: 45, sys: 62, released: 40, consumed: 21 (MB)
scvg: 0 MB released
scvg: inuse: 16, idle: 45, sys: 62, released: 40, consumed: 21 (MB)
scvg: 0 MB released
scvg: inuse: 16, idle: 45, sys: 62, released: 40, consumed: 21 (MB)
scvg: 0 MB released
scvg: inuse: 16, idle: 45, sys: 62, released: 40, consumed: 21 (MB)
scvg: 0 MB released
scvg: inuse: 16, idle: 45, sys: 62, released: 40, consumed: 21 (MB)
scvg: 0 MB released
scvg: inuse: 16, idle: 45, sys: 62, released: 40, consumed: 21 (MB)
scvg: 0 MB released
scvg: inuse: 16, idle: 45, sys: 62, released: 40, consumed: 21 (MB)
scvg: 0 MB released
scvg: inuse: 16, idle: 45, sys: 62, released: 40, consumed: 21 (MB)
scvg: 0 MB released
scvg: inuse: 16, idle: 45, sys: 62, released: 40, consumed: 21 (MB)
scvg: 0 MB released
scvg: inuse: 16, idle: 45, sys: 62, released: 40, consumed: 21 (MB)
scvg: 0 MB released
scvg: inuse: 16, idle: 45, sys: 62, released: 40, consumed: 21 (MB)
scvg: 0 MB released
scvg: inuse: 16, idle: 45, sys: 62, released: 40, consumed: 21 (MB)
scvg: 0 MB released
scvg: inuse: 16, idle: 45, sys: 62, released: 40, consumed: 21 (MB)
scvg: 0 MB released
scvg: inuse: 16, idle: 45, sys: 62, released: 40, consumed: 21 (MB)
scvg: 0 MB released
scvg: inuse: 16, idle: 45, sys: 62, released: 40, consumed: 21 (MB)
scvg: 0 MB released
scvg: inuse: 16, idle: 45, sys: 62, released: 40, consumed: 21 (MB)
scvg: 0 MB released
scvg: inuse: 16, idle: 45, sys: 62, released: 40, consumed: 21 (MB)
scvg: 0 MB released
scvg: inuse: 16, idle: 45, sys: 62, released: 40, consumed: 21 (MB)
scvg: 0 MB released
scvg: inuse: 16, idle: 45, sys: 62, released: 40, consumed: 21 (MB)
scvg: 0 MB released
scvg: inuse: 16, idle: 45, sys: 62, released: 40, consumed: 21 (MB)
scvg: 0 MB released
scvg: inuse: 16, idle: 45, sys: 62, released: 40, consumed: 21 (MB)
scvg: 0 MB released
scvg: inuse: 16, idle: 45, sys: 62, released: 40, consumed: 21 (MB)
scvg: 0 MB released
scvg: inuse: 16, idle: 45, sys: 62, released: 40, consumed: 21 (MB)
scvg: 0 MB released
scvg: inuse: 16, idle: 45, sys: 62, released: 40, consumed: 21 (MB)
scvg: 0 MB released
scvg: inuse: 16, idle: 45, sys: 62, released: 40, consumed: 21 (MB)
scvg: 0 MB released
scvg: inuse: 16, idle: 45, sys: 62, released: 40, consumed: 21 (MB)
scvg: 0 MB released
scvg: inuse: 16, idle: 45, sys: 62, released: 40, consumed: 21 (MB)
scvg: 0 MB released
scvg: inuse: 16, idle: 45, sys: 62, released: 40, consumed: 21 (MB)
scvg: 0 MB released
scvg: inuse: 16, idle: 45, sys: 62, released: 40, consumed: 21 (MB)
scvg: 0 MB released
scvg: inuse: 16, idle: 45, sys: 62, released: 40, consumed: 21 (MB)
scvg: 0 MB released
scvg: inuse: 16, idle: 45, sys: 62, released: 40, consumed: 21 (MB)
scvg: 0 MB released
scvg: inuse: 16, idle: 45, sys: 62, released: 40, consumed: 21 (MB)
scvg: 0 MB released
scvg: inuse: 16, idle: 45, sys: 62, released: 40, consumed: 21 (MB)
scvg: 0 MB released
scvg: inuse: 16, idle: 45, sys: 62, released: 40, consumed: 21 (MB)
scvg: 0 MB released
scvg: inuse: 16, idle: 45, sys: 62, released: 40, consumed: 21 (MB)
scvg: 0 MB released
scvg: inuse: 16, idle: 45, sys: 62, released: 41, consumed: 21 (MB)
scvg: 0 MB released
scvg: inuse: 16, idle: 45, sys: 62, released: 41, consumed: 21 (MB)
scvg: 0 MB released
scvg: inuse: 16, idle: 45, sys: 62, released: 41, consumed: 21 (MB)
scvg: 0 MB released
scvg: inuse: 16, idle: 45, sys: 62, released: 41, consumed: 21 (MB)
scvg: 0 MB released
scvg: inuse: 16, idle: 45, sys: 62, released: 41, consumed: 21 (MB)
scvg: 0 MB released
scvg: inuse: 16, idle: 45, sys: 62, released: 41, consumed: 21 (MB)
scvg: 0 MB released
scvg: inuse: 16, idle: 45, sys: 62, released: 41, consumed: 21 (MB)
GC forced
gc 349 @40090.311s 0%: 0.029+2.5+0.007 ms clock, 0.23+0/3.5/4.2+0.060 ms cpu, 19->19->14 MB, 28 MB goal, 8 P
GC forced
gc 350 @40210.327s 0%: 0.013+2.9+0.005 ms clock, 0.10+0/3.7/4.6+0.045 ms cpu, 18->18->14 MB, 28 MB goal, 8 P
GC forced
gc 351 @40330.331s 0%: 0.008+1.6+0.005 ms clock, 0.065+0/2.9/5.8+0.045 ms cpu, 19->19->14 MB, 28 MB goal, 8 P
GC forced
gc 352 @40450.341s 0%: 0.008+2.9+0.006 ms clock, 0.069+0/3.8/2.7+0.052 ms cpu, 19->19->14 MB, 28 MB goal, 8 P
GC forced
gc 353 @40570.356s 0%: 0.008+2.2+0.014 ms clock, 0.064+0/3.8/3.7+0.11 ms cpu, 19->19->14 MB, 28 MB goal, 8 P
GC forced
gc 354 @40690.393s 0%: 0.009+4.3+0.008 ms clock, 0.078+0/5.4/4.1+0.067 ms cpu, 19->19->14 MB, 28 MB goal, 8 P
GC forced
gc 355 @40810.410s 0%: 0.015+3.4+0.006 ms clock, 0.12+0/3.9/2.5+0.048 ms cpu, 19->19->14 MB, 28 MB goal, 8 P
GC forced
gc 356 @40930.425s 0%: 0.069+2.8+0.012 ms clock, 0.55+0/3.3/3.1+0.10 ms cpu, 19->19->14 MB, 28 MB goal, 8 P
GC forced
gc 357 @41050.441s 0%: 0.008+2.7+0.006 ms clock, 0.065+0/4.2/1.6+0.052 ms cpu, 18->18->14 MB, 28 MB goal, 8 P
GC forced
gc 358 @41170.462s 0%: 0.007+3.3+0.006 ms clock, 0.062+0/6.0/3.7+0.048 ms cpu, 19->19->14 MB, 28 MB goal, 8 P
GC forced
gc 359 @41290.478s 0%: 0.009+3.1+0.006 ms clock, 0.072+0/4.0/5.2+0.049 ms cpu, 18->18->14 MB, 28 MB goal, 8 P
GC forced
gc 360 @41410.496s 0%: 0.010+2.6+0.006 ms clock, 0.082+0/4.1/1.6+0.048 ms cpu, 19->19->14 MB, 28 MB goal, 8 P
GC forced
gc 361 @41530.506s 0%: 0.009+2.8+0.006 ms clock, 0.073+0/2.0/3.8+0.050 ms cpu, 18->18->14 MB, 28 MB goal, 8 P
GC forced
gc 362 @41650.520s 0%: 0.011+2.9+0.009 ms clock, 0.088+0/3.7/2.9+0.076 ms cpu, 19->19->14 MB, 28 MB goal, 8 P
GC forced
gc 363 @41770.541s 0%: 0.010+2.7+0.006 ms clock, 0.080+0/4.4/1.6+0.050 ms cpu, 18->18->14 MB, 28 MB goal, 8 P
scvg: 0 MB released
scvg: inuse: 18, idle: 44, sys: 62, released: 40, consumed: 21 (MB)
scvg: 0 MB released
scvg: inuse: 16, idle: 45, sys: 62, released: 40, consumed: 21 (MB)
scvg: 0 MB released
scvg: inuse: 16, idle: 45, sys: 62, released: 40, consumed: 21 (MB)
GC forced
gc 364 @41890.564s 0%: 0.007+2.3+0.006 ms clock, 0.062+0/2.2/6.0+0.048 ms cpu, 19->19->14 MB, 28 MB goal, 8 P
GC forced
gc 365 @42010.581s 0%: 0.007+2.9+0.007 ms clock, 0.061+0/4.4/1.6+0.060 ms cpu, 19->19->14 MB, 28 MB goal, 8 P
GC forced
gc 366 @42130.586s 0%: 0.009+3.7+0.006 ms clock, 0.078+0/5.9/2.9+0.048 ms cpu, 19->19->14 MB, 28 MB goal, 8 P
GC forced
gc 367 @42250.615s 0%: 0.008+2.8+0.006 ms clock, 0.067+0/4.2/1.5+0.051 ms cpu, 19->19->14 MB, 28 MB goal, 8 P
GC forced
gc 368 @42370.633s 0%: 0.007+2.5+0.005 ms clock, 0.062+0/3.3/5.8+0.047 ms cpu, 19->19->14 MB, 28 MB goal, 8 P
GC forced
gc 369 @42490.641s 0%: 0.025+2.9+0.006 ms clock, 0.20+0/5.4/0+0.053 ms cpu, 18->18->14 MB, 28 MB goal, 8 P
scvg: 0 MB released
scvg: inuse: 17, idle: 45, sys: 62, released: 40, consumed: 21 (MB)
scvg: 0 MB released
scvg: inuse: 17, idle: 45, sys: 62, released: 41, consumed: 21 (MB)
GC forced
gc 370 @42610.666s 0%: 0.010+4.4+0.008 ms clock, 0.087+0/6.5/2.1+0.066 ms cpu, 19->19->14 MB, 28 MB goal, 8 P
GC forced
gc 371 @42730.684s 0%: 0.008+2.7+0.007 ms clock, 0.070+0/3.7/2.6+0.057 ms cpu, 19->19->14 MB, 29 MB goal, 8 P
GC forced
gc 372 @42850.697s 0%: 0.034+4.0+0.006 ms clock, 0.27+0/7.3/3.2+0.052 ms cpu, 19->19->14 MB, 28 MB goal, 8 P
GC forced
gc 373 @42970.717s 0%: 0.009+3.2+0.006 ms clock, 0.076+0/3.8/6.3+0.049 ms cpu, 19->19->14 MB, 29 MB goal, 8 P
GC forced
gc 374 @43090.728s 0%: 0.010+2.7+0.016 ms clock, 0.080+0/1.7/4.0+0.13 ms cpu, 19->19->14 MB, 29 MB goal, 8 P
GC forced
gc 375 @43210.732s 0%: 0.013+2.4+0.005 ms clock, 0.10+0/4.5/4.1+0.046 ms cpu, 19->19->14 MB, 28 MB goal, 8 P
GC forced
gc 376 @43330.741s 0%: 0.008+3.1+0.005 ms clock, 0.066+0/3.5/5.8+0.046 ms cpu, 18->18->14 MB, 29 MB goal, 8 P
scvg: 0 MB released
scvg: inuse: 17, idle: 44, sys: 62, released: 40, consumed: 21 (MB)
scvg: 0 MB released
scvg: inuse: 17, idle: 45, sys: 62, released: 41, consumed: 21 (MB)
scvg: 0 MB released
scvg: inuse: 17, idle: 45, sys: 62, released: 41, consumed: 21 (MB)
GC forced
gc 377 @43450.785s 0%: 0.008+4.4+0.007 ms clock, 0.066+0/1.6/7.5+0.060 ms cpu, 19->19->14 MB, 29 MB goal, 8 P
GC forced
gc 378 @43570.792s 0%: 0.009+3.0+0.007 ms clock, 0.078+0/4.4/1.6+0.057 ms cpu, 18->18->14 MB, 29 MB goal, 8 P
GC forced
gc 379 @43690.819s 0%: 0.016+3.2+0.005 ms clock, 0.13+0/3.7/1.5+0.045 ms cpu, 18->18->14 MB, 29 MB goal, 8 P
GC forced
gc 380 @43810.838s 0%: 0.017+2.7+0.005 ms clock, 0.14+0/3.5/2.8+0.046 ms cpu, 18->18->14 MB, 29 MB goal, 8 P
GC forced
gc 381 @43930.841s 0%: 0.009+3.0+0.006 ms clock, 0.072+0/4.6/0.83+0.048 ms cpu, 19->19->14 MB, 29 MB goal, 8 P
GC forced
gc 382 @44050.871s 0%: 0.007+3.8+0.006 ms clock, 0.062+0/4.1/3.1+0.052 ms cpu, 19->19->14 MB, 29 MB goal, 8 P
GC forced
gc 383 @44170.888s 0%: 0.008+2.6+0.005 ms clock, 0.069+0/3.4/2.9+0.047 ms cpu, 19->19->14 MB, 29 MB goal, 8 P
GC forced
gc 384 @44290.905s 0%: 0.009+2.9+0.005 ms clock, 0.074+0/2.9/2.4+0.046 ms cpu, 18->18->14 MB, 29 MB goal, 8 P
GC forced
gc 385 @44410.922s 0%: 0.009+2.6+0.006 ms clock, 0.074+0/4.0/1.5+0.053 ms cpu, 19->19->14 MB, 29 MB goal, 8 P
GC forced
gc 386 @44530.936s 0%: 0.008+2.8+0.005 ms clock, 0.068+0/4.2/1.5+0.046 ms cpu, 19->19->14 MB, 29 MB goal, 8 P
GC forced
gc 387 @44650.941s 0%: 0.009+4.5+0.006 ms clock, 0.077+0/5.2/0.20+0.051 ms cpu, 19->19->14 MB, 29 MB goal, 8 P
GC forced
gc 388 @44770.975s 0%: 0.019+2.2+0.008 ms clock, 0.15+0/3.8/6.5+0.065 ms cpu, 19->19->14 MB, 29 MB goal, 8 P
GC forced
gc 389 @44890.979s 0%: 0.010+4.3+0.007 ms clock, 0.082+0/5.0/2.0+0.060 ms cpu, 19->19->14 MB, 29 MB goal, 8 P
GC forced
gc 390 @45011.010s 0%: 0.009+3.4+0.005 ms clock, 0.075+0/4.9/1.2+0.044 ms cpu, 19->19->14 MB, 29 MB goal, 8 P
GC forced
gc 391 @45131.014s 0%: 0.008+2.9+0.006 ms clock, 0.068+0/3.9/1.9+0.049 ms cpu, 19->19->14 MB, 29 MB goal, 8 P
GC forced
gc 392 @45251.041s 0%: 0.009+3.2+0.006 ms clock, 0.074+0/4.1/5.9+0.050 ms cpu, 19->19->14 MB, 29 MB goal, 8 P
GC forced
gc 393 @45371.061s 0%: 0.008+1.7+0.005 ms clock, 0.064+0/2.6/4.3+0.042 ms cpu, 19->19->14 MB, 29 MB goal, 8 P
GC forced
gc 394 @45491.078s 0%: 0.008+4.4+0.006 ms clock, 0.066+0/5.3/1.0+0.054 ms cpu, 19->19->14 MB, 29 MB goal, 8 P
GC forced
gc 395 @45611.094s 0%: 0.009+2.7+0.005 ms clock, 0.074+0/3.5/1.9+0.046 ms cpu, 19->19->14 MB, 29 MB goal, 8 P
GC forced
gc 396 @45731.110s 0%: 0.008+3.2+0.006 ms clock, 0.070+0/5.6/2.5+0.049 ms cpu, 19->19->14 MB, 29 MB goal, 8 P
GC forced
gc 397 @45851.127s 0%: 0.008+1.8+0.005 ms clock, 0.069+0/2.7/5.0+0.044 ms cpu, 19->19->14 MB, 29 MB goal, 8 P
GC forced
gc 398 @45971.141s 0%: 0.010+2.6+0.005 ms clock, 0.082+0/4.0/1.4+0.047 ms cpu, 19->19->14 MB, 29 MB goal, 8 P
GC forced
gc 399 @46091.144s 0%: 0.007+2.6+0.008 ms clock, 0.056+0/4.1/1.5+0.064 ms cpu, 19->19->14 MB, 29 MB goal, 8 P
GC forced
gc 400 @46211.165s 0%: 0.009+2.8+0.006 ms clock, 0.076+0/2.9/2.6+0.054 ms cpu, 19->19->14 MB, 29 MB goal, 8 P
GC forced
gc 401 @46331.184s 0%: 0.009+2.6+0.005 ms clock, 0.072+0/3.7/3.2+0.047 ms cpu, 19->19->14 MB, 29 MB goal, 8 P
GC forced
gc 402 @46451.202s 0%: 0.008+2.8+0.005 ms clock, 0.071+0/3.7/3.5+0.044 ms cpu, 19->19->14 MB, 29 MB goal, 8 P
GC forced
gc 403 @46571.226s 0%: 0.008+2.8+0.005 ms clock, 0.065+0/4.2/1.5+0.047 ms cpu, 19->19->14 MB, 29 MB goal, 8 P
GC forced
gc 404 @46691.241s 0%: 0.010+2.7+0.005 ms clock, 0.080+0/3.8/6.1+0.043 ms cpu, 19->19->14 MB, 29 MB goal, 8 P
GC forced
gc 405 @46811.259s 0%: 0.011+2.7+0.006 ms clock, 0.089+0/4.2/3.0+0.048 ms cpu, 19->19->14 MB, 29 MB goal, 8 P
GC forced
gc 406 @46931.264s 0%: 0.010+4.0+0.009 ms clock, 0.086+0/4.5/3.9+0.074 ms cpu, 19->19->14 MB, 29 MB goal, 8 P
GC forced
gc 407 @47051.269s 0%: 0.007+3.0+0.005 ms clock, 0.062+0/4.7/0.83+0.046 ms cpu, 19->19->14 MB, 29 MB goal, 8 P
GC forced
gc 408 @47171.274s 0%: 0.012+1.9+0.005 ms clock, 0.098+0/2.4/4.4+0.043 ms cpu, 19->19->14 MB, 29 MB goal, 8 P
GC forced
gc 409 @47291.279s 0%: 0.009+2.9+0.005 ms clock, 0.079+0/4.1/1.9+0.047 ms cpu, 19->19->14 MB, 29 MB goal, 8 P
GC forced
gc 410 @47411.285s 0%: 0.012+3.5+0.007 ms clock, 0.099+0/6.0/0+0.058 ms cpu, 19->19->14 MB, 29 MB goal, 8 P
GC forced
gc 411 @47531.293s 0%: 0.020+3.0+0.006 ms clock, 0.16+0/4.5/0.78+0.052 ms cpu, 19->19->14 MB, 29 MB goal, 8 P
GC forced
gc 412 @47651.298s 0%: 0.007+2.7+0.005 ms clock, 0.062+0/3.5/2.0+0.047 ms cpu, 19->19->14 MB, 29 MB goal, 8 P
GC forced
gc 413 @47771.301s 0%: 0.008+3.8+0.008 ms clock, 0.065+0/5.3/1.5+0.065 ms cpu, 19->19->14 MB, 29 MB goal, 8 P
GC forced
gc 414 @47891.308s 0%: 0.011+2.8+0.006 ms clock, 0.089+0/3.6/4.0+0.049 ms cpu, 19->19->14 MB, 29 MB goal, 8 P
GC forced
gc 415 @48011.313s 0%: 0.014+4.5+0.006 ms clock, 0.11+0/5.3/0.12+0.052 ms cpu, 19->19->14 MB, 29 MB goal, 8 P
GC forced
gc 416 @48131.318s 0%: 0.009+2.9+0.005 ms clock, 0.079+0/4.0/2.5+0.046 ms cpu, 19->19->14 MB, 29 MB goal, 8 P
GC forced
gc 417 @48251.323s 0%: 0.014+1.6+0.005 ms clock, 0.11+0.71/3.1/5.7+0.044 ms cpu, 19->19->14 MB, 29 MB goal, 8 P
GC forced
gc 418 @48371.329s 0%: 0.008+2.5+0.006 ms clock, 0.067+0/1.7/5.0+0.049 ms cpu, 19->19->14 MB, 29 MB goal, 8 P
GC forced
gc 419 @48491.334s 0%: 0.010+2.6+0.006 ms clock, 0.083+0/4.2/2.4+0.048 ms cpu, 19->19->14 MB, 29 MB goal, 8 P
GC forced
gc 420 @48611.341s 0%: 0.020+2.9+0.005 ms clock, 0.16+0.10/5.5/2.7+0.046 ms cpu, 19->19->14 MB, 29 MB goal, 8 P
GC forced
gc 421 @48731.345s 0%: 0.016+2.6+0.005 ms clock, 0.13+0/3.2/2.3+0.046 ms cpu, 19->19->14 MB, 29 MB goal, 8 P
GC forced
gc 422 @48851.351s 0%: 0.009+3.0+0.005 ms clock, 0.076+0/3.6/2.3+0.042 ms cpu, 19->19->14 MB, 29 MB goal, 8 P
GC forced
gc 423 @48971.356s 0%: 0.009+1.8+0.007 ms clock, 0.079+0/2.5/6.5+0.056 ms cpu, 19->19->14 MB, 29 MB goal, 8 P
GC forced
gc 424 @49091.361s 0%: 0.014+1.9+0.005 ms clock, 0.11+1.0/2.8/3.9+0.045 ms cpu, 19->19->14 MB, 29 MB goal, 8 P
GC forced
gc 425 @49211.367s 0%: 0.047+3.0+0.014 ms clock, 0.38+0/4.2/1.9+0.11 ms cpu, 19->19->14 MB, 29 MB goal, 8 P
GC forced
gc 426 @49331.372s 0%: 0.008+1.8+0.005 ms clock, 0.065+0/2.9/3.9+0.043 ms cpu, 19->19->14 MB, 29 MB goal, 8 P
GC forced
gc 427 @49451.375s 0%: 0.033+4.0+0.005 ms clock, 0.26+0/4.5/1.8+0.046 ms cpu, 19->19->14 MB, 29 MB goal, 8 P
GC forced
gc 428 @49571.385s 0%: 0.009+3.0+0.006 ms clock, 0.073+0/3.0/2.4+0.051 ms cpu, 19->19->14 MB, 29 MB goal, 8 P
GC forced
gc 429 @49691.390s 0%: 0.009+2.7+0.006 ms clock, 0.072+0/3.9/2.8+0.048 ms cpu, 19->19->14 MB, 29 MB goal, 8 P
GC forced
gc 430 @49811.395s 0%: 0.036+2.8+0.007 ms clock, 0.29+0/4.1/3.3+0.057 ms cpu, 19->19->14 MB, 29 MB goal, 8 P
GC forced
gc 431 @49931.400s 0%: 0.007+3.3+0.005 ms clock, 0.058+0/3.3/4.6+0.045 ms cpu, 19->19->14 MB, 29 MB goal, 8 P
GC forced
gc 432 @50051.406s 0%: 0.009+2.9+0.006 ms clock, 0.076+0/3.1/2.9+0.050 ms cpu, 19->19->14 MB, 29 MB goal, 8 P
GC forced
gc 433 @50171.411s 0%: 0.019+3.5+0.007 ms clock, 0.15+0/4.2/1.5+0.056 ms cpu, 19->19->14 MB, 29 MB goal, 8 P
GC forced
gc 434 @50291.416s 0%: 0.012+4.1+0.013 ms clock, 0.098+0/5.6/1.5+0.10 ms cpu, 19->19->14 MB, 29 MB goal, 8 P
GC forced
gc 435 @50411.421s 0%: 0.013+2.9+0.006 ms clock, 0.11+0.13/4.3/1.2+0.055 ms cpu, 19->19->14 MB, 29 MB goal, 8 P
GC forced
gc 436 @50531.425s 0%: 0.015+2.1+0.004 ms clock, 0.12+0/2.8/6.1+0.039 ms cpu, 19->19->14 MB, 29 MB goal, 8 P
GC forced
gc 437 @50651.432s 0%: 0.023+2.9+0.006 ms clock, 0.18+0.20/4.6/1.4+0.054 ms cpu, 19->19->14 MB, 29 MB goal, 8 P
GC forced
gc 438 @50771.437s 0%: 0.014+3.4+0.006 ms clock, 0.11+0/4.0/3.5+0.053 ms cpu, 19->19->14 MB, 29 MB goal, 8 P
GC forced
gc 439 @50891.441s 0%: 0.010+2.5+0.006 ms clock, 0.085+0/4.1/3.0+0.051 ms cpu, 19->19->14 MB, 29 MB goal, 8 P
GC forced
gc 440 @51011.448s 0%: 0.010+2.7+0.006 ms clock, 0.080+0/3.5/4.3+0.051 ms cpu, 19->19->14 MB, 29 MB goal, 8 P
GC forced
gc 441 @51131.454s 0%: 0.055+2.9+0.006 ms clock, 0.44+0/5.2/0+0.049 ms cpu, 19->19->14 MB, 29 MB goal, 8 P
GC forced
gc 442 @51251.459s 0%: 0.049+2.6+0.006 ms clock, 0.39+0/2.1/3.6+0.055 ms cpu, 19->19->14 MB, 29 MB goal, 8 P
GC forced
gc 443 @51371.464s 0%: 0.033+2.8+0.006 ms clock, 0.26+0/3.5/2.7+0.053 ms cpu, 19->19->14 MB, 29 MB goal, 8 P
GC forced
gc 444 @51491.471s 0%: 0.039+3.0+0.006 ms clock, 0.31+0/5.0/0.52+0.050 ms cpu, 19->19->14 MB, 29 MB goal, 8 P
GC forced
gc 445 @51611.477s 0%: 0.008+2.7+0.005 ms clock, 0.068+0/3.1/6.2+0.047 ms cpu, 19->19->14 MB, 29 MB goal, 8 P
GC forced
gc 446 @51731.482s 0%: 0.008+2.8+0.007 ms clock, 0.067+0/3.7/1.9+0.056 ms cpu, 19->19->14 MB, 29 MB goal, 8 P
GC forced
gc 447 @51851.487s 0%: 0.024+3.1+0.006 ms clock, 0.19+0/4.4/2.3+0.048 ms cpu, 19->19->14 MB, 29 MB goal, 8 P
GC forced
gc 448 @51971.492s 0%: 0.010+2.9+0.006 ms clock, 0.082+0/1.9/3.9+0.051 ms cpu, 19->19->14 MB, 29 MB goal, 8 P
GC forced
gc 449 @52091.498s 0%: 0.010+3.0+0.005 ms clock, 0.082+0/2.8/3.0+0.046 ms cpu, 19->19->14 MB, 29 MB goal, 8 P
GC forced
gc 450 @52211.503s 0%: 0.009+1.7+0.005 ms clock, 0.075+0/3.4/3.9+0.047 ms cpu, 19->19->14 MB, 29 MB goal, 8 P
GC forced
gc 451 @52331.508s 0%: 0.012+1.9+0.007 ms clock, 0.10+0/2.9/5.0+0.056 ms cpu, 19->19->14 MB, 29 MB goal, 8 P
GC forced
gc 452 @52451.514s 0%: 0.009+2.7+0.006 ms clock, 0.073+0/3.9/3.5+0.055 ms cpu, 19->19->14 MB, 29 MB goal, 8 P
GC forced
gc 453 @52571.519s 0%: 0.031+2.2+0.005 ms clock, 0.25+0/2.8/4.8+0.046 ms cpu, 19->19->14 MB, 29 MB goal, 8 P
GC forced
gc 454 @52691.525s 0%: 0.008+3.3+0.007 ms clock, 0.071+0/6.5/3.3+0.056 ms cpu, 19->19->14 MB, 29 MB goal, 8 P
GC forced
gc 455 @52811.530s 0%: 0.013+3.3+0.007 ms clock, 0.10+0/4.1/3.4+0.058 ms cpu, 19->19->14 MB, 29 MB goal, 8 P
GC forced
gc 456 @52931.536s 0%: 0.012+3.4+0.006 ms clock, 0.10+0.18/4.6/1.4+0.053 ms cpu, 19->19->14 MB, 29 MB goal, 8 P
GC forced
gc 457 @53051.541s 0%: 0.010+2.5+0.006 ms clock, 0.082+0/2.1/6.7+0.048 ms cpu, 19->19->14 MB, 29 MB goal, 8 P
GC forced
gc 458 @53171.546s 0%: 0.064+2.8+0.006 ms clock, 0.51+0/3.1/2.9+0.051 ms cpu, 19->19->14 MB, 29 MB goal, 8 P
GC forced
gc 459 @53291.552s 0%: 0.009+2.8+0.006 ms clock, 0.072+0/3.4/3.2+0.049 ms cpu, 19->19->14 MB, 29 MB goal, 8 P
GC forced
gc 460 @53411.557s 0%: 0.010+2.6+0.005 ms clock, 0.087+0/3.4/4.4+0.046 ms cpu, 19->19->14 MB, 29 MB goal, 8 P
GC forced
gc 461 @53531.562s 0%: 0.074+2.6+0.005 ms clock, 0.59+0/3.4/6.2+0.046 ms cpu, 19->19->14 MB, 29 MB goal, 8 P
GC forced
gc 462 @53651.567s 0%: 0.009+2.7+0.005 ms clock, 0.072+0/3.6/2.8+0.044 ms cpu, 19->19->14 MB, 29 MB goal, 8 P
GC forced
gc 463 @53771.573s 0%: 0.009+2.7+0.006 ms clock, 0.074+0/2.5/4.3+0.048 ms cpu, 19->19->14 MB, 29 MB goal, 8 P
GC forced
gc 464 @53891.578s 0%: 0.025+2.7+0.006 ms clock, 0.20+0.21/3.8/1.7+0.048 ms cpu, 19->19->14 MB, 29 MB goal, 8 P
GC forced
gc 465 @54011.583s 0%: 0.008+2.8+0.006 ms clock, 0.064+0/4.0/1.7+0.054 ms cpu, 19->19->14 MB, 29 MB goal, 8 P
GC forced
gc 466 @54131.589s 0%: 0.027+4.1+0.006 ms clock, 0.22+0/4.8/2.8+0.051 ms cpu, 19->19->14 MB, 29 MB goal, 8 P
GC forced
gc 467 @54251.595s 0%: 0.008+2.4+0.006 ms clock, 0.067+0/3.3/7.5+0.050 ms cpu, 19->19->14 MB, 29 MB goal, 8 P
GC forced
gc 468 @54371.600s 0%: 0.051+3.0+0.006 ms clock, 0.41+0/4.9/2.4+0.049 ms cpu, 19->19->14 MB, 29 MB goal, 8 P
GC forced
gc 469 @54491.606s 0%: 0.008+2.8+0.005 ms clock, 0.068+0/4.2/1.5+0.044 ms cpu, 19->19->14 MB, 29 MB goal, 8 P
GC forced
gc 470 @54611.610s 0%: 0.008+2.2+0.006 ms clock, 0.067+0/3.6/5.2+0.049 ms cpu, 19->19->14 MB, 29 MB goal, 8 P
GC forced
gc 471 @54731.616s 0%: 0.011+2.8+0.006 ms clock, 0.092+0/3.8/2.7+0.048 ms cpu, 19->19->14 MB, 29 MB goal, 8 P
GC forced
gc 472 @54851.621s 0%: 0.057+3.1+0.006 ms clock, 0.46+0/2.8/3.1+0.050 ms cpu, 19->19->14 MB, 29 MB goal, 8 P
GC forced
gc 473 @54971.627s 0%: 0.008+2.6+0.005 ms clock, 0.066+0/3.6/2.2+0.046 ms cpu, 19->19->14 MB, 29 MB goal, 8 P
GC forced
gc 474 @55091.632s 0%: 0.014+1.9+0.005 ms clock, 0.11+0.85/3.4/3.8+0.042 ms cpu, 19->19->14 MB, 29 MB goal, 8 P
GC forced
gc 475 @55211.635s 0%: 0.009+2.6+0.006 ms clock, 0.079+0/4.1/1.8+0.050 ms cpu, 19->19->14 MB, 29 MB goal, 8 P
GC forced
gc 476 @55331.641s 0%: 0.010+2.7+0.005 ms clock, 0.080+0/4.0/2.4+0.045 ms cpu, 19->19->14 MB, 29 MB goal, 8 P
GC forced
gc 477 @55451.648s 0%: 0.010+3.2+0.007 ms clock, 0.087+0/4.3/2.8+0.063 ms cpu, 19->19->14 MB, 29 MB goal, 8 P
GC forced
gc 478 @55571.653s 0%: 0.010+2.9+0.006 ms clock, 0.081+0/4.5/1.7+0.051 ms cpu, 19->19->14 MB, 29 MB goal, 8 P
GC forced
gc 479 @55691.658s 0%: 0.008+2.8+0.006 ms clock, 0.071+0/4.3/1.6+0.052 ms cpu, 19->19->14 MB, 29 MB goal, 8 P
GC forced
gc 480 @55811.664s 0%: 0.017+2.8+0.006 ms clock, 0.14+0/4.3/1.5+0.054 ms cpu, 19->19->14 MB, 29 MB goal, 8 P
GC forced
gc 481 @55931.669s 0%: 0.008+2.8+0.005 ms clock, 0.064+0/3.9/2.3+0.047 ms cpu, 19->19->14 MB, 29 MB goal, 8 P
GC forced
gc 482 @56051.674s 0%: 0.011+2.7+0.006 ms clock, 0.090+0/1.4/6.4+0.053 ms cpu, 19->19->14 MB, 29 MB goal, 8 P
GC forced
gc 483 @56171.679s 0%: 0.008+2.7+0.006 ms clock, 0.070+0/3.5/2.5+0.050 ms cpu, 19->19->14 MB, 29 MB goal, 8 P
GC forced
gc 484 @56291.684s 0%: 0.008+2.7+0.006 ms clock, 0.071+0/3.6/2.6+0.051 ms cpu, 19->19->14 MB, 29 MB goal, 8 P
GC forced
gc 485 @56411.690s 0%: 0.007+2.9+0.006 ms clock, 0.063+0/5.4/4.7+0.049 ms cpu, 19->19->14 MB, 29 MB goal, 8 P
GC forced
gc 486 @56531.695s 0%: 0.009+3.1+0.006 ms clock, 0.077+0/2.0/6.5+0.049 ms cpu, 19->19->14 MB, 29 MB goal, 8 P
GC forced
gc 487 @56651.701s 0%: 0.007+2.7+0.006 ms clock, 0.063+0/3.7/3.2+0.053 ms cpu, 19->19->14 MB, 29 MB goal, 8 P
GC forced
gc 488 @56771.706s 0%: 0.009+3.1+0.005 ms clock, 0.075+0/3.4/3.1+0.047 ms cpu, 19->19->14 MB, 29 MB goal, 8 P
GC forced
gc 489 @56891.711s 0%: 0.019+3.4+0.006 ms clock, 0.15+0.043/4.3/4.2+0.048 ms cpu, 20->20->14 MB, 29 MB goal, 8 P
GC forced
gc 490 @57011.717s 0%: 0.031+4.6+0.013 ms clock, 0.25+0/5.6/0+0.10 ms cpu, 19->19->14 MB, 29 MB goal, 8 P
GC forced
gc 491 @57131.725s 0%: 0.030+2.9+0.005 ms clock, 0.24+0/2.9/2.5+0.046 ms cpu, 19->19->14 MB, 29 MB goal, 8 P
GC forced
gc 492 @57251.731s 0%: 0.011+1.6+0.006 ms clock, 0.091+0.17/2.9/4.5+0.055 ms cpu, 19->19->14 MB, 29 MB goal, 8 P
GC forced
gc 493 @57371.736s 0%: 0.015+2.6+0.006 ms clock, 0.12+0/2.9/2.7+0.050 ms cpu, 19->19->14 MB, 29 MB goal, 8 P
GC forced
gc 494 @57491.741s 0%: 0.010+1.8+0.005 ms clock, 0.081+0/3.0/4.2+0.043 ms cpu, 19->19->14 MB, 29 MB goal, 8 P
GC forced
gc 495 @57611.746s 0%: 0.013+2.9+0.005 ms clock, 0.10+0/3.5/3.2+0.040 ms cpu, 19->19->14 MB, 29 MB goal, 8 P
GC forced
gc 496 @57731.752s 0%: 0.008+2.7+0.006 ms clock, 0.069+0/1.6/5.6+0.052 ms cpu, 19->19->14 MB, 29 MB goal, 8 P
GC forced
gc 497 @57851.757s 0%: 0.009+2.8+0.006 ms clock, 0.076+0/4.2/1.4+0.050 ms cpu, 19->19->14 MB, 29 MB goal, 8 P
GC forced
gc 498 @57971.762s 0%: 0.029+3.2+0.006 ms clock, 0.23+0.21/5.3/0.23+0.048 ms cpu, 19->19->14 MB, 29 MB goal, 8 P
GC forced
gc 499 @58091.767s 0%: 0.016+3.5+0.006 ms clock, 0.13+0/4.4/3.1+0.049 ms cpu, 19->19->14 MB, 29 MB goal, 8 P
GC forced
gc 500 @58211.772s 0%: 0.009+2.9+0.007 ms clock, 0.075+0/3.7/4.8+0.058 ms cpu, 19->19->14 MB, 29 MB goal, 8 P
GC forced
gc 501 @58331.777s 0%: 0.008+2.8+0.006 ms clock, 0.065+0/3.8/3.1+0.049 ms cpu, 19->19->15 MB, 29 MB goal, 8 P
GC forced
gc 502 @58451.783s 0%: 0.015+3.0+0.013 ms clock, 0.12+0/4.2/1.6+0.10 ms cpu, 19->19->14 MB, 30 MB goal, 8 P
GC forced
gc 503 @58571.788s 0%: 0.009+2.8+0.005 ms clock, 0.075+0/4.2/3.3+0.046 ms cpu, 19->19->14 MB, 29 MB goal, 8 P
GC forced
gc 504 @58691.793s 0%: 0.029+3.1+0.006 ms clock, 0.23+0.20/5.3/0.044+0.051 ms cpu, 19->19->15 MB, 29 MB goal, 8 P
GC forced
gc 505 @58811.799s 0%: 0.009+2.8+0.006 ms clock, 0.073+0/3.9/2.3+0.050 ms cpu, 19->19->15 MB, 30 MB goal, 8 P
GC forced
gc 506 @58931.804s 0%: 0.010+2.7+0.006 ms clock, 0.081+0/3.4/2.3+0.051 ms cpu, 19->19->15 MB, 30 MB goal, 8 P
GC forced
gc 507 @59051.809s 0%: 0.017+4.4+0.006 ms clock, 0.13+0/5.1/0.37+0.048 ms cpu, 19->19->15 MB, 30 MB goal, 8 P
GC forced
gc 508 @59171.814s 0%: 0.010+2.3+0.005 ms clock, 0.087+0/3.7/4.1+0.047 ms cpu, 19->19->15 MB, 30 MB goal, 8 P
GC forced
gc 509 @59291.820s 0%: 0.031+2.9+0.007 ms clock, 0.25+0/4.2/2.1+0.059 ms cpu, 19->19->15 MB, 30 MB goal, 8 P
GC forced
gc 510 @59411.825s 0%: 0.008+2.0+0.005 ms clock, 0.069+0/3.8/5.9+0.043 ms cpu, 20->20->15 MB, 30 MB goal, 8 P
GC forced
gc 511 @59531.831s 0%: 0.009+2.8+0.007 ms clock, 0.078+0/3.4/3.3+0.061 ms cpu, 19->19->15 MB, 30 MB goal, 8 P
GC forced
gc 512 @59651.836s 0%: 0.024+2.5+0.006 ms clock, 0.19+2.4/2.5/5.2+0.055 ms cpu, 19->19->15 MB, 30 MB goal, 8 P
GC forced
gc 513 @59771.841s 0%: 0.009+2.7+0.006 ms clock, 0.079+0/1.7/5.9+0.049 ms cpu, 19->19->15 MB, 30 MB goal, 8 P
GC forced
gc 514 @59891.849s 0%: 0.030+3.1+0.006 ms clock, 0.24+0/5.9/0+0.051 ms cpu, 19->19->15 MB, 30 MB goal, 8 P
GC forced
gc 515 @60011.854s 0%: 0.015+3.9+0.007 ms clock, 0.12+0/5.4/1.6+0.057 ms cpu, 19->19->15 MB, 30 MB goal, 8 P
GC forced
gc 516 @60131.859s 0%: 0.013+3.1+0.005 ms clock, 0.10+0/4.7/2.1+0.046 ms cpu, 19->19->15 MB, 30 MB goal, 8 P
GC forced
gc 517 @60251.865s 0%: 0.007+4.3+0.007 ms clock, 0.061+0/5.4/2.4+0.062 ms cpu, 19->19->15 MB, 30 MB goal, 8 P
GC forced
gc 518 @60371.870s 0%: 0.015+1.8+0.005 ms clock, 0.12+1.6/2.4/4.5+0.043 ms cpu, 19->19->15 MB, 30 MB goal, 8 P
GC forced
gc 519 @60491.876s 0%: 0.021+3.1+0.005 ms clock, 0.16+0/4.8/0.90+0.046 ms cpu, 19->19->15 MB, 30 MB goal, 8 P
GC forced
gc 520 @60611.882s 0%: 0.007+2.9+0.006 ms clock, 0.056+0/4.2/1.7+0.049 ms cpu, 20->20->15 MB, 30 MB goal, 8 P
GC forced
gc 521 @60731.887s 0%: 0.009+3.4+0.006 ms clock, 0.078+0/4.4/2.4+0.048 ms cpu, 19->19->15 MB, 30 MB goal, 8 P
GC forced
gc 522 @60851.892s 0%: 0.009+1.6+0.006 ms clock, 0.075+0/2.4/4.4+0.051 ms cpu, 19->19->15 MB, 30 MB goal, 8 P
GC forced
gc 523 @60971.897s 0%: 0.008+2.7+0.005 ms clock, 0.067+0/2.8/4.6+0.045 ms cpu, 19->19->15 MB, 30 MB goal, 8 P
GC forced
gc 524 @61091.902s 0%: 0.013+2.3+0.007 ms clock, 0.10+2.0/2.1/5.7+0.059 ms cpu, 19->19->15 MB, 30 MB goal, 8 P
GC forced
gc 525 @61211.910s 0%: 0.009+3.0+0.006 ms clock, 0.076+0/4.6/0.88+0.050 ms cpu, 19->19->15 MB, 30 MB goal, 8 P
GC forced
gc 526 @61331.915s 0%: 0.008+3.0+0.005 ms clock, 0.069+0/4.0/4.7+0.042 ms cpu, 19->19->15 MB, 30 MB goal, 8 P
GC forced
gc 527 @61451.920s 0%: 0.007+2.0+0.006 ms clock, 0.059+0/3.2/6.7+0.049 ms cpu, 19->19->15 MB, 30 MB goal, 8 P
GC forced
gc 528 @61571.925s 0%: 0.019+2.9+0.005 ms clock, 0.15+0/2.9/2.5+0.046 ms cpu, 20->20->15 MB, 30 MB goal, 8 P
GC forced
gc 529 @61691.932s 0%: 0.035+3.1+0.006 ms clock, 0.28+0.25/4.3/1.2+0.049 ms cpu, 19->19->15 MB, 30 MB goal, 8 P
GC forced
gc 530 @61811.939s 0%: 0.013+2.8+0.007 ms clock, 0.10+0/3.9/3.2+0.063 ms cpu, 19->19->15 MB, 30 MB goal, 8 P
GC forced
gc 531 @61931.943s 0%: 0.014+2.0+0.006 ms clock, 0.11+0/3.1/4.5+0.049 ms cpu, 20->20->15 MB, 30 MB goal, 8 P
GC forced
gc 532 @62051.948s 0%: 0.016+3.4+0.006 ms clock, 0.13+0/1.3/5.7+0.055 ms cpu, 19->19->15 MB, 30 MB goal, 8 P
GC forced
gc 533 @62171.953s 0%: 0.009+2.5+0.006 ms clock, 0.072+0/4.1/2.6+0.050 ms cpu, 19->19->15 MB, 30 MB goal, 8 P
GC forced
gc 534 @62291.958s 0%: 0.009+2.7+0.005 ms clock, 0.077+0/3.5/3.5+0.047 ms cpu, 19->19->15 MB, 30 MB goal, 8 P
GC forced
gc 535 @62411.963s 0%: 0.013+2.7+0.005 ms clock, 0.10+0.17/3.8/3.0+0.040 ms cpu, 19->19->15 MB, 30 MB goal, 8 P
GC forced
gc 536 @62531.969s 0%: 0.072+2.3+0.005 ms clock, 0.58+1.4/4.2/1.4+0.047 ms cpu, 19->19->15 MB, 30 MB goal, 8 P
GC forced
gc 537 @62651.975s 0%: 0.013+3.7+0.006 ms clock, 0.10+0/2.4/3.6+0.052 ms cpu, 19->19->15 MB, 30 MB goal, 8 P
GC forced
gc 538 @62771.980s 0%: 0.009+2.9+0.006 ms clock, 0.074+0/3.7/2.1+0.048 ms cpu, 19->19->15 MB, 30 MB goal, 8 P
GC forced
gc 539 @62891.986s 0%: 0.008+3.2+0.005 ms clock, 0.071+0/4.7/0.86+0.047 ms cpu, 19->19->15 MB, 30 MB goal, 8 P
GC forced
gc 540 @63011.991s 0%: 0.008+1.8+0.006 ms clock, 0.067+0/2.9/5.5+0.049 ms cpu, 19->19->15 MB, 30 MB goal, 8 P
GC forced
gc 541 @63131.995s 0%: 0.009+1.8+0.005 ms clock, 0.079+0/2.7/5.1+0.043 ms cpu, 19->19->15 MB, 30 MB goal, 8 P
GC forced
gc 542 @63252.001s 0%: 0.009+2.8+0.005 ms clock, 0.077+0/3.7/2.3+0.043 ms cpu, 19->19->15 MB, 30 MB goal, 8 P
GC forced
gc 543 @63372.006s 0%: 0.008+2.3+0.005 ms clock, 0.065+0/2.0/8.6+0.047 ms cpu, 19->19->15 MB, 30 MB goal, 8 P
GC forced
gc 544 @63492.011s 0%: 0.009+3.2+0.005 ms clock, 0.072+0/4.3/2.0+0.047 ms cpu, 19->19->15 MB, 30 MB goal, 8 P
GC forced
gc 545 @63612.017s 0%: 0.009+3.2+0.006 ms clock, 0.073+0/3.2/2.5+0.051 ms cpu, 20->20->15 MB, 30 MB goal, 8 P
GC forced
gc 546 @63732.022s 0%: 0.007+2.9+0.006 ms clock, 0.062+0/4.3/3.0+0.051 ms cpu, 20->20->15 MB, 30 MB goal, 8 P
GC forced
gc 547 @63852.027s 0%: 0.012+3.0+0.005 ms clock, 0.10+0.21/4.5/1.2+0.046 ms cpu, 19->19->15 MB, 30 MB goal, 8 P
GC forced
gc 548 @63972.032s 0%: 0.007+2.8+0.005 ms clock, 0.060+0/5.1/2.7+0.046 ms cpu, 19->19->15 MB, 30 MB goal, 8 P
GC forced
gc 549 @64092.037s 0%: 0.007+2.9+0.006 ms clock, 0.058+0/3.5/2.1+0.050 ms cpu, 19->19->15 MB, 30 MB goal, 8 P
GC forced
gc 550 @64212.041s 0%: 0.009+2.8+0.005 ms clock, 0.073+0/2.9/2.6+0.047 ms cpu, 19->19->15 MB, 30 MB goal, 8 P
GC forced
gc 551 @64332.048s 0%: 0.026+5.4+0.007 ms clock, 0.20+0/6.2/0.41+0.057 ms cpu, 21->21->15 MB, 30 MB goal, 8 P
gc 552 @64345.402s 0%: 0.029+2.3+0.012 ms clock, 0.23+0.51/4.1/2.1+0.10 ms cpu, 30->30->15 MB, 31 MB goal, 8 P
gc 553 @64349.461s 0%: 0.006+3.4+0.005 ms clock, 0.054+1.8/4.8/4.9+0.042 ms cpu, 30->30->15 MB, 31 MB goal, 8 P
gc 554 @64353.585s 0%: 0.009+3.7+0.006 ms clock, 0.075+0/5.5/3.0+0.050 ms cpu, 30->30->15 MB, 31 MB goal, 8 P
gc 555 @64357.733s 0%: 0.013+3.0+0.005 ms clock, 0.10+2.2/4.9/1.6+0.044 ms cpu, 30->30->15 MB, 31 MB goal, 8 P
gc 556 @64361.952s 0%: 0.015+2.9+0.006 ms clock, 0.12+0.52/3.9/2.9+0.050 ms cpu, 30->30->15 MB, 31 MB goal, 8 P
gc 557 @64365.960s 0%: 0.021+5.2+0.009 ms clock, 0.17+0.25/6.8/0+0.074 ms cpu, 30->30->15 MB, 31 MB goal, 8 P
gc 558 @64370.102s 0%: 0.005+3.7+0.006 ms clock, 0.047+0.23/6.5/4.5+0.053 ms cpu, 30->30->15 MB, 31 MB goal, 8 P
gc 559 @64374.195s 0%: 0.007+4.9+0.008 ms clock, 0.058+0.097/7.9/1.0+0.066 ms cpu, 30->30->15 MB, 31 MB goal, 8 P
gc 560 @64378.523s 0%: 0.034+5.3+0.008 ms clock, 0.27+0.091/10/2.8+0.067 ms cpu, 30->30->15 MB, 31 MB goal, 8 P
gc 561 @64382.774s 0%: 0.006+2.3+0.007 ms clock, 0.050+0.25/4.0/2.6+0.056 ms cpu, 30->30->15 MB, 31 MB goal, 8 P
gc 562 @64386.818s 0%: 0.025+2.8+0.006 ms clock, 0.20+0.61/3.3/4.2+0.055 ms cpu, 30->30->15 MB, 31 MB goal, 8 P
gc 563 @64390.881s 0%: 0.060+3.1+0.005 ms clock, 0.48+0.23/4.2/1.7+0.045 ms cpu, 30->30->15 MB, 31 MB goal, 8 P
gc 564 @64395.001s 0%: 0.005+4.4+0.006 ms clock, 0.047+1.3/5.7/2.8+0.055 ms cpu, 30->30->15 MB, 31 MB goal, 8 P
gc 565 @64398.985s 0%: 0.044+5.0+0.006 ms clock, 0.35+0/6.7/2.9+0.053 ms cpu, 30->30->15 MB, 31 MB goal, 8 P
GC forced
gc 566 @64519.025s 0%: 0.010+3.0+0.007 ms clock, 0.081+0/3.8/2.3+0.061 ms cpu, 23->23->15 MB, 31 MB goal, 8 P
scvg: 0 MB released
scvg: inuse: 22, idle: 40, sys: 62, released: 30, consumed: 31 (MB)
scvg: 0 MB released
scvg: inuse: 18, idle: 43, sys: 62, released: 30, consumed: 31 (MB)
scvg: 0 MB released
scvg: inuse: 18, idle: 43, sys: 62, released: 30, consumed: 31 (MB)
scvg: 0 MB released
scvg: inuse: 18, idle: 43, sys: 62, released: 30, consumed: 31 (MB)
scvg: 0 MB released
scvg: inuse: 18, idle: 43, sys: 62, released: 30, consumed: 31 (MB)
scvg: 0 MB released
scvg: inuse: 18, idle: 43, sys: 62, released: 30, consumed: 31 (MB)
scvg: 0 MB released
scvg: inuse: 18, idle: 43, sys: 62, released: 30, consumed: 31 (MB)
scvg: 0 MB released
scvg: inuse: 18, idle: 43, sys: 62, released: 30, consumed: 31 (MB)
scvg: 0 MB released
scvg: inuse: 18, idle: 43, sys: 62, released: 30, consumed: 31 (MB)
scvg: 0 MB released
scvg: inuse: 18, idle: 43, sys: 62, released: 30, consumed: 31 (MB)
scvg: 0 MB released
scvg: inuse: 18, idle: 43, sys: 62, released: 30, consumed: 31 (MB)
scvg: 0 MB released
scvg: inuse: 18, idle: 43, sys: 62, released: 30, consumed: 31 (MB)
scvg: 0 MB released
scvg: inuse: 18, idle: 43, sys: 62, released: 31, consumed: 31 (MB)
scvg: 0 MB released
scvg: inuse: 18, idle: 43, sys: 62, released: 31, consumed: 31 (MB)
scvg: 0 MB released
scvg: inuse: 18, idle: 43, sys: 62, released: 31, consumed: 31 (MB)
scvg: 0 MB released
scvg: inuse: 18, idle: 43, sys: 62, released: 31, consumed: 31 (MB)
scvg: 0 MB released
scvg: inuse: 18, idle: 43, sys: 62, released: 31, consumed: 31 (MB)
scvg: 0 MB released
scvg: inuse: 18, idle: 43, sys: 62, released: 31, consumed: 31 (MB)
scvg: 0 MB released
scvg: inuse: 18, idle: 43, sys: 62, released: 31, consumed: 31 (MB)
scvg: 0 MB released
scvg: inuse: 18, idle: 43, sys: 62, released: 31, consumed: 31 (MB)
scvg: 0 MB released
scvg: inuse: 18, idle: 43, sys: 62, released: 31, consumed: 31 (MB)
scvg: 0 MB released
scvg: inuse: 18, idle: 43, sys: 62, released: 31, consumed: 31 (MB)
scvg: 0 MB released
scvg: inuse: 18, idle: 43, sys: 62, released: 31, consumed: 31 (MB)
scvg: 0 MB released
scvg: inuse: 18, idle: 43, sys: 62, released: 31, consumed: 31 (MB)
scvg: 0 MB released
scvg: inuse: 18, idle: 43, sys: 62, released: 31, consumed: 31 (MB)
scvg: 0 MB released
scvg: inuse: 18, idle: 43, sys: 62, released: 31, consumed: 31 (MB)
scvg: 0 MB released
scvg: inuse: 18, idle: 43, sys: 62, released: 31, consumed: 31 (MB)
scvg: 0 MB released
scvg: inuse: 18, idle: 43, sys: 62, released: 31, consumed: 31 (MB)
scvg: 0 MB released
scvg: inuse: 18, idle: 43, sys: 62, released: 31, consumed: 31 (MB)
scvg: 0 MB released
scvg: inuse: 18, idle: 43, sys: 62, released: 31, consumed: 31 (MB)
scvg: 0 MB released
scvg: inuse: 18, idle: 43, sys: 62, released: 31, consumed: 31 (MB)
scvg: 0 MB released
scvg: inuse: 18, idle: 43, sys: 62, released: 31, consumed: 31 (MB)
scvg: 0 MB released
scvg: inuse: 18, idle: 43, sys: 62, released: 31, consumed: 31 (MB)
scvg: 0 MB released
scvg: inuse: 18, idle: 43, sys: 62, released: 31, consumed: 31 (MB)
scvg: 0 MB released
scvg: inuse: 18, idle: 43, sys: 62, released: 31, consumed: 31 (MB)
scvg: 0 MB released
scvg: inuse: 18, idle: 43, sys: 62, released: 31, consumed: 31 (MB)
scvg: 0 MB released
scvg: inuse: 18, idle: 43, sys: 62, released: 31, consumed: 31 (MB)
scvg: 0 MB released
scvg: inuse: 18, idle: 43, sys: 62, released: 31, consumed: 31 (MB)
scvg: 0 MB released
scvg: inuse: 18, idle: 43, sys: 62, released: 31, consumed: 31 (MB)
scvg: 0 MB released
scvg: inuse: 18, idle: 43, sys: 62, released: 31, consumed: 31 (MB)
scvg: 0 MB released
scvg: inuse: 18, idle: 43, sys: 62, released: 31, consumed: 31 (MB)
scvg: 0 MB released
scvg: inuse: 18, idle: 43, sys: 62, released: 31, consumed: 31 (MB)
scvg: 0 MB released
scvg: inuse: 18, idle: 43, sys: 62, released: 31, consumed: 31 (MB)
scvg: 0 MB released
scvg: inuse: 18, idle: 43, sys: 62, released: 31, consumed: 31 (MB)
scvg: 0 MB released
scvg: inuse: 18, idle: 43, sys: 62, released: 31, consumed: 31 (MB)
scvg: 0 MB released
scvg: inuse: 18, idle: 43, sys: 62, released: 31, consumed: 31 (MB)
scvg: 0 MB released
scvg: inuse: 18, idle: 43, sys: 62, released: 31, consumed: 31 (MB)
scvg: 0 MB released
scvg: inuse: 18, idle: 43, sys: 62, released: 31, consumed: 31 (MB)
scvg: 0 MB released
scvg: inuse: 18, idle: 43, sys: 62, released: 31, consumed: 31 (MB)
scvg: 0 MB released
scvg: inuse: 18, idle: 43, sys: 62, released: 31, consumed: 31 (MB)
scvg: 0 MB released
scvg: inuse: 18, idle: 43, sys: 62, released: 31, consumed: 31 (MB)
scvg: 0 MB released
scvg: inuse: 18, idle: 43, sys: 62, released: 31, consumed: 31 (MB)
scvg: 0 MB released
scvg: inuse: 18, idle: 43, sys: 62, released: 31, consumed: 31 (MB)
scvg: 0 MB released
scvg: inuse: 18, idle: 43, sys: 62, released: 31, consumed: 31 (MB)
scvg: 0 MB released
scvg: inuse: 18, idle: 43, sys: 62, released: 31, consumed: 31 (MB)
scvg: 0 MB released
scvg: inuse: 18, idle: 43, sys: 62, released: 31, consumed: 31 (MB)
scvg: 0 MB released
scvg: inuse: 18, idle: 43, sys: 62, released: 31, consumed: 31 (MB)
scvg: 0 MB released
scvg: inuse: 18, idle: 43, sys: 62, released: 31, consumed: 31 (MB)
scvg: 0 MB released
scvg: inuse: 18, idle: 43, sys: 62, released: 31, consumed: 31 (MB)
scvg: 0 MB released
scvg: inuse: 18, idle: 43, sys: 62, released: 31, consumed: 31 (MB)
scvg: 0 MB released
scvg: inuse: 18, idle: 43, sys: 62, released: 31, consumed: 31 (MB)
scvg: 0 MB released
scvg: inuse: 18, idle: 43, sys: 62, released: 31, consumed: 30 (MB)
scvg: 0 MB released
scvg: inuse: 18, idle: 43, sys: 62, released: 31, consumed: 30 (MB)
scvg: 0 MB released
scvg: inuse: 18, idle: 43, sys: 62, released: 31, consumed: 30 (MB)
scvg: 0 MB released
scvg: inuse: 18, idle: 43, sys: 62, released: 31, consumed: 30 (MB)
scvg: 0 MB released
scvg: inuse: 18, idle: 43, sys: 62, released: 31, consumed: 30 (MB)
scvg: 0 MB released
scvg: inuse: 18, idle: 43, sys: 62, released: 31, consumed: 30 (MB)
scvg: 0 MB released
scvg: inuse: 18, idle: 43, sys: 62, released: 31, consumed: 30 (MB)
scvg: 0 MB released
scvg: inuse: 18, idle: 43, sys: 62, released: 31, consumed: 30 (MB)
scvg: 0 MB released
scvg: inuse: 18, idle: 43, sys: 62, released: 31, consumed: 30 (MB)
scvg: 0 MB released
scvg: inuse: 18, idle: 43, sys: 62, released: 31, consumed: 30 (MB)
scvg: 0 MB released
scvg: inuse: 18, idle: 43, sys: 62, released: 31, consumed: 30 (MB)
scvg: 0 MB released
scvg: inuse: 18, idle: 43, sys: 62, released: 31, consumed: 30 (MB)
scvg: 0 MB released
scvg: inuse: 18, idle: 43, sys: 62, released: 31, consumed: 30 (MB)
scvg: 0 MB released
scvg: inuse: 18, idle: 43, sys: 62, released: 31, consumed: 30 (MB)
scvg: 0 MB released
scvg: inuse: 18, idle: 43, sys: 62, released: 31, consumed: 30 (MB)
scvg: 0 MB released
scvg: inuse: 18, idle: 43, sys: 62, released: 31, consumed: 30 (MB)
scvg: 0 MB released
scvg: inuse: 18, idle: 43, sys: 62, released: 31, consumed: 30 (MB)
scvg: 0 MB released
scvg: inuse: 18, idle: 43, sys: 62, released: 31, consumed: 30 (MB)
scvg: 0 MB released
scvg: inuse: 18, idle: 43, sys: 62, released: 31, consumed: 30 (MB)
scvg: 0 MB released
scvg: inuse: 18, idle: 43, sys: 62, released: 31, consumed: 30 (MB)
scvg: 0 MB released
scvg: inuse: 18, idle: 43, sys: 62, released: 31, consumed: 30 (MB)
scvg: 0 MB released
scvg: inuse: 18, idle: 43, sys: 62, released: 31, consumed: 30 (MB)
scvg: 0 MB released
scvg: inuse: 18, idle: 43, sys: 62, released: 31, consumed: 30 (MB)
scvg: 0 MB released
scvg: inuse: 18, idle: 43, sys: 62, released: 31, consumed: 30 (MB)
scvg: 0 MB released
scvg: inuse: 18, idle: 43, sys: 62, released: 31, consumed: 30 (MB)
scvg: 0 MB released
scvg: inuse: 18, idle: 43, sys: 62, released: 31, consumed: 30 (MB)
scvg: 0 MB released
scvg: inuse: 18, idle: 43, sys: 62, released: 31, consumed: 30 (MB)
scvg: 0 MB released
scvg: inuse: 18, idle: 43, sys: 62, released: 31, consumed: 30 (MB)
scvg: 0 MB released
scvg: inuse: 18, idle: 43, sys: 62, released: 31, consumed: 30 (MB)
scvg: 0 MB released
scvg: inuse: 18, idle: 43, sys: 62, released: 31, consumed: 30 (MB)
scvg: 0 MB released
scvg: inuse: 18, idle: 43, sys: 62, released: 31, consumed: 30 (MB)
scvg: 0 MB released
scvg: inuse: 18, idle: 43, sys: 62, released: 31, consumed: 30 (MB)
scvg: 0 MB released
scvg: inuse: 18, idle: 43, sys: 62, released: 31, consumed: 30 (MB)
scvg: 0 MB released
scvg: inuse: 18, idle: 43, sys: 62, released: 31, consumed: 30 (MB)
scvg: 0 MB released
scvg: inuse: 18, idle: 43, sys: 62, released: 31, consumed: 30 (MB)
scvg: 0 MB released
scvg: inuse: 18, idle: 43, sys: 62, released: 31, consumed: 30 (MB)
scvg: 0 MB released
scvg: inuse: 18, idle: 43, sys: 62, released: 31, consumed: 30 (MB)
scvg: 0 MB released
scvg: inuse: 18, idle: 43, sys: 62, released: 31, consumed: 30 (MB)
scvg: 0 MB released
scvg: inuse: 18, idle: 43, sys: 62, released: 31, consumed: 30 (MB)
scvg: 0 MB released
scvg: inuse: 18, idle: 43, sys: 62, released: 31, consumed: 30 (MB)
scvg: 0 MB released
scvg: inuse: 18, idle: 43, sys: 62, released: 31, consumed: 30 (MB)
scvg: 0 MB released
scvg: inuse: 18, idle: 43, sys: 62, released: 31, consumed: 30 (MB)
scvg: 0 MB released
scvg: inuse: 18, idle: 43, sys: 62, released: 31, consumed: 30 (MB)
scvg: 0 MB released
scvg: inuse: 18, idle: 43, sys: 62, released: 31, consumed: 30 (MB)
scvg: 0 MB released
scvg: inuse: 18, idle: 43, sys: 62, released: 31, consumed: 30 (MB)
scvg: 0 MB released
scvg: inuse: 18, idle: 43, sys: 62, released: 31, consumed: 30 (MB)
scvg: 0 MB released
scvg: inuse: 18, idle: 43, sys: 62, released: 31, consumed: 30 (MB)
scvg: 0 MB released
scvg: inuse: 18, idle: 43, sys: 62, released: 31, consumed: 30 (MB)
scvg: 0 MB released
scvg: inuse: 18, idle: 43, sys: 62, released: 31, consumed: 30 (MB)
scvg: 0 MB released
scvg: inuse: 18, idle: 43, sys: 62, released: 31, consumed: 30 (MB)
scvg: 0 MB released
scvg: inuse: 18, idle: 43, sys: 62, released: 31, consumed: 30 (MB)
scvg: 0 MB released
scvg: inuse: 18, idle: 43, sys: 62, released: 31, consumed: 30 (MB)
scvg: 0 MB released
scvg: inuse: 18, idle: 43, sys: 62, released: 31, consumed: 30 (MB)
scvg: 0 MB released
scvg: inuse: 18, idle: 43, sys: 62, released: 31, consumed: 30 (MB)
scvg: 0 MB released
scvg: inuse: 18, idle: 43, sys: 62, released: 31, consumed: 30 (MB)
scvg: 0 MB released
scvg: inuse: 18, idle: 43, sys: 62, released: 31, consumed: 30 (MB)
scvg: 0 MB released
scvg: inuse: 18, idle: 43, sys: 62, released: 31, consumed: 30 (MB)
scvg: 0 MB released
scvg: inuse: 18, idle: 43, sys: 62, released: 31, consumed: 30 (MB)
scvg: 0 MB released
scvg: inuse: 18, idle: 43, sys: 62, released: 31, consumed: 30 (MB)
scvg: 0 MB released
scvg: inuse: 18, idle: 43, sys: 62, released: 31, consumed: 30 (MB)
scvg: 0 MB released
scvg: inuse: 18, idle: 43, sys: 62, released: 31, consumed: 30 (MB)
scvg: 0 MB released
scvg: inuse: 18, idle: 43, sys: 62, released: 31, consumed: 30 (MB)
scvg: 0 MB released
scvg: inuse: 18, idle: 43, sys: 62, released: 31, consumed: 30 (MB)
scvg: 0 MB released
scvg: inuse: 18, idle: 43, sys: 62, released: 31, consumed: 30 (MB)
scvg: 0 MB released
scvg: inuse: 18, idle: 43, sys: 62, released: 31, consumed: 30 (MB)
scvg: 0 MB released
scvg: inuse: 18, idle: 43, sys: 62, released: 31, consumed: 30 (MB)
scvg: 0 MB released
scvg: inuse: 18, idle: 43, sys: 62, released: 31, consumed: 30 (MB)
scvg: 0 MB released
scvg: inuse: 18, idle: 43, sys: 62, released: 31, consumed: 30 (MB)
scvg: 0 MB released
scvg: inuse: 18, idle: 43, sys: 62, released: 31, consumed: 30 (MB)
scvg: 0 MB released
scvg: inuse: 18, idle: 43, sys: 62, released: 31, consumed: 30 (MB)
scvg: 0 MB released
scvg: inuse: 18, idle: 43, sys: 62, released: 31, consumed: 30 (MB)
scvg: 0 MB released
scvg: inuse: 18, idle: 43, sys: 62, released: 31, consumed: 30 (MB)
scvg: 0 MB released
scvg: inuse: 18, idle: 43, sys: 62, released: 31, consumed: 30 (MB)
scvg: 0 MB released
scvg: inuse: 18, idle: 43, sys: 62, released: 31, consumed: 30 (MB)
scvg: 0 MB released
scvg: inuse: 18, idle: 43, sys: 62, released: 31, consumed: 30 (MB)
scvg: 0 MB released
scvg: inuse: 18, idle: 43, sys: 62, released: 31, consumed: 30 (MB)
scvg: 0 MB released
scvg: inuse: 18, idle: 43, sys: 62, released: 31, consumed: 30 (MB)
scvg: 0 MB released
scvg: inuse: 18, idle: 43, sys: 62, released: 31, consumed: 30 (MB)
scvg: 0 MB released
scvg: inuse: 18, idle: 43, sys: 62, released: 31, consumed: 30 (MB)
scvg: 0 MB released
scvg: inuse: 18, idle: 43, sys: 62, released: 32, consumed: 30 (MB)
scvg: 0 MB released
scvg: inuse: 18, idle: 43, sys: 62, released: 32, consumed: 30 (MB)
scvg: 0 MB released
scvg: inuse: 18, idle: 43, sys: 62, released: 32, consumed: 30 (MB)
scvg: 0 MB released
scvg: inuse: 18, idle: 43, sys: 62, released: 32, consumed: 30 (MB)
scvg: 0 MB released
scvg: inuse: 18, idle: 43, sys: 62, released: 32, consumed: 30 (MB)
scvg: 0 MB released
scvg: inuse: 18, idle: 43, sys: 62, released: 32, consumed: 30 (MB)
scvg: 0 MB released
scvg: inuse: 18, idle: 43, sys: 62, released: 32, consumed: 30 (MB)
scvg: 0 MB released
scvg: inuse: 18, idle: 43, sys: 62, released: 32, consumed: 30 (MB)
scvg: 0 MB released
scvg: inuse: 18, idle: 43, sys: 62, released: 32, consumed: 30 (MB)
scvg: 0 MB released
scvg: inuse: 18, idle: 43, sys: 62, released: 32, consumed: 30 (MB)
scvg: 0 MB released
scvg: inuse: 18, idle: 43, sys: 62, released: 32, consumed: 30 (MB)
scvg: 0 MB released
scvg: inuse: 18, idle: 43, sys: 62, released: 32, consumed: 30 (MB)
scvg: 0 MB released
scvg: inuse: 18, idle: 43, sys: 62, released: 32, consumed: 30 (MB)
scvg: 0 MB released
scvg: inuse: 18, idle: 43, sys: 62, released: 32, consumed: 30 (MB)
scvg: 0 MB released
scvg: inuse: 18, idle: 43, sys: 62, released: 32, consumed: 30 (MB)
scvg: 0 MB released
scvg: inuse: 18, idle: 43, sys: 62, released: 32, consumed: 30 (MB)
scvg: 0 MB released
scvg: inuse: 18, idle: 43, sys: 62, released: 32, consumed: 30 (MB)
scvg: 0 MB released
scvg: inuse: 18, idle: 43, sys: 62, released: 32, consumed: 30 (MB)
scvg: 0 MB released
scvg: inuse: 18, idle: 43, sys: 62, released: 32, consumed: 30 (MB)
scvg: 0 MB released
scvg: inuse: 18, idle: 43, sys: 62, released: 32, consumed: 30 (MB)
scvg: 0 MB released
scvg: inuse: 18, idle: 43, sys: 62, released: 32, consumed: 30 (MB)
scvg: 0 MB released
scvg: inuse: 18, idle: 43, sys: 62, released: 32, consumed: 30 (MB)
scvg: 0 MB released
scvg: inuse: 18, idle: 43, sys: 62, released: 32, consumed: 30 (MB)
scvg: 0 MB released
scvg: inuse: 18, idle: 43, sys: 62, released: 32, consumed: 30 (MB)
scvg: 0 MB released
scvg: inuse: 18, idle: 43, sys: 62, released: 32, consumed: 30 (MB)
scvg: 0 MB released
scvg: inuse: 18, idle: 43, sys: 62, released: 32, consumed: 30 (MB)
scvg: 0 MB released
scvg: inuse: 18, idle: 43, sys: 62, released: 32, consumed: 30 (MB)
scvg: 0 MB released
scvg: inuse: 18, idle: 43, sys: 62, released: 32, consumed: 30 (MB)
scvg: 0 MB released
scvg: inuse: 18, idle: 43, sys: 62, released: 32, consumed: 30 (MB)
scvg: 0 MB released
scvg: inuse: 18, idle: 43, sys: 62, released: 32, consumed: 30 (MB)
scvg: 0 MB released
scvg: inuse: 18, idle: 43, sys: 62, released: 32, consumed: 30 (MB)
scvg: 0 MB released
scvg: inuse: 18, idle: 43, sys: 62, released: 32, consumed: 30 (MB)
scvg: 0 MB released
scvg: inuse: 18, idle: 43, sys: 62, released: 32, consumed: 30 (MB)
scvg: 0 MB released
scvg: inuse: 18, idle: 43, sys: 62, released: 32, consumed: 30 (MB)
scvg: 0 MB released
scvg: inuse: 18, idle: 43, sys: 62, released: 32, consumed: 30 (MB)
scvg: 0 MB released
scvg: inuse: 18, idle: 43, sys: 62, released: 32, consumed: 30 (MB)
scvg: 0 MB released
scvg: inuse: 18, idle: 43, sys: 62, released: 32, consumed: 30 (MB)
scvg: 0 MB released
scvg: inuse: 18, idle: 43, sys: 62, released: 32, consumed: 30 (MB)
scvg: 0 MB released
scvg: inuse: 18, idle: 43, sys: 62, released: 32, consumed: 30 (MB)
scvg: 0 MB released
scvg: inuse: 18, idle: 43, sys: 62, released: 32, consumed: 30 (MB)
scvg: 0 MB released
scvg: inuse: 18, idle: 43, sys: 62, released: 32, consumed: 30 (MB)
scvg: 0 MB released
scvg: inuse: 18, idle: 43, sys: 62, released: 32, consumed: 30 (MB)
scvg: 0 MB released
scvg: inuse: 18, idle: 43, sys: 62, released: 32, consumed: 30 (MB)
scvg: 0 MB released
scvg: inuse: 18, idle: 43, sys: 62, released: 32, consumed: 30 (MB)
scvg: 0 MB released
scvg: inuse: 18, idle: 43, sys: 62, released: 32, consumed: 30 (MB)
scvg: 0 MB released
scvg: inuse: 18, idle: 43, sys: 62, released: 32, consumed: 30 (MB)
scvg: 0 MB released
scvg: inuse: 18, idle: 43, sys: 62, released: 32, consumed: 30 (MB)
scvg: 0 MB released
scvg: inuse: 18, idle: 43, sys: 62, released: 32, consumed: 30 (MB)
scvg: 0 MB released
scvg: inuse: 18, idle: 43, sys: 62, released: 32, consumed: 30 (MB)
scvg: 0 MB released
scvg: inuse: 18, idle: 43, sys: 62, released: 32, consumed: 29 (MB)
scvg: 0 MB released
scvg: inuse: 18, idle: 43, sys: 62, released: 32, consumed: 29 (MB)
scvg: 0 MB released
scvg: inuse: 18, idle: 43, sys: 62, released: 32, consumed: 29 (MB)
scvg: 0 MB released
scvg: inuse: 18, idle: 43, sys: 62, released: 32, consumed: 29 (MB)
scvg: 0 MB released
scvg: inuse: 18, idle: 43, sys: 62, released: 32, consumed: 29 (MB)
scvg: 0 MB released
scvg: inuse: 18, idle: 43, sys: 62, released: 32, consumed: 29 (MB)
scvg: 0 MB released
scvg: inuse: 18, idle: 43, sys: 62, released: 32, consumed: 29 (MB)
scvg: 0 MB released
scvg: inuse: 18, idle: 43, sys: 62, released: 32, consumed: 29 (MB)
scvg: 0 MB released
scvg: inuse: 18, idle: 43, sys: 62, released: 32, consumed: 29 (MB)
scvg: 0 MB released
scvg: inuse: 18, idle: 43, sys: 62, released: 32, consumed: 29 (MB)
scvg: 0 MB released
scvg: inuse: 18, idle: 43, sys: 62, released: 32, consumed: 29 (MB)
scvg: 0 MB released
scvg: inuse: 18, idle: 43, sys: 62, released: 32, consumed: 29 (MB)
scvg: 0 MB released
scvg: inuse: 18, idle: 43, sys: 62, released: 32, consumed: 29 (MB)
scvg: 0 MB released
scvg: inuse: 18, idle: 43, sys: 62, released: 32, consumed: 29 (MB)
scvg: 0 MB released
scvg: inuse: 18, idle: 43, sys: 62, released: 32, consumed: 29 (MB)
scvg: 0 MB released
scvg: inuse: 18, idle: 43, sys: 62, released: 32, consumed: 29 (MB)
scvg: 0 MB released
scvg: inuse: 18, idle: 43, sys: 62, released: 32, consumed: 29 (MB)
scvg: 0 MB released
scvg: inuse: 18, idle: 43, sys: 62, released: 32, consumed: 29 (MB)
scvg: 0 MB released
scvg: inuse: 18, idle: 43, sys: 62, released: 32, consumed: 29 (MB)
scvg: 0 MB released
scvg: inuse: 18, idle: 43, sys: 62, released: 32, consumed: 29 (MB)
scvg: 0 MB released
scvg: inuse: 18, idle: 43, sys: 62, released: 32, consumed: 29 (MB)
scvg: 0 MB released
scvg: inuse: 18, idle: 43, sys: 62, released: 32, consumed: 29 (MB)
scvg: 0 MB released
scvg: inuse: 18, idle: 43, sys: 62, released: 32, consumed: 29 (MB)
scvg: 0 MB released
scvg: inuse: 18, idle: 43, sys: 62, released: 32, consumed: 29 (MB)
scvg: 0 MB released
scvg: inuse: 18, idle: 43, sys: 62, released: 32, consumed: 29 (MB)
scvg: 0 MB released
scvg: inuse: 18, idle: 43, sys: 62, released: 32, consumed: 29 (MB)
scvg: 0 MB released
scvg: inuse: 18, idle: 43, sys: 62, released: 32, consumed: 29 (MB)
scvg: 0 MB released
scvg: inuse: 18, idle: 43, sys: 62, released: 32, consumed: 29 (MB)
scvg: 0 MB released
scvg: inuse: 18, idle: 43, sys: 62, released: 32, consumed: 29 (MB)
scvg: 0 MB released
scvg: inuse: 18, idle: 43, sys: 62, released: 32, consumed: 29 (MB)
scvg: 0 MB released
scvg: inuse: 18, idle: 43, sys: 62, released: 32, consumed: 29 (MB)
scvg: 0 MB released
scvg: inuse: 18, idle: 43, sys: 62, released: 32, consumed: 29 (MB)
scvg: 0 MB released
scvg: inuse: 18, idle: 43, sys: 62, released: 32, consumed: 29 (MB)
scvg: 0 MB released
scvg: inuse: 18, idle: 43, sys: 62, released: 32, consumed: 29 (MB)
scvg: 0 MB released
scvg: inuse: 18, idle: 43, sys: 62, released: 32, consumed: 29 (MB)
scvg: 0 MB released
scvg: inuse: 18, idle: 43, sys: 62, released: 32, consumed: 29 (MB)
scvg: 0 MB released
scvg: inuse: 18, idle: 43, sys: 62, released: 32, consumed: 29 (MB)
scvg: 0 MB released
scvg: inuse: 18, idle: 43, sys: 62, released: 32, consumed: 29 (MB)
scvg: 0 MB released
scvg: inuse: 18, idle: 43, sys: 62, released: 32, consumed: 29 (MB)
scvg: 0 MB released
scvg: inuse: 18, idle: 43, sys: 62, released: 32, consumed: 29 (MB)
scvg: 0 MB released
scvg: inuse: 18, idle: 43, sys: 62, released: 32, consumed: 29 (MB)
scvg: 0 MB released
scvg: inuse: 18, idle: 43, sys: 62, released: 32, consumed: 29 (MB)
scvg: 0 MB released
scvg: inuse: 18, idle: 43, sys: 62, released: 32, consumed: 29 (MB)
scvg: 0 MB released
scvg: inuse: 18, idle: 43, sys: 62, released: 32, consumed: 29 (MB)
scvg: 0 MB released
scvg: inuse: 18, idle: 43, sys: 62, released: 32, consumed: 29 (MB)
scvg: 0 MB released
scvg: inuse: 18, idle: 43, sys: 62, released: 32, consumed: 29 (MB)
scvg: 0 MB released
scvg: inuse: 18, idle: 43, sys: 62, released: 32, consumed: 29 (MB)
scvg: 0 MB released
scvg: inuse: 18, idle: 43, sys: 62, released: 32, consumed: 29 (MB)
scvg: 0 MB released
scvg: inuse: 18, idle: 43, sys: 62, released: 32, consumed: 29 (MB)
scvg: 0 MB released
scvg: inuse: 18, idle: 43, sys: 62, released: 32, consumed: 29 (MB)
scvg: 0 MB released
scvg: inuse: 18, idle: 43, sys: 62, released: 32, consumed: 29 (MB)
scvg: 0 MB released
scvg: inuse: 18, idle: 43, sys: 62, released: 32, consumed: 29 (MB)
scvg: 0 MB released
scvg: inuse: 18, idle: 43, sys: 62, released: 32, consumed: 29 (MB)
scvg: 0 MB released
scvg: inuse: 18, idle: 43, sys: 62, released: 32, consumed: 29 (MB)
scvg: 0 MB released
scvg: inuse: 18, idle: 43, sys: 62, released: 32, consumed: 29 (MB)
scvg: 0 MB released
scvg: inuse: 18, idle: 43, sys: 62, released: 32, consumed: 29 (MB)
scvg: 0 MB released
scvg: inuse: 18, idle: 43, sys: 62, released: 32, consumed: 29 (MB)
scvg: 0 MB released
scvg: inuse: 18, idle: 43, sys: 62, released: 32, consumed: 29 (MB)
scvg: 0 MB released
scvg: inuse: 18, idle: 43, sys: 62, released: 32, consumed: 29 (MB)
scvg: 0 MB released
scvg: inuse: 18, idle: 43, sys: 62, released: 32, consumed: 29 (MB)
scvg: 0 MB released
scvg: inuse: 18, idle: 43, sys: 62, released: 32, consumed: 29 (MB)
scvg: 0 MB released
scvg: inuse: 18, idle: 43, sys: 62, released: 32, consumed: 29 (MB)
scvg: 0 MB released
scvg: inuse: 18, idle: 43, sys: 62, released: 32, consumed: 29 (MB)
scvg: 0 MB released
scvg: inuse: 18, idle: 43, sys: 62, released: 32, consumed: 29 (MB)
scvg: 0 MB released
scvg: inuse: 18, idle: 43, sys: 62, released: 32, consumed: 29 (MB)
scvg: 0 MB released
scvg: inuse: 18, idle: 43, sys: 62, released: 32, consumed: 29 (MB)
scvg: 0 MB released
scvg: inuse: 18, idle: 43, sys: 62, released: 32, consumed: 29 (MB)
scvg: 0 MB released
scvg: inuse: 18, idle: 43, sys: 62, released: 32, consumed: 29 (MB)
scvg: 0 MB released
scvg: inuse: 18, idle: 43, sys: 62, released: 32, consumed: 29 (MB)
scvg: 0 MB released
scvg: inuse: 18, idle: 43, sys: 62, released: 32, consumed: 29 (MB)
scvg: 0 MB released
scvg: inuse: 18, idle: 43, sys: 62, released: 32, consumed: 29 (MB)
scvg: 0 MB released
scvg: inuse: 18, idle: 43, sys: 62, released: 32, consumed: 29 (MB)
scvg: 0 MB released
scvg: inuse: 18, idle: 43, sys: 62, released: 32, consumed: 29 (MB)
scvg: 0 MB released
scvg: inuse: 18, idle: 43, sys: 62, released: 32, consumed: 29 (MB)
scvg: 0 MB released
scvg: inuse: 18, idle: 43, sys: 62, released: 32, consumed: 29 (MB)
scvg: 0 MB released
scvg: inuse: 18, idle: 43, sys: 62, released: 32, consumed: 29 (MB)
scvg: 0 MB released
scvg: inuse: 18, idle: 43, sys: 62, released: 32, consumed: 29 (MB)
scvg: 0 MB released
scvg: inuse: 18, idle: 43, sys: 62, released: 32, consumed: 29 (MB)
scvg: 0 MB released
scvg: inuse: 18, idle: 43, sys: 62, released: 32, consumed: 29 (MB)
scvg: 0 MB released
scvg: inuse: 18, idle: 43, sys: 62, released: 33, consumed: 29 (MB)
scvg: 0 MB released
scvg: inuse: 18, idle: 43, sys: 62, released: 33, consumed: 29 (MB)
scvg: 0 MB released
scvg: inuse: 18, idle: 43, sys: 62, released: 33, consumed: 29 (MB)
scvg: 0 MB released
scvg: inuse: 18, idle: 43, sys: 62, released: 33, consumed: 29 (MB)
scvg: 0 MB released
scvg: inuse: 18, idle: 43, sys: 62, released: 33, consumed: 29 (MB)
scvg: 0 MB released
scvg: inuse: 18, idle: 43, sys: 62, released: 33, consumed: 29 (MB)
scvg: 0 MB released
scvg: inuse: 18, idle: 43, sys: 62, released: 33, consumed: 29 (MB)
scvg: 0 MB released
scvg: inuse: 18, idle: 43, sys: 62, released: 33, consumed: 29 (MB)
scvg: 0 MB released
scvg: inuse: 18, idle: 43, sys: 62, released: 33, consumed: 29 (MB)
scvg: 0 MB released
scvg: inuse: 18, idle: 43, sys: 62, released: 33, consumed: 29 (MB)
scvg: 0 MB released
scvg: inuse: 18, idle: 43, sys: 62, released: 33, consumed: 29 (MB)
scvg: 0 MB released
scvg: inuse: 18, idle: 43, sys: 62, released: 33, consumed: 29 (MB)
scvg: 0 MB released
scvg: inuse: 18, idle: 43, sys: 62, released: 33, consumed: 29 (MB)
scvg: 0 MB released
scvg: inuse: 18, idle: 43, sys: 62, released: 33, consumed: 29 (MB)
scvg: 0 MB released
scvg: inuse: 18, idle: 43, sys: 62, released: 33, consumed: 29 (MB)
scvg: 0 MB released
scvg: inuse: 18, idle: 43, sys: 62, released: 33, consumed: 29 (MB)
scvg: 0 MB released
scvg: inuse: 18, idle: 43, sys: 62, released: 33, consumed: 29 (MB)
scvg: 0 MB released
scvg: inuse: 18, idle: 43, sys: 62, released: 33, consumed: 29 (MB)
scvg: 0 MB released
scvg: inuse: 18, idle: 43, sys: 62, released: 33, consumed: 29 (MB)
scvg: 0 MB released
scvg: inuse: 18, idle: 43, sys: 62, released: 33, consumed: 29 (MB)
scvg: 0 MB released
scvg: inuse: 18, idle: 43, sys: 62, released: 33, consumed: 29 (MB)
scvg: 0 MB released
scvg: inuse: 18, idle: 43, sys: 62, released: 33, consumed: 29 (MB)
scvg: 0 MB released
scvg: inuse: 18, idle: 43, sys: 62, released: 33, consumed: 29 (MB)
scvg: 0 MB released
scvg: inuse: 18, idle: 43, sys: 62, released: 33, consumed: 29 (MB)
scvg: 0 MB released
scvg: inuse: 18, idle: 43, sys: 62, released: 33, consumed: 29 (MB)
scvg: 0 MB released
scvg: inuse: 18, idle: 43, sys: 62, released: 33, consumed: 29 (MB)
scvg: 0 MB released
scvg: inuse: 18, idle: 43, sys: 62, released: 33, consumed: 29 (MB)
scvg: 0 MB released
scvg: inuse: 18, idle: 43, sys: 62, released: 33, consumed: 29 (MB)
scvg: 0 MB released
scvg: inuse: 18, idle: 43, sys: 62, released: 33, consumed: 29 (MB)
scvg: 0 MB released
scvg: inuse: 18, idle: 43, sys: 62, released: 33, consumed: 29 (MB)
scvg: 0 MB released
scvg: inuse: 18, idle: 43, sys: 62, released: 33, consumed: 29 (MB)
scvg: 0 MB released
scvg: inuse: 18, idle: 43, sys: 62, released: 33, consumed: 29 (MB)
scvg: 0 MB released
scvg: inuse: 18, idle: 43, sys: 62, released: 33, consumed: 29 (MB)
scvg: 0 MB released
scvg: inuse: 18, idle: 43, sys: 62, released: 33, consumed: 29 (MB)
scvg: 0 MB released
scvg: inuse: 18, idle: 43, sys: 62, released: 33, consumed: 29 (MB)
scvg: 0 MB released
scvg: inuse: 18, idle: 43, sys: 62, released: 33, consumed: 29 (MB)
scvg: 0 MB released
scvg: inuse: 18, idle: 43, sys: 62, released: 33, consumed: 29 (MB)
scvg: 0 MB released
scvg: inuse: 18, idle: 43, sys: 62, released: 33, consumed: 29 (MB)
scvg: 0 MB released
scvg: inuse: 18, idle: 43, sys: 62, released: 33, consumed: 29 (MB)
scvg: 0 MB released
scvg: inuse: 18, idle: 43, sys: 62, released: 33, consumed: 29 (MB)
scvg: 0 MB released
scvg: inuse: 18, idle: 43, sys: 62, released: 33, consumed: 29 (MB)
scvg: 0 MB released
scvg: inuse: 18, idle: 43, sys: 62, released: 33, consumed: 29 (MB)
scvg: 0 MB released
scvg: inuse: 18, idle: 43, sys: 62, released: 33, consumed: 29 (MB)
scvg: 0 MB released
scvg: inuse: 18, idle: 43, sys: 62, released: 33, consumed: 29 (MB)
scvg: 0 MB released
scvg: inuse: 18, idle: 43, sys: 62, released: 33, consumed: 29 (MB)
scvg: 0 MB released
scvg: inuse: 18, idle: 43, sys: 62, released: 33, consumed: 29 (MB)
scvg: 0 MB released
scvg: inuse: 18, idle: 43, sys: 62, released: 33, consumed: 29 (MB)
scvg: 0 MB released
scvg: inuse: 18, idle: 43, sys: 62, released: 33, consumed: 29 (MB)
scvg: 0 MB released
scvg: inuse: 18, idle: 43, sys: 62, released: 33, consumed: 29 (MB)
scvg: 0 MB released
scvg: inuse: 18, idle: 43, sys: 62, released: 33, consumed: 28 (MB)
scvg: 0 MB released
scvg: inuse: 18, idle: 43, sys: 62, released: 33, consumed: 28 (MB)
scvg: 0 MB released
scvg: inuse: 18, idle: 43, sys: 62, released: 33, consumed: 28 (MB)
scvg: 0 MB released
scvg: inuse: 18, idle: 43, sys: 62, released: 33, consumed: 28 (MB)
scvg: 0 MB released
scvg: inuse: 18, idle: 43, sys: 62, released: 33, consumed: 28 (MB)
scvg: 0 MB released
scvg: inuse: 18, idle: 43, sys: 62, released: 33, consumed: 28 (MB)
scvg: 0 MB released
scvg: inuse: 18, idle: 43, sys: 62, released: 33, consumed: 28 (MB)
scvg: 0 MB released
scvg: inuse: 18, idle: 43, sys: 62, released: 33, consumed: 28 (MB)
scvg: 0 MB released
scvg: inuse: 18, idle: 43, sys: 62, released: 33, consumed: 28 (MB)
scvg: 0 MB released
scvg: inuse: 18, idle: 43, sys: 62, released: 33, consumed: 28 (MB)
scvg: 0 MB released
scvg: inuse: 18, idle: 43, sys: 62, released: 33, consumed: 28 (MB)
scvg: 0 MB released
scvg: inuse: 18, idle: 43, sys: 62, released: 33, consumed: 28 (MB)
scvg: 0 MB released
scvg: inuse: 18, idle: 43, sys: 62, released: 33, consumed: 28 (MB)
scvg: 0 MB released
scvg: inuse: 18, idle: 43, sys: 62, released: 33, consumed: 28 (MB)
scvg: 0 MB released
scvg: inuse: 18, idle: 43, sys: 62, released: 33, consumed: 28 (MB)
scvg: 0 MB released
scvg: inuse: 18, idle: 43, sys: 62, released: 33, consumed: 28 (MB)
scvg: 0 MB released
scvg: inuse: 18, idle: 43, sys: 62, released: 33, consumed: 28 (MB)
scvg: 0 MB released
scvg: inuse: 18, idle: 43, sys: 62, released: 33, consumed: 28 (MB)
scvg: 0 MB released
scvg: inuse: 18, idle: 43, sys: 62, released: 33, consumed: 28 (MB)
scvg: 0 MB released
scvg: inuse: 18, idle: 43, sys: 62, released: 33, consumed: 28 (MB)
scvg: 0 MB released
scvg: inuse: 18, idle: 43, sys: 62, released: 33, consumed: 28 (MB)
scvg: 0 MB released
scvg: inuse: 18, idle: 43, sys: 62, released: 33, consumed: 28 (MB)
scvg: 0 MB released
scvg: inuse: 18, idle: 43, sys: 62, released: 33, consumed: 28 (MB)
scvg: 0 MB released
scvg: inuse: 18, idle: 43, sys: 62, released: 33, consumed: 28 (MB)
scvg: 0 MB released
scvg: inuse: 18, idle: 43, sys: 62, released: 33, consumed: 28 (MB)
scvg: 0 MB released
scvg: inuse: 18, idle: 43, sys: 62, released: 33, consumed: 28 (MB)
scvg: 0 MB released
scvg: inuse: 18, idle: 43, sys: 62, released: 33, consumed: 28 (MB)
scvg: 0 MB released
scvg: inuse: 18, idle: 43, sys: 62, released: 33, consumed: 28 (MB)
scvg: 0 MB released
scvg: inuse: 18, idle: 43, sys: 62, released: 33, consumed: 28 (MB)
scvg: 0 MB released
scvg: inuse: 18, idle: 43, sys: 62, released: 33, consumed: 28 (MB)
scvg: 0 MB released
scvg: inuse: 18, idle: 43, sys: 62, released: 33, consumed: 28 (MB)
scvg: 0 MB released
scvg: inuse: 18, idle: 43, sys: 62, released: 33, consumed: 28 (MB)
scvg: 0 MB released
scvg: inuse: 18, idle: 43, sys: 62, released: 33, consumed: 28 (MB)
scvg: 0 MB released
scvg: inuse: 18, idle: 43, sys: 62, released: 33, consumed: 28 (MB)
scvg: 0 MB released
scvg: inuse: 18, idle: 43, sys: 62, released: 33, consumed: 28 (MB)
scvg: 0 MB released
scvg: inuse: 18, idle: 43, sys: 62, released: 33, consumed: 28 (MB)
scvg: 0 MB released
scvg: inuse: 18, idle: 43, sys: 62, released: 33, consumed: 28 (MB)
scvg: 0 MB released
scvg: inuse: 18, idle: 43, sys: 62, released: 33, consumed: 28 (MB)
scvg: 0 MB released
scvg: inuse: 18, idle: 43, sys: 62, released: 33, consumed: 28 (MB)
scvg: 0 MB released
scvg: inuse: 18, idle: 43, sys: 62, released: 33, consumed: 28 (MB)
scvg: 0 MB released
scvg: inuse: 18, idle: 43, sys: 62, released: 33, consumed: 28 (MB)
scvg: 0 MB released
scvg: inuse: 18, idle: 43, sys: 62, released: 33, consumed: 28 (MB)
scvg: 0 MB released
scvg: inuse: 18, idle: 43, sys: 62, released: 33, consumed: 28 (MB)
scvg: 0 MB released
scvg: inuse: 18, idle: 43, sys: 62, released: 33, consumed: 28 (MB)
scvg: 0 MB released
scvg: inuse: 18, idle: 43, sys: 62, released: 33, consumed: 28 (MB)
scvg: 0 MB released
scvg: inuse: 18, idle: 43, sys: 62, released: 33, consumed: 28 (MB)
scvg: 0 MB released
scvg: inuse: 18, idle: 43, sys: 62, released: 33, consumed: 28 (MB)
scvg: 0 MB released
scvg: inuse: 18, idle: 43, sys: 62, released: 33, consumed: 28 (MB)
scvg: 0 MB released
scvg: inuse: 18, idle: 43, sys: 62, released: 33, consumed: 28 (MB)
scvg: 0 MB released
scvg: inuse: 18, idle: 43, sys: 62, released: 33, consumed: 28 (MB)
scvg: 0 MB released
scvg: inuse: 18, idle: 43, sys: 62, released: 33, consumed: 28 (MB)
scvg: 0 MB released
scvg: inuse: 18, idle: 43, sys: 62, released: 33, consumed: 28 (MB)
scvg: 0 MB released
scvg: inuse: 18, idle: 43, sys: 62, released: 33, consumed: 28 (MB)
scvg: 0 MB released
scvg: inuse: 18, idle: 43, sys: 62, released: 33, consumed: 28 (MB)
scvg: 0 MB released
scvg: inuse: 18, idle: 43, sys: 62, released: 33, consumed: 28 (MB)
scvg: 0 MB released
scvg: inuse: 18, idle: 43, sys: 62, released: 33, consumed: 28 (MB)
scvg: 0 MB released
scvg: inuse: 18, idle: 43, sys: 62, released: 33, consumed: 28 (MB)
scvg: 0 MB released
scvg: inuse: 18, idle: 43, sys: 62, released: 33, consumed: 28 (MB)
scvg: 0 MB released
scvg: inuse: 18, idle: 43, sys: 62, released: 33, consumed: 28 (MB)
scvg: 0 MB released
scvg: inuse: 18, idle: 43, sys: 62, released: 33, consumed: 28 (MB)
scvg: 0 MB released
scvg: inuse: 18, idle: 43, sys: 62, released: 33, consumed: 28 (MB)
scvg: 0 MB released
scvg: inuse: 18, idle: 43, sys: 62, released: 33, consumed: 28 (MB)
scvg: 0 MB released
scvg: inuse: 18, idle: 43, sys: 62, released: 33, consumed: 28 (MB)
scvg: 0 MB released
scvg: inuse: 18, idle: 43, sys: 62, released: 33, consumed: 28 (MB)
scvg: 0 MB released
scvg: inuse: 18, idle: 43, sys: 62, released: 33, consumed: 28 (MB)
scvg: 0 MB released
scvg: inuse: 18, idle: 43, sys: 62, released: 33, consumed: 28 (MB)
scvg: 0 MB released
scvg: inuse: 18, idle: 43, sys: 62, released: 33, consumed: 28 (MB)
scvg: 0 MB released
scvg: inuse: 18, idle: 43, sys: 62, released: 33, consumed: 28 (MB)
scvg: 0 MB released
scvg: inuse: 18, idle: 43, sys: 62, released: 33, consumed: 28 (MB)
scvg: 0 MB released
scvg: inuse: 18, idle: 43, sys: 62, released: 33, consumed: 28 (MB)
scvg: 0 MB released
scvg: inuse: 18, idle: 43, sys: 62, released: 33, consumed: 28 (MB)
scvg: 0 MB released
scvg: inuse: 18, idle: 43, sys: 62, released: 33, consumed: 28 (MB)
scvg: 0 MB released
scvg: inuse: 18, idle: 43, sys: 62, released: 33, consumed: 28 (MB)
scvg: 0 MB released
scvg: inuse: 18, idle: 43, sys: 62, released: 33, consumed: 28 (MB)
scvg: 0 MB released
scvg: inuse: 18, idle: 43, sys: 62, released: 33, consumed: 28 (MB)
scvg: 0 MB released
scvg: inuse: 18, idle: 43, sys: 62, released: 33, consumed: 28 (MB)
scvg: 0 MB released
scvg: inuse: 18, idle: 43, sys: 62, released: 33, consumed: 28 (MB)
scvg: 0 MB released
scvg: inuse: 18, idle: 43, sys: 62, released: 33, consumed: 28 (MB)
scvg: 0 MB released
scvg: inuse: 18, idle: 43, sys: 62, released: 33, consumed: 28 (MB)
scvg: 0 MB released
scvg: inuse: 18, idle: 43, sys: 62, released: 34, consumed: 28 (MB)
scvg: 0 MB released
scvg: inuse: 18, idle: 43, sys: 62, released: 34, consumed: 28 (MB)
scvg: 0 MB released
scvg: inuse: 18, idle: 43, sys: 62, released: 34, consumed: 28 (MB)
scvg: 0 MB released
scvg: inuse: 18, idle: 43, sys: 62, released: 34, consumed: 28 (MB)
scvg: 0 MB released
scvg: inuse: 18, idle: 43, sys: 62, released: 34, consumed: 28 (MB)
scvg: 0 MB released
scvg: inuse: 18, idle: 43, sys: 62, released: 34, consumed: 28 (MB)
scvg: 0 MB released
scvg: inuse: 18, idle: 43, sys: 62, released: 34, consumed: 28 (MB)
scvg: 0 MB released
scvg: inuse: 18, idle: 43, sys: 62, released: 34, consumed: 28 (MB)
scvg: 0 MB released
scvg: inuse: 18, idle: 43, sys: 62, released: 34, consumed: 28 (MB)
scvg: 0 MB released
scvg: inuse: 18, idle: 43, sys: 62, released: 34, consumed: 28 (MB)
scvg: 0 MB released
scvg: inuse: 18, idle: 43, sys: 62, released: 34, consumed: 28 (MB)
scvg: 0 MB released
scvg: inuse: 18, idle: 43, sys: 62, released: 34, consumed: 28 (MB)
scvg: 0 MB released
scvg: inuse: 18, idle: 43, sys: 62, released: 34, consumed: 28 (MB)
scvg: 0 MB released
scvg: inuse: 18, idle: 43, sys: 62, released: 34, consumed: 28 (MB)
scvg: 0 MB released
scvg: inuse: 18, idle: 43, sys: 62, released: 34, consumed: 28 (MB)
scvg: 0 MB released
scvg: inuse: 18, idle: 43, sys: 62, released: 34, consumed: 28 (MB)
scvg: 0 MB released
scvg: inuse: 18, idle: 43, sys: 62, released: 34, consumed: 28 (MB)
scvg: 0 MB released
scvg: inuse: 18, idle: 43, sys: 62, released: 34, consumed: 28 (MB)
scvg: 0 MB released
scvg: inuse: 18, idle: 43, sys: 62, released: 34, consumed: 28 (MB)
scvg: 0 MB released
scvg: inuse: 18, idle: 43, sys: 62, released: 34, consumed: 28 (MB)
scvg: 0 MB released
scvg: inuse: 18, idle: 43, sys: 62, released: 34, consumed: 28 (MB)
scvg: 0 MB released
scvg: inuse: 18, idle: 43, sys: 62, released: 34, consumed: 28 (MB)
scvg: 0 MB released
scvg: inuse: 18, idle: 43, sys: 62, released: 34, consumed: 28 (MB)
scvg: 0 MB released
scvg: inuse: 18, idle: 43, sys: 62, released: 34, consumed: 28 (MB)
scvg: 0 MB released
scvg: inuse: 18, idle: 43, sys: 62, released: 34, consumed: 28 (MB)
scvg: 0 MB released
scvg: inuse: 18, idle: 43, sys: 62, released: 34, consumed: 28 (MB)
scvg: 0 MB released
scvg: inuse: 18, idle: 43, sys: 62, released: 34, consumed: 28 (MB)
scvg: 0 MB released
scvg: inuse: 18, idle: 43, sys: 62, released: 34, consumed: 28 (MB)
scvg: 0 MB released
scvg: inuse: 18, idle: 43, sys: 62, released: 34, consumed: 28 (MB)
scvg: 0 MB released
scvg: inuse: 18, idle: 43, sys: 62, released: 34, consumed: 28 (MB)
scvg: 0 MB released
scvg: inuse: 18, idle: 43, sys: 62, released: 34, consumed: 28 (MB)
scvg: 0 MB released
scvg: inuse: 18, idle: 43, sys: 62, released: 34, consumed: 28 (MB)
scvg: 0 MB released
scvg: inuse: 18, idle: 43, sys: 62, released: 34, consumed: 28 (MB)
scvg: 0 MB released
scvg: inuse: 18, idle: 43, sys: 62, released: 34, consumed: 28 (MB)
scvg: 0 MB released
scvg: inuse: 18, idle: 43, sys: 62, released: 34, consumed: 28 (MB)
scvg: 0 MB released
scvg: inuse: 18, idle: 43, sys: 62, released: 34, consumed: 28 (MB)
scvg: 0 MB released
scvg: inuse: 18, idle: 43, sys: 62, released: 34, consumed: 28 (MB)
scvg: 0 MB released
scvg: inuse: 18, idle: 43, sys: 62, released: 34, consumed: 28 (MB)
scvg: 0 MB released
scvg: inuse: 18, idle: 43, sys: 62, released: 34, consumed: 28 (MB)
scvg: 0 MB released
scvg: inuse: 18, idle: 43, sys: 62, released: 34, consumed: 28 (MB)
scvg: 0 MB released
scvg: inuse: 18, idle: 43, sys: 62, released: 34, consumed: 28 (MB)
scvg: 0 MB released
scvg: inuse: 18, idle: 43, sys: 62, released: 34, consumed: 28 (MB)
scvg: 0 MB released
scvg: inuse: 18, idle: 43, sys: 62, released: 34, consumed: 28 (MB)
scvg: 0 MB released
scvg: inuse: 18, idle: 43, sys: 62, released: 34, consumed: 28 (MB)
scvg: 0 MB released
scvg: inuse: 18, idle: 43, sys: 62, released: 34, consumed: 28 (MB)
scvg: 0 MB released
scvg: inuse: 18, idle: 43, sys: 62, released: 34, consumed: 28 (MB)
scvg: 0 MB released
scvg: inuse: 18, idle: 43, sys: 62, released: 34, consumed: 28 (MB)
scvg: 0 MB released
scvg: inuse: 18, idle: 43, sys: 62, released: 34, consumed: 28 (MB)
scvg: 0 MB released
scvg: inuse: 18, idle: 43, sys: 62, released: 34, consumed: 28 (MB)
scvg: 0 MB released
scvg: inuse: 18, idle: 43, sys: 62, released: 34, consumed: 27 (MB)
scvg: 0 MB released
scvg: inuse: 18, idle: 43, sys: 62, released: 34, consumed: 27 (MB)
scvg: 0 MB released
scvg: inuse: 18, idle: 43, sys: 62, released: 34, consumed: 27 (MB)
scvg: 0 MB released
scvg: inuse: 18, idle: 43, sys: 62, released: 34, consumed: 27 (MB)
scvg: 0 MB released
scvg: inuse: 18, idle: 43, sys: 62, released: 34, consumed: 27 (MB)
scvg: 0 MB released
scvg: inuse: 18, idle: 43, sys: 62, released: 34, consumed: 27 (MB)
scvg: 0 MB released
scvg: inuse: 18, idle: 43, sys: 62, released: 34, consumed: 27 (MB)
scvg: 0 MB released
scvg: inuse: 18, idle: 43, sys: 62, released: 34, consumed: 27 (MB)
scvg: 0 MB released
scvg: inuse: 18, idle: 43, sys: 62, released: 34, consumed: 27 (MB)
scvg: 0 MB released
scvg: inuse: 18, idle: 43, sys: 62, released: 34, consumed: 27 (MB)
scvg: 0 MB released
scvg: inuse: 18, idle: 43, sys: 62, released: 34, consumed: 27 (MB)
scvg: 0 MB released
scvg: inuse: 18, idle: 43, sys: 62, released: 34, consumed: 27 (MB)
scvg: 0 MB released
scvg: inuse: 18, idle: 43, sys: 62, released: 34, consumed: 27 (MB)
scvg: 0 MB released
scvg: inuse: 18, idle: 43, sys: 62, released: 34, consumed: 27 (MB)
scvg: 0 MB released
scvg: inuse: 18, idle: 43, sys: 62, released: 34, consumed: 27 (MB)
scvg: 0 MB released
scvg: inuse: 18, idle: 43, sys: 62, released: 34, consumed: 27 (MB)
scvg: 0 MB released
scvg: inuse: 18, idle: 43, sys: 62, released: 34, consumed: 27 (MB)
scvg: 0 MB released
scvg: inuse: 18, idle: 43, sys: 62, released: 34, consumed: 27 (MB)
scvg: 0 MB released
scvg: inuse: 18, idle: 43, sys: 62, released: 34, consumed: 27 (MB)
scvg: 0 MB released
scvg: inuse: 18, idle: 43, sys: 62, released: 34, consumed: 27 (MB)
scvg: 0 MB released
scvg: inuse: 18, idle: 43, sys: 62, released: 34, consumed: 27 (MB)
scvg: 0 MB released
scvg: inuse: 18, idle: 43, sys: 62, released: 34, consumed: 27 (MB)
scvg: 0 MB released
scvg: inuse: 18, idle: 43, sys: 62, released: 34, consumed: 27 (MB)
scvg: 0 MB released
scvg: inuse: 18, idle: 43, sys: 62, released: 34, consumed: 27 (MB)
scvg: 0 MB released
scvg: inuse: 18, idle: 43, sys: 62, released: 34, consumed: 27 (MB)
scvg: 0 MB released
scvg: inuse: 18, idle: 43, sys: 62, released: 34, consumed: 27 (MB)
scvg: 0 MB released
scvg: inuse: 18, idle: 43, sys: 62, released: 34, consumed: 27 (MB)
scvg: 0 MB released
scvg: inuse: 18, idle: 43, sys: 62, released: 34, consumed: 27 (MB)
scvg: 0 MB released
scvg: inuse: 18, idle: 43, sys: 62, released: 34, consumed: 27 (MB)
scvg: 0 MB released
scvg: inuse: 18, idle: 43, sys: 62, released: 34, consumed: 27 (MB)
scvg: 0 MB released
scvg: inuse: 18, idle: 43, sys: 62, released: 34, consumed: 27 (MB)
scvg: 0 MB released
scvg: inuse: 18, idle: 43, sys: 62, released: 34, consumed: 27 (MB)
scvg: 0 MB released
scvg: inuse: 18, idle: 43, sys: 62, released: 34, consumed: 27 (MB)
scvg: 0 MB released
scvg: inuse: 18, idle: 43, sys: 62, released: 34, consumed: 27 (MB)
scvg: 0 MB released
scvg: inuse: 18, idle: 43, sys: 62, released: 34, consumed: 27 (MB)
scvg: 0 MB released
scvg: inuse: 18, idle: 43, sys: 62, released: 34, consumed: 27 (MB)
scvg: 0 MB released
scvg: inuse: 18, idle: 43, sys: 62, released: 34, consumed: 27 (MB)
scvg: 0 MB released
scvg: inuse: 18, idle: 43, sys: 62, released: 34, consumed: 27 (MB)
scvg: 0 MB released
scvg: inuse: 18, idle: 43, sys: 62, released: 34, consumed: 27 (MB)
scvg: 0 MB released
scvg: inuse: 18, idle: 43, sys: 62, released: 34, consumed: 27 (MB)
scvg: 0 MB released
scvg: inuse: 18, idle: 43, sys: 62, released: 34, consumed: 27 (MB)
scvg: 0 MB released
scvg: inuse: 18, idle: 43, sys: 62, released: 34, consumed: 27 (MB)
scvg: 0 MB released
scvg: inuse: 18, idle: 43, sys: 62, released: 34, consumed: 27 (MB)
scvg: 0 MB released
scvg: inuse: 18, idle: 43, sys: 62, released: 34, consumed: 27 (MB)
scvg: 0 MB released
scvg: inuse: 18, idle: 43, sys: 62, released: 34, consumed: 27 (MB)
scvg: 0 MB released
scvg: inuse: 18, idle: 43, sys: 62, released: 34, consumed: 27 (MB)
scvg: 0 MB released
scvg: inuse: 18, idle: 43, sys: 62, released: 34, consumed: 27 (MB)
scvg: 0 MB released
scvg: inuse: 18, idle: 43, sys: 62, released: 34, consumed: 27 (MB)
scvg: 0 MB released
scvg: inuse: 18, idle: 43, sys: 62, released: 34, consumed: 27 (MB)
scvg: 0 MB released
scvg: inuse: 18, idle: 43, sys: 62, released: 34, consumed: 27 (MB)
scvg: 0 MB released
scvg: inuse: 18, idle: 43, sys: 62, released: 34, consumed: 27 (MB)
scvg: 0 MB released
scvg: inuse: 18, idle: 43, sys: 62, released: 34, consumed: 27 (MB)
scvg: 0 MB released
scvg: inuse: 18, idle: 43, sys: 62, released: 34, consumed: 27 (MB)
scvg: 0 MB released
scvg: inuse: 18, idle: 43, sys: 62, released: 34, consumed: 27 (MB)
scvg: 0 MB released
scvg: inuse: 18, idle: 43, sys: 62, released: 34, consumed: 27 (MB)
scvg: 0 MB released
scvg: inuse: 18, idle: 43, sys: 62, released: 34, consumed: 27 (MB)
scvg: 0 MB released
scvg: inuse: 18, idle: 43, sys: 62, released: 34, consumed: 27 (MB)
scvg: 0 MB released
scvg: inuse: 18, idle: 43, sys: 62, released: 34, consumed: 27 (MB)
scvg: 0 MB released
scvg: inuse: 18, idle: 43, sys: 62, released: 34, consumed: 27 (MB)
scvg: 0 MB released
scvg: inuse: 18, idle: 43, sys: 62, released: 34, consumed: 27 (MB)
scvg: 0 MB released
scvg: inuse: 18, idle: 43, sys: 62, released: 34, consumed: 27 (MB)
scvg: 0 MB released
scvg: inuse: 18, idle: 43, sys: 62, released: 34, consumed: 27 (MB)
scvg: 0 MB released
scvg: inuse: 18, idle: 43, sys: 62, released: 34, consumed: 27 (MB)
scvg: 0 MB released
scvg: inuse: 18, idle: 43, sys: 62, released: 34, consumed: 27 (MB)
scvg: 0 MB released
scvg: inuse: 18, idle: 43, sys: 62, released: 34, consumed: 27 (MB)
scvg: 0 MB released
scvg: inuse: 18, idle: 43, sys: 62, released: 34, consumed: 27 (MB)
scvg: 0 MB released
scvg: inuse: 18, idle: 43, sys: 62, released: 34, consumed: 27 (MB)
scvg: 0 MB released
scvg: inuse: 18, idle: 43, sys: 62, released: 34, consumed: 27 (MB)
scvg: 0 MB released
scvg: inuse: 18, idle: 43, sys: 62, released: 34, consumed: 27 (MB)
scvg: 0 MB released
scvg: inuse: 18, idle: 43, sys: 62, released: 34, consumed: 27 (MB)
scvg: 0 MB released
scvg: inuse: 18, idle: 43, sys: 62, released: 34, consumed: 27 (MB)
scvg: 0 MB released
scvg: inuse: 18, idle: 43, sys: 62, released: 34, consumed: 27 (MB)
scvg: 0 MB released
scvg: inuse: 18, idle: 43, sys: 62, released: 34, consumed: 27 (MB)
scvg: 0 MB released
scvg: inuse: 18, idle: 43, sys: 62, released: 34, consumed: 27 (MB)
scvg: 0 MB released
scvg: inuse: 18, idle: 43, sys: 62, released: 34, consumed: 27 (MB)
scvg: 0 MB released
scvg: inuse: 18, idle: 43, sys: 62, released: 34, consumed: 27 (MB)
scvg: 0 MB released
scvg: inuse: 18, idle: 43, sys: 62, released: 34, consumed: 27 (MB)
scvg: 0 MB released
scvg: inuse: 18, idle: 43, sys: 62, released: 34, consumed: 27 (MB)
scvg: 0 MB released
scvg: inuse: 18, idle: 43, sys: 62, released: 34, consumed: 27 (MB)
scvg: 0 MB released
scvg: inuse: 18, idle: 43, sys: 62, released: 35, consumed: 27 (MB)
scvg: 0 MB released
scvg: inuse: 18, idle: 43, sys: 62, released: 35, consumed: 27 (MB)
scvg: 0 MB released
scvg: inuse: 18, idle: 43, sys: 62, released: 35, consumed: 27 (MB)
scvg: 0 MB released
scvg: inuse: 18, idle: 43, sys: 62, released: 35, consumed: 27 (MB)
scvg: 0 MB released
scvg: inuse: 18, idle: 43, sys: 62, released: 35, consumed: 27 (MB)
scvg: 0 MB released
scvg: inuse: 18, idle: 43, sys: 62, released: 35, consumed: 27 (MB)
scvg: 0 MB released
scvg: inuse: 18, idle: 43, sys: 62, released: 35, consumed: 27 (MB)
scvg: 0 MB released
scvg: inuse: 18, idle: 43, sys: 62, released: 35, consumed: 27 (MB)
scvg: 0 MB released
scvg: inuse: 18, idle: 43, sys: 62, released: 35, consumed: 27 (MB)
scvg: 0 MB released
scvg: inuse: 18, idle: 43, sys: 62, released: 35, consumed: 27 (MB)
scvg: 0 MB released
scvg: inuse: 18, idle: 43, sys: 62, released: 35, consumed: 27 (MB)
scvg: 0 MB released
scvg: inuse: 18, idle: 43, sys: 62, released: 35, consumed: 27 (MB)
scvg: 0 MB released
scvg: inuse: 18, idle: 43, sys: 62, released: 35, consumed: 27 (MB)
scvg: 0 MB released
scvg: inuse: 18, idle: 43, sys: 62, released: 35, consumed: 27 (MB)
scvg: 0 MB released
scvg: inuse: 18, idle: 43, sys: 62, released: 35, consumed: 27 (MB)
scvg: 0 MB released
scvg: inuse: 18, idle: 43, sys: 62, released: 35, consumed: 27 (MB)
scvg: 0 MB released
scvg: inuse: 18, idle: 43, sys: 62, released: 35, consumed: 27 (MB)
scvg: 0 MB released
scvg: inuse: 18, idle: 43, sys: 62, released: 35, consumed: 27 (MB)
scvg: 0 MB released
scvg: inuse: 18, idle: 43, sys: 62, released: 35, consumed: 27 (MB)
scvg: 0 MB released
scvg: inuse: 18, idle: 43, sys: 62, released: 35, consumed: 27 (MB)
scvg: 0 MB released
scvg: inuse: 18, idle: 43, sys: 62, released: 35, consumed: 27 (MB)
scvg: 0 MB released
scvg: inuse: 18, idle: 43, sys: 62, released: 35, consumed: 27 (MB)
scvg: 0 MB released
scvg: inuse: 18, idle: 43, sys: 62, released: 35, consumed: 27 (MB)
scvg: 0 MB released
scvg: inuse: 18, idle: 43, sys: 62, released: 35, consumed: 27 (MB)
scvg: 0 MB released
scvg: inuse: 18, idle: 43, sys: 62, released: 35, consumed: 27 (MB)
scvg: 0 MB released
scvg: inuse: 18, idle: 43, sys: 62, released: 35, consumed: 27 (MB)
scvg: 0 MB released
scvg: inuse: 18, idle: 43, sys: 62, released: 35, consumed: 27 (MB)
scvg: 0 MB released
scvg: inuse: 18, idle: 43, sys: 62, released: 35, consumed: 27 (MB)
scvg: 0 MB released
scvg: inuse: 18, idle: 43, sys: 62, released: 35, consumed: 27 (MB)
scvg: 0 MB released
scvg: inuse: 18, idle: 43, sys: 62, released: 35, consumed: 27 (MB)
scvg: 0 MB released
scvg: inuse: 18, idle: 43, sys: 62, released: 35, consumed: 27 (MB)
scvg: 0 MB released
scvg: inuse: 18, idle: 43, sys: 62, released: 35, consumed: 27 (MB)
scvg: 0 MB released
scvg: inuse: 18, idle: 43, sys: 62, released: 35, consumed: 27 (MB)
scvg: 0 MB released
scvg: inuse: 18, idle: 43, sys: 62, released: 35, consumed: 27 (MB)
scvg: 0 MB released
scvg: inuse: 18, idle: 43, sys: 62, released: 35, consumed: 27 (MB)
scvg: 0 MB released
scvg: inuse: 18, idle: 43, sys: 62, released: 35, consumed: 27 (MB)
scvg: 0 MB released
scvg: inuse: 18, idle: 43, sys: 62, released: 35, consumed: 27 (MB)
scvg: 0 MB released
scvg: inuse: 18, idle: 43, sys: 62, released: 35, consumed: 27 (MB)
scvg: 0 MB released
scvg: inuse: 18, idle: 43, sys: 62, released: 35, consumed: 27 (MB)
scvg: 0 MB released
scvg: inuse: 18, idle: 43, sys: 62, released: 35, consumed: 27 (MB)
scvg: 0 MB released
scvg: inuse: 18, idle: 43, sys: 62, released: 35, consumed: 27 (MB)
scvg: 0 MB released
scvg: inuse: 18, idle: 43, sys: 62, released: 35, consumed: 27 (MB)
scvg: 0 MB released
scvg: inuse: 18, idle: 43, sys: 62, released: 35, consumed: 27 (MB)
scvg: 0 MB released
scvg: inuse: 18, idle: 43, sys: 62, released: 35, consumed: 27 (MB)
scvg: 0 MB released
scvg: inuse: 18, idle: 43, sys: 62, released: 35, consumed: 27 (MB)
scvg: 0 MB released
scvg: inuse: 18, idle: 43, sys: 62, released: 35, consumed: 27 (MB)
scvg: 0 MB released
scvg: inuse: 18, idle: 43, sys: 62, released: 35, consumed: 27 (MB)
scvg: 0 MB released
scvg: inuse: 18, idle: 43, sys: 62, released: 35, consumed: 27 (MB)
scvg: 0 MB released
scvg: inuse: 18, idle: 43, sys: 62, released: 35, consumed: 27 (MB)
scvg: 0 MB released
scvg: inuse: 18, idle: 43, sys: 62, released: 35, consumed: 26 (MB)
scvg: 0 MB released
scvg: inuse: 18, idle: 43, sys: 62, released: 35, consumed: 26 (MB)
scvg: 0 MB released
scvg: inuse: 18, idle: 43, sys: 62, released: 35, consumed: 26 (MB)
scvg: 0 MB released
scvg: inuse: 18, idle: 43, sys: 62, released: 35, consumed: 26 (MB)
scvg: 0 MB released
scvg: inuse: 18, idle: 43, sys: 62, released: 35, consumed: 26 (MB)
scvg: 0 MB released
scvg: inuse: 18, idle: 43, sys: 62, released: 35, consumed: 26 (MB)
scvg: 0 MB released
scvg: inuse: 18, idle: 43, sys: 62, released: 35, consumed: 26 (MB)
scvg: 0 MB released
scvg: inuse: 18, idle: 43, sys: 62, released: 35, consumed: 26 (MB)
scvg: 0 MB released
scvg: inuse: 18, idle: 43, sys: 62, released: 35, consumed: 26 (MB)
scvg: 0 MB released
scvg: inuse: 18, idle: 43, sys: 62, released: 35, consumed: 26 (MB)
scvg: 0 MB released
scvg: inuse: 18, idle: 43, sys: 62, released: 35, consumed: 26 (MB)
scvg: 0 MB released
scvg: inuse: 18, idle: 43, sys: 62, released: 35, consumed: 26 (MB)
scvg: 0 MB released
scvg: inuse: 18, idle: 43, sys: 62, released: 35, consumed: 26 (MB)
scvg: 0 MB released
scvg: inuse: 18, idle: 43, sys: 62, released: 35, consumed: 26 (MB)
GC forced
gc 567 @64639.041s 0%: 0.010+2.8+0.006 ms clock, 0.084+0/4.1/1.4+0.053 ms cpu, 20->20->15 MB, 31 MB goal, 8 P
scvg: 0 MB released
scvg: inuse: 19, idle: 42, sys: 62, released: 35, consumed: 26 (MB)
scvg: 0 MB released
scvg: inuse: 17, idle: 44, sys: 62, released: 35, consumed: 26 (MB)
scvg: 0 MB released
scvg: inuse: 17, idle: 44, sys: 62, released: 35, consumed: 26 (MB)
scvg: 0 MB released
scvg: inuse: 17, idle: 44, sys: 62, released: 35, consumed: 26 (MB)
scvg: 0 MB released
scvg: inuse: 17, idle: 44, sys: 62, released: 35, consumed: 26 (MB)
scvg: 0 MB released
scvg: inuse: 17, idle: 44, sys: 62, released: 35, consumed: 26 (MB)
scvg: 0 MB released
scvg: inuse: 17, idle: 44, sys: 62, released: 35, consumed: 26 (MB)
scvg: 0 MB released
scvg: inuse: 17, idle: 44, sys: 62, released: 35, consumed: 26 (MB)
scvg: 0 MB released
scvg: inuse: 17, idle: 44, sys: 62, released: 35, consumed: 26 (MB)
scvg: 0 MB released
scvg: inuse: 17, idle: 44, sys: 62, released: 35, consumed: 26 (MB)
scvg: 0 MB released
scvg: inuse: 17, idle: 44, sys: 62, released: 35, consumed: 26 (MB)
scvg: 0 MB released
scvg: inuse: 17, idle: 44, sys: 62, released: 35, consumed: 26 (MB)
scvg: 0 MB released
scvg: inuse: 17, idle: 44, sys: 62, released: 35, consumed: 26 (MB)
scvg: 0 MB released
scvg: inuse: 17, idle: 44, sys: 62, released: 35, consumed: 26 (MB)
scvg: 0 MB released
scvg: inuse: 17, idle: 44, sys: 62, released: 35, consumed: 26 (MB)
scvg: 0 MB released
scvg: inuse: 17, idle: 44, sys: 62, released: 35, consumed: 26 (MB)
scvg: 0 MB released
scvg: inuse: 17, idle: 44, sys: 62, released: 35, consumed: 26 (MB)
scvg: 0 MB released
scvg: inuse: 17, idle: 44, sys: 62, released: 35, consumed: 26 (MB)
scvg: 0 MB released
scvg: inuse: 17, idle: 44, sys: 62, released: 35, consumed: 26 (MB)
scvg: 0 MB released
scvg: inuse: 17, idle: 44, sys: 62, released: 35, consumed: 26 (MB)
scvg: 0 MB released
scvg: inuse: 17, idle: 44, sys: 62, released: 35, consumed: 26 (MB)
scvg: 0 MB released
scvg: inuse: 17, idle: 44, sys: 62, released: 35, consumed: 26 (MB)
scvg: 0 MB released
scvg: inuse: 17, idle: 44, sys: 62, released: 35, consumed: 26 (MB)
scvg: 0 MB released
scvg: inuse: 17, idle: 44, sys: 62, released: 35, consumed: 26 (MB)
scvg: 0 MB released
scvg: inuse: 17, idle: 44, sys: 62, released: 35, consumed: 26 (MB)
scvg: 0 MB released
scvg: inuse: 17, idle: 44, sys: 62, released: 35, consumed: 26 (MB)
scvg: 0 MB released
scvg: inuse: 17, idle: 44, sys: 62, released: 35, consumed: 26 (MB)
scvg: 0 MB released
scvg: inuse: 17, idle: 44, sys: 62, released: 35, consumed: 26 (MB)
scvg: 0 MB released
scvg: inuse: 17, idle: 44, sys: 62, released: 35, consumed: 26 (MB)
scvg: 0 MB released
scvg: inuse: 17, idle: 44, sys: 62, released: 35, consumed: 26 (MB)
scvg: 0 MB released
scvg: inuse: 17, idle: 44, sys: 62, released: 35, consumed: 26 (MB)
scvg: 0 MB released
scvg: inuse: 17, idle: 44, sys: 62, released: 35, consumed: 26 (MB)
scvg: 0 MB released
scvg: inuse: 17, idle: 44, sys: 62, released: 35, consumed: 26 (MB)
scvg: 0 MB released
scvg: inuse: 17, idle: 44, sys: 62, released: 35, consumed: 26 (MB)
scvg: 0 MB released
scvg: inuse: 17, idle: 44, sys: 62, released: 35, consumed: 26 (MB)
scvg: 0 MB released
scvg: inuse: 17, idle: 44, sys: 62, released: 35, consumed: 26 (MB)
scvg: 0 MB released
scvg: inuse: 17, idle: 44, sys: 62, released: 35, consumed: 26 (MB)
scvg: 0 MB released
scvg: inuse: 17, idle: 44, sys: 62, released: 35, consumed: 26 (MB)
scvg: 0 MB released
scvg: inuse: 17, idle: 44, sys: 62, released: 35, consumed: 26 (MB)
scvg: 0 MB released
scvg: inuse: 17, idle: 44, sys: 62, released: 35, consumed: 26 (MB)
scvg: 0 MB released
scvg: inuse: 17, idle: 44, sys: 62, released: 35, consumed: 26 (MB)
scvg: 0 MB released
scvg: inuse: 17, idle: 44, sys: 62, released: 35, consumed: 26 (MB)
scvg: 0 MB released
scvg: inuse: 17, idle: 44, sys: 62, released: 35, consumed: 26 (MB)
scvg: 0 MB released
scvg: inuse: 17, idle: 44, sys: 62, released: 35, consumed: 26 (MB)
scvg: 0 MB released
scvg: inuse: 17, idle: 44, sys: 62, released: 35, consumed: 26 (MB)
scvg: 0 MB released
scvg: inuse: 17, idle: 44, sys: 62, released: 35, consumed: 26 (MB)
scvg: 0 MB released
scvg: inuse: 17, idle: 44, sys: 62, released: 35, consumed: 26 (MB)
scvg: 0 MB released
scvg: inuse: 17, idle: 44, sys: 62, released: 35, consumed: 26 (MB)
scvg: 0 MB released
scvg: inuse: 17, idle: 44, sys: 62, released: 35, consumed: 26 (MB)
scvg: 0 MB released
scvg: inuse: 17, idle: 44, sys: 62, released: 35, consumed: 26 (MB)
scvg: 0 MB released
scvg: inuse: 17, idle: 44, sys: 62, released: 35, consumed: 26 (MB)
scvg: 0 MB released
scvg: inuse: 17, idle: 44, sys: 62, released: 35, consumed: 26 (MB)
scvg: 0 MB released
scvg: inuse: 17, idle: 44, sys: 62, released: 35, consumed: 26 (MB)
scvg: 0 MB released
scvg: inuse: 17, idle: 44, sys: 62, released: 35, consumed: 26 (MB)
scvg: 0 MB released
scvg: inuse: 17, idle: 44, sys: 62, released: 35, consumed: 26 (MB)
scvg: 0 MB released
scvg: inuse: 17, idle: 44, sys: 62, released: 35, consumed: 26 (MB)
scvg: 0 MB released
scvg: inuse: 17, idle: 44, sys: 62, released: 35, consumed: 26 (MB)
scvg: 0 MB released
scvg: inuse: 17, idle: 44, sys: 62, released: 35, consumed: 26 (MB)
scvg: 0 MB released
scvg: inuse: 17, idle: 44, sys: 62, released: 35, consumed: 26 (MB)
scvg: 0 MB released
scvg: inuse: 17, idle: 44, sys: 62, released: 35, consumed: 26 (MB)
scvg: 0 MB released
scvg: inuse: 17, idle: 44, sys: 62, released: 35, consumed: 26 (MB)
scvg: 0 MB released
scvg: inuse: 17, idle: 44, sys: 62, released: 36, consumed: 26 (MB)
scvg: 0 MB released
scvg: inuse: 17, idle: 44, sys: 62, released: 36, consumed: 26 (MB)
scvg: 0 MB released
scvg: inuse: 17, idle: 44, sys: 62, released: 36, consumed: 26 (MB)
scvg: 0 MB released
scvg: inuse: 17, idle: 44, sys: 62, released: 36, consumed: 26 (MB)
scvg: 0 MB released
scvg: inuse: 17, idle: 44, sys: 62, released: 36, consumed: 26 (MB)
scvg: 0 MB released
scvg: inuse: 17, idle: 44, sys: 62, released: 36, consumed: 26 (MB)
scvg: 0 MB released
scvg: inuse: 17, idle: 44, sys: 62, released: 36, consumed: 26 (MB)
scvg: 0 MB released
scvg: inuse: 17, idle: 44, sys: 62, released: 36, consumed: 26 (MB)
scvg: 0 MB released
scvg: inuse: 17, idle: 44, sys: 62, released: 36, consumed: 26 (MB)
scvg: 0 MB released
scvg: inuse: 17, idle: 44, sys: 62, released: 36, consumed: 26 (MB)
scvg: 0 MB released
scvg: inuse: 17, idle: 44, sys: 62, released: 36, consumed: 26 (MB)
scvg: 0 MB released
scvg: inuse: 17, idle: 44, sys: 62, released: 36, consumed: 26 (MB)
scvg: 0 MB released
scvg: inuse: 17, idle: 44, sys: 62, released: 36, consumed: 26 (MB)
scvg: 0 MB released
scvg: inuse: 17, idle: 44, sys: 62, released: 36, consumed: 26 (MB)
scvg: 0 MB released
scvg: inuse: 17, idle: 44, sys: 62, released: 36, consumed: 26 (MB)
scvg: 0 MB released
scvg: inuse: 17, idle: 44, sys: 62, released: 36, consumed: 26 (MB)
scvg: 0 MB released
scvg: inuse: 17, idle: 44, sys: 62, released: 36, consumed: 26 (MB)
scvg: 0 MB released
scvg: inuse: 17, idle: 44, sys: 62, released: 36, consumed: 26 (MB)
scvg: 0 MB released
scvg: inuse: 17, idle: 44, sys: 62, released: 36, consumed: 26 (MB)
scvg: 0 MB released
scvg: inuse: 17, idle: 44, sys: 62, released: 36, consumed: 26 (MB)
scvg: 0 MB released
scvg: inuse: 17, idle: 44, sys: 62, released: 36, consumed: 26 (MB)
scvg: 0 MB released
scvg: inuse: 17, idle: 44, sys: 62, released: 36, consumed: 26 (MB)
scvg: 0 MB released
scvg: inuse: 17, idle: 44, sys: 62, released: 36, consumed: 26 (MB)
scvg: 0 MB released
scvg: inuse: 17, idle: 44, sys: 62, released: 36, consumed: 26 (MB)
scvg: 0 MB released
scvg: inuse: 17, idle: 44, sys: 62, released: 36, consumed: 26 (MB)
scvg: 0 MB released
scvg: inuse: 17, idle: 44, sys: 62, released: 36, consumed: 26 (MB)
scvg: 0 MB released
scvg: inuse: 17, idle: 44, sys: 62, released: 36, consumed: 26 (MB)
scvg: 0 MB released
scvg: inuse: 17, idle: 44, sys: 62, released: 36, consumed: 26 (MB)
scvg: 0 MB released
scvg: inuse: 17, idle: 44, sys: 62, released: 36, consumed: 26 (MB)
scvg: 0 MB released
scvg: inuse: 17, idle: 44, sys: 62, released: 36, consumed: 26 (MB)
scvg: 0 MB released
scvg: inuse: 17, idle: 44, sys: 62, released: 36, consumed: 26 (MB)
scvg: 0 MB released
scvg: inuse: 17, idle: 44, sys: 62, released: 36, consumed: 26 (MB)
scvg: 0 MB released
scvg: inuse: 17, idle: 44, sys: 62, released: 36, consumed: 26 (MB)
scvg: 0 MB released
scvg: inuse: 17, idle: 44, sys: 62, released: 36, consumed: 26 (MB)
scvg: 0 MB released
scvg: inuse: 17, idle: 44, sys: 62, released: 36, consumed: 26 (MB)
scvg: 0 MB released
scvg: inuse: 17, idle: 44, sys: 62, released: 36, consumed: 26 (MB)
scvg: 0 MB released
scvg: inuse: 17, idle: 44, sys: 62, released: 36, consumed: 26 (MB)
scvg: 0 MB released
scvg: inuse: 17, idle: 44, sys: 62, released: 36, consumed: 26 (MB)
scvg: 0 MB released
scvg: inuse: 17, idle: 44, sys: 62, released: 36, consumed: 26 (MB)
scvg: 0 MB released
scvg: inuse: 17, idle: 44, sys: 62, released: 36, consumed: 26 (MB)
scvg: 0 MB released
scvg: inuse: 17, idle: 44, sys: 62, released: 36, consumed: 26 (MB)
scvg: 0 MB released
scvg: inuse: 17, idle: 44, sys: 62, released: 36, consumed: 26 (MB)
scvg: 0 MB released
scvg: inuse: 17, idle: 44, sys: 62, released: 36, consumed: 26 (MB)
scvg: 0 MB released
scvg: inuse: 17, idle: 44, sys: 62, released: 36, consumed: 26 (MB)
scvg: 0 MB released
scvg: inuse: 17, idle: 44, sys: 62, released: 36, consumed: 26 (MB)
scvg: 0 MB released
scvg: inuse: 17, idle: 44, sys: 62, released: 36, consumed: 26 (MB)
scvg: 0 MB released
scvg: inuse: 17, idle: 44, sys: 62, released: 36, consumed: 26 (MB)
scvg: 0 MB released
scvg: inuse: 17, idle: 44, sys: 62, released: 36, consumed: 26 (MB)
scvg: 0 MB released
scvg: inuse: 17, idle: 44, sys: 62, released: 36, consumed: 26 (MB)
scvg: 0 MB released
scvg: inuse: 17, idle: 44, sys: 62, released: 36, consumed: 25 (MB)
scvg: 0 MB released
scvg: inuse: 17, idle: 44, sys: 62, released: 36, consumed: 25 (MB)
scvg: 0 MB released
scvg: inuse: 17, idle: 44, sys: 62, released: 36, consumed: 25 (MB)
scvg: 0 MB released
scvg: inuse: 17, idle: 44, sys: 62, released: 36, consumed: 25 (MB)
scvg: 0 MB released
scvg: inuse: 17, idle: 44, sys: 62, released: 36, consumed: 25 (MB)
scvg: 0 MB released
scvg: inuse: 17, idle: 44, sys: 62, released: 36, consumed: 25 (MB)
scvg: 0 MB released
scvg: inuse: 17, idle: 44, sys: 62, released: 36, consumed: 25 (MB)
scvg: 0 MB released
scvg: inuse: 17, idle: 44, sys: 62, released: 36, consumed: 25 (MB)
scvg: 0 MB released
scvg: inuse: 17, idle: 44, sys: 62, released: 36, consumed: 25 (MB)
scvg: 0 MB released
scvg: inuse: 17, idle: 44, sys: 62, released: 36, consumed: 25 (MB)
scvg: 0 MB released
scvg: inuse: 17, idle: 44, sys: 62, released: 36, consumed: 25 (MB)
scvg: 0 MB released
scvg: inuse: 17, idle: 44, sys: 62, released: 36, consumed: 25 (MB)
scvg: 0 MB released
scvg: inuse: 17, idle: 44, sys: 62, released: 36, consumed: 25 (MB)
scvg: 0 MB released
scvg: inuse: 17, idle: 44, sys: 62, released: 36, consumed: 25 (MB)
scvg: 0 MB released
scvg: inuse: 17, idle: 44, sys: 62, released: 36, consumed: 25 (MB)
scvg: 0 MB released
scvg: inuse: 17, idle: 44, sys: 62, released: 36, consumed: 25 (MB)
scvg: 0 MB released
scvg: inuse: 17, idle: 44, sys: 62, released: 36, consumed: 25 (MB)
scvg: 0 MB released
scvg: inuse: 17, idle: 44, sys: 62, released: 36, consumed: 25 (MB)
scvg: 0 MB released
scvg: inuse: 17, idle: 44, sys: 62, released: 36, consumed: 25 (MB)
scvg: 0 MB released
scvg: inuse: 17, idle: 44, sys: 62, released: 36, consumed: 25 (MB)
scvg: 0 MB released
scvg: inuse: 17, idle: 44, sys: 62, released: 36, consumed: 25 (MB)
scvg: 0 MB released
scvg: inuse: 17, idle: 44, sys: 62, released: 36, consumed: 25 (MB)
scvg: 0 MB released
scvg: inuse: 17, idle: 44, sys: 62, released: 36, consumed: 25 (MB)
scvg: 0 MB released
scvg: inuse: 17, idle: 44, sys: 62, released: 36, consumed: 25 (MB)
scvg: 0 MB released
scvg: inuse: 17, idle: 44, sys: 62, released: 36, consumed: 25 (MB)
scvg: 0 MB released
scvg: inuse: 17, idle: 44, sys: 62, released: 36, consumed: 25 (MB)
scvg: 0 MB released
scvg: inuse: 17, idle: 44, sys: 62, released: 36, consumed: 25 (MB)
scvg: 0 MB released
scvg: inuse: 17, idle: 44, sys: 62, released: 36, consumed: 25 (MB)
scvg: 0 MB released
scvg: inuse: 17, idle: 44, sys: 62, released: 36, consumed: 25 (MB)
scvg: 0 MB released
scvg: inuse: 17, idle: 44, sys: 62, released: 36, consumed: 25 (MB)
scvg: 0 MB released
scvg: inuse: 17, idle: 44, sys: 62, released: 36, consumed: 25 (MB)
scvg: 0 MB released
scvg: inuse: 17, idle: 44, sys: 62, released: 36, consumed: 25 (MB)
scvg: 0 MB released
scvg: inuse: 17, idle: 44, sys: 62, released: 36, consumed: 25 (MB)
scvg: 0 MB released
scvg: inuse: 17, idle: 44, sys: 62, released: 36, consumed: 25 (MB)
scvg: 0 MB released
scvg: inuse: 17, idle: 44, sys: 62, released: 36, consumed: 25 (MB)
scvg: 0 MB released
scvg: inuse: 17, idle: 44, sys: 62, released: 36, consumed: 25 (MB)
scvg: 0 MB released
scvg: inuse: 17, idle: 44, sys: 62, released: 36, consumed: 25 (MB)
scvg: 0 MB released
scvg: inuse: 17, idle: 44, sys: 62, released: 36, consumed: 25 (MB)
scvg: 0 MB released
scvg: inuse: 17, idle: 44, sys: 62, released: 36, consumed: 25 (MB)
scvg: 0 MB released
scvg: inuse: 17, idle: 44, sys: 62, released: 36, consumed: 25 (MB)
scvg: 0 MB released
scvg: inuse: 17, idle: 44, sys: 62, released: 36, consumed: 25 (MB)
scvg: 0 MB released
scvg: inuse: 17, idle: 44, sys: 62, released: 36, consumed: 25 (MB)
scvg: 0 MB released
scvg: inuse: 17, idle: 44, sys: 62, released: 36, consumed: 25 (MB)
scvg: 0 MB released
scvg: inuse: 17, idle: 44, sys: 62, released: 36, consumed: 25 (MB)
scvg: 0 MB released
scvg: inuse: 17, idle: 44, sys: 62, released: 36, consumed: 25 (MB)
scvg: 0 MB released
scvg: inuse: 17, idle: 44, sys: 62, released: 36, consumed: 25 (MB)
scvg: 0 MB released
scvg: inuse: 17, idle: 44, sys: 62, released: 36, consumed: 25 (MB)
scvg: 0 MB released
scvg: inuse: 17, idle: 44, sys: 62, released: 36, consumed: 25 (MB)
scvg: 0 MB released
scvg: inuse: 17, idle: 44, sys: 62, released: 36, consumed: 25 (MB)
scvg: 0 MB released
scvg: inuse: 17, idle: 44, sys: 62, released: 36, consumed: 25 (MB)
scvg: 0 MB released
scvg: inuse: 17, idle: 44, sys: 62, released: 36, consumed: 25 (MB)
scvg: 0 MB released
scvg: inuse: 17, idle: 44, sys: 62, released: 36, consumed: 25 (MB)
scvg: 0 MB released
scvg: inuse: 17, idle: 44, sys: 62, released: 36, consumed: 25 (MB)
scvg: 0 MB released
scvg: inuse: 17, idle: 44, sys: 62, released: 36, consumed: 25 (MB)
scvg: 0 MB released
scvg: inuse: 17, idle: 44, sys: 62, released: 36, consumed: 25 (MB)
scvg: 0 MB released
scvg: inuse: 17, idle: 44, sys: 62, released: 36, consumed: 25 (MB)
scvg: 0 MB released
scvg: inuse: 17, idle: 44, sys: 62, released: 36, consumed: 25 (MB)
scvg: 0 MB released
scvg: inuse: 17, idle: 44, sys: 62, released: 36, consumed: 25 (MB)
scvg: 0 MB released
scvg: inuse: 17, idle: 44, sys: 62, released: 36, consumed: 25 (MB)
scvg: 0 MB released
scvg: inuse: 17, idle: 44, sys: 62, released: 36, consumed: 25 (MB)
scvg: 0 MB released
scvg: inuse: 17, idle: 44, sys: 62, released: 36, consumed: 25 (MB)
scvg: 0 MB released
scvg: inuse: 17, idle: 44, sys: 62, released: 36, consumed: 25 (MB)
scvg: 0 MB released
scvg: inuse: 17, idle: 44, sys: 62, released: 36, consumed: 25 (MB)
scvg: 0 MB released
scvg: inuse: 17, idle: 44, sys: 62, released: 36, consumed: 25 (MB)
scvg: 0 MB released
scvg: inuse: 17, idle: 44, sys: 62, released: 36, consumed: 25 (MB)
scvg: 0 MB released
scvg: inuse: 17, idle: 44, sys: 62, released: 36, consumed: 25 (MB)
scvg: 0 MB released
scvg: inuse: 17, idle: 44, sys: 62, released: 36, consumed: 25 (MB)
scvg: 0 MB released
scvg: inuse: 17, idle: 44, sys: 62, released: 36, consumed: 25 (MB)
scvg: 0 MB released
scvg: inuse: 17, idle: 44, sys: 62, released: 36, consumed: 25 (MB)
scvg: 0 MB released
scvg: inuse: 17, idle: 44, sys: 62, released: 36, consumed: 25 (MB)
scvg: 0 MB released
scvg: inuse: 17, idle: 44, sys: 62, released: 36, consumed: 25 (MB)
scvg: 0 MB released
scvg: inuse: 17, idle: 44, sys: 62, released: 36, consumed: 25 (MB)
scvg: 0 MB released
scvg: inuse: 17, idle: 44, sys: 62, released: 36, consumed: 25 (MB)
scvg: 0 MB released
scvg: inuse: 17, idle: 44, sys: 62, released: 36, consumed: 25 (MB)
scvg: 0 MB released
scvg: inuse: 17, idle: 44, sys: 62, released: 36, consumed: 25 (MB)
scvg: 0 MB released
scvg: inuse: 17, idle: 44, sys: 62, released: 36, consumed: 25 (MB)
scvg: 0 MB released
scvg: inuse: 17, idle: 44, sys: 62, released: 36, consumed: 25 (MB)
scvg: 0 MB released
scvg: inuse: 17, idle: 44, sys: 62, released: 36, consumed: 25 (MB)
scvg: 0 MB released
scvg: inuse: 17, idle: 44, sys: 62, released: 36, consumed: 25 (MB)
scvg: 0 MB released
scvg: inuse: 17, idle: 44, sys: 62, released: 37, consumed: 25 (MB)
scvg: 0 MB released
scvg: inuse: 17, idle: 44, sys: 62, released: 37, consumed: 25 (MB)
scvg: 0 MB released
scvg: inuse: 17, idle: 44, sys: 62, released: 37, consumed: 25 (MB)
scvg: 0 MB released
scvg: inuse: 17, idle: 44, sys: 62, released: 37, consumed: 25 (MB)
scvg: 0 MB released
scvg: inuse: 17, idle: 44, sys: 62, released: 37, consumed: 25 (MB)
scvg: 0 MB released
scvg: inuse: 17, idle: 44, sys: 62, released: 37, consumed: 25 (MB)
scvg: 0 MB released
scvg: inuse: 17, idle: 44, sys: 62, released: 37, consumed: 25 (MB)
scvg: 0 MB released
scvg: inuse: 17, idle: 44, sys: 62, released: 37, consumed: 25 (MB)
scvg: 0 MB released
scvg: inuse: 17, idle: 44, sys: 62, released: 37, consumed: 25 (MB)
scvg: 0 MB released
scvg: inuse: 17, idle: 44, sys: 62, released: 37, consumed: 25 (MB)
scvg: 0 MB released
scvg: inuse: 17, idle: 44, sys: 62, released: 37, consumed: 25 (MB)
scvg: 0 MB released
scvg: inuse: 17, idle: 44, sys: 62, released: 37, consumed: 25 (MB)
scvg: 0 MB released
scvg: inuse: 17, idle: 44, sys: 62, released: 37, consumed: 25 (MB)
scvg: 0 MB released
scvg: inuse: 17, idle: 44, sys: 62, released: 37, consumed: 25 (MB)
scvg: 0 MB released
scvg: inuse: 17, idle: 44, sys: 62, released: 37, consumed: 25 (MB)
scvg: 0 MB released
scvg: inuse: 17, idle: 44, sys: 62, released: 37, consumed: 25 (MB)
scvg: 0 MB released
scvg: inuse: 17, idle: 44, sys: 62, released: 37, consumed: 25 (MB)
scvg: 0 MB released
scvg: inuse: 17, idle: 44, sys: 62, released: 37, consumed: 25 (MB)
scvg: 0 MB released
scvg: inuse: 17, idle: 44, sys: 62, released: 37, consumed: 25 (MB)
scvg: 0 MB released
scvg: inuse: 17, idle: 44, sys: 62, released: 37, consumed: 25 (MB)
scvg: 0 MB released
scvg: inuse: 17, idle: 44, sys: 62, released: 37, consumed: 25 (MB)
scvg: 0 MB released
scvg: inuse: 17, idle: 44, sys: 62, released: 37, consumed: 25 (MB)
scvg: 0 MB released
scvg: inuse: 17, idle: 44, sys: 62, released: 37, consumed: 25 (MB)
scvg: 0 MB released
scvg: inuse: 17, idle: 44, sys: 62, released: 37, consumed: 25 (MB)
scvg: 0 MB released
scvg: inuse: 17, idle: 44, sys: 62, released: 37, consumed: 25 (MB)
scvg: 0 MB released
scvg: inuse: 17, idle: 44, sys: 62, released: 37, consumed: 25 (MB)
scvg: 0 MB released
scvg: inuse: 17, idle: 44, sys: 62, released: 37, consumed: 25 (MB)
scvg: 0 MB released
scvg: inuse: 17, idle: 44, sys: 62, released: 37, consumed: 25 (MB)
scvg: 0 MB released
scvg: inuse: 17, idle: 44, sys: 62, released: 37, consumed: 25 (MB)
scvg: 0 MB released
scvg: inuse: 17, idle: 44, sys: 62, released: 37, consumed: 25 (MB)
scvg: 0 MB released
scvg: inuse: 17, idle: 44, sys: 62, released: 37, consumed: 25 (MB)
scvg: 0 MB released
scvg: inuse: 17, idle: 44, sys: 62, released: 37, consumed: 25 (MB)
scvg: 0 MB released
scvg: inuse: 17, idle: 44, sys: 62, released: 37, consumed: 25 (MB)
scvg: 0 MB released
scvg: inuse: 17, idle: 44, sys: 62, released: 37, consumed: 25 (MB)
scvg: 0 MB released
scvg: inuse: 17, idle: 44, sys: 62, released: 37, consumed: 25 (MB)
scvg: 0 MB released
scvg: inuse: 17, idle: 44, sys: 62, released: 37, consumed: 25 (MB)
scvg: 0 MB released
scvg: inuse: 17, idle: 44, sys: 62, released: 37, consumed: 25 (MB)
scvg: 0 MB released
scvg: inuse: 17, idle: 44, sys: 62, released: 37, consumed: 25 (MB)
scvg: 0 MB released
scvg: inuse: 17, idle: 44, sys: 62, released: 37, consumed: 25 (MB)
scvg: 0 MB released
scvg: inuse: 17, idle: 44, sys: 62, released: 37, consumed: 25 (MB)
scvg: 0 MB released
scvg: inuse: 17, idle: 44, sys: 62, released: 37, consumed: 25 (MB)
scvg: 0 MB released
scvg: inuse: 17, idle: 44, sys: 62, released: 37, consumed: 25 (MB)
scvg: 0 MB released
scvg: inuse: 17, idle: 44, sys: 62, released: 37, consumed: 25 (MB)
scvg: 0 MB released
scvg: inuse: 17, idle: 44, sys: 62, released: 37, consumed: 25 (MB)
scvg: 0 MB released
scvg: inuse: 17, idle: 44, sys: 62, released: 37, consumed: 25 (MB)
scvg: 0 MB released
scvg: inuse: 17, idle: 44, sys: 62, released: 37, consumed: 25 (MB)
scvg: 0 MB released
scvg: inuse: 17, idle: 44, sys: 62, released: 37, consumed: 25 (MB)
scvg: 0 MB released
scvg: inuse: 17, idle: 44, sys: 62, released: 37, consumed: 25 (MB)
scvg: 0 MB released
scvg: inuse: 17, idle: 44, sys: 62, released: 37, consumed: 25 (MB)
scvg: 0 MB released
scvg: inuse: 17, idle: 44, sys: 62, released: 37, consumed: 24 (MB)
scvg: 0 MB released
scvg: inuse: 17, idle: 44, sys: 62, released: 37, consumed: 24 (MB)
scvg: 0 MB released
scvg: inuse: 17, idle: 44, sys: 62, released: 37, consumed: 24 (MB)
scvg: 0 MB released
scvg: inuse: 17, idle: 44, sys: 62, released: 37, consumed: 24 (MB)
scvg: 0 MB released
scvg: inuse: 17, idle: 44, sys: 62, released: 37, consumed: 24 (MB)
scvg: 0 MB released
scvg: inuse: 17, idle: 44, sys: 62, released: 37, consumed: 24 (MB)
scvg: 0 MB released
scvg: inuse: 17, idle: 44, sys: 62, released: 37, consumed: 24 (MB)
scvg: 0 MB released
scvg: inuse: 17, idle: 44, sys: 62, released: 37, consumed: 24 (MB)
scvg: 0 MB released
scvg: inuse: 17, idle: 44, sys: 62, released: 37, consumed: 24 (MB)
scvg: 0 MB released
scvg: inuse: 17, idle: 44, sys: 62, released: 37, consumed: 24 (MB)
scvg: 0 MB released
scvg: inuse: 17, idle: 44, sys: 62, released: 37, consumed: 24 (MB)
scvg: 0 MB released
scvg: inuse: 17, idle: 44, sys: 62, released: 37, consumed: 24 (MB)
scvg: 0 MB released
scvg: inuse: 17, idle: 44, sys: 62, released: 37, consumed: 24 (MB)
scvg: 0 MB released
scvg: inuse: 17, idle: 44, sys: 62, released: 37, consumed: 24 (MB)
scvg: 0 MB released
scvg: inuse: 17, idle: 44, sys: 62, released: 37, consumed: 24 (MB)
scvg: 0 MB released
scvg: inuse: 17, idle: 44, sys: 62, released: 37, consumed: 24 (MB)
scvg: 0 MB released
scvg: inuse: 17, idle: 44, sys: 62, released: 37, consumed: 24 (MB)
scvg: 0 MB released
scvg: inuse: 17, idle: 44, sys: 62, released: 37, consumed: 24 (MB)
scvg: 0 MB released
scvg: inuse: 17, idle: 44, sys: 62, released: 37, consumed: 24 (MB)
scvg: 0 MB released
scvg: inuse: 17, idle: 44, sys: 62, released: 37, consumed: 24 (MB)
scvg: 0 MB released
scvg: inuse: 17, idle: 44, sys: 62, released: 37, consumed: 24 (MB)
scvg: 0 MB released
scvg: inuse: 17, idle: 44, sys: 62, released: 37, consumed: 24 (MB)
scvg: 0 MB released
scvg: inuse: 17, idle: 44, sys: 62, released: 37, consumed: 24 (MB)
scvg: 0 MB released
scvg: inuse: 17, idle: 44, sys: 62, released: 37, consumed: 24 (MB)
scvg: 0 MB released
scvg: inuse: 17, idle: 44, sys: 62, released: 37, consumed: 24 (MB)
scvg: 0 MB released
scvg: inuse: 17, idle: 44, sys: 62, released: 37, consumed: 24 (MB)
scvg: 0 MB released
scvg: inuse: 17, idle: 44, sys: 62, released: 37, consumed: 24 (MB)
scvg: 0 MB released
scvg: inuse: 17, idle: 44, sys: 62, released: 37, consumed: 24 (MB)
scvg: 0 MB released
scvg: inuse: 17, idle: 44, sys: 62, released: 37, consumed: 24 (MB)
scvg: 0 MB released
scvg: inuse: 17, idle: 44, sys: 62, released: 37, consumed: 24 (MB)
scvg: 0 MB released
scvg: inuse: 17, idle: 44, sys: 62, released: 37, consumed: 24 (MB)
scvg: 0 MB released
scvg: inuse: 17, idle: 44, sys: 62, released: 37, consumed: 24 (MB)
scvg: 0 MB released
scvg: inuse: 17, idle: 44, sys: 62, released: 37, consumed: 24 (MB)
scvg: 0 MB released
scvg: inuse: 17, idle: 44, sys: 62, released: 37, consumed: 24 (MB)
scvg: 0 MB released
scvg: inuse: 17, idle: 44, sys: 62, released: 37, consumed: 24 (MB)
scvg: 0 MB released
scvg: inuse: 17, idle: 44, sys: 62, released: 37, consumed: 24 (MB)
scvg: 0 MB released
scvg: inuse: 17, idle: 44, sys: 62, released: 37, consumed: 24 (MB)
scvg: 0 MB released
scvg: inuse: 17, idle: 44, sys: 62, released: 37, consumed: 24 (MB)
scvg: 0 MB released
scvg: inuse: 17, idle: 44, sys: 62, released: 37, consumed: 24 (MB)
scvg: 0 MB released
scvg: inuse: 17, idle: 44, sys: 62, released: 37, consumed: 24 (MB)
scvg: 0 MB released
scvg: inuse: 17, idle: 44, sys: 62, released: 37, consumed: 24 (MB)
scvg: 0 MB released
scvg: inuse: 17, idle: 44, sys: 62, released: 37, consumed: 24 (MB)
scvg: 0 MB released
scvg: inuse: 17, idle: 44, sys: 62, released: 37, consumed: 24 (MB)
scvg: 0 MB released
scvg: inuse: 17, idle: 44, sys: 62, released: 37, consumed: 24 (MB)
scvg: 0 MB released
scvg: inuse: 17, idle: 44, sys: 62, released: 37, consumed: 24 (MB)
scvg: 0 MB released
scvg: inuse: 17, idle: 44, sys: 62, released: 37, consumed: 24 (MB)
scvg: 0 MB released
scvg: inuse: 17, idle: 44, sys: 62, released: 37, consumed: 24 (MB)
scvg: 0 MB released
scvg: inuse: 17, idle: 44, sys: 62, released: 37, consumed: 24 (MB)
scvg: 0 MB released
scvg: inuse: 17, idle: 44, sys: 62, released: 37, consumed: 24 (MB)
scvg: 0 MB released
scvg: inuse: 17, idle: 44, sys: 62, released: 37, consumed: 24 (MB)
scvg: 0 MB released
scvg: inuse: 17, idle: 44, sys: 62, released: 37, consumed: 24 (MB)
scvg: 0 MB released
scvg: inuse: 17, idle: 44, sys: 62, released: 37, consumed: 24 (MB)
scvg: 0 MB released
scvg: inuse: 17, idle: 44, sys: 62, released: 37, consumed: 24 (MB)
scvg: 0 MB released
scvg: inuse: 17, idle: 44, sys: 62, released: 37, consumed: 24 (MB)
scvg: 0 MB released
scvg: inuse: 17, idle: 44, sys: 62, released: 37, consumed: 24 (MB)
scvg: 0 MB released
scvg: inuse: 17, idle: 44, sys: 62, released: 37, consumed: 24 (MB)
scvg: 0 MB released
scvg: inuse: 17, idle: 44, sys: 62, released: 37, consumed: 24 (MB)
scvg: 0 MB released
scvg: inuse: 17, idle: 44, sys: 62, released: 37, consumed: 24 (MB)
scvg: 0 MB released
scvg: inuse: 17, idle: 44, sys: 62, released: 37, consumed: 24 (MB)
scvg: 0 MB released
scvg: inuse: 17, idle: 44, sys: 62, released: 37, consumed: 24 (MB)
scvg: 0 MB released
scvg: inuse: 17, idle: 44, sys: 62, released: 37, consumed: 24 (MB)
scvg: 0 MB released
scvg: inuse: 17, idle: 44, sys: 62, released: 37, consumed: 24 (MB)
scvg: 0 MB released
scvg: inuse: 17, idle: 44, sys: 62, released: 37, consumed: 24 (MB)
scvg: 0 MB released
scvg: inuse: 17, idle: 44, sys: 62, released: 37, consumed: 24 (MB)
scvg: 0 MB released
scvg: inuse: 17, idle: 44, sys: 62, released: 37, consumed: 24 (MB)
scvg: 0 MB released
scvg: inuse: 17, idle: 44, sys: 62, released: 37, consumed: 24 (MB)
scvg: 0 MB released
scvg: inuse: 17, idle: 44, sys: 62, released: 37, consumed: 24 (MB)
scvg: 0 MB released
scvg: inuse: 17, idle: 44, sys: 62, released: 37, consumed: 24 (MB)
scvg: 0 MB released
scvg: inuse: 17, idle: 44, sys: 62, released: 37, consumed: 24 (MB)
scvg: 0 MB released
scvg: inuse: 17, idle: 44, sys: 62, released: 37, consumed: 24 (MB)
scvg: 0 MB released
scvg: inuse: 17, idle: 44, sys: 62, released: 37, consumed: 24 (MB)
scvg: 0 MB released
scvg: inuse: 17, idle: 44, sys: 62, released: 37, consumed: 24 (MB)
scvg: 0 MB released
scvg: inuse: 17, idle: 44, sys: 62, released: 37, consumed: 24 (MB)
scvg: 0 MB released
scvg: inuse: 17, idle: 44, sys: 62, released: 37, consumed: 24 (MB)
scvg: 0 MB released
scvg: inuse: 17, idle: 44, sys: 62, released: 37, consumed: 24 (MB)
scvg: 0 MB released
scvg: inuse: 17, idle: 44, sys: 62, released: 37, consumed: 24 (MB)
scvg: 0 MB released
scvg: inuse: 17, idle: 44, sys: 62, released: 37, consumed: 24 (MB)
scvg: 0 MB released
scvg: inuse: 17, idle: 44, sys: 62, released: 37, consumed: 24 (MB)
scvg: 0 MB released
scvg: inuse: 17, idle: 44, sys: 62, released: 37, consumed: 24 (MB)
scvg: 0 MB released
scvg: inuse: 17, idle: 44, sys: 62, released: 38, consumed: 24 (MB)
scvg: 0 MB released
scvg: inuse: 17, idle: 44, sys: 62, released: 38, consumed: 24 (MB)
scvg: 0 MB released
scvg: inuse: 17, idle: 44, sys: 62, released: 38, consumed: 24 (MB)
scvg: 0 MB released
scvg: inuse: 17, idle: 44, sys: 62, released: 38, consumed: 24 (MB)
scvg: 0 MB released
scvg: inuse: 17, idle: 44, sys: 62, released: 38, consumed: 24 (MB)
scvg: 0 MB released
scvg: inuse: 17, idle: 44, sys: 62, released: 38, consumed: 24 (MB)
scvg: 0 MB released
scvg: inuse: 17, idle: 44, sys: 62, released: 38, consumed: 24 (MB)
scvg: 0 MB released
scvg: inuse: 17, idle: 44, sys: 62, released: 38, consumed: 24 (MB)
scvg: 0 MB released
scvg: inuse: 17, idle: 44, sys: 62, released: 38, consumed: 24 (MB)
scvg: 0 MB released
scvg: inuse: 17, idle: 44, sys: 62, released: 38, consumed: 24 (MB)
scvg: 0 MB released
scvg: inuse: 17, idle: 44, sys: 62, released: 38, consumed: 24 (MB)
scvg: 0 MB released
scvg: inuse: 17, idle: 44, sys: 62, released: 38, consumed: 24 (MB)
scvg: 0 MB released
scvg: inuse: 17, idle: 44, sys: 62, released: 38, consumed: 24 (MB)
scvg: 0 MB released
scvg: inuse: 17, idle: 44, sys: 62, released: 38, consumed: 24 (MB)
scvg: 0 MB released
scvg: inuse: 17, idle: 44, sys: 62, released: 38, consumed: 24 (MB)
scvg: 0 MB released
scvg: inuse: 17, idle: 44, sys: 62, released: 38, consumed: 24 (MB)
scvg: 0 MB released
scvg: inuse: 17, idle: 44, sys: 62, released: 38, consumed: 24 (MB)
scvg: 0 MB released
scvg: inuse: 17, idle: 44, sys: 62, released: 38, consumed: 24 (MB)
scvg: 0 MB released
scvg: inuse: 17, idle: 44, sys: 62, released: 38, consumed: 24 (MB)
scvg: 0 MB released
scvg: inuse: 17, idle: 44, sys: 62, released: 38, consumed: 24 (MB)
scvg: 0 MB released
scvg: inuse: 17, idle: 44, sys: 62, released: 38, consumed: 24 (MB)
scvg: 0 MB released
scvg: inuse: 17, idle: 44, sys: 62, released: 38, consumed: 24 (MB)
scvg: 0 MB released
scvg: inuse: 17, idle: 44, sys: 62, released: 38, consumed: 24 (MB)
scvg: 0 MB released
scvg: inuse: 17, idle: 44, sys: 62, released: 38, consumed: 24 (MB)
scvg: 0 MB released
scvg: inuse: 17, idle: 44, sys: 62, released: 38, consumed: 24 (MB)
scvg: 0 MB released
scvg: inuse: 17, idle: 44, sys: 62, released: 38, consumed: 24 (MB)
scvg: 0 MB released
scvg: inuse: 17, idle: 44, sys: 62, released: 38, consumed: 24 (MB)
scvg: 0 MB released
scvg: inuse: 17, idle: 44, sys: 62, released: 38, consumed: 24 (MB)
scvg: 0 MB released
scvg: inuse: 17, idle: 44, sys: 62, released: 38, consumed: 24 (MB)
scvg: 0 MB released
scvg: inuse: 17, idle: 44, sys: 62, released: 38, consumed: 24 (MB)
scvg: 0 MB released
scvg: inuse: 17, idle: 44, sys: 62, released: 38, consumed: 24 (MB)
scvg: 0 MB released
scvg: inuse: 17, idle: 44, sys: 62, released: 38, consumed: 24 (MB)
scvg: 0 MB released
scvg: inuse: 17, idle: 44, sys: 62, released: 38, consumed: 24 (MB)
scvg: 0 MB released
scvg: inuse: 17, idle: 44, sys: 62, released: 38, consumed: 24 (MB)
scvg: 0 MB released
scvg: inuse: 17, idle: 44, sys: 62, released: 38, consumed: 24 (MB)
scvg: 0 MB released
scvg: inuse: 17, idle: 44, sys: 62, released: 38, consumed: 24 (MB)
scvg: 0 MB released
scvg: inuse: 17, idle: 44, sys: 62, released: 38, consumed: 24 (MB)
scvg: 0 MB released
scvg: inuse: 17, idle: 44, sys: 62, released: 38, consumed: 24 (MB)
scvg: 0 MB released
scvg: inuse: 17, idle: 44, sys: 62, released: 38, consumed: 24 (MB)
scvg: 0 MB released
scvg: inuse: 17, idle: 44, sys: 62, released: 38, consumed: 24 (MB)
scvg: 0 MB released
scvg: inuse: 17, idle: 44, sys: 62, released: 38, consumed: 24 (MB)
scvg: 0 MB released
scvg: inuse: 17, idle: 44, sys: 62, released: 38, consumed: 24 (MB)
scvg: 0 MB released
scvg: inuse: 17, idle: 44, sys: 62, released: 38, consumed: 24 (MB)
scvg: 0 MB released
scvg: inuse: 17, idle: 44, sys: 62, released: 38, consumed: 24 (MB)
scvg: 0 MB released
scvg: inuse: 17, idle: 44, sys: 62, released: 38, consumed: 24 (MB)
scvg: 0 MB released
scvg: inuse: 17, idle: 44, sys: 62, released: 38, consumed: 24 (MB)
scvg: 0 MB released
scvg: inuse: 17, idle: 44, sys: 62, released: 38, consumed: 24 (MB)
scvg: 0 MB released
scvg: inuse: 17, idle: 44, sys: 62, released: 38, consumed: 24 (MB)
scvg: 0 MB released
scvg: inuse: 17, idle: 44, sys: 62, released: 38, consumed: 24 (MB)
scvg: 0 MB released
scvg: inuse: 17, idle: 44, sys: 62, released: 38, consumed: 23 (MB)
scvg: 0 MB released
scvg: inuse: 17, idle: 44, sys: 62, released: 38, consumed: 23 (MB)
scvg: 0 MB released
scvg: inuse: 17, idle: 44, sys: 62, released: 38, consumed: 23 (MB)
scvg: 0 MB released
scvg: inuse: 17, idle: 44, sys: 62, released: 38, consumed: 23 (MB)
scvg: 0 MB released
scvg: inuse: 17, idle: 44, sys: 62, released: 38, consumed: 23 (MB)
scvg: 0 MB released
scvg: inuse: 17, idle: 44, sys: 62, released: 38, consumed: 23 (MB)
scvg: 0 MB released
scvg: inuse: 17, idle: 44, sys: 62, released: 38, consumed: 23 (MB)
scvg: 0 MB released
scvg: inuse: 17, idle: 44, sys: 62, released: 38, consumed: 23 (MB)
scvg: 0 MB released
scvg: inuse: 17, idle: 44, sys: 62, released: 38, consumed: 23 (MB)
scvg: 0 MB released
scvg: inuse: 17, idle: 44, sys: 62, released: 38, consumed: 23 (MB)
scvg: 0 MB released
scvg: inuse: 17, idle: 44, sys: 62, released: 38, consumed: 23 (MB)
scvg: 0 MB released
scvg: inuse: 17, idle: 44, sys: 62, released: 38, consumed: 23 (MB)
scvg: 0 MB released
scvg: inuse: 17, idle: 44, sys: 62, released: 38, consumed: 23 (MB)
scvg: 0 MB released
scvg: inuse: 17, idle: 44, sys: 62, released: 38, consumed: 23 (MB)
scvg: 0 MB released
scvg: inuse: 17, idle: 44, sys: 62, released: 38, consumed: 23 (MB)
scvg: 0 MB released
scvg: inuse: 17, idle: 44, sys: 62, released: 38, consumed: 23 (MB)
scvg: 0 MB released
scvg: inuse: 17, idle: 44, sys: 62, released: 38, consumed: 23 (MB)
scvg: 0 MB released
scvg: inuse: 17, idle: 44, sys: 62, released: 38, consumed: 23 (MB)
scvg: 0 MB released
scvg: inuse: 17, idle: 44, sys: 62, released: 38, consumed: 23 (MB)
scvg: 0 MB released
scvg: inuse: 17, idle: 44, sys: 62, released: 38, consumed: 23 (MB)
scvg: 0 MB released
scvg: inuse: 17, idle: 44, sys: 62, released: 38, consumed: 23 (MB)
scvg: 0 MB released
scvg: inuse: 17, idle: 44, sys: 62, released: 38, consumed: 23 (MB)
scvg: 0 MB released
scvg: inuse: 17, idle: 44, sys: 62, released: 38, consumed: 23 (MB)
scvg: 0 MB released
scvg: inuse: 17, idle: 44, sys: 62, released: 38, consumed: 23 (MB)
scvg: 0 MB released
scvg: inuse: 17, idle: 44, sys: 62, released: 38, consumed: 23 (MB)
scvg: 0 MB released
scvg: inuse: 17, idle: 44, sys: 62, released: 38, consumed: 23 (MB)
scvg: 0 MB released
scvg: inuse: 17, idle: 44, sys: 62, released: 38, consumed: 23 (MB)
scvg: 0 MB released
scvg: inuse: 17, idle: 44, sys: 62, released: 38, consumed: 23 (MB)
scvg: 0 MB released
scvg: inuse: 17, idle: 44, sys: 62, released: 38, consumed: 23 (MB)
scvg: 0 MB released
scvg: inuse: 17, idle: 44, sys: 62, released: 38, consumed: 23 (MB)
scvg: 0 MB released
scvg: inuse: 17, idle: 44, sys: 62, released: 38, consumed: 23 (MB)
scvg: 0 MB released
scvg: inuse: 17, idle: 44, sys: 62, released: 38, consumed: 23 (MB)
scvg: 0 MB released
scvg: inuse: 17, idle: 44, sys: 62, released: 38, consumed: 23 (MB)
scvg: 0 MB released
scvg: inuse: 17, idle: 44, sys: 62, released: 38, consumed: 23 (MB)
scvg: 0 MB released
scvg: inuse: 17, idle: 44, sys: 62, released: 38, consumed: 23 (MB)
scvg: 0 MB released
scvg: inuse: 17, idle: 44, sys: 62, released: 38, consumed: 23 (MB)
scvg: 0 MB released
scvg: inuse: 17, idle: 44, sys: 62, released: 38, consumed: 23 (MB)
scvg: 0 MB released
scvg: inuse: 17, idle: 44, sys: 62, released: 38, consumed: 23 (MB)
scvg: 0 MB released
scvg: inuse: 17, idle: 44, sys: 62, released: 38, consumed: 23 (MB)
scvg: 0 MB released
scvg: inuse: 17, idle: 44, sys: 62, released: 38, consumed: 23 (MB)
scvg: 0 MB released
scvg: inuse: 17, idle: 44, sys: 62, released: 38, consumed: 23 (MB)
scvg: 0 MB released
scvg: inuse: 17, idle: 44, sys: 62, released: 38, consumed: 23 (MB)
scvg: 0 MB released
scvg: inuse: 17, idle: 44, sys: 62, released: 38, consumed: 23 (MB)
scvg: 0 MB released
scvg: inuse: 17, idle: 44, sys: 62, released: 38, consumed: 23 (MB)
scvg: 0 MB released
scvg: inuse: 17, idle: 44, sys: 62, released: 38, consumed: 23 (MB)
scvg: 0 MB released
scvg: inuse: 17, idle: 44, sys: 62, released: 38, consumed: 23 (MB)
scvg: 0 MB released
scvg: inuse: 17, idle: 44, sys: 62, released: 38, consumed: 23 (MB)
scvg: 0 MB released
scvg: inuse: 17, idle: 44, sys: 62, released: 38, consumed: 23 (MB)
scvg: 0 MB released
scvg: inuse: 17, idle: 44, sys: 62, released: 38, consumed: 23 (MB)
scvg: 0 MB released
scvg: inuse: 17, idle: 44, sys: 62, released: 38, consumed: 23 (MB)
scvg: 0 MB released
scvg: inuse: 17, idle: 44, sys: 62, released: 38, consumed: 23 (MB)
scvg: 0 MB released
scvg: inuse: 17, idle: 44, sys: 62, released: 38, consumed: 23 (MB)
scvg: 0 MB released
scvg: inuse: 17, idle: 44, sys: 62, released: 38, consumed: 23 (MB)
scvg: 0 MB released
scvg: inuse: 17, idle: 44, sys: 62, released: 38, consumed: 23 (MB)
scvg: 0 MB released
scvg: inuse: 17, idle: 44, sys: 62, released: 38, consumed: 23 (MB)
scvg: 0 MB released
scvg: inuse: 17, idle: 44, sys: 62, released: 38, consumed: 23 (MB)
scvg: 0 MB released
scvg: inuse: 17, idle: 44, sys: 62, released: 38, consumed: 23 (MB)
scvg: 0 MB released
scvg: inuse: 17, idle: 44, sys: 62, released: 38, consumed: 23 (MB)
scvg: 0 MB released
scvg: inuse: 17, idle: 44, sys: 62, released: 38, consumed: 23 (MB)
scvg: 0 MB released
scvg: inuse: 17, idle: 44, sys: 62, released: 38, consumed: 23 (MB)
scvg: 0 MB released
scvg: inuse: 17, idle: 44, sys: 62, released: 38, consumed: 23 (MB)
scvg: 0 MB released
scvg: inuse: 17, idle: 44, sys: 62, released: 38, consumed: 23 (MB)
scvg: 0 MB released
scvg: inuse: 17, idle: 44, sys: 62, released: 38, consumed: 23 (MB)
scvg: 0 MB released
scvg: inuse: 17, idle: 44, sys: 62, released: 38, consumed: 23 (MB)
scvg: 0 MB released
scvg: inuse: 17, idle: 44, sys: 62, released: 38, consumed: 23 (MB)
scvg: 0 MB released
scvg: inuse: 17, idle: 44, sys: 62, released: 38, consumed: 23 (MB)
scvg: 0 MB released
scvg: inuse: 17, idle: 44, sys: 62, released: 38, consumed: 23 (MB)
scvg: 0 MB released
scvg: inuse: 17, idle: 44, sys: 62, released: 38, consumed: 23 (MB)
scvg: 0 MB released
scvg: inuse: 17, idle: 44, sys: 62, released: 38, consumed: 23 (MB)
scvg: 0 MB released
scvg: inuse: 17, idle: 44, sys: 62, released: 38, consumed: 23 (MB)
scvg: 0 MB released
scvg: inuse: 17, idle: 44, sys: 62, released: 38, consumed: 23 (MB)
scvg: 0 MB released
scvg: inuse: 17, idle: 44, sys: 62, released: 38, consumed: 23 (MB)
scvg: 0 MB released
scvg: inuse: 17, idle: 44, sys: 62, released: 38, consumed: 23 (MB)
scvg: 0 MB released
scvg: inuse: 17, idle: 44, sys: 62, released: 38, consumed: 23 (MB)
scvg: 0 MB released
scvg: inuse: 17, idle: 44, sys: 62, released: 38, consumed: 23 (MB)
scvg: 0 MB released
scvg: inuse: 17, idle: 44, sys: 62, released: 38, consumed: 23 (MB)
scvg: 0 MB released
scvg: inuse: 17, idle: 44, sys: 62, released: 38, consumed: 23 (MB)
scvg: 0 MB released
scvg: inuse: 17, idle: 44, sys: 62, released: 38, consumed: 23 (MB)
scvg: 0 MB released
scvg: inuse: 17, idle: 44, sys: 62, released: 38, consumed: 23 (MB)
scvg: 0 MB released
scvg: inuse: 17, idle: 44, sys: 62, released: 39, consumed: 23 (MB)
scvg: 0 MB released
scvg: inuse: 17, idle: 44, sys: 62, released: 39, consumed: 23 (MB)
GC forced
gc 568 @64759.058s 0%: 0.009+3.4+0.006 ms clock, 0.073+0/4.5/3.3+0.049 ms cpu, 19->19->15 MB, 30 MB goal, 8 P
scvg: 0 MB released
scvg: inuse: 18, idle: 43, sys: 62, released: 39, consumed: 23 (MB)
scvg: 0 MB released
scvg: inuse: 17, idle: 44, sys: 62, released: 39, consumed: 23 (MB)
scvg: 0 MB released
scvg: inuse: 17, idle: 44, sys: 62, released: 39, consumed: 23 (MB)
scvg: 0 MB released
scvg: inuse: 17, idle: 44, sys: 62, released: 39, consumed: 23 (MB)
scvg: 0 MB released
scvg: inuse: 17, idle: 44, sys: 62, released: 39, consumed: 23 (MB)
scvg: 0 MB released
scvg: inuse: 17, idle: 44, sys: 62, released: 39, consumed: 23 (MB)
scvg: 0 MB released
scvg: inuse: 17, idle: 44, sys: 62, released: 39, consumed: 23 (MB)
scvg: 0 MB released
scvg: inuse: 17, idle: 44, sys: 62, released: 39, consumed: 23 (MB)
scvg: 0 MB released
scvg: inuse: 17, idle: 44, sys: 62, released: 39, consumed: 23 (MB)
scvg: 0 MB released
scvg: inuse: 17, idle: 44, sys: 62, released: 39, consumed: 23 (MB)
scvg: 0 MB released
scvg: inuse: 17, idle: 44, sys: 62, released: 39, consumed: 23 (MB)
scvg: 0 MB released
scvg: inuse: 17, idle: 44, sys: 62, released: 39, consumed: 23 (MB)
scvg: 0 MB released
scvg: inuse: 17, idle: 44, sys: 62, released: 39, consumed: 23 (MB)
scvg: 0 MB released
scvg: inuse: 17, idle: 44, sys: 62, released: 39, consumed: 23 (MB)
scvg: 0 MB released
scvg: inuse: 17, idle: 44, sys: 62, released: 39, consumed: 23 (MB)
scvg: 0 MB released
scvg: inuse: 17, idle: 44, sys: 62, released: 39, consumed: 23 (MB)
scvg: 0 MB released
scvg: inuse: 17, idle: 44, sys: 62, released: 39, consumed: 23 (MB)
scvg: 0 MB released
scvg: inuse: 17, idle: 44, sys: 62, released: 39, consumed: 23 (MB)
scvg: 0 MB released
scvg: inuse: 17, idle: 44, sys: 62, released: 39, consumed: 23 (MB)
scvg: 0 MB released
scvg: inuse: 17, idle: 44, sys: 62, released: 39, consumed: 23 (MB)
scvg: 0 MB released
scvg: inuse: 17, idle: 44, sys: 62, released: 39, consumed: 23 (MB)
scvg: 0 MB released
scvg: inuse: 17, idle: 44, sys: 62, released: 39, consumed: 23 (MB)
scvg: 0 MB released
scvg: inuse: 17, idle: 44, sys: 62, released: 39, consumed: 23 (MB)
scvg: 0 MB released
scvg: inuse: 17, idle: 44, sys: 62, released: 39, consumed: 23 (MB)
scvg: 0 MB released
scvg: inuse: 17, idle: 44, sys: 62, released: 39, consumed: 23 (MB)
scvg: 0 MB released
scvg: inuse: 17, idle: 44, sys: 62, released: 39, consumed: 23 (MB)
scvg: 0 MB released
scvg: inuse: 17, idle: 44, sys: 62, released: 39, consumed: 23 (MB)
scvg: 0 MB released
scvg: inuse: 17, idle: 44, sys: 62, released: 39, consumed: 22 (MB)
scvg: 0 MB released
scvg: inuse: 17, idle: 44, sys: 62, released: 39, consumed: 22 (MB)
scvg: 0 MB released
scvg: inuse: 17, idle: 44, sys: 62, released: 39, consumed: 22 (MB)
scvg: 0 MB released
scvg: inuse: 17, idle: 44, sys: 62, released: 39, consumed: 22 (MB)
scvg: 0 MB released
scvg: inuse: 17, idle: 44, sys: 62, released: 39, consumed: 22 (MB)
scvg: 0 MB released
scvg: inuse: 17, idle: 44, sys: 62, released: 39, consumed: 22 (MB)
scvg: 0 MB released
scvg: inuse: 17, idle: 44, sys: 62, released: 39, consumed: 22 (MB)
scvg: 0 MB released
scvg: inuse: 17, idle: 44, sys: 62, released: 39, consumed: 22 (MB)
scvg: 0 MB released
scvg: inuse: 17, idle: 44, sys: 62, released: 39, consumed: 22 (MB)
scvg: 0 MB released
scvg: inuse: 17, idle: 44, sys: 62, released: 39, consumed: 22 (MB)
scvg: 0 MB released
scvg: inuse: 17, idle: 44, sys: 62, released: 39, consumed: 22 (MB)
scvg: 0 MB released
scvg: inuse: 17, idle: 44, sys: 62, released: 39, consumed: 22 (MB)
scvg: 0 MB released
scvg: inuse: 17, idle: 44, sys: 62, released: 39, consumed: 22 (MB)
scvg: 0 MB released
scvg: inuse: 17, idle: 44, sys: 62, released: 39, consumed: 22 (MB)
scvg: 0 MB released
scvg: inuse: 17, idle: 44, sys: 62, released: 39, consumed: 22 (MB)
GC forced
gc 569 @64879.114s 0%: 0.008+3.2+0.006 ms clock, 0.071+0/3.3/2.6+0.053 ms cpu, 19->19->15 MB, 30 MB goal, 8 P
scvg: 0 MB released
scvg: inuse: 18, idle: 43, sys: 62, released: 39, consumed: 22 (MB)
scvg: 0 MB released
scvg: inuse: 17, idle: 44, sys: 62, released: 39, consumed: 22 (MB)
scvg: 0 MB released
scvg: inuse: 17, idle: 44, sys: 62, released: 39, consumed: 22 (MB)
GC forced
gc 570 @64999.141s 0%: 0.009+2.9+0.006 ms clock, 0.072+0/2.9/2.6+0.049 ms cpu, 20->20->15 MB, 30 MB goal, 8 P
GC forced
gc 571 @65119.145s 0%: 0.013+2.7+0.005 ms clock, 0.11+0/3.7/2.1+0.044 ms cpu, 20->20->15 MB, 30 MB goal, 8 P
GC forced
gc 572 @65239.165s 0%: 0.020+2.7+0.005 ms clock, 0.16+0/4.1/1.4+0.047 ms cpu, 20->20->15 MB, 30 MB goal, 8 P
GC forced
gc 573 @65359.172s 0%: 0.009+2.8+0.006 ms clock, 0.076+0/1.8/4.6+0.054 ms cpu, 19->19->15 MB, 30 MB goal, 8 P
GC forced
gc 574 @65479.184s 0%: 0.009+4.3+0.006 ms clock, 0.076+0/4.9/1.2+0.050 ms cpu, 19->19->15 MB, 30 MB goal, 8 P
GC forced
gc 575 @65599.194s 0%: 0.009+3.0+0.005 ms clock, 0.078+0/3.9/2.1+0.047 ms cpu, 19->19->15 MB, 30 MB goal, 8 P
GC forced
gc 576 @65719.214s 0%: 0.009+2.8+0.005 ms clock, 0.072+0/3.5/2.1+0.047 ms cpu, 20->20->15 MB, 30 MB goal, 8 P
GC forced
gc 577 @65839.241s 0%: 0.010+3.1+0.005 ms clock, 0.081+0/4.6/0.90+0.047 ms cpu, 20->20->15 MB, 30 MB goal, 8 P
GC forced
gc 578 @65959.273s 0%: 0.009+2.2+0.005 ms clock, 0.074+0/2.9/6.0+0.042 ms cpu, 20->20->15 MB, 30 MB goal, 8 P
GC forced
gc 579 @66079.309s 0%: 0.009+3.2+0.007 ms clock, 0.078+0/4.7/1.5+0.057 ms cpu, 20->20->15 MB, 30 MB goal, 8 P
GC forced
gc 580 @66199.341s 0%: 0.009+5.1+0.008 ms clock, 0.077+0/5.7/5.3+0.068 ms cpu, 20->20->15 MB, 30 MB goal, 8 P
GC forced
gc 581 @66319.364s 0%: 0.010+2.7+0.006 ms clock, 0.080+0/4.3/2.8+0.048 ms cpu, 19->19->15 MB, 30 MB goal, 8 P
GC forced
gc 582 @66439.424s 0%: 0.009+1.9+0.006 ms clock, 0.073+0/3.4/6.8+0.052 ms cpu, 20->20->15 MB, 30 MB goal, 8 P
GC forced
gc 583 @66559.441s 0%: 0.009+2.9+0.005 ms clock, 0.079+0/3.8/3.5+0.047 ms cpu, 19->19->15 MB, 30 MB goal, 8 P
GC forced
gc 584 @66679.450s 0%: 0.013+2.8+0.005 ms clock, 0.10+0/2.8/5.7+0.046 ms cpu, 20->20->15 MB, 30 MB goal, 8 P
GC forced
gc 585 @66799.455s 0%: 0.008+2.7+0.005 ms clock, 0.066+0/3.5/5.1+0.045 ms cpu, 19->19->15 MB, 30 MB goal, 8 P
GC forced
gc 586 @66919.459s 0%: 0.008+2.8+0.006 ms clock, 0.066+0/4.2/2.9+0.053 ms cpu, 20->20->15 MB, 30 MB goal, 8 P
GC forced
gc 587 @67039.531s 0%: 0.010+4.2+0.007 ms clock, 0.083+0/5.2/2.3+0.062 ms cpu, 19->19->15 MB, 30 MB goal, 8 P
GC forced
gc 588 @67159.536s 0%: 0.009+3.2+0.005 ms clock, 0.073+0/3.3/2.1+0.043 ms cpu, 20->20->15 MB, 30 MB goal, 8 P
GC forced
gc 589 @67279.541s 0%: 0.008+1.7+0.012 ms clock, 0.067+0/3.3/6.8+0.10 ms cpu, 19->19->15 MB, 30 MB goal, 8 P
GC forced
gc 590 @67399.561s 0%: 0.012+3.0+0.006 ms clock, 0.10+0/2.7/3.0+0.054 ms cpu, 20->20->15 MB, 30 MB goal, 8 P
GC forced
gc 591 @67519.582s 0%: 0.013+3.3+0.006 ms clock, 0.10+0/3.7/3.4+0.051 ms cpu, 19->19->15 MB, 30 MB goal, 8 P
GC forced
gc 592 @67639.637s 0%: 0.006+3.2+0.006 ms clock, 0.052+0/4.5/2.7+0.048 ms cpu, 19->19->15 MB, 30 MB goal, 8 P
GC forced
gc 593 @67759.641s 0%: 0.008+3.1+0.006 ms clock, 0.069+0/3.1/2.4+0.049 ms cpu, 20->20->15 MB, 30 MB goal, 8 P
GC forced
gc 594 @67879.670s 0%: 0.008+3.0+0.006 ms clock, 0.069+0/3.0/2.5+0.049 ms cpu, 20->20->15 MB, 30 MB goal, 8 P
GC forced
gc 595 @67999.732s 0%: 0.009+3.0+0.006 ms clock, 0.075+0/3.8/2.0+0.048 ms cpu, 20->20->15 MB, 30 MB goal, 8 P
GC forced
gc 596 @68119.741s 0%: 0.010+2.6+0.006 ms clock, 0.085+0/3.5/4.9+0.049 ms cpu, 20->20->15 MB, 30 MB goal, 8 P
GC forced
gc 597 @68239.755s 0%: 0.009+3.2+0.006 ms clock, 0.077+0/5.3/1.6+0.049 ms cpu, 20->20->15 MB, 30 MB goal, 8 P
GC forced
gc 598 @68359.776s 0%: 0.008+2.7+0.007 ms clock, 0.064+0/4.2/1.6+0.057 ms cpu, 20->20->15 MB, 30 MB goal, 8 P
GC forced
gc 599 @68479.836s 0%: 0.012+3.2+0.006 ms clock, 0.097+0/3.2/2.4+0.052 ms cpu, 20->20->15 MB, 30 MB goal, 8 P
GC forced
gc 600 @68599.841s 0%: 0.009+4.0+0.006 ms clock, 0.079+0/4.3/2.2+0.049 ms cpu, 20->20->15 MB, 30 MB goal, 8 P
GC forced
gc 601 @68719.898s 0%: 0.018+2.9+0.005 ms clock, 0.14+0/4.2/2.9+0.047 ms cpu, 20->20->15 MB, 30 MB goal, 8 P
GC forced
gc 602 @68839.924s 0%: 0.086+2.9+0.005 ms clock, 0.69+0/2.7/2.9+0.047 ms cpu, 20->20->15 MB, 30 MB goal, 8 P
GC forced
gc 603 @68959.941s 0%: 0.009+3.2+0.006 ms clock, 0.074+0/4.8/0.89+0.052 ms cpu, 20->20->15 MB, 30 MB goal, 8 P
GC forced
gc 604 @69079.977s 0%: 0.008+3.3+0.006 ms clock, 0.065+0/4.5/1.6+0.051 ms cpu, 20->20->15 MB, 30 MB goal, 8 P
GC forced
gc 605 @69200.021s 0%: 0.009+3.6+0.006 ms clock, 0.072+0/4.5/1.6+0.053 ms cpu, 20->20->15 MB, 30 MB goal, 8 P
GC forced
gc 606 @69320.041s 0%: 0.009+3.0+0.006 ms clock, 0.076+0/3.0/2.6+0.053 ms cpu, 19->19->15 MB, 30 MB goal, 8 P
GC forced
gc 607 @69440.054s 0%: 0.008+4.3+0.008 ms clock, 0.065+0/4.6/3.6+0.065 ms cpu, 20->20->15 MB, 30 MB goal, 8 P
GC forced
gc 608 @69560.115s 0%: 0.008+3.2+0.006 ms clock, 0.071+0/3.2/2.5+0.052 ms cpu, 19->19->15 MB, 30 MB goal, 8 P
GC forced
gc 609 @69680.141s 0%: 0.009+3.0+0.005 ms clock, 0.076+0/3.4/2.7+0.047 ms cpu, 20->20->15 MB, 30 MB goal, 8 P
GC forced
gc 610 @69800.165s 0%: 0.021+4.4+0.006 ms clock, 0.17+0/5.0/0.57+0.053 ms cpu, 20->20->15 MB, 30 MB goal, 8 P
GC forced
gc 611 @69920.184s 0%: 0.009+2.6+0.005 ms clock, 0.072+0/3.5/4.4+0.047 ms cpu, 20->20->15 MB, 30 MB goal, 8 P
GC forced
gc 612 @70040.215s 0%: 0.008+2.8+0.005 ms clock, 0.071+0/3.8/3.3+0.047 ms cpu, 20->20->15 MB, 30 MB goal, 8 P
GC forced
gc 613 @70160.241s 0%: 0.009+1.4+0.005 ms clock, 0.074+0/2.5/5.7+0.044 ms cpu, 20->20->15 MB, 30 MB goal, 8 P
GC forced
gc 614 @70280.276s 0%: 0.010+3.2+0.006 ms clock, 0.087+0/5.4/0.91+0.052 ms cpu, 20->20->15 MB, 31 MB goal, 8 P
GC forced
gc 615 @70400.292s 0%: 0.008+2.4+0.005 ms clock, 0.071+0/3.4/3.8+0.045 ms cpu, 20->20->15 MB, 31 MB goal, 8 P
GC forced
gc 616 @70520.296s 0%: 0.008+2.9+0.014 ms clock, 0.071+0/3.6/2.5+0.11 ms cpu, 20->20->15 MB, 31 MB goal, 8 P
GC forced
gc 617 @70640.313s 0%: 0.061+3.4+0.010 ms clock, 0.49+0.49/3.3/1.6+0.087 ms cpu, 20->20->15 MB, 30 MB goal, 8 P
GC forced
gc 618 @70760.322s 0%: 0.026+2.7+0.006 ms clock, 0.21+0.95/1.8/4.5+0.051 ms cpu, 20->20->15 MB, 31 MB goal, 8 P
GC forced
gc 619 @70880.329s 0%: 0.009+2.7+0.008 ms clock, 0.073+0/3.4/3.7+0.065 ms cpu, 20->20->15 MB, 31 MB goal, 8 P
GC forced
gc 620 @71000.335s 0%: 0.009+2.8+0.007 ms clock, 0.074+0/4.0/2.6+0.057 ms cpu, 20->20->15 MB, 30 MB goal, 8 P
GC forced
gc 621 @71120.340s 0%: 0.009+2.9+0.006 ms clock, 0.076+0/3.7/3.6+0.049 ms cpu, 20->20->15 MB, 30 MB goal, 8 P
GC forced
gc 622 @71240.345s 0%: 0.009+4.6+0.007 ms clock, 0.078+0/5.3/2.8+0.059 ms cpu, 20->20->15 MB, 31 MB goal, 8 P
GC forced
gc 623 @71360.350s 0%: 0.010+3.3+0.006 ms clock, 0.081+0/6.1/0.59+0.048 ms cpu, 20->20->15 MB, 31 MB goal, 8 P
GC forced
gc 624 @71480.355s 0%: 0.010+3.0+0.005 ms clock, 0.080+0/4.0/2.4+0.047 ms cpu, 20->20->15 MB, 31 MB goal, 8 P
GC forced
gc 625 @71600.360s 0%: 0.007+2.9+0.006 ms clock, 0.059+0/3.7/2.6+0.049 ms cpu, 19->19->15 MB, 31 MB goal, 8 P
GC forced
gc 626 @71720.365s 0%: 0.009+2.8+0.005 ms clock, 0.073+0/3.7/4.5+0.047 ms cpu, 20->20->15 MB, 30 MB goal, 8 P
GC forced
gc 627 @71840.370s 0%: 0.023+3.1+0.006 ms clock, 0.18+0/4.6/1.5+0.048 ms cpu, 20->20->15 MB, 31 MB goal, 8 P
GC forced
gc 628 @71960.375s 0%: 0.008+1.6+0.005 ms clock, 0.066+0/2.9/5.5+0.046 ms cpu, 20->20->15 MB, 31 MB goal, 8 P
GC forced
gc 629 @72080.379s 0%: 0.008+3.0+0.007 ms clock, 0.066+0/4.0/4.8+0.057 ms cpu, 20->20->15 MB, 30 MB goal, 8 P
GC forced
gc 630 @72200.387s 0%: 0.009+3.9+0.008 ms clock, 0.076+0/2.9/3.9+0.069 ms cpu, 20->20->15 MB, 31 MB goal, 8 P
GC forced
gc 631 @72320.392s 0%: 0.009+3.0+0.007 ms clock, 0.074+0/4.1/3.3+0.058 ms cpu, 19->19->15 MB, 30 MB goal, 8 P
GC forced
gc 632 @72440.397s 0%: 0.013+4.6+0.008 ms clock, 0.10+0.10/6.1/1.3+0.068 ms cpu, 20->20->15 MB, 30 MB goal, 8 P
GC forced
gc 633 @72560.402s 0%: 0.022+2.9+0.006 ms clock, 0.17+0.88/4.1/5.3+0.050 ms cpu, 19->19->15 MB, 30 MB goal, 8 P
GC forced
gc 634 @72680.408s 0%: 0.028+5.5+0.006 ms clock, 0.22+0/5.4/0+0.052 ms cpu, 20->20->15 MB, 30 MB goal, 8 P
GC forced
gc 635 @72800.419s 0%: 0.008+4.6+0.008 ms clock, 0.069+0/2.2/5.7+0.064 ms cpu, 19->19->15 MB, 30 MB goal, 8 P
GC forced
gc 636 @72920.424s 0%: 0.010+2.9+0.006 ms clock, 0.080+0/5.5/3.6+0.049 ms cpu, 20->20->15 MB, 30 MB goal, 8 P
GC forced
gc 637 @73040.428s 0%: 0.027+2.3+0.007 ms clock, 0.22+0.25/4.1/7.0+0.058 ms cpu, 29->29->15 MB, 30 MB goal, 8 P
gc 638 @73045.010s 0%: 0.010+2.9+0.006 ms clock, 0.086+0.29/4.1/2.4+0.055 ms cpu, 30->30->15 MB, 31 MB goal, 8 P
GC forced
gc 639 @73165.041s 0%: 0.031+2.9+0.005 ms clock, 0.25+0/4.7/1.8+0.041 ms cpu, 25->25->15 MB, 31 MB goal, 8 P
scvg: 0 MB released
scvg: inuse: 23, idle: 39, sys: 62, released: 30, consumed: 31 (MB)
scvg: 0 MB released
scvg: inuse: 19, idle: 43, sys: 62, released: 30, consumed: 31 (MB)
scvg: 0 MB released
scvg: inuse: 19, idle: 43, sys: 62, released: 30, consumed: 31 (MB)
scvg: 0 MB released
scvg: inuse: 19, idle: 43, sys: 62, released: 30, consumed: 31 (MB)
scvg: 0 MB released
scvg: inuse: 19, idle: 43, sys: 62, released: 30, consumed: 31 (MB)
scvg: 0 MB released
scvg: inuse: 19, idle: 43, sys: 62, released: 30, consumed: 31 (MB)
scvg: 0 MB released
scvg: inuse: 19, idle: 43, sys: 62, released: 30, consumed: 31 (MB)
scvg: 0 MB released
scvg: inuse: 19, idle: 43, sys: 62, released: 30, consumed: 31 (MB)
scvg: 0 MB released
scvg: inuse: 19, idle: 43, sys: 62, released: 30, consumed: 31 (MB)
scvg: 0 MB released
scvg: inuse: 19, idle: 43, sys: 62, released: 30, consumed: 31 (MB)
scvg: 0 MB released
scvg: inuse: 19, idle: 43, sys: 62, released: 30, consumed: 31 (MB)
scvg: 0 MB released
scvg: inuse: 19, idle: 43, sys: 62, released: 30, consumed: 31 (MB)
scvg: 0 MB released
scvg: inuse: 19, idle: 43, sys: 62, released: 30, consumed: 31 (MB)
scvg: 0 MB released
scvg: inuse: 19, idle: 43, sys: 62, released: 30, consumed: 31 (MB)
scvg: 0 MB released
scvg: inuse: 19, idle: 43, sys: 62, released: 30, consumed: 31 (MB)
scvg: 0 MB released
scvg: inuse: 19, idle: 43, sys: 62, released: 30, consumed: 31 (MB)
scvg: 0 MB released
scvg: inuse: 19, idle: 43, sys: 62, released: 30, consumed: 31 (MB)
scvg: 0 MB released
scvg: inuse: 19, idle: 43, sys: 62, released: 30, consumed: 31 (MB)
scvg: 0 MB released
scvg: inuse: 19, idle: 43, sys: 62, released: 30, consumed: 31 (MB)
scvg: 0 MB released
scvg: inuse: 19, idle: 43, sys: 62, released: 30, consumed: 31 (MB)
scvg: 0 MB released
scvg: inuse: 19, idle: 43, sys: 62, released: 30, consumed: 31 (MB)
scvg: 0 MB released
scvg: inuse: 19, idle: 43, sys: 62, released: 30, consumed: 31 (MB)
scvg: 0 MB released
scvg: inuse: 19, idle: 43, sys: 62, released: 30, consumed: 31 (MB)
scvg: 0 MB released
scvg: inuse: 19, idle: 43, sys: 62, released: 30, consumed: 31 (MB)
scvg: 0 MB released
scvg: inuse: 19, idle: 43, sys: 62, released: 30, consumed: 31 (MB)
scvg: 0 MB released
scvg: inuse: 19, idle: 43, sys: 62, released: 30, consumed: 31 (MB)
scvg: 0 MB released
scvg: inuse: 19, idle: 43, sys: 62, released: 30, consumed: 31 (MB)
scvg: 0 MB released
scvg: inuse: 19, idle: 43, sys: 62, released: 30, consumed: 31 (MB)
scvg: 0 MB released
scvg: inuse: 19, idle: 43, sys: 62, released: 30, consumed: 31 (MB)
scvg: 0 MB released
scvg: inuse: 19, idle: 43, sys: 62, released: 30, consumed: 31 (MB)
scvg: 0 MB released
scvg: inuse: 19, idle: 43, sys: 62, released: 30, consumed: 31 (MB)
scvg: 0 MB released
scvg: inuse: 19, idle: 43, sys: 62, released: 30, consumed: 31 (MB)
scvg: 0 MB released
scvg: inuse: 19, idle: 43, sys: 62, released: 30, consumed: 31 (MB)
scvg: 0 MB released
scvg: inuse: 19, idle: 43, sys: 62, released: 30, consumed: 31 (MB)
scvg: 0 MB released
scvg: inuse: 19, idle: 43, sys: 62, released: 30, consumed: 31 (MB)
scvg: 0 MB released
scvg: inuse: 19, idle: 43, sys: 62, released: 30, consumed: 31 (MB)
scvg: 0 MB released
scvg: inuse: 19, idle: 43, sys: 62, released: 30, consumed: 31 (MB)
scvg: 0 MB released
scvg: inuse: 19, idle: 43, sys: 62, released: 30, consumed: 31 (MB)
scvg: 0 MB released
scvg: inuse: 19, idle: 43, sys: 62, released: 30, consumed: 31 (MB)
scvg: 0 MB released
scvg: inuse: 19, idle: 43, sys: 62, released: 30, consumed: 31 (MB)
scvg: 0 MB released
scvg: inuse: 19, idle: 43, sys: 62, released: 30, consumed: 31 (MB)
scvg: 0 MB released
scvg: inuse: 19, idle: 43, sys: 62, released: 30, consumed: 31 (MB)
scvg: 0 MB released
scvg: inuse: 19, idle: 43, sys: 62, released: 30, consumed: 31 (MB)
scvg: 0 MB released
scvg: inuse: 19, idle: 43, sys: 62, released: 31, consumed: 31 (MB)
scvg: 0 MB released
scvg: inuse: 19, idle: 43, sys: 62, released: 31, consumed: 31 (MB)
scvg: 0 MB released
scvg: inuse: 19, idle: 43, sys: 62, released: 31, consumed: 31 (MB)
scvg: 0 MB released
scvg: inuse: 19, idle: 43, sys: 62, released: 31, consumed: 31 (MB)
scvg: 0 MB released
scvg: inuse: 19, idle: 43, sys: 62, released: 31, consumed: 31 (MB)
scvg: 0 MB released
scvg: inuse: 19, idle: 43, sys: 62, released: 31, consumed: 31 (MB)
scvg: 0 MB released
scvg: inuse: 19, idle: 43, sys: 62, released: 31, consumed: 31 (MB)
scvg: 0 MB released
scvg: inuse: 19, idle: 43, sys: 62, released: 31, consumed: 31 (MB)
scvg: 0 MB released
scvg: inuse: 19, idle: 43, sys: 62, released: 31, consumed: 31 (MB)
scvg: 0 MB released
scvg: inuse: 19, idle: 43, sys: 62, released: 31, consumed: 31 (MB)
scvg: 0 MB released
scvg: inuse: 19, idle: 43, sys: 62, released: 31, consumed: 31 (MB)
scvg: 0 MB released
scvg: inuse: 19, idle: 43, sys: 62, released: 31, consumed: 31 (MB)
scvg: 0 MB released
scvg: inuse: 19, idle: 43, sys: 62, released: 31, consumed: 31 (MB)
scvg: 0 MB released
scvg: inuse: 19, idle: 43, sys: 62, released: 31, consumed: 31 (MB)
scvg: 0 MB released
scvg: inuse: 19, idle: 43, sys: 62, released: 31, consumed: 31 (MB)
scvg: 0 MB released
scvg: inuse: 19, idle: 43, sys: 62, released: 31, consumed: 31 (MB)
scvg: 0 MB released
scvg: inuse: 19, idle: 43, sys: 62, released: 31, consumed: 31 (MB)
scvg: 0 MB released
scvg: inuse: 19, idle: 43, sys: 62, released: 31, consumed: 31 (MB)
scvg: 0 MB released
scvg: inuse: 19, idle: 43, sys: 62, released: 31, consumed: 31 (MB)
scvg: 0 MB released
scvg: inuse: 19, idle: 43, sys: 62, released: 31, consumed: 31 (MB)
scvg: 0 MB released
scvg: inuse: 19, idle: 43, sys: 62, released: 31, consumed: 31 (MB)
scvg: 0 MB released
scvg: inuse: 19, idle: 43, sys: 62, released: 31, consumed: 31 (MB)
scvg: 0 MB released
scvg: inuse: 19, idle: 43, sys: 62, released: 31, consumed: 31 (MB)
scvg: 0 MB released
scvg: inuse: 19, idle: 43, sys: 62, released: 31, consumed: 31 (MB)
scvg: 0 MB released
scvg: inuse: 19, idle: 43, sys: 62, released: 31, consumed: 31 (MB)
scvg: 0 MB released
scvg: inuse: 19, idle: 43, sys: 62, released: 31, consumed: 31 (MB)
scvg: 0 MB released
scvg: inuse: 19, idle: 43, sys: 62, released: 31, consumed: 31 (MB)
scvg: 0 MB released
scvg: inuse: 19, idle: 43, sys: 62, released: 31, consumed: 31 (MB)
scvg: 0 MB released
scvg: inuse: 19, idle: 43, sys: 62, released: 31, consumed: 31 (MB)
scvg: 0 MB released
scvg: inuse: 19, idle: 43, sys: 62, released: 31, consumed: 31 (MB)
scvg: 0 MB released
scvg: inuse: 19, idle: 43, sys: 62, released: 31, consumed: 31 (MB)
scvg: 0 MB released
scvg: inuse: 19, idle: 43, sys: 62, released: 31, consumed: 31 (MB)
scvg: 0 MB released
scvg: inuse: 19, idle: 43, sys: 62, released: 31, consumed: 31 (MB)
scvg: 0 MB released
scvg: inuse: 19, idle: 43, sys: 62, released: 31, consumed: 31 (MB)
scvg: 0 MB released
scvg: inuse: 19, idle: 43, sys: 62, released: 31, consumed: 31 (MB)
scvg: 0 MB released
scvg: inuse: 19, idle: 43, sys: 62, released: 31, consumed: 31 (MB)
scvg: 0 MB released
scvg: inuse: 19, idle: 43, sys: 62, released: 31, consumed: 31 (MB)
scvg: 0 MB released
scvg: inuse: 19, idle: 43, sys: 62, released: 31, consumed: 31 (MB)
scvg: 0 MB released
scvg: inuse: 19, idle: 43, sys: 62, released: 31, consumed: 31 (MB)
scvg: 0 MB released
scvg: inuse: 19, idle: 43, sys: 62, released: 31, consumed: 31 (MB)
scvg: 0 MB released
scvg: inuse: 19, idle: 43, sys: 62, released: 31, consumed: 31 (MB)
scvg: 0 MB released
scvg: inuse: 19, idle: 43, sys: 62, released: 31, consumed: 31 (MB)
scvg: 0 MB released
scvg: inuse: 19, idle: 43, sys: 62, released: 31, consumed: 31 (MB)
scvg: 0 MB released
scvg: inuse: 19, idle: 43, sys: 62, released: 31, consumed: 31 (MB)
scvg: 0 MB released
scvg: inuse: 19, idle: 43, sys: 62, released: 31, consumed: 31 (MB)
scvg: 0 MB released
scvg: inuse: 19, idle: 43, sys: 62, released: 31, consumed: 31 (MB)
scvg: 0 MB released
scvg: inuse: 19, idle: 43, sys: 62, released: 31, consumed: 31 (MB)
scvg: 0 MB released
scvg: inuse: 19, idle: 43, sys: 62, released: 31, consumed: 31 (MB)
scvg: 0 MB released
scvg: inuse: 19, idle: 43, sys: 62, released: 31, consumed: 31 (MB)
scvg: 0 MB released
scvg: inuse: 19, idle: 43, sys: 62, released: 31, consumed: 30 (MB)
scvg: 0 MB released
scvg: inuse: 19, idle: 43, sys: 62, released: 31, consumed: 30 (MB)
scvg: 0 MB released
scvg: inuse: 19, idle: 43, sys: 62, released: 31, consumed: 30 (MB)
scvg: 0 MB released
scvg: inuse: 19, idle: 43, sys: 62, released: 31, consumed: 30 (MB)
scvg: 0 MB released
scvg: inuse: 19, idle: 43, sys: 62, released: 31, consumed: 30 (MB)
scvg: 0 MB released
scvg: inuse: 19, idle: 43, sys: 62, released: 31, consumed: 30 (MB)
scvg: 0 MB released
scvg: inuse: 19, idle: 43, sys: 62, released: 31, consumed: 30 (MB)
scvg: 0 MB released
scvg: inuse: 19, idle: 43, sys: 62, released: 31, consumed: 30 (MB)
scvg: 0 MB released
scvg: inuse: 19, idle: 43, sys: 62, released: 31, consumed: 30 (MB)
scvg: 0 MB released
scvg: inuse: 19, idle: 43, sys: 62, released: 31, consumed: 30 (MB)
scvg: 0 MB released
scvg: inuse: 19, idle: 43, sys: 62, released: 31, consumed: 30 (MB)
scvg: 0 MB released
scvg: inuse: 19, idle: 43, sys: 62, released: 31, consumed: 30 (MB)
scvg: 0 MB released
scvg: inuse: 19, idle: 43, sys: 62, released: 31, consumed: 30 (MB)
scvg: 0 MB released
scvg: inuse: 19, idle: 43, sys: 62, released: 31, consumed: 30 (MB)
scvg: 0 MB released
scvg: inuse: 19, idle: 43, sys: 62, released: 31, consumed: 30 (MB)
scvg: 0 MB released
scvg: inuse: 19, idle: 43, sys: 62, released: 31, consumed: 30 (MB)
scvg: 0 MB released
scvg: inuse: 19, idle: 43, sys: 62, released: 31, consumed: 30 (MB)
scvg: 0 MB released
scvg: inuse: 19, idle: 43, sys: 62, released: 31, consumed: 30 (MB)
scvg: 0 MB released
scvg: inuse: 19, idle: 43, sys: 62, released: 31, consumed: 30 (MB)
scvg: 0 MB released
scvg: inuse: 19, idle: 43, sys: 62, released: 31, consumed: 30 (MB)
scvg: 0 MB released
scvg: inuse: 19, idle: 43, sys: 62, released: 31, consumed: 30 (MB)
scvg: 0 MB released
scvg: inuse: 19, idle: 43, sys: 62, released: 31, consumed: 30 (MB)
scvg: 0 MB released
scvg: inuse: 19, idle: 43, sys: 62, released: 31, consumed: 30 (MB)
scvg: 0 MB released
scvg: inuse: 19, idle: 43, sys: 62, released: 31, consumed: 30 (MB)
scvg: 0 MB released
scvg: inuse: 19, idle: 43, sys: 62, released: 31, consumed: 30 (MB)
scvg: 0 MB released
scvg: inuse: 19, idle: 43, sys: 62, released: 31, consumed: 30 (MB)
scvg: 0 MB released
scvg: inuse: 19, idle: 43, sys: 62, released: 31, consumed: 30 (MB)
scvg: 0 MB released
scvg: inuse: 19, idle: 43, sys: 62, released: 31, consumed: 30 (MB)
scvg: 0 MB released
scvg: inuse: 19, idle: 43, sys: 62, released: 31, consumed: 30 (MB)
scvg: 0 MB released
scvg: inuse: 19, idle: 43, sys: 62, released: 31, consumed: 30 (MB)
scvg: 0 MB released
scvg: inuse: 19, idle: 43, sys: 62, released: 31, consumed: 30 (MB)
scvg: 0 MB released
scvg: inuse: 19, idle: 43, sys: 62, released: 31, consumed: 30 (MB)
scvg: 0 MB released
scvg: inuse: 19, idle: 43, sys: 62, released: 31, consumed: 30 (MB)
scvg: 0 MB released
scvg: inuse: 19, idle: 43, sys: 62, released: 31, consumed: 30 (MB)
scvg: 0 MB released
scvg: inuse: 19, idle: 43, sys: 62, released: 31, consumed: 30 (MB)
scvg: 0 MB released
scvg: inuse: 19, idle: 43, sys: 62, released: 31, consumed: 30 (MB)
scvg: 0 MB released
scvg: inuse: 19, idle: 43, sys: 62, released: 31, consumed: 30 (MB)
scvg: 0 MB released
scvg: inuse: 19, idle: 43, sys: 62, released: 31, consumed: 30 (MB)
scvg: 0 MB released
scvg: inuse: 19, idle: 43, sys: 62, released: 31, consumed: 30 (MB)
scvg: 0 MB released
scvg: inuse: 19, idle: 43, sys: 62, released: 31, consumed: 30 (MB)
scvg: 0 MB released
scvg: inuse: 19, idle: 43, sys: 62, released: 31, consumed: 30 (MB)
scvg: 0 MB released
scvg: inuse: 19, idle: 43, sys: 62, released: 31, consumed: 30 (MB)
scvg: 0 MB released
scvg: inuse: 19, idle: 43, sys: 62, released: 31, consumed: 30 (MB)
scvg: 0 MB released
scvg: inuse: 19, idle: 43, sys: 62, released: 31, consumed: 30 (MB)
scvg: 0 MB released
scvg: inuse: 19, idle: 43, sys: 62, released: 31, consumed: 30 (MB)
scvg: 0 MB released
scvg: inuse: 19, idle: 43, sys: 62, released: 31, consumed: 30 (MB)
scvg: 0 MB released
scvg: inuse: 19, idle: 43, sys: 62, released: 31, consumed: 30 (MB)
scvg: 0 MB released
scvg: inuse: 19, idle: 43, sys: 62, released: 31, consumed: 30 (MB)
scvg: 0 MB released
scvg: inuse: 19, idle: 43, sys: 62, released: 31, consumed: 30 (MB)
scvg: 0 MB released
scvg: inuse: 19, idle: 43, sys: 62, released: 31, consumed: 30 (MB)
scvg: 0 MB released
scvg: inuse: 19, idle: 43, sys: 62, released: 31, consumed: 30 (MB)
scvg: 0 MB released
scvg: inuse: 19, idle: 43, sys: 62, released: 31, consumed: 30 (MB)
scvg: 0 MB released
scvg: inuse: 19, idle: 43, sys: 62, released: 31, consumed: 30 (MB)
scvg: 0 MB released
scvg: inuse: 19, idle: 43, sys: 62, released: 31, consumed: 30 (MB)
scvg: 0 MB released
scvg: inuse: 19, idle: 43, sys: 62, released: 31, consumed: 30 (MB)
scvg: 0 MB released
scvg: inuse: 19, idle: 43, sys: 62, released: 31, consumed: 30 (MB)
scvg: 0 MB released
scvg: inuse: 19, idle: 43, sys: 62, released: 31, consumed: 30 (MB)
scvg: 0 MB released
scvg: inuse: 19, idle: 43, sys: 62, released: 31, consumed: 30 (MB)
scvg: 0 MB released
scvg: inuse: 19, idle: 43, sys: 62, released: 31, consumed: 30 (MB)
scvg: 0 MB released
scvg: inuse: 19, idle: 43, sys: 62, released: 31, consumed: 30 (MB)
scvg: 0 MB released
scvg: inuse: 19, idle: 43, sys: 62, released: 31, consumed: 30 (MB)
scvg: 0 MB released
scvg: inuse: 19, idle: 43, sys: 62, released: 31, consumed: 30 (MB)
scvg: 0 MB released
scvg: inuse: 19, idle: 43, sys: 62, released: 31, consumed: 30 (MB)
scvg: 0 MB released
scvg: inuse: 19, idle: 43, sys: 62, released: 31, consumed: 30 (MB)
scvg: 0 MB released
scvg: inuse: 19, idle: 43, sys: 62, released: 31, consumed: 30 (MB)
scvg: 0 MB released
scvg: inuse: 19, idle: 43, sys: 62, released: 31, consumed: 30 (MB)
scvg: 0 MB released
scvg: inuse: 19, idle: 43, sys: 62, released: 31, consumed: 30 (MB)
scvg: 0 MB released
scvg: inuse: 19, idle: 43, sys: 62, released: 31, consumed: 30 (MB)
scvg: 0 MB released
scvg: inuse: 19, idle: 43, sys: 62, released: 31, consumed: 30 (MB)
scvg: 0 MB released
scvg: inuse: 19, idle: 43, sys: 62, released: 31, consumed: 30 (MB)
scvg: 0 MB released
scvg: inuse: 19, idle: 43, sys: 62, released: 31, consumed: 30 (MB)
scvg: 0 MB released
scvg: inuse: 19, idle: 43, sys: 62, released: 31, consumed: 30 (MB)
scvg: 0 MB released
scvg: inuse: 19, idle: 43, sys: 62, released: 31, consumed: 30 (MB)
scvg: 0 MB released
scvg: inuse: 19, idle: 43, sys: 62, released: 31, consumed: 30 (MB)
scvg: 0 MB released
scvg: inuse: 19, idle: 43, sys: 62, released: 31, consumed: 30 (MB)
scvg: 0 MB released
scvg: inuse: 19, idle: 43, sys: 62, released: 31, consumed: 30 (MB)
scvg: 0 MB released
scvg: inuse: 19, idle: 43, sys: 62, released: 31, consumed: 30 (MB)
scvg: 0 MB released
scvg: inuse: 19, idle: 43, sys: 62, released: 31, consumed: 30 (MB)
scvg: 0 MB released
scvg: inuse: 19, idle: 43, sys: 62, released: 31, consumed: 30 (MB)
scvg: 0 MB released
scvg: inuse: 19, idle: 43, sys: 62, released: 32, consumed: 30 (MB)
scvg: 0 MB released
scvg: inuse: 19, idle: 43, sys: 62, released: 32, consumed: 30 (MB)
scvg: 0 MB released
scvg: inuse: 19, idle: 43, sys: 62, released: 32, consumed: 30 (MB)
scvg: 0 MB released
scvg: inuse: 19, idle: 43, sys: 62, released: 32, consumed: 30 (MB)
scvg: 0 MB released
scvg: inuse: 19, idle: 43, sys: 62, released: 32, consumed: 30 (MB)
scvg: 0 MB released
scvg: inuse: 19, idle: 43, sys: 62, released: 32, consumed: 30 (MB)
scvg: 0 MB released
scvg: inuse: 19, idle: 43, sys: 62, released: 32, consumed: 30 (MB)
scvg: 0 MB released
scvg: inuse: 19, idle: 43, sys: 62, released: 32, consumed: 30 (MB)
scvg: 0 MB released
scvg: inuse: 19, idle: 43, sys: 62, released: 32, consumed: 30 (MB)
scvg: 0 MB released
scvg: inuse: 19, idle: 43, sys: 62, released: 32, consumed: 30 (MB)
scvg: 0 MB released
scvg: inuse: 19, idle: 43, sys: 62, released: 32, consumed: 30 (MB)
scvg: 0 MB released
scvg: inuse: 19, idle: 43, sys: 62, released: 32, consumed: 30 (MB)
scvg: 0 MB released
scvg: inuse: 19, idle: 43, sys: 62, released: 32, consumed: 30 (MB)
scvg: 0 MB released
scvg: inuse: 19, idle: 43, sys: 62, released: 32, consumed: 30 (MB)
scvg: 0 MB released
scvg: inuse: 19, idle: 43, sys: 62, released: 32, consumed: 30 (MB)
scvg: 0 MB released
scvg: inuse: 19, idle: 43, sys: 62, released: 32, consumed: 30 (MB)
scvg: 0 MB released
scvg: inuse: 19, idle: 43, sys: 62, released: 32, consumed: 30 (MB)
scvg: 0 MB released
scvg: inuse: 19, idle: 43, sys: 62, released: 32, consumed: 30 (MB)
scvg: 0 MB released
scvg: inuse: 19, idle: 43, sys: 62, released: 32, consumed: 30 (MB)
scvg: 0 MB released
scvg: inuse: 19, idle: 43, sys: 62, released: 32, consumed: 30 (MB)
scvg: 0 MB released
scvg: inuse: 19, idle: 43, sys: 62, released: 32, consumed: 30 (MB)
scvg: 0 MB released
scvg: inuse: 19, idle: 43, sys: 62, released: 32, consumed: 30 (MB)
scvg: 0 MB released
scvg: inuse: 19, idle: 43, sys: 62, released: 32, consumed: 30 (MB)
scvg: 0 MB released
scvg: inuse: 19, idle: 43, sys: 62, released: 32, consumed: 30 (MB)
scvg: 0 MB released
scvg: inuse: 19, idle: 43, sys: 62, released: 32, consumed: 30 (MB)
scvg: 0 MB released
scvg: inuse: 19, idle: 43, sys: 62, released: 32, consumed: 30 (MB)
scvg: 0 MB released
scvg: inuse: 19, idle: 43, sys: 62, released: 32, consumed: 30 (MB)
scvg: 0 MB released
scvg: inuse: 19, idle: 43, sys: 62, released: 32, consumed: 30 (MB)
scvg: 0 MB released
scvg: inuse: 19, idle: 43, sys: 62, released: 32, consumed: 30 (MB)
scvg: 0 MB released
scvg: inuse: 19, idle: 43, sys: 62, released: 32, consumed: 30 (MB)
scvg: 0 MB released
scvg: inuse: 19, idle: 43, sys: 62, released: 32, consumed: 30 (MB)
scvg: 0 MB released
scvg: inuse: 19, idle: 43, sys: 62, released: 32, consumed: 30 (MB)
scvg: 0 MB released
scvg: inuse: 19, idle: 43, sys: 62, released: 32, consumed: 30 (MB)
scvg: 0 MB released
scvg: inuse: 19, idle: 43, sys: 62, released: 32, consumed: 30 (MB)
scvg: 0 MB released
scvg: inuse: 19, idle: 43, sys: 62, released: 32, consumed: 30 (MB)
scvg: 0 MB released
scvg: inuse: 19, idle: 43, sys: 62, released: 32, consumed: 30 (MB)
scvg: 0 MB released
scvg: inuse: 19, idle: 43, sys: 62, released: 32, consumed: 30 (MB)
scvg: 0 MB released
scvg: inuse: 19, idle: 43, sys: 62, released: 32, consumed: 30 (MB)
scvg: 0 MB released
scvg: inuse: 19, idle: 43, sys: 62, released: 32, consumed: 30 (MB)
scvg: 0 MB released
scvg: inuse: 19, idle: 43, sys: 62, released: 32, consumed: 30 (MB)
scvg: 0 MB released
scvg: inuse: 19, idle: 43, sys: 62, released: 32, consumed: 30 (MB)
scvg: 0 MB released
scvg: inuse: 19, idle: 43, sys: 62, released: 32, consumed: 30 (MB)
scvg: 0 MB released
scvg: inuse: 19, idle: 43, sys: 62, released: 32, consumed: 30 (MB)
scvg: 0 MB released
scvg: inuse: 19, idle: 43, sys: 62, released: 32, consumed: 30 (MB)
scvg: 0 MB released
scvg: inuse: 19, idle: 43, sys: 62, released: 32, consumed: 30 (MB)
scvg: 0 MB released
scvg: inuse: 19, idle: 43, sys: 62, released: 32, consumed: 30 (MB)
scvg: 0 MB released
scvg: inuse: 19, idle: 43, sys: 62, released: 32, consumed: 30 (MB)
scvg: 0 MB released
scvg: inuse: 19, idle: 43, sys: 62, released: 32, consumed: 30 (MB)
scvg: 0 MB released
scvg: inuse: 19, idle: 43, sys: 62, released: 32, consumed: 30 (MB)
scvg: 0 MB released
scvg: inuse: 19, idle: 43, sys: 62, released: 32, consumed: 29 (MB)
scvg: 0 MB released
scvg: inuse: 19, idle: 43, sys: 62, released: 32, consumed: 29 (MB)
scvg: 0 MB released
scvg: inuse: 19, idle: 43, sys: 62, released: 32, consumed: 29 (MB)
scvg: 0 MB released
scvg: inuse: 19, idle: 43, sys: 62, released: 32, consumed: 29 (MB)
scvg: 0 MB released
scvg: inuse: 19, idle: 43, sys: 62, released: 32, consumed: 29 (MB)
scvg: 0 MB released
scvg: inuse: 19, idle: 43, sys: 62, released: 32, consumed: 29 (MB)
scvg: 0 MB released
scvg: inuse: 19, idle: 43, sys: 62, released: 32, consumed: 29 (MB)
scvg: 0 MB released
scvg: inuse: 19, idle: 43, sys: 62, released: 32, consumed: 29 (MB)
scvg: 0 MB released
scvg: inuse: 19, idle: 43, sys: 62, released: 32, consumed: 29 (MB)
scvg: 0 MB released
scvg: inuse: 19, idle: 43, sys: 62, released: 32, consumed: 29 (MB)
scvg: 0 MB released
scvg: inuse: 19, idle: 43, sys: 62, released: 32, consumed: 29 (MB)
scvg: 0 MB released
scvg: inuse: 19, idle: 43, sys: 62, released: 32, consumed: 29 (MB)
scvg: 0 MB released
scvg: inuse: 19, idle: 43, sys: 62, released: 32, consumed: 29 (MB)
scvg: 0 MB released
scvg: inuse: 19, idle: 43, sys: 62, released: 32, consumed: 29 (MB)
scvg: 0 MB released
scvg: inuse: 19, idle: 43, sys: 62, released: 32, consumed: 29 (MB)
scvg: 0 MB released
scvg: inuse: 19, idle: 43, sys: 62, released: 32, consumed: 29 (MB)
scvg: 0 MB released
scvg: inuse: 19, idle: 43, sys: 62, released: 32, consumed: 29 (MB)
scvg: 0 MB released
scvg: inuse: 19, idle: 43, sys: 62, released: 32, consumed: 29 (MB)
scvg: 0 MB released
scvg: inuse: 19, idle: 43, sys: 62, released: 32, consumed: 29 (MB)
scvg: 0 MB released
scvg: inuse: 19, idle: 43, sys: 62, released: 32, consumed: 29 (MB)
scvg: 0 MB released
scvg: inuse: 19, idle: 43, sys: 62, released: 32, consumed: 29 (MB)
scvg: 0 MB released
scvg: inuse: 19, idle: 43, sys: 62, released: 32, consumed: 29 (MB)
scvg: 0 MB released
scvg: inuse: 19, idle: 43, sys: 62, released: 32, consumed: 29 (MB)
scvg: 0 MB released
scvg: inuse: 19, idle: 43, sys: 62, released: 32, consumed: 29 (MB)
scvg: 0 MB released
scvg: inuse: 19, idle: 43, sys: 62, released: 32, consumed: 29 (MB)
scvg: 0 MB released
scvg: inuse: 19, idle: 43, sys: 62, released: 32, consumed: 29 (MB)
scvg: 0 MB released
scvg: inuse: 19, idle: 43, sys: 62, released: 32, consumed: 29 (MB)
scvg: 0 MB released
scvg: inuse: 19, idle: 43, sys: 62, released: 32, consumed: 29 (MB)
scvg: 0 MB released
scvg: inuse: 19, idle: 43, sys: 62, released: 32, consumed: 29 (MB)
scvg: 0 MB released
scvg: inuse: 19, idle: 43, sys: 62, released: 32, consumed: 29 (MB)
scvg: 0 MB released
scvg: inuse: 19, idle: 43, sys: 62, released: 32, consumed: 29 (MB)
scvg: 0 MB released
scvg: inuse: 19, idle: 43, sys: 62, released: 32, consumed: 29 (MB)
scvg: 0 MB released
scvg: inuse: 19, idle: 43, sys: 62, released: 32, consumed: 29 (MB)
scvg: 0 MB released
scvg: inuse: 19, idle: 43, sys: 62, released: 32, consumed: 29 (MB)
scvg: 0 MB released
scvg: inuse: 19, idle: 43, sys: 62, released: 32, consumed: 29 (MB)
scvg: 0 MB released
scvg: inuse: 19, idle: 43, sys: 62, released: 32, consumed: 29 (MB)
scvg: 0 MB released
scvg: inuse: 19, idle: 43, sys: 62, released: 32, consumed: 29 (MB)
scvg: 0 MB released
scvg: inuse: 19, idle: 43, sys: 62, released: 32, consumed: 29 (MB)
scvg: 0 MB released
scvg: inuse: 19, idle: 43, sys: 62, released: 32, consumed: 29 (MB)
scvg: 0 MB released
scvg: inuse: 19, idle: 43, sys: 62, released: 32, consumed: 29 (MB)
scvg: 0 MB released
scvg: inuse: 19, idle: 43, sys: 62, released: 32, consumed: 29 (MB)
scvg: 0 MB released
scvg: inuse: 19, idle: 43, sys: 62, released: 32, consumed: 29 (MB)
scvg: 0 MB released
scvg: inuse: 19, idle: 43, sys: 62, released: 32, consumed: 29 (MB)
scvg: 0 MB released
scvg: inuse: 19, idle: 43, sys: 62, released: 32, consumed: 29 (MB)
scvg: 0 MB released
scvg: inuse: 19, idle: 43, sys: 62, released: 32, consumed: 29 (MB)
scvg: 0 MB released
scvg: inuse: 19, idle: 43, sys: 62, released: 32, consumed: 29 (MB)
scvg: 0 MB released
scvg: inuse: 19, idle: 43, sys: 62, released: 32, consumed: 29 (MB)
scvg: 0 MB released
scvg: inuse: 19, idle: 43, sys: 62, released: 32, consumed: 29 (MB)
scvg: 0 MB released
scvg: inuse: 19, idle: 43, sys: 62, released: 32, consumed: 29 (MB)
scvg: 0 MB released
scvg: inuse: 19, idle: 43, sys: 62, released: 32, consumed: 29 (MB)
scvg: 0 MB released
scvg: inuse: 19, idle: 43, sys: 62, released: 32, consumed: 29 (MB)
scvg: 0 MB released
scvg: inuse: 19, idle: 43, sys: 62, released: 32, consumed: 29 (MB)
scvg: 0 MB released
scvg: inuse: 19, idle: 43, sys: 62, released: 32, consumed: 29 (MB)
scvg: 0 MB released
scvg: inuse: 19, idle: 43, sys: 62, released: 32, consumed: 29 (MB)
scvg: 0 MB released
scvg: inuse: 19, idle: 43, sys: 62, released: 32, consumed: 29 (MB)
scvg: 0 MB released
scvg: inuse: 19, idle: 43, sys: 62, released: 32, consumed: 29 (MB)
scvg: 0 MB released
scvg: inuse: 19, idle: 43, sys: 62, released: 32, consumed: 29 (MB)
scvg: 0 MB released
scvg: inuse: 19, idle: 43, sys: 62, released: 32, consumed: 29 (MB)
scvg: 0 MB released
scvg: inuse: 19, idle: 43, sys: 62, released: 32, consumed: 29 (MB)
scvg: 0 MB released
scvg: inuse: 19, idle: 43, sys: 62, released: 32, consumed: 29 (MB)
scvg: 0 MB released
scvg: inuse: 19, idle: 43, sys: 62, released: 32, consumed: 29 (MB)
scvg: 0 MB released
scvg: inuse: 19, idle: 43, sys: 62, released: 32, consumed: 29 (MB)
scvg: 0 MB released
scvg: inuse: 19, idle: 43, sys: 62, released: 32, consumed: 29 (MB)
scvg: 0 MB released
scvg: inuse: 19, idle: 43, sys: 62, released: 32, consumed: 29 (MB)
scvg: 0 MB released
scvg: inuse: 19, idle: 43, sys: 62, released: 32, consumed: 29 (MB)
scvg: 0 MB released
scvg: inuse: 19, idle: 43, sys: 62, released: 32, consumed: 29 (MB)
scvg: 0 MB released
scvg: inuse: 19, idle: 43, sys: 62, released: 32, consumed: 29 (MB)
scvg: 0 MB released
scvg: inuse: 19, idle: 43, sys: 62, released: 32, consumed: 29 (MB)
scvg: 0 MB released
scvg: inuse: 19, idle: 43, sys: 62, released: 32, consumed: 29 (MB)
scvg: 0 MB released
scvg: inuse: 19, idle: 43, sys: 62, released: 32, consumed: 29 (MB)
scvg: 0 MB released
scvg: inuse: 19, idle: 43, sys: 62, released: 32, consumed: 29 (MB)
scvg: 0 MB released
scvg: inuse: 19, idle: 43, sys: 62, released: 32, consumed: 29 (MB)
scvg: 0 MB released
scvg: inuse: 19, idle: 43, sys: 62, released: 32, consumed: 29 (MB)
scvg: 0 MB released
scvg: inuse: 19, idle: 43, sys: 62, released: 32, consumed: 29 (MB)
scvg: 0 MB released
scvg: inuse: 19, idle: 43, sys: 62, released: 32, consumed: 29 (MB)
scvg: 0 MB released
scvg: inuse: 19, idle: 43, sys: 62, released: 32, consumed: 29 (MB)
scvg: 0 MB released
scvg: inuse: 19, idle: 43, sys: 62, released: 32, consumed: 29 (MB)
scvg: 0 MB released
scvg: inuse: 19, idle: 43, sys: 62, released: 32, consumed: 29 (MB)
scvg: 0 MB released
scvg: inuse: 19, idle: 43, sys: 62, released: 32, consumed: 29 (MB)
scvg: 0 MB released
scvg: inuse: 19, idle: 43, sys: 62, released: 33, consumed: 29 (MB)
scvg: 0 MB released
scvg: inuse: 19, idle: 43, sys: 62, released: 33, consumed: 29 (MB)
scvg: 0 MB released
scvg: inuse: 19, idle: 43, sys: 62, released: 33, consumed: 29 (MB)
scvg: 0 MB released
scvg: inuse: 19, idle: 43, sys: 62, released: 33, consumed: 29 (MB)
scvg: 0 MB released
scvg: inuse: 19, idle: 43, sys: 62, released: 33, consumed: 29 (MB)
scvg: 0 MB released
scvg: inuse: 19, idle: 43, sys: 62, released: 33, consumed: 29 (MB)
scvg: 0 MB released
scvg: inuse: 19, idle: 43, sys: 62, released: 33, consumed: 29 (MB)
scvg: 0 MB released
scvg: inuse: 19, idle: 43, sys: 62, released: 33, consumed: 29 (MB)
scvg: 0 MB released
scvg: inuse: 19, idle: 43, sys: 62, released: 33, consumed: 29 (MB)
scvg: 0 MB released
scvg: inuse: 19, idle: 43, sys: 62, released: 33, consumed: 29 (MB)
scvg: 0 MB released
scvg: inuse: 19, idle: 43, sys: 62, released: 33, consumed: 29 (MB)
scvg: 0 MB released
scvg: inuse: 19, idle: 43, sys: 62, released: 33, consumed: 29 (MB)
scvg: 0 MB released
scvg: inuse: 19, idle: 43, sys: 62, released: 33, consumed: 29 (MB)
scvg: 0 MB released
scvg: inuse: 19, idle: 43, sys: 62, released: 33, consumed: 29 (MB)
scvg: 0 MB released
scvg: inuse: 19, idle: 43, sys: 62, released: 33, consumed: 29 (MB)
scvg: 0 MB released
scvg: inuse: 19, idle: 43, sys: 62, released: 33, consumed: 29 (MB)
scvg: 0 MB released
scvg: inuse: 19, idle: 43, sys: 62, released: 33, consumed: 29 (MB)
scvg: 0 MB released
scvg: inuse: 19, idle: 43, sys: 62, released: 33, consumed: 29 (MB)
scvg: 0 MB released
scvg: inuse: 19, idle: 43, sys: 62, released: 33, consumed: 29 (MB)
scvg: 0 MB released
scvg: inuse: 19, idle: 43, sys: 62, released: 33, consumed: 29 (MB)
scvg: 0 MB released
scvg: inuse: 19, idle: 43, sys: 62, released: 33, consumed: 29 (MB)
scvg: 0 MB released
scvg: inuse: 19, idle: 43, sys: 62, released: 33, consumed: 29 (MB)
scvg: 0 MB released
scvg: inuse: 19, idle: 43, sys: 62, released: 33, consumed: 29 (MB)
scvg: 0 MB released
scvg: inuse: 19, idle: 43, sys: 62, released: 33, consumed: 29 (MB)
scvg: 0 MB released
scvg: inuse: 19, idle: 43, sys: 62, released: 33, consumed: 29 (MB)
scvg: 0 MB released
scvg: inuse: 19, idle: 43, sys: 62, released: 33, consumed: 29 (MB)
scvg: 0 MB released
scvg: inuse: 19, idle: 43, sys: 62, released: 33, consumed: 29 (MB)
scvg: 0 MB released
scvg: inuse: 19, idle: 43, sys: 62, released: 33, consumed: 29 (MB)
scvg: 0 MB released
scvg: inuse: 19, idle: 43, sys: 62, released: 33, consumed: 29 (MB)
scvg: 0 MB released
scvg: inuse: 19, idle: 43, sys: 62, released: 33, consumed: 29 (MB)
scvg: 0 MB released
scvg: inuse: 19, idle: 43, sys: 62, released: 33, consumed: 29 (MB)
scvg: 0 MB released
scvg: inuse: 19, idle: 43, sys: 62, released: 33, consumed: 29 (MB)
scvg: 0 MB released
scvg: inuse: 19, idle: 43, sys: 62, released: 33, consumed: 29 (MB)
scvg: 0 MB released
scvg: inuse: 19, idle: 43, sys: 62, released: 33, consumed: 29 (MB)
scvg: 0 MB released
scvg: inuse: 19, idle: 43, sys: 62, released: 33, consumed: 29 (MB)
scvg: 0 MB released
scvg: inuse: 19, idle: 43, sys: 62, released: 33, consumed: 29 (MB)
scvg: 0 MB released
scvg: inuse: 19, idle: 43, sys: 62, released: 33, consumed: 29 (MB)
scvg: 0 MB released
scvg: inuse: 19, idle: 43, sys: 62, released: 33, consumed: 29 (MB)
scvg: 0 MB released
scvg: inuse: 19, idle: 43, sys: 62, released: 33, consumed: 29 (MB)
scvg: 0 MB released
scvg: inuse: 19, idle: 43, sys: 62, released: 33, consumed: 29 (MB)
scvg: 0 MB released
scvg: inuse: 19, idle: 43, sys: 62, released: 33, consumed: 29 (MB)
scvg: 0 MB released
scvg: inuse: 19, idle: 43, sys: 62, released: 33, consumed: 29 (MB)
scvg: 0 MB released
scvg: inuse: 19, idle: 43, sys: 62, released: 33, consumed: 29 (MB)
scvg: 0 MB released
scvg: inuse: 19, idle: 43, sys: 62, released: 33, consumed: 29 (MB)
scvg: 0 MB released
scvg: inuse: 19, idle: 43, sys: 62, released: 33, consumed: 29 (MB)
scvg: 0 MB released
scvg: inuse: 19, idle: 43, sys: 62, released: 33, consumed: 29 (MB)
scvg: 0 MB released
scvg: inuse: 19, idle: 43, sys: 62, released: 33, consumed: 29 (MB)
scvg: 0 MB released
scvg: inuse: 19, idle: 43, sys: 62, released: 33, consumed: 29 (MB)
scvg: 0 MB released
scvg: inuse: 19, idle: 43, sys: 62, released: 33, consumed: 29 (MB)
scvg: 0 MB released
scvg: inuse: 19, idle: 43, sys: 62, released: 33, consumed: 28 (MB)
scvg: 0 MB released
scvg: inuse: 19, idle: 43, sys: 62, released: 33, consumed: 28 (MB)
scvg: 0 MB released
scvg: inuse: 19, idle: 43, sys: 62, released: 33, consumed: 28 (MB)
scvg: 0 MB released
scvg: inuse: 19, idle: 43, sys: 62, released: 33, consumed: 28 (MB)
scvg: 0 MB released
scvg: inuse: 19, idle: 43, sys: 62, released: 33, consumed: 28 (MB)
scvg: 0 MB released
scvg: inuse: 19, idle: 43, sys: 62, released: 33, consumed: 28 (MB)
scvg: 0 MB released
scvg: inuse: 19, idle: 43, sys: 62, released: 33, consumed: 28 (MB)
scvg: 0 MB released
scvg: inuse: 19, idle: 43, sys: 62, released: 33, consumed: 28 (MB)
scvg: 0 MB released
scvg: inuse: 19, idle: 43, sys: 62, released: 33, consumed: 28 (MB)
scvg: 0 MB released
scvg: inuse: 19, idle: 43, sys: 62, released: 33, consumed: 28 (MB)
scvg: 0 MB released
scvg: inuse: 19, idle: 43, sys: 62, released: 33, consumed: 28 (MB)
scvg: 0 MB released
scvg: inuse: 19, idle: 43, sys: 62, released: 33, consumed: 28 (MB)
scvg: 0 MB released
scvg: inuse: 19, idle: 43, sys: 62, released: 33, consumed: 28 (MB)
scvg: 0 MB released
scvg: inuse: 19, idle: 43, sys: 62, released: 33, consumed: 28 (MB)
scvg: 0 MB released
scvg: inuse: 19, idle: 43, sys: 62, released: 33, consumed: 28 (MB)
scvg: 0 MB released
scvg: inuse: 19, idle: 43, sys: 62, released: 33, consumed: 28 (MB)
scvg: 0 MB released
scvg: inuse: 19, idle: 43, sys: 62, released: 33, consumed: 28 (MB)
scvg: 0 MB released
scvg: inuse: 19, idle: 43, sys: 62, released: 33, consumed: 28 (MB)
scvg: 0 MB released
scvg: inuse: 19, idle: 43, sys: 62, released: 33, consumed: 28 (MB)
scvg: 0 MB released
scvg: inuse: 19, idle: 43, sys: 62, released: 33, consumed: 28 (MB)
scvg: 0 MB released
scvg: inuse: 19, idle: 43, sys: 62, released: 33, consumed: 28 (MB)
scvg: 0 MB released
scvg: inuse: 19, idle: 43, sys: 62, released: 33, consumed: 28 (MB)
scvg: 0 MB released
scvg: inuse: 19, idle: 43, sys: 62, released: 33, consumed: 28 (MB)
scvg: 0 MB released
scvg: inuse: 19, idle: 43, sys: 62, released: 33, consumed: 28 (MB)
scvg: 0 MB released
scvg: inuse: 19, idle: 43, sys: 62, released: 33, consumed: 28 (MB)
scvg: 0 MB released
scvg: inuse: 19, idle: 43, sys: 62, released: 33, consumed: 28 (MB)
scvg: 0 MB released
scvg: inuse: 19, idle: 43, sys: 62, released: 33, consumed: 28 (MB)
GC forced
gc 640 @73285.071s 0%: 0.010+3.4+0.007 ms clock, 0.083+0/3.6/2.3+0.056 ms cpu, 20->20->15 MB, 31 MB goal, 8 P
scvg: 0 MB released
scvg: inuse: 19, idle: 42, sys: 62, released: 33, consumed: 28 (MB)
scvg: 0 MB released
scvg: inuse: 18, idle: 44, sys: 62, released: 33, consumed: 28 (MB)
scvg: 0 MB released
scvg: inuse: 18, idle: 44, sys: 62, released: 33, consumed: 28 (MB)
scvg: 0 MB released
scvg: inuse: 18, idle: 44, sys: 62, released: 33, consumed: 28 (MB)
scvg: 0 MB released
scvg: inuse: 18, idle: 44, sys: 62, released: 33, consumed: 28 (MB)
scvg: 0 MB released
scvg: inuse: 18, idle: 44, sys: 62, released: 33, consumed: 28 (MB)
scvg: 0 MB released
scvg: inuse: 18, idle: 44, sys: 62, released: 33, consumed: 28 (MB)
scvg: 0 MB released
scvg: inuse: 18, idle: 44, sys: 62, released: 33, consumed: 28 (MB)
scvg: 0 MB released
scvg: inuse: 18, idle: 44, sys: 62, released: 33, consumed: 28 (MB)
scvg: 0 MB released
scvg: inuse: 18, idle: 44, sys: 62, released: 33, consumed: 28 (MB)
scvg: 0 MB released
scvg: inuse: 18, idle: 44, sys: 62, released: 33, consumed: 28 (MB)
scvg: 0 MB released
scvg: inuse: 18, idle: 44, sys: 62, released: 33, consumed: 28 (MB)
scvg: 0 MB released
scvg: inuse: 18, idle: 44, sys: 62, released: 33, consumed: 28 (MB)
scvg: 0 MB released
scvg: inuse: 18, idle: 44, sys: 62, released: 33, consumed: 28 (MB)
scvg: 0 MB released
scvg: inuse: 18, idle: 44, sys: 62, released: 33, consumed: 28 (MB)
scvg: 0 MB released
scvg: inuse: 18, idle: 44, sys: 62, released: 33, consumed: 28 (MB)
scvg: 0 MB released
scvg: inuse: 18, idle: 44, sys: 62, released: 33, consumed: 28 (MB)
scvg: 0 MB released
scvg: inuse: 18, idle: 44, sys: 62, released: 33, consumed: 28 (MB)
scvg: 0 MB released
scvg: inuse: 18, idle: 44, sys: 62, released: 33, consumed: 28 (MB)
scvg: 0 MB released
scvg: inuse: 18, idle: 44, sys: 62, released: 33, consumed: 28 (MB)
scvg: 0 MB released
scvg: inuse: 18, idle: 44, sys: 62, released: 33, consumed: 28 (MB)
scvg: 0 MB released
scvg: inuse: 18, idle: 44, sys: 62, released: 33, consumed: 28 (MB)
scvg: 0 MB released
scvg: inuse: 18, idle: 44, sys: 62, released: 33, consumed: 28 (MB)
scvg: 0 MB released
scvg: inuse: 18, idle: 44, sys: 62, released: 33, consumed: 28 (MB)
scvg: 0 MB released
scvg: inuse: 18, idle: 44, sys: 62, released: 33, consumed: 28 (MB)
scvg: 0 MB released
scvg: inuse: 18, idle: 44, sys: 62, released: 33, consumed: 28 (MB)
scvg: 0 MB released
scvg: inuse: 18, idle: 44, sys: 62, released: 33, consumed: 28 (MB)
scvg: 0 MB released
scvg: inuse: 18, idle: 44, sys: 62, released: 33, consumed: 28 (MB)
scvg: 0 MB released
scvg: inuse: 18, idle: 44, sys: 62, released: 33, consumed: 28 (MB)
scvg: 0 MB released
scvg: inuse: 18, idle: 44, sys: 62, released: 33, consumed: 28 (MB)
scvg: 0 MB released
scvg: inuse: 18, idle: 44, sys: 62, released: 33, consumed: 28 (MB)
scvg: 0 MB released
scvg: inuse: 18, idle: 44, sys: 62, released: 33, consumed: 28 (MB)
scvg: 0 MB released
scvg: inuse: 18, idle: 44, sys: 62, released: 33, consumed: 28 (MB)
scvg: 0 MB released
scvg: inuse: 18, idle: 44, sys: 62, released: 33, consumed: 28 (MB)
scvg: 0 MB released
scvg: inuse: 18, idle: 44, sys: 62, released: 33, consumed: 28 (MB)
scvg: 0 MB released
scvg: inuse: 18, idle: 44, sys: 62, released: 33, consumed: 28 (MB)
scvg: 0 MB released
scvg: inuse: 18, idle: 44, sys: 62, released: 33, consumed: 28 (MB)
scvg: 0 MB released
scvg: inuse: 18, idle: 44, sys: 62, released: 33, consumed: 28 (MB)
scvg: 0 MB released
scvg: inuse: 18, idle: 44, sys: 62, released: 33, consumed: 28 (MB)
scvg: 0 MB released
scvg: inuse: 18, idle: 44, sys: 62, released: 33, consumed: 28 (MB)
scvg: 0 MB released
scvg: inuse: 18, idle: 44, sys: 62, released: 33, consumed: 28 (MB)
scvg: 0 MB released
scvg: inuse: 18, idle: 44, sys: 62, released: 33, consumed: 28 (MB)
scvg: 0 MB released
scvg: inuse: 18, idle: 44, sys: 62, released: 33, consumed: 28 (MB)
scvg: 0 MB released
scvg: inuse: 18, idle: 44, sys: 62, released: 33, consumed: 28 (MB)
scvg: 0 MB released
scvg: inuse: 18, idle: 44, sys: 62, released: 34, consumed: 28 (MB)
scvg: 0 MB released
scvg: inuse: 18, idle: 44, sys: 62, released: 34, consumed: 28 (MB)
scvg: 0 MB released
scvg: inuse: 18, idle: 44, sys: 62, released: 34, consumed: 28 (MB)
scvg: 0 MB released
scvg: inuse: 18, idle: 44, sys: 62, released: 34, consumed: 28 (MB)
scvg: 0 MB released
scvg: inuse: 18, idle: 44, sys: 62, released: 34, consumed: 28 (MB)
scvg: 0 MB released
scvg: inuse: 18, idle: 44, sys: 62, released: 34, consumed: 28 (MB)
scvg: 0 MB released
scvg: inuse: 18, idle: 44, sys: 62, released: 34, consumed: 28 (MB)
scvg: 0 MB released
scvg: inuse: 18, idle: 44, sys: 62, released: 34, consumed: 28 (MB)
scvg: 0 MB released
scvg: inuse: 18, idle: 44, sys: 62, released: 34, consumed: 28 (MB)
scvg: 0 MB released
scvg: inuse: 18, idle: 44, sys: 62, released: 34, consumed: 28 (MB)
scvg: 0 MB released
scvg: inuse: 18, idle: 44, sys: 62, released: 34, consumed: 28 (MB)
scvg: 0 MB released
scvg: inuse: 18, idle: 44, sys: 62, released: 34, consumed: 28 (MB)
scvg: 0 MB released
scvg: inuse: 18, idle: 44, sys: 62, released: 34, consumed: 28 (MB)
scvg: 0 MB released
scvg: inuse: 18, idle: 44, sys: 62, released: 34, consumed: 28 (MB)
scvg: 0 MB released
scvg: inuse: 18, idle: 44, sys: 62, released: 34, consumed: 28 (MB)
scvg: 0 MB released
scvg: inuse: 18, idle: 44, sys: 62, released: 34, consumed: 28 (MB)
scvg: 0 MB released
scvg: inuse: 18, idle: 44, sys: 62, released: 34, consumed: 28 (MB)
scvg: 0 MB released
scvg: inuse: 18, idle: 44, sys: 62, released: 34, consumed: 28 (MB)
scvg: 0 MB released
scvg: inuse: 18, idle: 44, sys: 62, released: 34, consumed: 28 (MB)
scvg: 0 MB released
scvg: inuse: 18, idle: 44, sys: 62, released: 34, consumed: 28 (MB)
scvg: 0 MB released
scvg: inuse: 18, idle: 44, sys: 62, released: 34, consumed: 28 (MB)
scvg: 0 MB released
scvg: inuse: 18, idle: 44, sys: 62, released: 34, consumed: 28 (MB)
scvg: 0 MB released
scvg: inuse: 18, idle: 44, sys: 62, released: 34, consumed: 28 (MB)
scvg: 0 MB released
scvg: inuse: 18, idle: 44, sys: 62, released: 34, consumed: 28 (MB)
scvg: 0 MB released
scvg: inuse: 18, idle: 44, sys: 62, released: 34, consumed: 28 (MB)
scvg: 0 MB released
scvg: inuse: 18, idle: 44, sys: 62, released: 34, consumed: 28 (MB)
scvg: 0 MB released
scvg: inuse: 18, idle: 44, sys: 62, released: 34, consumed: 28 (MB)
scvg: 0 MB released
scvg: inuse: 18, idle: 44, sys: 62, released: 34, consumed: 28 (MB)
scvg: 0 MB released
scvg: inuse: 18, idle: 44, sys: 62, released: 34, consumed: 28 (MB)
scvg: 0 MB released
scvg: inuse: 18, idle: 44, sys: 62, released: 34, consumed: 28 (MB)
scvg: 0 MB released
scvg: inuse: 18, idle: 44, sys: 62, released: 34, consumed: 28 (MB)
scvg: 0 MB released
scvg: inuse: 18, idle: 44, sys: 62, released: 34, consumed: 28 (MB)
scvg: 0 MB released
scvg: inuse: 18, idle: 44, sys: 62, released: 34, consumed: 28 (MB)
scvg: 0 MB released
scvg: inuse: 18, idle: 44, sys: 62, released: 34, consumed: 28 (MB)
scvg: 0 MB released
scvg: inuse: 18, idle: 44, sys: 62, released: 34, consumed: 28 (MB)
scvg: 0 MB released
scvg: inuse: 18, idle: 44, sys: 62, released: 34, consumed: 28 (MB)
scvg: 0 MB released
scvg: inuse: 18, idle: 44, sys: 62, released: 34, consumed: 28 (MB)
scvg: 0 MB released
scvg: inuse: 18, idle: 44, sys: 62, released: 34, consumed: 28 (MB)
scvg: 0 MB released
scvg: inuse: 18, idle: 44, sys: 62, released: 34, consumed: 28 (MB)
scvg: 0 MB released
scvg: inuse: 18, idle: 44, sys: 62, released: 34, consumed: 28 (MB)
scvg: 0 MB released
scvg: inuse: 18, idle: 44, sys: 62, released: 34, consumed: 28 (MB)
scvg: 0 MB released
scvg: inuse: 18, idle: 44, sys: 62, released: 34, consumed: 28 (MB)
scvg: 0 MB released
scvg: inuse: 18, idle: 44, sys: 62, released: 34, consumed: 28 (MB)
scvg: 0 MB released
scvg: inuse: 18, idle: 44, sys: 62, released: 34, consumed: 28 (MB)
scvg: 0 MB released
scvg: inuse: 18, idle: 44, sys: 62, released: 34, consumed: 28 (MB)
scvg: 0 MB released
scvg: inuse: 18, idle: 44, sys: 62, released: 34, consumed: 28 (MB)
scvg: 0 MB released
scvg: inuse: 18, idle: 44, sys: 62, released: 34, consumed: 28 (MB)
scvg: 0 MB released
scvg: inuse: 18, idle: 44, sys: 62, released: 34, consumed: 28 (MB)
scvg: 0 MB released
scvg: inuse: 18, idle: 44, sys: 62, released: 34, consumed: 28 (MB)
scvg: 0 MB released
scvg: inuse: 18, idle: 44, sys: 62, released: 34, consumed: 28 (MB)
scvg: 0 MB released
scvg: inuse: 18, idle: 44, sys: 62, released: 34, consumed: 28 (MB)
scvg: 0 MB released
scvg: inuse: 18, idle: 44, sys: 62, released: 34, consumed: 28 (MB)
scvg: 0 MB released
scvg: inuse: 18, idle: 44, sys: 62, released: 34, consumed: 28 (MB)
scvg: 0 MB released
scvg: inuse: 18, idle: 44, sys: 62, released: 34, consumed: 27 (MB)
scvg: 0 MB released
scvg: inuse: 18, idle: 44, sys: 62, released: 34, consumed: 27 (MB)
scvg: 0 MB released
scvg: inuse: 18, idle: 44, sys: 62, released: 34, consumed: 27 (MB)
scvg: 0 MB released
scvg: inuse: 18, idle: 44, sys: 62, released: 34, consumed: 27 (MB)
scvg: 0 MB released
scvg: inuse: 18, idle: 44, sys: 62, released: 34, consumed: 27 (MB)
scvg: 0 MB released
scvg: inuse: 18, idle: 44, sys: 62, released: 34, consumed: 27 (MB)
scvg: 0 MB released
scvg: inuse: 18, idle: 44, sys: 62, released: 34, consumed: 27 (MB)
scvg: 0 MB released
scvg: inuse: 18, idle: 44, sys: 62, released: 34, consumed: 27 (MB)
scvg: 0 MB released
scvg: inuse: 18, idle: 44, sys: 62, released: 34, consumed: 27 (MB)
scvg: 0 MB released
scvg: inuse: 18, idle: 44, sys: 62, released: 34, consumed: 27 (MB)
scvg: 0 MB released
scvg: inuse: 18, idle: 44, sys: 62, released: 34, consumed: 27 (MB)
scvg: 0 MB released
scvg: inuse: 18, idle: 44, sys: 62, released: 34, consumed: 27 (MB)
scvg: 0 MB released
scvg: inuse: 18, idle: 44, sys: 62, released: 34, consumed: 27 (MB)
scvg: 0 MB released
scvg: inuse: 18, idle: 44, sys: 62, released: 34, consumed: 27 (MB)
scvg: 0 MB released
scvg: inuse: 18, idle: 44, sys: 62, released: 34, consumed: 27 (MB)
scvg: 0 MB released
scvg: inuse: 18, idle: 44, sys: 62, released: 34, consumed: 27 (MB)
scvg: 0 MB released
scvg: inuse: 18, idle: 44, sys: 62, released: 34, consumed: 27 (MB)
scvg: 0 MB released
scvg: inuse: 18, idle: 44, sys: 62, released: 34, consumed: 27 (MB)
scvg: 0 MB released
scvg: inuse: 18, idle: 44, sys: 62, released: 34, consumed: 27 (MB)
scvg: 0 MB released
scvg: inuse: 18, idle: 44, sys: 62, released: 34, consumed: 27 (MB)
scvg: 0 MB released
scvg: inuse: 18, idle: 44, sys: 62, released: 34, consumed: 27 (MB)
scvg: 0 MB released
scvg: inuse: 18, idle: 44, sys: 62, released: 34, consumed: 27 (MB)
scvg: 0 MB released
scvg: inuse: 18, idle: 44, sys: 62, released: 34, consumed: 27 (MB)
scvg: 0 MB released
scvg: inuse: 18, idle: 44, sys: 62, released: 34, consumed: 27 (MB)
scvg: 0 MB released
scvg: inuse: 18, idle: 44, sys: 62, released: 34, consumed: 27 (MB)
scvg: 0 MB released
scvg: inuse: 18, idle: 44, sys: 62, released: 34, consumed: 27 (MB)
scvg: 0 MB released
scvg: inuse: 18, idle: 44, sys: 62, released: 34, consumed: 27 (MB)
scvg: 0 MB released
scvg: inuse: 18, idle: 44, sys: 62, released: 34, consumed: 27 (MB)
scvg: 0 MB released
scvg: inuse: 18, idle: 44, sys: 62, released: 34, consumed: 27 (MB)
scvg: 0 MB released
scvg: inuse: 18, idle: 44, sys: 62, released: 34, consumed: 27 (MB)
scvg: 0 MB released
scvg: inuse: 18, idle: 44, sys: 62, released: 34, consumed: 27 (MB)
scvg: 0 MB released
scvg: inuse: 18, idle: 44, sys: 62, released: 34, consumed: 27 (MB)
scvg: 0 MB released
scvg: inuse: 18, idle: 44, sys: 62, released: 34, consumed: 27 (MB)
scvg: 0 MB released
scvg: inuse: 18, idle: 44, sys: 62, released: 34, consumed: 27 (MB)
scvg: 0 MB released
scvg: inuse: 18, idle: 44, sys: 62, released: 34, consumed: 27 (MB)
scvg: 0 MB released
scvg: inuse: 18, idle: 44, sys: 62, released: 34, consumed: 27 (MB)
scvg: 0 MB released
scvg: inuse: 18, idle: 44, sys: 62, released: 34, consumed: 27 (MB)
scvg: 0 MB released
scvg: inuse: 18, idle: 44, sys: 62, released: 34, consumed: 27 (MB)
scvg: 0 MB released
scvg: inuse: 18, idle: 44, sys: 62, released: 34, consumed: 27 (MB)
scvg: 0 MB released
scvg: inuse: 18, idle: 44, sys: 62, released: 34, consumed: 27 (MB)
scvg: 0 MB released
scvg: inuse: 18, idle: 44, sys: 62, released: 34, consumed: 27 (MB)
scvg: 0 MB released
scvg: inuse: 18, idle: 44, sys: 62, released: 34, consumed: 27 (MB)
scvg: 0 MB released
scvg: inuse: 18, idle: 44, sys: 62, released: 34, consumed: 27 (MB)
scvg: 0 MB released
scvg: inuse: 18, idle: 44, sys: 62, released: 34, consumed: 27 (MB)
scvg: 0 MB released
scvg: inuse: 18, idle: 44, sys: 62, released: 34, consumed: 27 (MB)
scvg: 0 MB released
scvg: inuse: 18, idle: 44, sys: 62, released: 34, consumed: 27 (MB)
scvg: 0 MB released
scvg: inuse: 18, idle: 44, sys: 62, released: 34, consumed: 27 (MB)
scvg: 0 MB released
scvg: inuse: 18, idle: 44, sys: 62, released: 34, consumed: 27 (MB)
scvg: 0 MB released
scvg: inuse: 18, idle: 44, sys: 62, released: 34, consumed: 27 (MB)
scvg: 0 MB released
scvg: inuse: 18, idle: 44, sys: 62, released: 34, consumed: 27 (MB)
scvg: 0 MB released
scvg: inuse: 18, idle: 44, sys: 62, released: 34, consumed: 27 (MB)
scvg: 0 MB released
scvg: inuse: 18, idle: 44, sys: 62, released: 34, consumed: 27 (MB)
scvg: 0 MB released
scvg: inuse: 18, idle: 44, sys: 62, released: 34, consumed: 27 (MB)
scvg: 0 MB released
scvg: inuse: 18, idle: 44, sys: 62, released: 34, consumed: 27 (MB)
scvg: 0 MB released
scvg: inuse: 18, idle: 44, sys: 62, released: 34, consumed: 27 (MB)
scvg: 0 MB released
scvg: inuse: 18, idle: 44, sys: 62, released: 34, consumed: 27 (MB)
scvg: 0 MB released
scvg: inuse: 18, idle: 44, sys: 62, released: 34, consumed: 27 (MB)
scvg: 0 MB released
scvg: inuse: 18, idle: 44, sys: 62, released: 34, consumed: 27 (MB)
scvg: 0 MB released
scvg: inuse: 18, idle: 44, sys: 62, released: 34, consumed: 27 (MB)
scvg: 0 MB released
scvg: inuse: 18, idle: 44, sys: 62, released: 34, consumed: 27 (MB)
scvg: 0 MB released
scvg: inuse: 18, idle: 44, sys: 62, released: 34, consumed: 27 (MB)
scvg: 0 MB released
scvg: inuse: 18, idle: 44, sys: 62, released: 34, consumed: 27 (MB)
scvg: 0 MB released
scvg: inuse: 18, idle: 44, sys: 62, released: 34, consumed: 27 (MB)
scvg: 0 MB released
scvg: inuse: 18, idle: 44, sys: 62, released: 34, consumed: 27 (MB)
scvg: 0 MB released
scvg: inuse: 18, idle: 44, sys: 62, released: 34, consumed: 27 (MB)
scvg: 0 MB released
scvg: inuse: 18, idle: 44, sys: 62, released: 34, consumed: 27 (MB)
scvg: 0 MB released
scvg: inuse: 18, idle: 44, sys: 62, released: 34, consumed: 27 (MB)
scvg: 0 MB released
scvg: inuse: 18, idle: 44, sys: 62, released: 34, consumed: 27 (MB)
scvg: 0 MB released
scvg: inuse: 18, idle: 44, sys: 62, released: 34, consumed: 27 (MB)
scvg: 0 MB released
scvg: inuse: 18, idle: 44, sys: 62, released: 34, consumed: 27 (MB)
scvg: 0 MB released
scvg: inuse: 18, idle: 44, sys: 62, released: 34, consumed: 27 (MB)
scvg: 0 MB released
scvg: inuse: 18, idle: 44, sys: 62, released: 34, consumed: 27 (MB)
scvg: 0 MB released
scvg: inuse: 18, idle: 44, sys: 62, released: 34, consumed: 27 (MB)
scvg: 0 MB released
scvg: inuse: 18, idle: 44, sys: 62, released: 34, consumed: 27 (MB)
scvg: 0 MB released
scvg: inuse: 18, idle: 44, sys: 62, released: 34, consumed: 27 (MB)
scvg: 0 MB released
scvg: inuse: 18, idle: 44, sys: 62, released: 35, consumed: 27 (MB)
scvg: 0 MB released
scvg: inuse: 18, idle: 44, sys: 62, released: 35, consumed: 27 (MB)
scvg: 0 MB released
scvg: inuse: 18, idle: 44, sys: 62, released: 35, consumed: 27 (MB)
scvg: 0 MB released
scvg: inuse: 18, idle: 44, sys: 62, released: 35, consumed: 27 (MB)
scvg: 0 MB released
scvg: inuse: 18, idle: 44, sys: 62, released: 35, consumed: 27 (MB)
scvg: 0 MB released
scvg: inuse: 18, idle: 44, sys: 62, released: 35, consumed: 27 (MB)
scvg: 0 MB released
scvg: inuse: 18, idle: 44, sys: 62, released: 35, consumed: 27 (MB)
scvg: 0 MB released
scvg: inuse: 18, idle: 44, sys: 62, released: 35, consumed: 27 (MB)
scvg: 0 MB released
scvg: inuse: 18, idle: 44, sys: 62, released: 35, consumed: 27 (MB)
scvg: 0 MB released
scvg: inuse: 18, idle: 44, sys: 62, released: 35, consumed: 27 (MB)
scvg: 0 MB released
scvg: inuse: 18, idle: 44, sys: 62, released: 35, consumed: 27 (MB)
scvg: 0 MB released
scvg: inuse: 18, idle: 44, sys: 62, released: 35, consumed: 27 (MB)
scvg: 0 MB released
scvg: inuse: 18, idle: 44, sys: 62, released: 35, consumed: 27 (MB)
scvg: 0 MB released
scvg: inuse: 18, idle: 44, sys: 62, released: 35, consumed: 27 (MB)
scvg: 0 MB released
scvg: inuse: 18, idle: 44, sys: 62, released: 35, consumed: 27 (MB)
scvg: 0 MB released
scvg: inuse: 18, idle: 44, sys: 62, released: 35, consumed: 27 (MB)
scvg: 0 MB released
scvg: inuse: 18, idle: 44, sys: 62, released: 35, consumed: 27 (MB)
scvg: 0 MB released
scvg: inuse: 18, idle: 44, sys: 62, released: 35, consumed: 27 (MB)
scvg: 0 MB released
scvg: inuse: 18, idle: 44, sys: 62, released: 35, consumed: 27 (MB)
scvg: 0 MB released
scvg: inuse: 18, idle: 44, sys: 62, released: 35, consumed: 27 (MB)
scvg: 0 MB released
scvg: inuse: 18, idle: 44, sys: 62, released: 35, consumed: 27 (MB)
scvg: 0 MB released
scvg: inuse: 18, idle: 44, sys: 62, released: 35, consumed: 27 (MB)
scvg: 0 MB released
scvg: inuse: 18, idle: 44, sys: 62, released: 35, consumed: 27 (MB)
scvg: 0 MB released
scvg: inuse: 18, idle: 44, sys: 62, released: 35, consumed: 27 (MB)
scvg: 0 MB released
scvg: inuse: 18, idle: 44, sys: 62, released: 35, consumed: 27 (MB)
scvg: 0 MB released
scvg: inuse: 18, idle: 44, sys: 62, released: 35, consumed: 27 (MB)
scvg: 0 MB released
scvg: inuse: 18, idle: 44, sys: 62, released: 35, consumed: 27 (MB)
scvg: 0 MB released
scvg: inuse: 18, idle: 44, sys: 62, released: 35, consumed: 27 (MB)
scvg: 0 MB released
scvg: inuse: 18, idle: 44, sys: 62, released: 35, consumed: 27 (MB)
scvg: 0 MB released
scvg: inuse: 18, idle: 44, sys: 62, released: 35, consumed: 27 (MB)
scvg: 0 MB released
scvg: inuse: 18, idle: 44, sys: 62, released: 35, consumed: 27 (MB)
scvg: 0 MB released
scvg: inuse: 18, idle: 44, sys: 62, released: 35, consumed: 27 (MB)
scvg: 0 MB released
scvg: inuse: 18, idle: 44, sys: 62, released: 35, consumed: 27 (MB)
scvg: 0 MB released
scvg: inuse: 18, idle: 44, sys: 62, released: 35, consumed: 27 (MB)
scvg: 0 MB released
scvg: inuse: 18, idle: 44, sys: 62, released: 35, consumed: 27 (MB)
scvg: 0 MB released
scvg: inuse: 18, idle: 44, sys: 62, released: 35, consumed: 27 (MB)
scvg: 0 MB released
scvg: inuse: 18, idle: 44, sys: 62, released: 35, consumed: 27 (MB)
scvg: 0 MB released
scvg: inuse: 18, idle: 44, sys: 62, released: 35, consumed: 27 (MB)
scvg: 0 MB released
scvg: inuse: 18, idle: 44, sys: 62, released: 35, consumed: 27 (MB)
scvg: 0 MB released
scvg: inuse: 18, idle: 44, sys: 62, released: 35, consumed: 27 (MB)
scvg: 0 MB released
scvg: inuse: 18, idle: 44, sys: 62, released: 35, consumed: 27 (MB)
scvg: 0 MB released
scvg: inuse: 18, idle: 44, sys: 62, released: 35, consumed: 27 (MB)
scvg: 0 MB released
scvg: inuse: 18, idle: 44, sys: 62, released: 35, consumed: 27 (MB)
scvg: 0 MB released
scvg: inuse: 18, idle: 44, sys: 62, released: 35, consumed: 27 (MB)
scvg: 0 MB released
scvg: inuse: 18, idle: 44, sys: 62, released: 35, consumed: 27 (MB)
scvg: 0 MB released
scvg: inuse: 18, idle: 44, sys: 62, released: 35, consumed: 27 (MB)
scvg: 0 MB released
scvg: inuse: 18, idle: 44, sys: 62, released: 35, consumed: 27 (MB)
scvg: 0 MB released
scvg: inuse: 18, idle: 44, sys: 62, released: 35, consumed: 27 (MB)
scvg: 0 MB released
scvg: inuse: 18, idle: 44, sys: 62, released: 35, consumed: 27 (MB)
scvg: 0 MB released
scvg: inuse: 18, idle: 44, sys: 62, released: 35, consumed: 27 (MB)
scvg: 0 MB released
scvg: inuse: 18, idle: 44, sys: 62, released: 35, consumed: 27 (MB)
scvg: 0 MB released
scvg: inuse: 18, idle: 44, sys: 62, released: 35, consumed: 27 (MB)
scvg: 0 MB released
scvg: inuse: 18, idle: 44, sys: 62, released: 35, consumed: 27 (MB)
scvg: 0 MB released
scvg: inuse: 18, idle: 44, sys: 62, released: 35, consumed: 26 (MB)
scvg: 0 MB released
scvg: inuse: 18, idle: 44, sys: 62, released: 35, consumed: 26 (MB)
scvg: 0 MB released
scvg: inuse: 18, idle: 44, sys: 62, released: 35, consumed: 26 (MB)
scvg: 0 MB released
scvg: inuse: 18, idle: 44, sys: 62, released: 35, consumed: 26 (MB)
scvg: 0 MB released
scvg: inuse: 18, idle: 44, sys: 62, released: 35, consumed: 26 (MB)
scvg: 0 MB released
scvg: inuse: 18, idle: 44, sys: 62, released: 35, consumed: 26 (MB)
scvg: 0 MB released
scvg: inuse: 18, idle: 44, sys: 62, released: 35, consumed: 26 (MB)
scvg: 0 MB released
scvg: inuse: 18, idle: 44, sys: 62, released: 35, consumed: 26 (MB)
scvg: 0 MB released
scvg: inuse: 18, idle: 44, sys: 62, released: 35, consumed: 26 (MB)
scvg: 0 MB released
scvg: inuse: 18, idle: 44, sys: 62, released: 35, consumed: 26 (MB)
scvg: 0 MB released
scvg: inuse: 18, idle: 44, sys: 62, released: 35, consumed: 26 (MB)
scvg: 0 MB released
scvg: inuse: 18, idle: 44, sys: 62, released: 35, consumed: 26 (MB)
scvg: 0 MB released
scvg: inuse: 18, idle: 44, sys: 62, released: 35, consumed: 26 (MB)
scvg: 0 MB released
scvg: inuse: 18, idle: 44, sys: 62, released: 35, consumed: 26 (MB)
scvg: 0 MB released
scvg: inuse: 18, idle: 44, sys: 62, released: 35, consumed: 26 (MB)
scvg: 0 MB released
scvg: inuse: 18, idle: 44, sys: 62, released: 35, consumed: 26 (MB)
scvg: 0 MB released
scvg: inuse: 18, idle: 44, sys: 62, released: 35, consumed: 26 (MB)
scvg: 0 MB released
scvg: inuse: 18, idle: 44, sys: 62, released: 35, consumed: 26 (MB)
scvg: 0 MB released
scvg: inuse: 18, idle: 44, sys: 62, released: 35, consumed: 26 (MB)
scvg: 0 MB released
scvg: inuse: 18, idle: 44, sys: 62, released: 35, consumed: 26 (MB)
scvg: 0 MB released
scvg: inuse: 18, idle: 44, sys: 62, released: 35, consumed: 26 (MB)
scvg: 0 MB released
scvg: inuse: 18, idle: 44, sys: 62, released: 35, consumed: 26 (MB)
scvg: 0 MB released
scvg: inuse: 18, idle: 44, sys: 62, released: 35, consumed: 26 (MB)
scvg: 0 MB released
scvg: inuse: 18, idle: 44, sys: 62, released: 35, consumed: 26 (MB)
scvg: 0 MB released
scvg: inuse: 18, idle: 44, sys: 62, released: 35, consumed: 26 (MB)
scvg: 0 MB released
scvg: inuse: 18, idle: 44, sys: 62, released: 35, consumed: 26 (MB)
scvg: 0 MB released
scvg: inuse: 18, idle: 44, sys: 62, released: 35, consumed: 26 (MB)
scvg: 0 MB released
scvg: inuse: 18, idle: 44, sys: 62, released: 35, consumed: 26 (MB)
scvg: 0 MB released
scvg: inuse: 18, idle: 44, sys: 62, released: 35, consumed: 26 (MB)
scvg: 0 MB released
scvg: inuse: 18, idle: 44, sys: 62, released: 35, consumed: 26 (MB)
scvg: 0 MB released
scvg: inuse: 18, idle: 44, sys: 62, released: 35, consumed: 26 (MB)
scvg: 0 MB released
scvg: inuse: 18, idle: 44, sys: 62, released: 35, consumed: 26 (MB)
scvg: 0 MB released
scvg: inuse: 18, idle: 44, sys: 62, released: 35, consumed: 26 (MB)
scvg: 0 MB released
scvg: inuse: 18, idle: 44, sys: 62, released: 35, consumed: 26 (MB)
scvg: 0 MB released
scvg: inuse: 18, idle: 44, sys: 62, released: 35, consumed: 26 (MB)
scvg: 0 MB released
scvg: inuse: 18, idle: 44, sys: 62, released: 35, consumed: 26 (MB)
scvg: 0 MB released
scvg: inuse: 18, idle: 44, sys: 62, released: 35, consumed: 26 (MB)
scvg: 0 MB released
scvg: inuse: 18, idle: 44, sys: 62, released: 35, consumed: 26 (MB)
scvg: 0 MB released
scvg: inuse: 18, idle: 44, sys: 62, released: 35, consumed: 26 (MB)
scvg: 0 MB released
scvg: inuse: 18, idle: 44, sys: 62, released: 35, consumed: 26 (MB)
scvg: 0 MB released
scvg: inuse: 18, idle: 44, sys: 62, released: 35, consumed: 26 (MB)
scvg: 0 MB released
scvg: inuse: 18, idle: 44, sys: 62, released: 35, consumed: 26 (MB)
scvg: 0 MB released
scvg: inuse: 18, idle: 44, sys: 62, released: 35, consumed: 26 (MB)
scvg: 0 MB released
scvg: inuse: 18, idle: 44, sys: 62, released: 35, consumed: 26 (MB)
scvg: 0 MB released
scvg: inuse: 18, idle: 44, sys: 62, released: 35, consumed: 26 (MB)
scvg: 0 MB released
scvg: inuse: 18, idle: 44, sys: 62, released: 35, consumed: 26 (MB)
scvg: 0 MB released
scvg: inuse: 18, idle: 44, sys: 62, released: 35, consumed: 26 (MB)
scvg: 0 MB released
scvg: inuse: 18, idle: 44, sys: 62, released: 35, consumed: 26 (MB)
scvg: 0 MB released
scvg: inuse: 18, idle: 44, sys: 62, released: 35, consumed: 26 (MB)
scvg: 0 MB released
scvg: inuse: 18, idle: 44, sys: 62, released: 35, consumed: 26 (MB)
scvg: 0 MB released
scvg: inuse: 18, idle: 44, sys: 62, released: 35, consumed: 26 (MB)
scvg: 0 MB released
scvg: inuse: 18, idle: 44, sys: 62, released: 35, consumed: 26 (MB)
scvg: 0 MB released
scvg: inuse: 18, idle: 44, sys: 62, released: 35, consumed: 26 (MB)
scvg: 0 MB released
scvg: inuse: 18, idle: 44, sys: 62, released: 35, consumed: 26 (MB)
scvg: 0 MB released
scvg: inuse: 18, idle: 44, sys: 62, released: 35, consumed: 26 (MB)
scvg: 0 MB released
scvg: inuse: 18, idle: 44, sys: 62, released: 35, consumed: 26 (MB)
scvg: 0 MB released
scvg: inuse: 18, idle: 44, sys: 62, released: 35, consumed: 26 (MB)
scvg: 0 MB released
scvg: inuse: 18, idle: 44, sys: 62, released: 35, consumed: 26 (MB)
scvg: 0 MB released
scvg: inuse: 18, idle: 44, sys: 62, released: 35, consumed: 26 (MB)
scvg: 0 MB released
scvg: inuse: 18, idle: 44, sys: 62, released: 35, consumed: 26 (MB)
scvg: 0 MB released
scvg: inuse: 18, idle: 44, sys: 62, released: 35, consumed: 26 (MB)
scvg: 0 MB released
scvg: inuse: 18, idle: 44, sys: 62, released: 35, consumed: 26 (MB)
scvg: 0 MB released
scvg: inuse: 18, idle: 44, sys: 62, released: 35, consumed: 26 (MB)
scvg: 0 MB released
scvg: inuse: 18, idle: 44, sys: 62, released: 35, consumed: 26 (MB)
scvg: 0 MB released
scvg: inuse: 18, idle: 44, sys: 62, released: 35, consumed: 26 (MB)
scvg: 0 MB released
scvg: inuse: 18, idle: 44, sys: 62, released: 35, consumed: 26 (MB)
scvg: 0 MB released
scvg: inuse: 18, idle: 44, sys: 62, released: 35, consumed: 26 (MB)
scvg: 0 MB released
scvg: inuse: 18, idle: 44, sys: 62, released: 35, consumed: 26 (MB)
scvg: 0 MB released
scvg: inuse: 18, idle: 44, sys: 62, released: 35, consumed: 26 (MB)
scvg: 0 MB released
scvg: inuse: 18, idle: 44, sys: 62, released: 35, consumed: 26 (MB)
scvg: 0 MB released
scvg: inuse: 18, idle: 44, sys: 62, released: 35, consumed: 26 (MB)
scvg: 0 MB released
scvg: inuse: 18, idle: 44, sys: 62, released: 35, consumed: 26 (MB)
scvg: 0 MB released
scvg: inuse: 18, idle: 44, sys: 62, released: 35, consumed: 26 (MB)
scvg: 0 MB released
scvg: inuse: 18, idle: 44, sys: 62, released: 35, consumed: 26 (MB)
scvg: 0 MB released
scvg: inuse: 18, idle: 44, sys: 62, released: 35, consumed: 26 (MB)
scvg: 0 MB released
scvg: inuse: 18, idle: 44, sys: 62, released: 36, consumed: 26 (MB)
scvg: 0 MB released
scvg: inuse: 18, idle: 44, sys: 62, released: 36, consumed: 26 (MB)
scvg: 0 MB released
scvg: inuse: 18, idle: 44, sys: 62, released: 36, consumed: 26 (MB)
scvg: 0 MB released
scvg: inuse: 18, idle: 44, sys: 62, released: 36, consumed: 26 (MB)
scvg: 0 MB released
scvg: inuse: 18, idle: 44, sys: 62, released: 36, consumed: 26 (MB)
scvg: 0 MB released
scvg: inuse: 18, idle: 44, sys: 62, released: 36, consumed: 26 (MB)
scvg: 0 MB released
scvg: inuse: 18, idle: 44, sys: 62, released: 36, consumed: 26 (MB)
scvg: 0 MB released
scvg: inuse: 18, idle: 44, sys: 62, released: 36, consumed: 26 (MB)
scvg: 0 MB released
scvg: inuse: 18, idle: 44, sys: 62, released: 36, consumed: 26 (MB)
scvg: 0 MB released
scvg: inuse: 18, idle: 44, sys: 62, released: 36, consumed: 26 (MB)
scvg: 0 MB released
scvg: inuse: 18, idle: 44, sys: 62, released: 36, consumed: 26 (MB)
scvg: 0 MB released
scvg: inuse: 18, idle: 44, sys: 62, released: 36, consumed: 26 (MB)
scvg: 0 MB released
scvg: inuse: 18, idle: 44, sys: 62, released: 36, consumed: 26 (MB)
scvg: 0 MB released
scvg: inuse: 18, idle: 44, sys: 62, released: 36, consumed: 26 (MB)
scvg: 0 MB released
scvg: inuse: 18, idle: 44, sys: 62, released: 36, consumed: 26 (MB)
scvg: 0 MB released
scvg: inuse: 18, idle: 44, sys: 62, released: 36, consumed: 26 (MB)
scvg: 0 MB released
scvg: inuse: 18, idle: 44, sys: 62, released: 36, consumed: 26 (MB)
scvg: 0 MB released
scvg: inuse: 18, idle: 44, sys: 62, released: 36, consumed: 26 (MB)
scvg: 0 MB released
scvg: inuse: 18, idle: 44, sys: 62, released: 36, consumed: 26 (MB)
scvg: 0 MB released
scvg: inuse: 18, idle: 44, sys: 62, released: 36, consumed: 26 (MB)
scvg: 0 MB released
scvg: inuse: 18, idle: 44, sys: 62, released: 36, consumed: 26 (MB)
scvg: 0 MB released
scvg: inuse: 18, idle: 44, sys: 62, released: 36, consumed: 26 (MB)
scvg: 0 MB released
scvg: inuse: 18, idle: 44, sys: 62, released: 36, consumed: 26 (MB)
scvg: 0 MB released
scvg: inuse: 18, idle: 44, sys: 62, released: 36, consumed: 26 (MB)
scvg: 0 MB released
scvg: inuse: 18, idle: 44, sys: 62, released: 36, consumed: 26 (MB)
scvg: 0 MB released
scvg: inuse: 18, idle: 44, sys: 62, released: 36, consumed: 26 (MB)
scvg: 0 MB released
scvg: inuse: 18, idle: 44, sys: 62, released: 36, consumed: 26 (MB)
scvg: 0 MB released
scvg: inuse: 18, idle: 44, sys: 62, released: 36, consumed: 26 (MB)
scvg: 0 MB released
scvg: inuse: 18, idle: 44, sys: 62, released: 36, consumed: 26 (MB)
scvg: 0 MB released
scvg: inuse: 18, idle: 44, sys: 62, released: 36, consumed: 26 (MB)
scvg: 0 MB released
scvg: inuse: 18, idle: 44, sys: 62, released: 36, consumed: 26 (MB)
scvg: 0 MB released
scvg: inuse: 18, idle: 44, sys: 62, released: 36, consumed: 26 (MB)
scvg: 0 MB released
scvg: inuse: 18, idle: 44, sys: 62, released: 36, consumed: 26 (MB)
scvg: 0 MB released
scvg: inuse: 18, idle: 44, sys: 62, released: 36, consumed: 26 (MB)
scvg: 0 MB released
scvg: inuse: 18, idle: 44, sys: 62, released: 36, consumed: 26 (MB)
scvg: 0 MB released
scvg: inuse: 18, idle: 44, sys: 62, released: 36, consumed: 26 (MB)
scvg: 0 MB released
scvg: inuse: 18, idle: 44, sys: 62, released: 36, consumed: 26 (MB)
scvg: 0 MB released
scvg: inuse: 18, idle: 44, sys: 62, released: 36, consumed: 26 (MB)
scvg: 0 MB released
scvg: inuse: 18, idle: 44, sys: 62, released: 36, consumed: 26 (MB)
scvg: 0 MB released
scvg: inuse: 18, idle: 44, sys: 62, released: 36, consumed: 26 (MB)
scvg: 0 MB released
scvg: inuse: 18, idle: 44, sys: 62, released: 36, consumed: 26 (MB)
scvg: 0 MB released
scvg: inuse: 18, idle: 44, sys: 62, released: 36, consumed: 26 (MB)
scvg: 0 MB released
scvg: inuse: 18, idle: 44, sys: 62, released: 36, consumed: 26 (MB)
scvg: 0 MB released
scvg: inuse: 18, idle: 44, sys: 62, released: 36, consumed: 26 (MB)
scvg: 0 MB released
scvg: inuse: 18, idle: 44, sys: 62, released: 36, consumed: 26 (MB)
scvg: 0 MB released
scvg: inuse: 18, idle: 44, sys: 62, released: 36, consumed: 26 (MB)
scvg: 0 MB released
scvg: inuse: 18, idle: 44, sys: 62, released: 36, consumed: 26 (MB)
scvg: 0 MB released
scvg: inuse: 18, idle: 44, sys: 62, released: 36, consumed: 26 (MB)
scvg: 0 MB released
scvg: inuse: 18, idle: 44, sys: 62, released: 36, consumed: 26 (MB)
scvg: 0 MB released
scvg: inuse: 18, idle: 44, sys: 62, released: 36, consumed: 26 (MB)
scvg: 0 MB released
scvg: inuse: 18, idle: 44, sys: 62, released: 36, consumed: 26 (MB)
scvg: 0 MB released
scvg: inuse: 18, idle: 44, sys: 62, released: 36, consumed: 26 (MB)
scvg: 0 MB released
scvg: inuse: 18, idle: 44, sys: 62, released: 36, consumed: 26 (MB)
scvg: 0 MB released
scvg: inuse: 18, idle: 44, sys: 62, released: 36, consumed: 25 (MB)
scvg: 0 MB released
scvg: inuse: 18, idle: 44, sys: 62, released: 36, consumed: 25 (MB)
scvg: 0 MB released
scvg: inuse: 18, idle: 44, sys: 62, released: 36, consumed: 25 (MB)
scvg: 0 MB released
scvg: inuse: 18, idle: 44, sys: 62, released: 36, consumed: 25 (MB)
scvg: 0 MB released
scvg: inuse: 18, idle: 44, sys: 62, released: 36, consumed: 25 (MB)
scvg: 0 MB released
scvg: inuse: 18, idle: 44, sys: 62, released: 36, consumed: 25 (MB)
scvg: 0 MB released
scvg: inuse: 18, idle: 44, sys: 62, released: 36, consumed: 25 (MB)
scvg: 0 MB released
scvg: inuse: 18, idle: 44, sys: 62, released: 36, consumed: 25 (MB)
scvg: 0 MB released
scvg: inuse: 18, idle: 44, sys: 62, released: 36, consumed: 25 (MB)
scvg: 0 MB released
scvg: inuse: 18, idle: 44, sys: 62, released: 36, consumed: 25 (MB)
scvg: 0 MB released
scvg: inuse: 18, idle: 44, sys: 62, released: 36, consumed: 25 (MB)
scvg: 0 MB released
scvg: inuse: 18, idle: 44, sys: 62, released: 36, consumed: 25 (MB)
scvg: 0 MB released
scvg: inuse: 18, idle: 44, sys: 62, released: 36, consumed: 25 (MB)
scvg: 0 MB released
scvg: inuse: 18, idle: 44, sys: 62, released: 36, consumed: 25 (MB)
scvg: 0 MB released
scvg: inuse: 18, idle: 44, sys: 62, released: 36, consumed: 25 (MB)
scvg: 0 MB released
scvg: inuse: 18, idle: 44, sys: 62, released: 36, consumed: 25 (MB)
scvg: 0 MB released
scvg: inuse: 18, idle: 44, sys: 62, released: 36, consumed: 25 (MB)
scvg: 0 MB released
scvg: inuse: 18, idle: 44, sys: 62, released: 36, consumed: 25 (MB)
scvg: 0 MB released
scvg: inuse: 18, idle: 44, sys: 62, released: 36, consumed: 25 (MB)
scvg: 0 MB released
scvg: inuse: 18, idle: 44, sys: 62, released: 36, consumed: 25 (MB)
scvg: 0 MB released
scvg: inuse: 18, idle: 44, sys: 62, released: 36, consumed: 25 (MB)
scvg: 0 MB released
scvg: inuse: 18, idle: 44, sys: 62, released: 36, consumed: 25 (MB)
scvg: 0 MB released
scvg: inuse: 18, idle: 44, sys: 62, released: 36, consumed: 25 (MB)
scvg: 0 MB released
scvg: inuse: 18, idle: 44, sys: 62, released: 36, consumed: 25 (MB)
scvg: 0 MB released
scvg: inuse: 18, idle: 44, sys: 62, released: 36, consumed: 25 (MB)
scvg: 0 MB released
scvg: inuse: 18, idle: 44, sys: 62, released: 36, consumed: 25 (MB)
scvg: 0 MB released
scvg: inuse: 18, idle: 44, sys: 62, released: 36, consumed: 25 (MB)
scvg: 0 MB released
scvg: inuse: 18, idle: 44, sys: 62, released: 36, consumed: 25 (MB)
scvg: 0 MB released
scvg: inuse: 18, idle: 44, sys: 62, released: 36, consumed: 25 (MB)
scvg: 0 MB released
scvg: inuse: 18, idle: 44, sys: 62, released: 36, consumed: 25 (MB)
scvg: 0 MB released
scvg: inuse: 18, idle: 44, sys: 62, released: 36, consumed: 25 (MB)
scvg: 0 MB released
scvg: inuse: 18, idle: 44, sys: 62, released: 36, consumed: 25 (MB)
scvg: 0 MB released
scvg: inuse: 18, idle: 44, sys: 62, released: 36, consumed: 25 (MB)
scvg: 0 MB released
scvg: inuse: 18, idle: 44, sys: 62, released: 36, consumed: 25 (MB)
scvg: 0 MB released
scvg: inuse: 18, idle: 44, sys: 62, released: 36, consumed: 25 (MB)
scvg: 0 MB released
scvg: inuse: 18, idle: 44, sys: 62, released: 36, consumed: 25 (MB)
scvg: 0 MB released
scvg: inuse: 18, idle: 44, sys: 62, released: 36, consumed: 25 (MB)
scvg: 0 MB released
scvg: inuse: 18, idle: 44, sys: 62, released: 36, consumed: 25 (MB)
scvg: 0 MB released
scvg: inuse: 18, idle: 44, sys: 62, released: 36, consumed: 25 (MB)
scvg: 0 MB released
scvg: inuse: 18, idle: 44, sys: 62, released: 36, consumed: 25 (MB)
scvg: 0 MB released
scvg: inuse: 18, idle: 44, sys: 62, released: 36, consumed: 25 (MB)
scvg: 0 MB released
scvg: inuse: 18, idle: 44, sys: 62, released: 36, consumed: 25 (MB)
scvg: 0 MB released
scvg: inuse: 18, idle: 44, sys: 62, released: 36, consumed: 25 (MB)
scvg: 0 MB released
scvg: inuse: 18, idle: 44, sys: 62, released: 36, consumed: 25 (MB)
scvg: 0 MB released
scvg: inuse: 18, idle: 44, sys: 62, released: 36, consumed: 25 (MB)
scvg: 0 MB released
scvg: inuse: 18, idle: 44, sys: 62, released: 36, consumed: 25 (MB)
scvg: 0 MB released
scvg: inuse: 18, idle: 44, sys: 62, released: 36, consumed: 25 (MB)
scvg: 0 MB released
scvg: inuse: 18, idle: 44, sys: 62, released: 36, consumed: 25 (MB)
scvg: 0 MB released
scvg: inuse: 18, idle: 44, sys: 62, released: 36, consumed: 25 (MB)
scvg: 0 MB released
scvg: inuse: 18, idle: 44, sys: 62, released: 36, consumed: 25 (MB)
scvg: 0 MB released
scvg: inuse: 18, idle: 44, sys: 62, released: 36, consumed: 25 (MB)
scvg: 0 MB released
scvg: inuse: 18, idle: 44, sys: 62, released: 36, consumed: 25 (MB)
scvg: 0 MB released
scvg: inuse: 18, idle: 44, sys: 62, released: 36, consumed: 25 (MB)
scvg: 0 MB released
scvg: inuse: 18, idle: 44, sys: 62, released: 36, consumed: 25 (MB)
scvg: 0 MB released
scvg: inuse: 18, idle: 44, sys: 62, released: 36, consumed: 25 (MB)
scvg: 0 MB released
scvg: inuse: 18, idle: 44, sys: 62, released: 36, consumed: 25 (MB)
scvg: 0 MB released
scvg: inuse: 18, idle: 44, sys: 62, released: 36, consumed: 25 (MB)
scvg: 0 MB released
scvg: inuse: 18, idle: 44, sys: 62, released: 36, consumed: 25 (MB)
scvg: 0 MB released
scvg: inuse: 18, idle: 44, sys: 62, released: 36, consumed: 25 (MB)
scvg: 0 MB released
scvg: inuse: 18, idle: 44, sys: 62, released: 36, consumed: 25 (MB)
scvg: 0 MB released
scvg: inuse: 18, idle: 44, sys: 62, released: 36, consumed: 25 (MB)
scvg: 0 MB released
scvg: inuse: 18, idle: 44, sys: 62, released: 36, consumed: 25 (MB)
scvg: 0 MB released
scvg: inuse: 18, idle: 44, sys: 62, released: 36, consumed: 25 (MB)
scvg: 0 MB released
scvg: inuse: 18, idle: 44, sys: 62, released: 36, consumed: 25 (MB)
scvg: 0 MB released
scvg: inuse: 18, idle: 44, sys: 62, released: 36, consumed: 25 (MB)
scvg: 0 MB released
scvg: inuse: 18, idle: 44, sys: 62, released: 36, consumed: 25 (MB)
scvg: 0 MB released
scvg: inuse: 18, idle: 44, sys: 62, released: 36, consumed: 25 (MB)
scvg: 0 MB released
scvg: inuse: 18, idle: 44, sys: 62, released: 36, consumed: 25 (MB)
scvg: 0 MB released
scvg: inuse: 18, idle: 44, sys: 62, released: 36, consumed: 25 (MB)
scvg: 0 MB released
scvg: inuse: 18, idle: 44, sys: 62, released: 36, consumed: 25 (MB)
scvg: 0 MB released
scvg: inuse: 18, idle: 44, sys: 62, released: 36, consumed: 25 (MB)
scvg: 0 MB released
scvg: inuse: 18, idle: 44, sys: 62, released: 36, consumed: 25 (MB)
scvg: 0 MB released
scvg: inuse: 18, idle: 44, sys: 62, released: 36, consumed: 25 (MB)
scvg: 0 MB released
scvg: inuse: 18, idle: 44, sys: 62, released: 36, consumed: 25 (MB)
scvg: 0 MB released
scvg: inuse: 18, idle: 44, sys: 62, released: 36, consumed: 25 (MB)
scvg: 0 MB released
scvg: inuse: 18, idle: 44, sys: 62, released: 37, consumed: 25 (MB)
scvg: 0 MB released
scvg: inuse: 18, idle: 44, sys: 62, released: 37, consumed: 25 (MB)
scvg: 0 MB released
scvg: inuse: 18, idle: 44, sys: 62, released: 37, consumed: 25 (MB)
scvg: 0 MB released
scvg: inuse: 18, idle: 44, sys: 62, released: 37, consumed: 25 (MB)
scvg: 0 MB released
scvg: inuse: 18, idle: 44, sys: 62, released: 37, consumed: 25 (MB)
scvg: 0 MB released
scvg: inuse: 18, idle: 44, sys: 62, released: 37, consumed: 25 (MB)
scvg: 0 MB released
scvg: inuse: 18, idle: 44, sys: 62, released: 37, consumed: 25 (MB)
scvg: 0 MB released
scvg: inuse: 18, idle: 44, sys: 62, released: 37, consumed: 25 (MB)
scvg: 0 MB released
scvg: inuse: 18, idle: 44, sys: 62, released: 37, consumed: 25 (MB)
scvg: 0 MB released
scvg: inuse: 18, idle: 44, sys: 62, released: 37, consumed: 25 (MB)
scvg: 0 MB released
scvg: inuse: 18, idle: 44, sys: 62, released: 37, consumed: 25 (MB)
scvg: 0 MB released
scvg: inuse: 18, idle: 44, sys: 62, released: 37, consumed: 25 (MB)
scvg: 0 MB released
scvg: inuse: 18, idle: 44, sys: 62, released: 37, consumed: 25 (MB)
scvg: 0 MB released
scvg: inuse: 18, idle: 44, sys: 62, released: 37, consumed: 25 (MB)
scvg: 0 MB released
scvg: inuse: 18, idle: 44, sys: 62, released: 37, consumed: 25 (MB)
scvg: 0 MB released
scvg: inuse: 18, idle: 44, sys: 62, released: 37, consumed: 25 (MB)
scvg: 0 MB released
scvg: inuse: 18, idle: 44, sys: 62, released: 37, consumed: 25 (MB)
scvg: 0 MB released
scvg: inuse: 18, idle: 44, sys: 62, released: 37, consumed: 25 (MB)
scvg: 0 MB released
scvg: inuse: 18, idle: 44, sys: 62, released: 37, consumed: 25 (MB)
scvg: 0 MB released
scvg: inuse: 18, idle: 44, sys: 62, released: 37, consumed: 25 (MB)
scvg: 0 MB released
scvg: inuse: 18, idle: 44, sys: 62, released: 37, consumed: 25 (MB)
scvg: 0 MB released
scvg: inuse: 18, idle: 44, sys: 62, released: 37, consumed: 25 (MB)
scvg: 0 MB released
scvg: inuse: 18, idle: 44, sys: 62, released: 37, consumed: 25 (MB)
scvg: 0 MB released
scvg: inuse: 18, idle: 44, sys: 62, released: 37, consumed: 25 (MB)
scvg: 0 MB released
scvg: inuse: 18, idle: 44, sys: 62, released: 37, consumed: 25 (MB)
scvg: 0 MB released
scvg: inuse: 18, idle: 44, sys: 62, released: 37, consumed: 25 (MB)
scvg: 0 MB released
scvg: inuse: 18, idle: 44, sys: 62, released: 37, consumed: 25 (MB)
scvg: 0 MB released
scvg: inuse: 18, idle: 44, sys: 62, released: 37, consumed: 25 (MB)
scvg: 0 MB released
scvg: inuse: 18, idle: 44, sys: 62, released: 37, consumed: 25 (MB)
scvg: 0 MB released
scvg: inuse: 18, idle: 44, sys: 62, released: 37, consumed: 25 (MB)
scvg: 0 MB released
scvg: inuse: 18, idle: 44, sys: 62, released: 37, consumed: 25 (MB)
scvg: 0 MB released
scvg: inuse: 18, idle: 44, sys: 62, released: 37, consumed: 25 (MB)
scvg: 0 MB released
scvg: inuse: 18, idle: 44, sys: 62, released: 37, consumed: 25 (MB)
scvg: 0 MB released
scvg: inuse: 18, idle: 44, sys: 62, released: 37, consumed: 25 (MB)
scvg: 0 MB released
scvg: inuse: 18, idle: 44, sys: 62, released: 37, consumed: 25 (MB)
scvg: 0 MB released
scvg: inuse: 18, idle: 44, sys: 62, released: 37, consumed: 25 (MB)
scvg: 0 MB released
scvg: inuse: 18, idle: 44, sys: 62, released: 37, consumed: 25 (MB)
scvg: 0 MB released
scvg: inuse: 18, idle: 44, sys: 62, released: 37, consumed: 25 (MB)
scvg: 0 MB released
scvg: inuse: 18, idle: 44, sys: 62, released: 37, consumed: 25 (MB)
scvg: 0 MB released
scvg: inuse: 18, idle: 44, sys: 62, released: 37, consumed: 25 (MB)
scvg: 0 MB released
scvg: inuse: 18, idle: 44, sys: 62, released: 37, consumed: 25 (MB)
scvg: 0 MB released
scvg: inuse: 18, idle: 44, sys: 62, released: 37, consumed: 25 (MB)
scvg: 0 MB released
scvg: inuse: 18, idle: 44, sys: 62, released: 37, consumed: 25 (MB)
scvg: 0 MB released
scvg: inuse: 18, idle: 44, sys: 62, released: 37, consumed: 25 (MB)
scvg: 0 MB released
scvg: inuse: 18, idle: 44, sys: 62, released: 37, consumed: 25 (MB)
scvg: 0 MB released
scvg: inuse: 18, idle: 44, sys: 62, released: 37, consumed: 25 (MB)
scvg: 0 MB released
scvg: inuse: 18, idle: 44, sys: 62, released: 37, consumed: 25 (MB)
scvg: 0 MB released
scvg: inuse: 18, idle: 44, sys: 62, released: 37, consumed: 25 (MB)
scvg: 0 MB released
scvg: inuse: 18, idle: 44, sys: 62, released: 37, consumed: 25 (MB)
scvg: 0 MB released
scvg: inuse: 18, idle: 44, sys: 62, released: 37, consumed: 25 (MB)
scvg: 0 MB released
scvg: inuse: 18, idle: 44, sys: 62, released: 37, consumed: 25 (MB)
scvg: 0 MB released
scvg: inuse: 18, idle: 44, sys: 62, released: 37, consumed: 25 (MB)
scvg: 0 MB released
scvg: inuse: 18, idle: 44, sys: 62, released: 37, consumed: 25 (MB)
scvg: 0 MB released
scvg: inuse: 18, idle: 44, sys: 62, released: 37, consumed: 24 (MB)
scvg: 0 MB released
scvg: inuse: 18, idle: 44, sys: 62, released: 37, consumed: 24 (MB)
scvg: 0 MB released
scvg: inuse: 18, idle: 44, sys: 62, released: 37, consumed: 24 (MB)
scvg: 0 MB released
scvg: inuse: 18, idle: 44, sys: 62, released: 37, consumed: 24 (MB)
scvg: 0 MB released
scvg: inuse: 18, idle: 44, sys: 62, released: 37, consumed: 24 (MB)
scvg: 0 MB released
scvg: inuse: 18, idle: 44, sys: 62, released: 37, consumed: 24 (MB)
scvg: 0 MB released
scvg: inuse: 18, idle: 44, sys: 62, released: 37, consumed: 24 (MB)
scvg: 0 MB released
scvg: inuse: 18, idle: 44, sys: 62, released: 37, consumed: 24 (MB)
scvg: 0 MB released
scvg: inuse: 18, idle: 44, sys: 62, released: 37, consumed: 24 (MB)
scvg: 0 MB released
scvg: inuse: 18, idle: 44, sys: 62, released: 37, consumed: 24 (MB)
scvg: 0 MB released
scvg: inuse: 18, idle: 44, sys: 62, released: 37, consumed: 24 (MB)
scvg: 0 MB released
scvg: inuse: 18, idle: 44, sys: 62, released: 37, consumed: 24 (MB)
scvg: 0 MB released
scvg: inuse: 18, idle: 44, sys: 62, released: 37, consumed: 24 (MB)
scvg: 0 MB released
scvg: inuse: 18, idle: 44, sys: 62, released: 37, consumed: 24 (MB)
scvg: 0 MB released
scvg: inuse: 18, idle: 44, sys: 62, released: 37, consumed: 24 (MB)
scvg: 0 MB released
scvg: inuse: 18, idle: 44, sys: 62, released: 37, consumed: 24 (MB)
scvg: 0 MB released
scvg: inuse: 18, idle: 44, sys: 62, released: 37, consumed: 24 (MB)
scvg: 0 MB released
scvg: inuse: 18, idle: 44, sys: 62, released: 37, consumed: 24 (MB)
scvg: 0 MB released
scvg: inuse: 18, idle: 44, sys: 62, released: 37, consumed: 24 (MB)
scvg: 0 MB released
scvg: inuse: 18, idle: 44, sys: 62, released: 37, consumed: 24 (MB)
scvg: 0 MB released
scvg: inuse: 18, idle: 44, sys: 62, released: 37, consumed: 24 (MB)
scvg: 0 MB released
scvg: inuse: 18, idle: 44, sys: 62, released: 37, consumed: 24 (MB)
scvg: 0 MB released
scvg: inuse: 18, idle: 44, sys: 62, released: 37, consumed: 24 (MB)
scvg: 0 MB released
scvg: inuse: 18, idle: 44, sys: 62, released: 37, consumed: 24 (MB)
scvg: 0 MB released
scvg: inuse: 18, idle: 44, sys: 62, released: 37, consumed: 24 (MB)
scvg: 0 MB released
scvg: inuse: 18, idle: 44, sys: 62, released: 37, consumed: 24 (MB)
scvg: 0 MB released
scvg: inuse: 18, idle: 44, sys: 62, released: 37, consumed: 24 (MB)
scvg: 0 MB released
scvg: inuse: 18, idle: 44, sys: 62, released: 37, consumed: 24 (MB)
scvg: 0 MB released
scvg: inuse: 18, idle: 44, sys: 62, released: 37, consumed: 24 (MB)
scvg: 0 MB released
scvg: inuse: 18, idle: 44, sys: 62, released: 37, consumed: 24 (MB)
scvg: 0 MB released
scvg: inuse: 18, idle: 44, sys: 62, released: 37, consumed: 24 (MB)
scvg: 0 MB released
scvg: inuse: 18, idle: 44, sys: 62, released: 37, consumed: 24 (MB)
scvg: 0 MB released
scvg: inuse: 18, idle: 44, sys: 62, released: 37, consumed: 24 (MB)
scvg: 0 MB released
scvg: inuse: 18, idle: 44, sys: 62, released: 37, consumed: 24 (MB)
scvg: 0 MB released
scvg: inuse: 18, idle: 44, sys: 62, released: 37, consumed: 24 (MB)
scvg: 0 MB released
scvg: inuse: 18, idle: 44, sys: 62, released: 37, consumed: 24 (MB)
scvg: 0 MB released
scvg: inuse: 18, idle: 44, sys: 62, released: 37, consumed: 24 (MB)
scvg: 0 MB released
scvg: inuse: 18, idle: 44, sys: 62, released: 37, consumed: 24 (MB)
scvg: 0 MB released
scvg: inuse: 18, idle: 44, sys: 62, released: 37, consumed: 24 (MB)
scvg: 0 MB released
scvg: inuse: 18, idle: 44, sys: 62, released: 37, consumed: 24 (MB)
scvg: 0 MB released
scvg: inuse: 18, idle: 44, sys: 62, released: 37, consumed: 24 (MB)
scvg: 0 MB released
scvg: inuse: 18, idle: 44, sys: 62, released: 37, consumed: 24 (MB)
scvg: 0 MB released
scvg: inuse: 18, idle: 44, sys: 62, released: 37, consumed: 24 (MB)
scvg: 0 MB released
scvg: inuse: 18, idle: 44, sys: 62, released: 37, consumed: 24 (MB)
scvg: 0 MB released
scvg: inuse: 18, idle: 44, sys: 62, released: 37, consumed: 24 (MB)
scvg: 0 MB released
scvg: inuse: 18, idle: 44, sys: 62, released: 37, consumed: 24 (MB)
scvg: 0 MB released
scvg: inuse: 18, idle: 44, sys: 62, released: 37, consumed: 24 (MB)
scvg: 0 MB released
scvg: inuse: 18, idle: 44, sys: 62, released: 37, consumed: 24 (MB)
scvg: 0 MB released
scvg: inuse: 18, idle: 44, sys: 62, released: 37, consumed: 24 (MB)
scvg: 0 MB released
scvg: inuse: 18, idle: 44, sys: 62, released: 37, consumed: 24 (MB)
scvg: 0 MB released
scvg: inuse: 18, idle: 44, sys: 62, released: 37, consumed: 24 (MB)
scvg: 0 MB released
scvg: inuse: 18, idle: 44, sys: 62, released: 37, consumed: 24 (MB)
scvg: 0 MB released
scvg: inuse: 18, idle: 44, sys: 62, released: 37, consumed: 24 (MB)
scvg: 0 MB released
scvg: inuse: 18, idle: 44, sys: 62, released: 37, consumed: 24 (MB)
scvg: 0 MB released
scvg: inuse: 18, idle: 44, sys: 62, released: 37, consumed: 24 (MB)
scvg: 0 MB released
scvg: inuse: 18, idle: 44, sys: 62, released: 37, consumed: 24 (MB)
scvg: 0 MB released
scvg: inuse: 18, idle: 44, sys: 62, released: 37, consumed: 24 (MB)
scvg: 0 MB released
scvg: inuse: 18, idle: 44, sys: 62, released: 37, consumed: 24 (MB)
scvg: 0 MB released
scvg: inuse: 18, idle: 44, sys: 62, released: 37, consumed: 24 (MB)
scvg: 0 MB released
scvg: inuse: 18, idle: 44, sys: 62, released: 37, consumed: 24 (MB)
scvg: 0 MB released
scvg: inuse: 18, idle: 44, sys: 62, released: 37, consumed: 24 (MB)
scvg: 0 MB released
scvg: inuse: 18, idle: 44, sys: 62, released: 37, consumed: 24 (MB)
scvg: 0 MB released
scvg: inuse: 18, idle: 44, sys: 62, released: 37, consumed: 24 (MB)
scvg: 0 MB released
scvg: inuse: 18, idle: 44, sys: 62, released: 37, consumed: 24 (MB)
scvg: 0 MB released
scvg: inuse: 18, idle: 44, sys: 62, released: 37, consumed: 24 (MB)
scvg: 0 MB released
scvg: inuse: 18, idle: 44, sys: 62, released: 37, consumed: 24 (MB)
scvg: 0 MB released
scvg: inuse: 18, idle: 44, sys: 62, released: 37, consumed: 24 (MB)
scvg: 0 MB released
scvg: inuse: 18, idle: 44, sys: 62, released: 37, consumed: 24 (MB)
scvg: 0 MB released
scvg: inuse: 18, idle: 44, sys: 62, released: 37, consumed: 24 (MB)
scvg: 0 MB released
scvg: inuse: 18, idle: 44, sys: 62, released: 37, consumed: 24 (MB)
scvg: 0 MB released
scvg: inuse: 18, idle: 44, sys: 62, released: 37, consumed: 24 (MB)
scvg: 0 MB released
scvg: inuse: 18, idle: 44, sys: 62, released: 37, consumed: 24 (MB)
scvg: 0 MB released
scvg: inuse: 18, idle: 44, sys: 62, released: 37, consumed: 24 (MB)
scvg: 0 MB released
scvg: inuse: 18, idle: 44, sys: 62, released: 37, consumed: 24 (MB)
scvg: 0 MB released
scvg: inuse: 18, idle: 44, sys: 62, released: 37, consumed: 24 (MB)
scvg: 0 MB released
scvg: inuse: 18, idle: 44, sys: 62, released: 38, consumed: 24 (MB)
scvg: 0 MB released
scvg: inuse: 18, idle: 44, sys: 62, released: 38, consumed: 24 (MB)
scvg: 0 MB released
scvg: inuse: 18, idle: 44, sys: 62, released: 38, consumed: 24 (MB)
scvg: 0 MB released
scvg: inuse: 18, idle: 44, sys: 62, released: 38, consumed: 24 (MB)
scvg: 0 MB released
scvg: inuse: 18, idle: 44, sys: 62, released: 38, consumed: 24 (MB)
scvg: 0 MB released
scvg: inuse: 18, idle: 44, sys: 62, released: 38, consumed: 24 (MB)
scvg: 0 MB released
scvg: inuse: 18, idle: 44, sys: 62, released: 38, consumed: 24 (MB)
scvg: 0 MB released
scvg: inuse: 18, idle: 44, sys: 62, released: 38, consumed: 24 (MB)
scvg: 0 MB released
scvg: inuse: 18, idle: 44, sys: 62, released: 38, consumed: 24 (MB)
scvg: 0 MB released
scvg: inuse: 18, idle: 44, sys: 62, released: 38, consumed: 24 (MB)
scvg: 0 MB released
scvg: inuse: 18, idle: 44, sys: 62, released: 38, consumed: 24 (MB)
scvg: 0 MB released
scvg: inuse: 18, idle: 44, sys: 62, released: 38, consumed: 24 (MB)
scvg: 0 MB released
scvg: inuse: 18, idle: 44, sys: 62, released: 38, consumed: 24 (MB)
scvg: 0 MB released
scvg: inuse: 18, idle: 44, sys: 62, released: 38, consumed: 24 (MB)
scvg: 0 MB released
scvg: inuse: 18, idle: 44, sys: 62, released: 38, consumed: 24 (MB)
scvg: 0 MB released
scvg: inuse: 18, idle: 44, sys: 62, released: 38, consumed: 24 (MB)
scvg: 0 MB released
scvg: inuse: 18, idle: 44, sys: 62, released: 38, consumed: 24 (MB)
scvg: 0 MB released
scvg: inuse: 18, idle: 44, sys: 62, released: 38, consumed: 24 (MB)
scvg: 0 MB released
scvg: inuse: 18, idle: 44, sys: 62, released: 38, consumed: 24 (MB)
scvg: 0 MB released
scvg: inuse: 18, idle: 44, sys: 62, released: 38, consumed: 24 (MB)
scvg: 0 MB released
scvg: inuse: 18, idle: 44, sys: 62, released: 38, consumed: 24 (MB)
scvg: 0 MB released
scvg: inuse: 18, idle: 44, sys: 62, released: 38, consumed: 24 (MB)
scvg: 0 MB released
scvg: inuse: 18, idle: 44, sys: 62, released: 38, consumed: 24 (MB)
scvg: 0 MB released
scvg: inuse: 18, idle: 44, sys: 62, released: 38, consumed: 24 (MB)
scvg: 0 MB released
scvg: inuse: 18, idle: 44, sys: 62, released: 38, consumed: 24 (MB)
scvg: 0 MB released
scvg: inuse: 18, idle: 44, sys: 62, released: 38, consumed: 24 (MB)
scvg: 0 MB released
scvg: inuse: 18, idle: 44, sys: 62, released: 38, consumed: 24 (MB)
scvg: 0 MB released
scvg: inuse: 18, idle: 44, sys: 62, released: 38, consumed: 24 (MB)
scvg: 0 MB released
scvg: inuse: 18, idle: 44, sys: 62, released: 38, consumed: 24 (MB)
scvg: 0 MB released
scvg: inuse: 18, idle: 44, sys: 62, released: 38, consumed: 24 (MB)
scvg: 0 MB released
scvg: inuse: 18, idle: 44, sys: 62, released: 38, consumed: 24 (MB)
scvg: 0 MB released
scvg: inuse: 18, idle: 44, sys: 62, released: 38, consumed: 24 (MB)
scvg: 0 MB released
scvg: inuse: 18, idle: 44, sys: 62, released: 38, consumed: 24 (MB)
scvg: 0 MB released
scvg: inuse: 18, idle: 44, sys: 62, released: 38, consumed: 24 (MB)
scvg: 0 MB released
scvg: inuse: 18, idle: 44, sys: 62, released: 38, consumed: 24 (MB)
scvg: 0 MB released
scvg: inuse: 18, idle: 44, sys: 62, released: 38, consumed: 24 (MB)
scvg: 0 MB released
scvg: inuse: 18, idle: 44, sys: 62, released: 38, consumed: 24 (MB)
scvg: 0 MB released
scvg: inuse: 18, idle: 44, sys: 62, released: 38, consumed: 24 (MB)
scvg: 0 MB released
scvg: inuse: 18, idle: 44, sys: 62, released: 38, consumed: 24 (MB)
scvg: 0 MB released
scvg: inuse: 18, idle: 44, sys: 62, released: 38, consumed: 24 (MB)
scvg: 0 MB released
scvg: inuse: 18, idle: 44, sys: 62, released: 38, consumed: 24 (MB)
scvg: 0 MB released
scvg: inuse: 18, idle: 44, sys: 62, released: 38, consumed: 24 (MB)
scvg: 0 MB released
scvg: inuse: 18, idle: 44, sys: 62, released: 38, consumed: 24 (MB)
scvg: 0 MB released
scvg: inuse: 18, idle: 44, sys: 62, released: 38, consumed: 24 (MB)
scvg: 0 MB released
scvg: inuse: 18, idle: 44, sys: 62, released: 38, consumed: 24 (MB)
scvg: 0 MB released
scvg: inuse: 18, idle: 44, sys: 62, released: 38, consumed: 24 (MB)
scvg: 0 MB released
scvg: inuse: 18, idle: 44, sys: 62, released: 38, consumed: 24 (MB)
scvg: 0 MB released
scvg: inuse: 18, idle: 44, sys: 62, released: 38, consumed: 24 (MB)
scvg: 0 MB released
scvg: inuse: 18, idle: 44, sys: 62, released: 38, consumed: 24 (MB)
scvg: 0 MB released
scvg: inuse: 18, idle: 44, sys: 62, released: 38, consumed: 24 (MB)
scvg: 0 MB released
scvg: inuse: 18, idle: 44, sys: 62, released: 38, consumed: 24 (MB)
scvg: 0 MB released
scvg: inuse: 18, idle: 44, sys: 62, released: 38, consumed: 24 (MB)
scvg: 0 MB released
scvg: inuse: 18, idle: 44, sys: 62, released: 38, consumed: 24 (MB)
scvg: 0 MB released
scvg: inuse: 18, idle: 44, sys: 62, released: 38, consumed: 23 (MB)
scvg: 0 MB released
scvg: inuse: 18, idle: 44, sys: 62, released: 38, consumed: 23 (MB)
scvg: 0 MB released
scvg: inuse: 18, idle: 44, sys: 62, released: 38, consumed: 23 (MB)
scvg: 0 MB released
scvg: inuse: 18, idle: 44, sys: 62, released: 38, consumed: 23 (MB)
scvg: 0 MB released
scvg: inuse: 18, idle: 44, sys: 62, released: 38, consumed: 23 (MB)
scvg: 0 MB released
scvg: inuse: 18, idle: 44, sys: 62, released: 38, consumed: 23 (MB)
scvg: 0 MB released
scvg: inuse: 18, idle: 44, sys: 62, released: 38, consumed: 23 (MB)
scvg: 0 MB released
scvg: inuse: 18, idle: 44, sys: 62, released: 38, consumed: 23 (MB)
scvg: 0 MB released
scvg: inuse: 18, idle: 44, sys: 62, released: 38, consumed: 23 (MB)
scvg: 0 MB released
scvg: inuse: 18, idle: 44, sys: 62, released: 38, consumed: 23 (MB)
scvg: 0 MB released
scvg: inuse: 18, idle: 44, sys: 62, released: 38, consumed: 23 (MB)
scvg: 0 MB released
scvg: inuse: 18, idle: 44, sys: 62, released: 38, consumed: 23 (MB)
scvg: 0 MB released
scvg: inuse: 18, idle: 44, sys: 62, released: 38, consumed: 23 (MB)
scvg: 0 MB released
scvg: inuse: 18, idle: 44, sys: 62, released: 38, consumed: 23 (MB)
scvg: 0 MB released
scvg: inuse: 18, idle: 44, sys: 62, released: 38, consumed: 23 (MB)
scvg: 0 MB released
scvg: inuse: 18, idle: 44, sys: 62, released: 38, consumed: 23 (MB)
scvg: 0 MB released
scvg: inuse: 18, idle: 44, sys: 62, released: 38, consumed: 23 (MB)
scvg: 0 MB released
scvg: inuse: 18, idle: 44, sys: 62, released: 38, consumed: 23 (MB)
scvg: 0 MB released
scvg: inuse: 18, idle: 44, sys: 62, released: 38, consumed: 23 (MB)
scvg: 0 MB released
scvg: inuse: 18, idle: 44, sys: 62, released: 38, consumed: 23 (MB)
scvg: 0 MB released
scvg: inuse: 18, idle: 44, sys: 62, released: 38, consumed: 23 (MB)
scvg: 0 MB released
scvg: inuse: 18, idle: 44, sys: 62, released: 38, consumed: 23 (MB)
scvg: 0 MB released
scvg: inuse: 18, idle: 44, sys: 62, released: 38, consumed: 23 (MB)
scvg: 0 MB released
scvg: inuse: 18, idle: 44, sys: 62, released: 38, consumed: 23 (MB)
scvg: 0 MB released
scvg: inuse: 18, idle: 44, sys: 62, released: 38, consumed: 23 (MB)
scvg: 0 MB released
scvg: inuse: 18, idle: 44, sys: 62, released: 38, consumed: 23 (MB)
scvg: 0 MB released
scvg: inuse: 18, idle: 44, sys: 62, released: 38, consumed: 23 (MB)
scvg: 0 MB released
scvg: inuse: 18, idle: 44, sys: 62, released: 38, consumed: 23 (MB)
scvg: 0 MB released
scvg: inuse: 18, idle: 44, sys: 62, released: 38, consumed: 23 (MB)
scvg: 0 MB released
scvg: inuse: 18, idle: 44, sys: 62, released: 38, consumed: 23 (MB)
scvg: 0 MB released
scvg: inuse: 18, idle: 44, sys: 62, released: 38, consumed: 23 (MB)
scvg: 0 MB released
scvg: inuse: 18, idle: 44, sys: 62, released: 38, consumed: 23 (MB)
scvg: 0 MB released
scvg: inuse: 18, idle: 44, sys: 62, released: 38, consumed: 23 (MB)
scvg: 0 MB released
scvg: inuse: 18, idle: 44, sys: 62, released: 38, consumed: 23 (MB)
scvg: 0 MB released
scvg: inuse: 18, idle: 44, sys: 62, released: 38, consumed: 23 (MB)
scvg: 0 MB released
scvg: inuse: 18, idle: 44, sys: 62, released: 38, consumed: 23 (MB)
scvg: 0 MB released
scvg: inuse: 18, idle: 44, sys: 62, released: 38, consumed: 23 (MB)
scvg: 0 MB released
scvg: inuse: 18, idle: 44, sys: 62, released: 38, consumed: 23 (MB)
scvg: 0 MB released
scvg: inuse: 18, idle: 44, sys: 62, released: 38, consumed: 23 (MB)
scvg: 0 MB released
scvg: inuse: 18, idle: 44, sys: 62, released: 38, consumed: 23 (MB)
scvg: 0 MB released
scvg: inuse: 18, idle: 44, sys: 62, released: 38, consumed: 23 (MB)
scvg: 0 MB released
scvg: inuse: 18, idle: 44, sys: 62, released: 38, consumed: 23 (MB)
scvg: 0 MB released
scvg: inuse: 18, idle: 44, sys: 62, released: 38, consumed: 23 (MB)
scvg: 0 MB released
scvg: inuse: 18, idle: 44, sys: 62, released: 38, consumed: 23 (MB)
scvg: 0 MB released
scvg: inuse: 18, idle: 44, sys: 62, released: 38, consumed: 23 (MB)
scvg: 0 MB released
scvg: inuse: 18, idle: 44, sys: 62, released: 38, consumed: 23 (MB)
scvg: 0 MB released
scvg: inuse: 18, idle: 44, sys: 62, released: 38, consumed: 23 (MB)
scvg: 0 MB released
scvg: inuse: 18, idle: 44, sys: 62, released: 38, consumed: 23 (MB)
scvg: 0 MB released
scvg: inuse: 18, idle: 44, sys: 62, released: 38, consumed: 23 (MB)
scvg: 0 MB released
scvg: inuse: 18, idle: 44, sys: 62, released: 38, consumed: 23 (MB)
scvg: 0 MB released
scvg: inuse: 18, idle: 44, sys: 62, released: 38, consumed: 23 (MB)
scvg: 0 MB released
scvg: inuse: 18, idle: 44, sys: 62, released: 38, consumed: 23 (MB)
scvg: 0 MB released
scvg: inuse: 18, idle: 44, sys: 62, released: 38, consumed: 23 (MB)
scvg: 0 MB released
scvg: inuse: 18, idle: 44, sys: 62, released: 38, consumed: 23 (MB)
scvg: 0 MB released
scvg: inuse: 18, idle: 44, sys: 62, released: 38, consumed: 23 (MB)
scvg: 0 MB released
scvg: inuse: 18, idle: 44, sys: 62, released: 38, consumed: 23 (MB)
scvg: 0 MB released
scvg: inuse: 18, idle: 44, sys: 62, released: 38, consumed: 23 (MB)
scvg: 0 MB released
scvg: inuse: 18, idle: 44, sys: 62, released: 38, consumed: 23 (MB)
scvg: 0 MB released
scvg: inuse: 18, idle: 44, sys: 62, released: 38, consumed: 23 (MB)
scvg: 0 MB released
scvg: inuse: 18, idle: 44, sys: 62, released: 38, consumed: 23 (MB)
scvg: 0 MB released
scvg: inuse: 18, idle: 44, sys: 62, released: 38, consumed: 23 (MB)
scvg: 0 MB released
scvg: inuse: 18, idle: 44, sys: 62, released: 38, consumed: 23 (MB)
scvg: 0 MB released
scvg: inuse: 18, idle: 44, sys: 62, released: 38, consumed: 23 (MB)
scvg: 0 MB released
scvg: inuse: 18, idle: 44, sys: 62, released: 38, consumed: 23 (MB)
scvg: 0 MB released
scvg: inuse: 18, idle: 44, sys: 62, released: 38, consumed: 23 (MB)
scvg: 0 MB released
scvg: inuse: 18, idle: 44, sys: 62, released: 38, consumed: 23 (MB)
scvg: 0 MB released
scvg: inuse: 18, idle: 44, sys: 62, released: 38, consumed: 23 (MB)
scvg: 0 MB released
scvg: inuse: 18, idle: 44, sys: 62, released: 38, consumed: 23 (MB)
scvg: 0 MB released
scvg: inuse: 18, idle: 44, sys: 62, released: 38, consumed: 23 (MB)
scvg: 0 MB released
scvg: inuse: 18, idle: 44, sys: 62, released: 38, consumed: 23 (MB)
GC forced
gc 641 @73405.105s 0%: 0.008+2.7+0.006 ms clock, 0.071+0/3.6/4.0+0.053 ms cpu, 20->20->15 MB, 30 MB goal, 8 P
scvg: 0 MB released
scvg: inuse: 19, idle: 43, sys: 62, released: 38, consumed: 23 (MB)
scvg: 0 MB released
scvg: inuse: 18, idle: 44, sys: 62, released: 39, consumed: 23 (MB)
scvg: 0 MB released
scvg: inuse: 18, idle: 44, sys: 62, released: 39, consumed: 23 (MB)
scvg: 0 MB released
scvg: inuse: 18, idle: 44, sys: 62, released: 39, consumed: 23 (MB)
scvg: 0 MB released
scvg: inuse: 18, idle: 44, sys: 62, released: 39, consumed: 23 (MB)
scvg: 0 MB released
scvg: inuse: 18, idle: 44, sys: 62, released: 39, consumed: 23 (MB)
scvg: 0 MB released
scvg: inuse: 18, idle: 44, sys: 62, released: 39, consumed: 23 (MB)
scvg: 0 MB released
scvg: inuse: 18, idle: 44, sys: 62, released: 39, consumed: 23 (MB)
scvg: 0 MB released
scvg: inuse: 18, idle: 44, sys: 62, released: 39, consumed: 23 (MB)
scvg: 0 MB released
scvg: inuse: 18, idle: 44, sys: 62, released: 39, consumed: 23 (MB)
scvg: 0 MB released
scvg: inuse: 18, idle: 44, sys: 62, released: 39, consumed: 23 (MB)
scvg: 0 MB released
scvg: inuse: 18, idle: 44, sys: 62, released: 39, consumed: 23 (MB)
scvg: 0 MB released
scvg: inuse: 18, idle: 44, sys: 62, released: 39, consumed: 23 (MB)
scvg: 0 MB released
scvg: inuse: 18, idle: 44, sys: 62, released: 39, consumed: 23 (MB)
scvg: 0 MB released
scvg: inuse: 18, idle: 44, sys: 62, released: 39, consumed: 23 (MB)
scvg: 0 MB released
scvg: inuse: 18, idle: 44, sys: 62, released: 39, consumed: 23 (MB)
scvg: 0 MB released
scvg: inuse: 18, idle: 44, sys: 62, released: 39, consumed: 23 (MB)
scvg: 0 MB released
scvg: inuse: 18, idle: 44, sys: 62, released: 39, consumed: 23 (MB)
scvg: 0 MB released
scvg: inuse: 18, idle: 44, sys: 62, released: 39, consumed: 23 (MB)
scvg: 0 MB released
scvg: inuse: 18, idle: 44, sys: 62, released: 39, consumed: 23 (MB)
scvg: 0 MB released
scvg: inuse: 18, idle: 44, sys: 62, released: 39, consumed: 23 (MB)
scvg: 0 MB released
scvg: inuse: 18, idle: 44, sys: 62, released: 39, consumed: 23 (MB)
scvg: 0 MB released
scvg: inuse: 18, idle: 44, sys: 62, released: 39, consumed: 23 (MB)
scvg: 0 MB released
scvg: inuse: 18, idle: 44, sys: 62, released: 39, consumed: 23 (MB)
scvg: 0 MB released
scvg: inuse: 18, idle: 44, sys: 62, released: 39, consumed: 23 (MB)
scvg: 0 MB released
scvg: inuse: 18, idle: 44, sys: 62, released: 39, consumed: 23 (MB)
scvg: 0 MB released
scvg: inuse: 18, idle: 44, sys: 62, released: 39, consumed: 23 (MB)
scvg: 0 MB released
scvg: inuse: 18, idle: 44, sys: 62, released: 39, consumed: 23 (MB)
scvg: 0 MB released
scvg: inuse: 18, idle: 44, sys: 62, released: 39, consumed: 23 (MB)
scvg: 0 MB released
scvg: inuse: 18, idle: 44, sys: 62, released: 39, consumed: 23 (MB)
scvg: 0 MB released
scvg: inuse: 18, idle: 44, sys: 62, released: 39, consumed: 23 (MB)
scvg: 0 MB released
scvg: inuse: 18, idle: 44, sys: 62, released: 39, consumed: 23 (MB)
scvg: 0 MB released
scvg: inuse: 18, idle: 44, sys: 62, released: 39, consumed: 23 (MB)
scvg: 0 MB released
scvg: inuse: 18, idle: 44, sys: 62, released: 39, consumed: 23 (MB)
scvg: 0 MB released
scvg: inuse: 18, idle: 44, sys: 62, released: 39, consumed: 23 (MB)
scvg: 0 MB released
scvg: inuse: 18, idle: 44, sys: 62, released: 39, consumed: 23 (MB)
GC forced
gc 642 @73525.122s 0%: 0.009+2.7+0.006 ms clock, 0.077+0/1.9/6.6+0.051 ms cpu, 20->20->15 MB, 30 MB goal, 8 P
gc 643 @73532.710s 0%: 0.013+3.7+0.005 ms clock, 0.10+0.47/5.0/3.5+0.041 ms cpu, 30->30->15 MB, 31 MB goal, 8 P
gc 644 @73622.123s 0%: 0.014+2.2+0.008 ms clock, 0.11+0.93/2.9/5.7+0.066 ms cpu, 30->30->15 MB, 31 MB goal, 8 P
GC forced
gc 645 @73742.141s 0%: 0.010+2.8+0.006 ms clock, 0.081+0/4.3/1.6+0.053 ms cpu, 20->20->15 MB, 31 MB goal, 8 P
scvg: 0 MB released
scvg: inuse: 20, idle: 41, sys: 62, released: 30, consumed: 31 (MB)
scvg: 0 MB released
scvg: inuse: 18, idle: 43, sys: 62, released: 30, consumed: 31 (MB)
scvg: 0 MB released
scvg: inuse: 18, idle: 43, sys: 62, released: 30, consumed: 31 (MB)
scvg: 0 MB released
scvg: inuse: 18, idle: 43, sys: 62, released: 30, consumed: 31 (MB)
scvg: 0 MB released
scvg: inuse: 18, idle: 43, sys: 62, released: 30, consumed: 31 (MB)
scvg: 0 MB released
scvg: inuse: 18, idle: 43, sys: 62, released: 30, consumed: 31 (MB)
scvg: 0 MB released
scvg: inuse: 18, idle: 43, sys: 62, released: 30, consumed: 31 (MB)
scvg: 0 MB released
scvg: inuse: 18, idle: 43, sys: 62, released: 30, consumed: 31 (MB)
scvg: 0 MB released
scvg: inuse: 18, idle: 43, sys: 62, released: 30, consumed: 31 (MB)
scvg: 0 MB released
scvg: inuse: 18, idle: 43, sys: 62, released: 30, consumed: 31 (MB)
scvg: 0 MB released
scvg: inuse: 18, idle: 43, sys: 62, released: 30, consumed: 31 (MB)
scvg: 0 MB released
scvg: inuse: 18, idle: 43, sys: 62, released: 30, consumed: 31 (MB)
scvg: 0 MB released
scvg: inuse: 18, idle: 43, sys: 62, released: 30, consumed: 31 (MB)
scvg: 0 MB released
scvg: inuse: 18, idle: 43, sys: 62, released: 30, consumed: 31 (MB)
scvg: 0 MB released
scvg: inuse: 18, idle: 43, sys: 62, released: 30, consumed: 31 (MB)
scvg: 0 MB released
scvg: inuse: 18, idle: 43, sys: 62, released: 30, consumed: 31 (MB)
scvg: 0 MB released
scvg: inuse: 18, idle: 43, sys: 62, released: 30, consumed: 31 (MB)
scvg: 0 MB released
scvg: inuse: 18, idle: 43, sys: 62, released: 30, consumed: 31 (MB)
scvg: 0 MB released
scvg: inuse: 18, idle: 43, sys: 62, released: 30, consumed: 31 (MB)
scvg: 0 MB released
scvg: inuse: 18, idle: 43, sys: 62, released: 30, consumed: 31 (MB)
scvg: 0 MB released
scvg: inuse: 18, idle: 43, sys: 62, released: 30, consumed: 31 (MB)
scvg: 0 MB released
scvg: inuse: 18, idle: 43, sys: 62, released: 30, consumed: 31 (MB)
scvg: 0 MB released
scvg: inuse: 18, idle: 43, sys: 62, released: 30, consumed: 31 (MB)
scvg: 0 MB released
scvg: inuse: 18, idle: 43, sys: 62, released: 30, consumed: 31 (MB)
scvg: 0 MB released
scvg: inuse: 18, idle: 43, sys: 62, released: 30, consumed: 31 (MB)
scvg: 0 MB released
scvg: inuse: 18, idle: 43, sys: 62, released: 31, consumed: 31 (MB)
scvg: 0 MB released
scvg: inuse: 18, idle: 43, sys: 62, released: 31, consumed: 31 (MB)
scvg: 0 MB released
scvg: inuse: 18, idle: 43, sys: 62, released: 31, consumed: 31 (MB)
scvg: 0 MB released
scvg: inuse: 18, idle: 43, sys: 62, released: 31, consumed: 31 (MB)
scvg: 0 MB released
scvg: inuse: 18, idle: 43, sys: 62, released: 31, consumed: 31 (MB)
scvg: 0 MB released
scvg: inuse: 18, idle: 43, sys: 62, released: 31, consumed: 31 (MB)
scvg: 0 MB released
scvg: inuse: 18, idle: 43, sys: 62, released: 31, consumed: 31 (MB)
scvg: 0 MB released
scvg: inuse: 18, idle: 43, sys: 62, released: 31, consumed: 31 (MB)
scvg: 0 MB released
scvg: inuse: 18, idle: 43, sys: 62, released: 31, consumed: 31 (MB)
scvg: 0 MB released
scvg: inuse: 18, idle: 43, sys: 62, released: 31, consumed: 31 (MB)
scvg: 0 MB released
scvg: inuse: 18, idle: 43, sys: 62, released: 31, consumed: 31 (MB)
scvg: 0 MB released
scvg: inuse: 18, idle: 43, sys: 62, released: 31, consumed: 31 (MB)
scvg: 0 MB released
scvg: inuse: 18, idle: 43, sys: 62, released: 31, consumed: 31 (MB)
scvg: 0 MB released
scvg: inuse: 18, idle: 43, sys: 62, released: 31, consumed: 31 (MB)
scvg: 0 MB released
scvg: inuse: 18, idle: 43, sys: 62, released: 31, consumed: 31 (MB)
scvg: 0 MB released
scvg: inuse: 18, idle: 43, sys: 62, released: 31, consumed: 31 (MB)
scvg: 0 MB released
scvg: inuse: 18, idle: 43, sys: 62, released: 31, consumed: 31 (MB)
scvg: 0 MB released
scvg: inuse: 18, idle: 43, sys: 62, released: 31, consumed: 31 (MB)
scvg: 0 MB released
scvg: inuse: 18, idle: 43, sys: 62, released: 31, consumed: 31 (MB)
scvg: 0 MB released
scvg: inuse: 18, idle: 43, sys: 62, released: 31, consumed: 31 (MB)
scvg: 0 MB released
scvg: inuse: 18, idle: 43, sys: 62, released: 31, consumed: 31 (MB)
scvg: 0 MB released
scvg: inuse: 18, idle: 43, sys: 62, released: 31, consumed: 31 (MB)
scvg: 0 MB released
scvg: inuse: 18, idle: 43, sys: 62, released: 31, consumed: 31 (MB)
scvg: 0 MB released
scvg: inuse: 18, idle: 43, sys: 62, released: 31, consumed: 31 (MB)
scvg: 0 MB released
scvg: inuse: 18, idle: 43, sys: 62, released: 31, consumed: 31 (MB)
scvg: 0 MB released
scvg: inuse: 18, idle: 43, sys: 62, released: 31, consumed: 31 (MB)
scvg: 0 MB released
scvg: inuse: 18, idle: 43, sys: 62, released: 31, consumed: 31 (MB)
scvg: 0 MB released
scvg: inuse: 18, idle: 43, sys: 62, released: 31, consumed: 31 (MB)
scvg: 0 MB released
scvg: inuse: 18, idle: 43, sys: 62, released: 31, consumed: 31 (MB)
scvg: 0 MB released
scvg: inuse: 18, idle: 43, sys: 62, released: 31, consumed: 31 (MB)
scvg: 0 MB released
scvg: inuse: 18, idle: 43, sys: 62, released: 31, consumed: 31 (MB)
scvg: 0 MB released
scvg: inuse: 18, idle: 43, sys: 62, released: 31, consumed: 31 (MB)
scvg: 0 MB released
scvg: inuse: 18, idle: 43, sys: 62, released: 31, consumed: 31 (MB)
scvg: 0 MB released
scvg: inuse: 18, idle: 43, sys: 62, released: 31, consumed: 31 (MB)
scvg: 0 MB released
scvg: inuse: 18, idle: 43, sys: 62, released: 31, consumed: 31 (MB)
scvg: 0 MB released
scvg: inuse: 18, idle: 43, sys: 62, released: 31, consumed: 31 (MB)
scvg: 0 MB released
scvg: inuse: 18, idle: 43, sys: 62, released: 31, consumed: 31 (MB)
scvg: 0 MB released
scvg: inuse: 18, idle: 43, sys: 62, released: 31, consumed: 31 (MB)
scvg: 0 MB released
scvg: inuse: 18, idle: 43, sys: 62, released: 31, consumed: 31 (MB)
scvg: 0 MB released
scvg: inuse: 18, idle: 43, sys: 62, released: 31, consumed: 31 (MB)
scvg: 0 MB released
scvg: inuse: 18, idle: 43, sys: 62, released: 31, consumed: 31 (MB)
scvg: 0 MB released
scvg: inuse: 18, idle: 43, sys: 62, released: 31, consumed: 31 (MB)
scvg: 0 MB released
scvg: inuse: 18, idle: 43, sys: 62, released: 31, consumed: 31 (MB)
scvg: 0 MB released
scvg: inuse: 18, idle: 43, sys: 62, released: 31, consumed: 31 (MB)
scvg: 0 MB released
scvg: inuse: 18, idle: 43, sys: 62, released: 31, consumed: 31 (MB)
scvg: 0 MB released
scvg: inuse: 18, idle: 43, sys: 62, released: 31, consumed: 30 (MB)
scvg: 0 MB released
scvg: inuse: 18, idle: 43, sys: 62, released: 31, consumed: 30 (MB)
scvg: 0 MB released
scvg: inuse: 18, idle: 43, sys: 62, released: 31, consumed: 30 (MB)
scvg: 0 MB released
scvg: inuse: 18, idle: 43, sys: 62, released: 31, consumed: 30 (MB)
scvg: 0 MB released
scvg: inuse: 18, idle: 43, sys: 62, released: 31, consumed: 30 (MB)
scvg: 0 MB released
scvg: inuse: 18, idle: 43, sys: 62, released: 31, consumed: 30 (MB)
scvg: 0 MB released
scvg: inuse: 18, idle: 43, sys: 62, released: 31, consumed: 30 (MB)
scvg: 0 MB released
scvg: inuse: 18, idle: 43, sys: 62, released: 31, consumed: 30 (MB)
scvg: 0 MB released
scvg: inuse: 18, idle: 43, sys: 62, released: 31, consumed: 30 (MB)
scvg: 0 MB released
scvg: inuse: 18, idle: 43, sys: 62, released: 31, consumed: 30 (MB)
scvg: 0 MB released
scvg: inuse: 18, idle: 43, sys: 62, released: 31, consumed: 30 (MB)
scvg: 0 MB released
scvg: inuse: 18, idle: 43, sys: 62, released: 31, consumed: 30 (MB)
scvg: 0 MB released
scvg: inuse: 18, idle: 43, sys: 62, released: 31, consumed: 30 (MB)
scvg: 0 MB released
scvg: inuse: 18, idle: 43, sys: 62, released: 31, consumed: 30 (MB)
scvg: 0 MB released
scvg: inuse: 18, idle: 43, sys: 62, released: 31, consumed: 30 (MB)
scvg: 0 MB released
scvg: inuse: 18, idle: 43, sys: 62, released: 31, consumed: 30 (MB)
scvg: 0 MB released
scvg: inuse: 18, idle: 43, sys: 62, released: 31, consumed: 30 (MB)
scvg: 0 MB released
scvg: inuse: 18, idle: 43, sys: 62, released: 31, consumed: 30 (MB)
scvg: 0 MB released
scvg: inuse: 18, idle: 43, sys: 62, released: 31, consumed: 30 (MB)
scvg: 0 MB released
scvg: inuse: 18, idle: 43, sys: 62, released: 31, consumed: 30 (MB)
scvg: 0 MB released
scvg: inuse: 18, idle: 43, sys: 62, released: 31, consumed: 30 (MB)
scvg: 0 MB released
scvg: inuse: 18, idle: 43, sys: 62, released: 31, consumed: 30 (MB)
scvg: 0 MB released
scvg: inuse: 18, idle: 43, sys: 62, released: 31, consumed: 30 (MB)
scvg: 0 MB released
scvg: inuse: 18, idle: 43, sys: 62, released: 31, consumed: 30 (MB)
scvg: 0 MB released
scvg: inuse: 18, idle: 43, sys: 62, released: 31, consumed: 30 (MB)
scvg: 0 MB released
scvg: inuse: 18, idle: 43, sys: 62, released: 31, consumed: 30 (MB)
scvg: 0 MB released
scvg: inuse: 18, idle: 43, sys: 62, released: 31, consumed: 30 (MB)
scvg: 0 MB released
scvg: inuse: 18, idle: 43, sys: 62, released: 31, consumed: 30 (MB)
scvg: 0 MB released
scvg: inuse: 18, idle: 43, sys: 62, released: 31, consumed: 30 (MB)
scvg: 0 MB released
scvg: inuse: 18, idle: 43, sys: 62, released: 31, consumed: 30 (MB)
scvg: 0 MB released
scvg: inuse: 18, idle: 43, sys: 62, released: 31, consumed: 30 (MB)
scvg: 0 MB released
scvg: inuse: 18, idle: 43, sys: 62, released: 31, consumed: 30 (MB)
scvg: 0 MB released
scvg: inuse: 18, idle: 43, sys: 62, released: 31, consumed: 30 (MB)
scvg: 0 MB released
scvg: inuse: 18, idle: 43, sys: 62, released: 31, consumed: 30 (MB)
scvg: 0 MB released
scvg: inuse: 18, idle: 43, sys: 62, released: 31, consumed: 30 (MB)
scvg: 0 MB released
scvg: inuse: 18, idle: 43, sys: 62, released: 31, consumed: 30 (MB)
scvg: 0 MB released
scvg: inuse: 18, idle: 43, sys: 62, released: 31, consumed: 30 (MB)
scvg: 0 MB released
scvg: inuse: 18, idle: 43, sys: 62, released: 31, consumed: 30 (MB)
scvg: 0 MB released
scvg: inuse: 18, idle: 43, sys: 62, released: 31, consumed: 30 (MB)
scvg: 0 MB released
scvg: inuse: 18, idle: 43, sys: 62, released: 31, consumed: 30 (MB)
scvg: 0 MB released
scvg: inuse: 18, idle: 43, sys: 62, released: 31, consumed: 30 (MB)
scvg: 0 MB released
scvg: inuse: 18, idle: 43, sys: 62, released: 31, consumed: 30 (MB)
scvg: 0 MB released
scvg: inuse: 18, idle: 43, sys: 62, released: 31, consumed: 30 (MB)
scvg: 0 MB released
scvg: inuse: 18, idle: 43, sys: 62, released: 31, consumed: 30 (MB)
scvg: 0 MB released
scvg: inuse: 18, idle: 43, sys: 62, released: 31, consumed: 30 (MB)
scvg: 0 MB released
scvg: inuse: 18, idle: 43, sys: 62, released: 31, consumed: 30 (MB)
scvg: 0 MB released
scvg: inuse: 18, idle: 43, sys: 62, released: 31, consumed: 30 (MB)
scvg: 0 MB released
scvg: inuse: 18, idle: 43, sys: 62, released: 31, consumed: 30 (MB)
scvg: 0 MB released
scvg: inuse: 18, idle: 43, sys: 62, released: 31, consumed: 30 (MB)
scvg: 0 MB released
scvg: inuse: 18, idle: 43, sys: 62, released: 31, consumed: 30 (MB)
scvg: 0 MB released
scvg: inuse: 18, idle: 43, sys: 62, released: 31, consumed: 30 (MB)
scvg: 0 MB released
scvg: inuse: 18, idle: 43, sys: 62, released: 31, consumed: 30 (MB)
scvg: 0 MB released
scvg: inuse: 18, idle: 43, sys: 62, released: 31, consumed: 30 (MB)
scvg: 0 MB released
scvg: inuse: 18, idle: 43, sys: 62, released: 31, consumed: 30 (MB)
scvg: 0 MB released
scvg: inuse: 18, idle: 43, sys: 62, released: 31, consumed: 30 (MB)
scvg: 0 MB released
scvg: inuse: 18, idle: 43, sys: 62, released: 31, consumed: 30 (MB)
scvg: 0 MB released
scvg: inuse: 18, idle: 43, sys: 62, released: 31, consumed: 30 (MB)
scvg: 0 MB released
scvg: inuse: 18, idle: 43, sys: 62, released: 31, consumed: 30 (MB)
scvg: 0 MB released
scvg: inuse: 18, idle: 43, sys: 62, released: 31, consumed: 30 (MB)
scvg: 0 MB released
scvg: inuse: 18, idle: 43, sys: 62, released: 31, consumed: 30 (MB)
scvg: 0 MB released
scvg: inuse: 18, idle: 43, sys: 62, released: 31, consumed: 30 (MB)
scvg: 0 MB released
scvg: inuse: 18, idle: 43, sys: 62, released: 31, consumed: 30 (MB)
scvg: 0 MB released
scvg: inuse: 18, idle: 43, sys: 62, released: 31, consumed: 30 (MB)
scvg: 0 MB released
scvg: inuse: 18, idle: 43, sys: 62, released: 31, consumed: 30 (MB)
scvg: 0 MB released
scvg: inuse: 18, idle: 43, sys: 62, released: 31, consumed: 30 (MB)
scvg: 0 MB released
scvg: inuse: 18, idle: 43, sys: 62, released: 31, consumed: 30 (MB)
scvg: 0 MB released
scvg: inuse: 18, idle: 43, sys: 62, released: 31, consumed: 30 (MB)
scvg: 0 MB released
scvg: inuse: 18, idle: 43, sys: 62, released: 31, consumed: 30 (MB)
scvg: 0 MB released
scvg: inuse: 18, idle: 43, sys: 62, released: 31, consumed: 30 (MB)
scvg: 0 MB released
scvg: inuse: 18, idle: 43, sys: 62, released: 31, consumed: 30 (MB)
scvg: 0 MB released
scvg: inuse: 18, idle: 43, sys: 62, released: 31, consumed: 30 (MB)
scvg: 0 MB released
scvg: inuse: 18, idle: 43, sys: 62, released: 31, consumed: 30 (MB)
scvg: 0 MB released
scvg: inuse: 18, idle: 43, sys: 62, released: 31, consumed: 30 (MB)
scvg: 0 MB released
scvg: inuse: 18, idle: 43, sys: 62, released: 31, consumed: 30 (MB)
scvg: 0 MB released
scvg: inuse: 18, idle: 43, sys: 62, released: 31, consumed: 30 (MB)
scvg: 0 MB released
scvg: inuse: 18, idle: 43, sys: 62, released: 31, consumed: 30 (MB)
scvg: 0 MB released
scvg: inuse: 18, idle: 43, sys: 62, released: 31, consumed: 30 (MB)
scvg: 0 MB released
scvg: inuse: 18, idle: 43, sys: 62, released: 31, consumed: 30 (MB)
scvg: 0 MB released
scvg: inuse: 18, idle: 43, sys: 62, released: 31, consumed: 30 (MB)
scvg: 0 MB released
scvg: inuse: 18, idle: 43, sys: 62, released: 31, consumed: 30 (MB)
scvg: 0 MB released
scvg: inuse: 18, idle: 43, sys: 62, released: 31, consumed: 30 (MB)
scvg: 0 MB released
scvg: inuse: 18, idle: 43, sys: 62, released: 31, consumed: 30 (MB)
scvg: 0 MB released
scvg: inuse: 18, idle: 43, sys: 62, released: 31, consumed: 30 (MB)
scvg: 0 MB released
scvg: inuse: 18, idle: 43, sys: 62, released: 32, consumed: 30 (MB)
scvg: 0 MB released
scvg: inuse: 18, idle: 43, sys: 62, released: 32, consumed: 30 (MB)
scvg: 0 MB released
scvg: inuse: 18, idle: 43, sys: 62, released: 32, consumed: 30 (MB)
scvg: 0 MB released
scvg: inuse: 18, idle: 43, sys: 62, released: 32, consumed: 30 (MB)
scvg: 0 MB released
scvg: inuse: 18, idle: 43, sys: 62, released: 32, consumed: 30 (MB)
scvg: 0 MB released
scvg: inuse: 18, idle: 43, sys: 62, released: 32, consumed: 30 (MB)
scvg: 0 MB released
scvg: inuse: 18, idle: 43, sys: 62, released: 32, consumed: 30 (MB)
scvg: 0 MB released
scvg: inuse: 18, idle: 43, sys: 62, released: 32, consumed: 30 (MB)
scvg: 0 MB released
scvg: inuse: 18, idle: 43, sys: 62, released: 32, consumed: 30 (MB)
scvg: 0 MB released
scvg: inuse: 18, idle: 43, sys: 62, released: 32, consumed: 30 (MB)
scvg: 0 MB released
scvg: inuse: 18, idle: 43, sys: 62, released: 32, consumed: 30 (MB)
scvg: 0 MB released
scvg: inuse: 18, idle: 43, sys: 62, released: 32, consumed: 30 (MB)
scvg: 0 MB released
scvg: inuse: 18, idle: 43, sys: 62, released: 32, consumed: 30 (MB)
scvg: 0 MB released
scvg: inuse: 18, idle: 43, sys: 62, released: 32, consumed: 30 (MB)
scvg: 0 MB released
scvg: inuse: 18, idle: 43, sys: 62, released: 32, consumed: 30 (MB)
scvg: 0 MB released
scvg: inuse: 18, idle: 43, sys: 62, released: 32, consumed: 30 (MB)
scvg: 0 MB released
scvg: inuse: 18, idle: 43, sys: 62, released: 32, consumed: 30 (MB)
scvg: 0 MB released
scvg: inuse: 18, idle: 43, sys: 62, released: 32, consumed: 30 (MB)
scvg: 0 MB released
scvg: inuse: 18, idle: 43, sys: 62, released: 32, consumed: 30 (MB)
scvg: 0 MB released
scvg: inuse: 18, idle: 43, sys: 62, released: 32, consumed: 30 (MB)
scvg: 0 MB released
scvg: inuse: 18, idle: 43, sys: 62, released: 32, consumed: 30 (MB)
scvg: 0 MB released
scvg: inuse: 18, idle: 43, sys: 62, released: 32, consumed: 30 (MB)
scvg: 0 MB released
scvg: inuse: 18, idle: 43, sys: 62, released: 32, consumed: 30 (MB)
scvg: 0 MB released
scvg: inuse: 18, idle: 43, sys: 62, released: 32, consumed: 30 (MB)
scvg: 0 MB released
scvg: inuse: 18, idle: 43, sys: 62, released: 32, consumed: 30 (MB)
scvg: 0 MB released
scvg: inuse: 18, idle: 43, sys: 62, released: 32, consumed: 30 (MB)
scvg: 0 MB released
scvg: inuse: 18, idle: 43, sys: 62, released: 32, consumed: 30 (MB)
scvg: 0 MB released
scvg: inuse: 18, idle: 43, sys: 62, released: 32, consumed: 30 (MB)
scvg: 0 MB released
scvg: inuse: 18, idle: 43, sys: 62, released: 32, consumed: 30 (MB)
scvg: 0 MB released
scvg: inuse: 18, idle: 43, sys: 62, released: 32, consumed: 30 (MB)
scvg: 0 MB released
scvg: inuse: 18, idle: 43, sys: 62, released: 32, consumed: 30 (MB)
scvg: 0 MB released
scvg: inuse: 18, idle: 43, sys: 62, released: 32, consumed: 30 (MB)
scvg: 0 MB released
scvg: inuse: 18, idle: 43, sys: 62, released: 32, consumed: 30 (MB)
scvg: 0 MB released
scvg: inuse: 18, idle: 43, sys: 62, released: 32, consumed: 30 (MB)
scvg: 0 MB released
scvg: inuse: 18, idle: 43, sys: 62, released: 32, consumed: 30 (MB)
scvg: 0 MB released
scvg: inuse: 18, idle: 43, sys: 62, released: 32, consumed: 30 (MB)
scvg: 0 MB released
scvg: inuse: 18, idle: 43, sys: 62, released: 32, consumed: 30 (MB)
scvg: 0 MB released
scvg: inuse: 18, idle: 43, sys: 62, released: 32, consumed: 30 (MB)
scvg: 0 MB released
scvg: inuse: 18, idle: 43, sys: 62, released: 32, consumed: 30 (MB)
scvg: 0 MB released
scvg: inuse: 18, idle: 43, sys: 62, released: 32, consumed: 30 (MB)
scvg: 0 MB released
scvg: inuse: 18, idle: 43, sys: 62, released: 32, consumed: 30 (MB)
scvg: 0 MB released
scvg: inuse: 18, idle: 43, sys: 62, released: 32, consumed: 30 (MB)
scvg: 0 MB released
scvg: inuse: 18, idle: 43, sys: 62, released: 32, consumed: 30 (MB)
scvg: 0 MB released
scvg: inuse: 18, idle: 43, sys: 62, released: 32, consumed: 30 (MB)
scvg: 0 MB released
scvg: inuse: 18, idle: 43, sys: 62, released: 32, consumed: 30 (MB)
scvg: 0 MB released
scvg: inuse: 18, idle: 43, sys: 62, released: 32, consumed: 29 (MB)
scvg: 0 MB released
scvg: inuse: 18, idle: 43, sys: 62, released: 32, consumed: 29 (MB)
scvg: 0 MB released
scvg: inuse: 18, idle: 43, sys: 62, released: 32, consumed: 29 (MB)
scvg: 0 MB released
scvg: inuse: 18, idle: 43, sys: 62, released: 32, consumed: 29 (MB)
scvg: 0 MB released
scvg: inuse: 18, idle: 43, sys: 62, released: 32, consumed: 29 (MB)
scvg: 0 MB released
scvg: inuse: 18, idle: 43, sys: 62, released: 32, consumed: 29 (MB)
scvg: 0 MB released
scvg: inuse: 18, idle: 43, sys: 62, released: 32, consumed: 29 (MB)
scvg: 0 MB released
scvg: inuse: 18, idle: 43, sys: 62, released: 32, consumed: 29 (MB)
scvg: 0 MB released
scvg: inuse: 18, idle: 43, sys: 62, released: 32, consumed: 29 (MB)
scvg: 0 MB released
scvg: inuse: 18, idle: 43, sys: 62, released: 32, consumed: 29 (MB)
scvg: 0 MB released
scvg: inuse: 18, idle: 43, sys: 62, released: 32, consumed: 29 (MB)
scvg: 0 MB released
scvg: inuse: 18, idle: 43, sys: 62, released: 32, consumed: 29 (MB)
scvg: 0 MB released
scvg: inuse: 18, idle: 43, sys: 62, released: 32, consumed: 29 (MB)
scvg: 0 MB released
scvg: inuse: 18, idle: 43, sys: 62, released: 32, consumed: 29 (MB)
scvg: 0 MB released
scvg: inuse: 18, idle: 43, sys: 62, released: 32, consumed: 29 (MB)
scvg: 0 MB released
scvg: inuse: 18, idle: 43, sys: 62, released: 32, consumed: 29 (MB)
scvg: 0 MB released
scvg: inuse: 18, idle: 43, sys: 62, released: 32, consumed: 29 (MB)
scvg: 0 MB released
scvg: inuse: 18, idle: 43, sys: 62, released: 32, consumed: 29 (MB)
scvg: 0 MB released
scvg: inuse: 18, idle: 43, sys: 62, released: 32, consumed: 29 (MB)
scvg: 0 MB released
scvg: inuse: 18, idle: 43, sys: 62, released: 32, consumed: 29 (MB)
scvg: 0 MB released
scvg: inuse: 18, idle: 43, sys: 62, released: 32, consumed: 29 (MB)
scvg: 0 MB released
scvg: inuse: 18, idle: 43, sys: 62, released: 32, consumed: 29 (MB)
scvg: 0 MB released
scvg: inuse: 18, idle: 43, sys: 62, released: 32, consumed: 29 (MB)
scvg: 0 MB released
scvg: inuse: 18, idle: 43, sys: 62, released: 32, consumed: 29 (MB)
scvg: 0 MB released
scvg: inuse: 18, idle: 43, sys: 62, released: 32, consumed: 29 (MB)
scvg: 0 MB released
scvg: inuse: 18, idle: 43, sys: 62, released: 32, consumed: 29 (MB)
scvg: 0 MB released
scvg: inuse: 18, idle: 43, sys: 62, released: 32, consumed: 29 (MB)
scvg: 0 MB released
scvg: inuse: 18, idle: 43, sys: 62, released: 32, consumed: 29 (MB)
scvg: 0 MB released
scvg: inuse: 18, idle: 43, sys: 62, released: 32, consumed: 29 (MB)
scvg: 0 MB released
scvg: inuse: 18, idle: 43, sys: 62, released: 32, consumed: 29 (MB)
scvg: 0 MB released
scvg: inuse: 18, idle: 43, sys: 62, released: 32, consumed: 29 (MB)
scvg: 0 MB released
scvg: inuse: 18, idle: 43, sys: 62, released: 32, consumed: 29 (MB)
scvg: 0 MB released
scvg: inuse: 18, idle: 43, sys: 62, released: 32, consumed: 29 (MB)
scvg: 0 MB released
scvg: inuse: 18, idle: 43, sys: 62, released: 32, consumed: 29 (MB)
scvg: 0 MB released
scvg: inuse: 18, idle: 43, sys: 62, released: 32, consumed: 29 (MB)
scvg: 0 MB released
scvg: inuse: 18, idle: 43, sys: 62, released: 32, consumed: 29 (MB)
scvg: 0 MB released
scvg: inuse: 18, idle: 43, sys: 62, released: 32, consumed: 29 (MB)
scvg: 0 MB released
scvg: inuse: 18, idle: 43, sys: 62, released: 32, consumed: 29 (MB)
scvg: 0 MB released
scvg: inuse: 18, idle: 43, sys: 62, released: 32, consumed: 29 (MB)
scvg: 0 MB released
scvg: inuse: 18, idle: 43, sys: 62, released: 32, consumed: 29 (MB)
scvg: 0 MB released
scvg: inuse: 18, idle: 43, sys: 62, released: 32, consumed: 29 (MB)
scvg: 0 MB released
scvg: inuse: 18, idle: 43, sys: 62, released: 32, consumed: 29 (MB)
scvg: 0 MB released
scvg: inuse: 18, idle: 43, sys: 62, released: 32, consumed: 29 (MB)
scvg: 0 MB released
scvg: inuse: 18, idle: 43, sys: 62, released: 32, consumed: 29 (MB)
scvg: 0 MB released
scvg: inuse: 18, idle: 43, sys: 62, released: 32, consumed: 29 (MB)
scvg: 0 MB released
scvg: inuse: 18, idle: 43, sys: 62, released: 32, consumed: 29 (MB)
scvg: 0 MB released
scvg: inuse: 18, idle: 43, sys: 62, released: 32, consumed: 29 (MB)
scvg: 0 MB released
scvg: inuse: 18, idle: 43, sys: 62, released: 32, consumed: 29 (MB)
scvg: 0 MB released
scvg: inuse: 18, idle: 43, sys: 62, released: 32, consumed: 29 (MB)
scvg: 0 MB released
scvg: inuse: 18, idle: 43, sys: 62, released: 32, consumed: 29 (MB)
scvg: 0 MB released
scvg: inuse: 18, idle: 43, sys: 62, released: 32, consumed: 29 (MB)
scvg: 0 MB released
scvg: inuse: 18, idle: 43, sys: 62, released: 32, consumed: 29 (MB)
scvg: 0 MB released
scvg: inuse: 18, idle: 43, sys: 62, released: 32, consumed: 29 (MB)
scvg: 0 MB released
scvg: inuse: 18, idle: 43, sys: 62, released: 32, consumed: 29 (MB)
scvg: 0 MB released
scvg: inuse: 18, idle: 43, sys: 62, released: 32, consumed: 29 (MB)
scvg: 0 MB released
scvg: inuse: 18, idle: 43, sys: 62, released: 32, consumed: 29 (MB)
scvg: 0 MB released
scvg: inuse: 18, idle: 43, sys: 62, released: 32, consumed: 29 (MB)
scvg: 0 MB released
scvg: inuse: 18, idle: 43, sys: 62, released: 32, consumed: 29 (MB)
scvg: 0 MB released
scvg: inuse: 18, idle: 43, sys: 62, released: 32, consumed: 29 (MB)
scvg: 0 MB released
scvg: inuse: 18, idle: 43, sys: 62, released: 32, consumed: 29 (MB)
scvg: 0 MB released
scvg: inuse: 18, idle: 43, sys: 62, released: 32, consumed: 29 (MB)
scvg: 0 MB released
scvg: inuse: 18, idle: 43, sys: 62, released: 32, consumed: 29 (MB)
scvg: 0 MB released
scvg: inuse: 18, idle: 43, sys: 62, released: 32, consumed: 29 (MB)
scvg: 0 MB released
scvg: inuse: 18, idle: 43, sys: 62, released: 32, consumed: 29 (MB)
scvg: 0 MB released
scvg: inuse: 18, idle: 43, sys: 62, released: 32, consumed: 29 (MB)
scvg: 0 MB released
scvg: inuse: 18, idle: 43, sys: 62, released: 32, consumed: 29 (MB)
scvg: 0 MB released
scvg: inuse: 18, idle: 43, sys: 62, released: 32, consumed: 29 (MB)
scvg: 0 MB released
scvg: inuse: 18, idle: 43, sys: 62, released: 32, consumed: 29 (MB)
scvg: 0 MB released
scvg: inuse: 18, idle: 43, sys: 62, released: 32, consumed: 29 (MB)
scvg: 0 MB released
scvg: inuse: 18, idle: 43, sys: 62, released: 32, consumed: 29 (MB)
scvg: 0 MB released
scvg: inuse: 18, idle: 43, sys: 62, released: 32, consumed: 29 (MB)
scvg: 0 MB released
scvg: inuse: 18, idle: 43, sys: 62, released: 32, consumed: 29 (MB)
scvg: 0 MB released
scvg: inuse: 18, idle: 43, sys: 62, released: 32, consumed: 29 (MB)
scvg: 0 MB released
scvg: inuse: 18, idle: 43, sys: 62, released: 32, consumed: 29 (MB)
scvg: 0 MB released
scvg: inuse: 18, idle: 43, sys: 62, released: 32, consumed: 29 (MB)
scvg: 0 MB released
scvg: inuse: 18, idle: 43, sys: 62, released: 32, consumed: 29 (MB)
scvg: 0 MB released
scvg: inuse: 18, idle: 43, sys: 62, released: 32, consumed: 29 (MB)
scvg: 0 MB released
scvg: inuse: 18, idle: 43, sys: 62, released: 32, consumed: 29 (MB)
scvg: 0 MB released
scvg: inuse: 18, idle: 43, sys: 62, released: 32, consumed: 29 (MB)
scvg: 0 MB released
scvg: inuse: 18, idle: 43, sys: 62, released: 32, consumed: 29 (MB)
scvg: 0 MB released
scvg: inuse: 18, idle: 43, sys: 62, released: 32, consumed: 29 (MB)
scvg: 0 MB released
scvg: inuse: 18, idle: 43, sys: 62, released: 32, consumed: 29 (MB)
scvg: 0 MB released
scvg: inuse: 18, idle: 43, sys: 62, released: 32, consumed: 29 (MB)
scvg: 0 MB released
scvg: inuse: 18, idle: 43, sys: 62, released: 33, consumed: 29 (MB)
scvg: 0 MB released
scvg: inuse: 18, idle: 43, sys: 62, released: 33, consumed: 29 (MB)
scvg: 0 MB released
scvg: inuse: 18, idle: 43, sys: 62, released: 33, consumed: 29 (MB)
scvg: 0 MB released
scvg: inuse: 18, idle: 43, sys: 62, released: 33, consumed: 29 (MB)
scvg: 0 MB released
scvg: inuse: 18, idle: 43, sys: 62, released: 33, consumed: 29 (MB)
scvg: 0 MB released
scvg: inuse: 18, idle: 43, sys: 62, released: 33, consumed: 29 (MB)
scvg: 0 MB released
scvg: inuse: 18, idle: 43, sys: 62, released: 33, consumed: 29 (MB)
scvg: 0 MB released
scvg: inuse: 18, idle: 43, sys: 62, released: 33, consumed: 29 (MB)
scvg: 0 MB released
scvg: inuse: 18, idle: 43, sys: 62, released: 33, consumed: 29 (MB)
scvg: 0 MB released
scvg: inuse: 18, idle: 43, sys: 62, released: 33, consumed: 29 (MB)
scvg: 0 MB released
scvg: inuse: 18, idle: 43, sys: 62, released: 33, consumed: 29 (MB)
scvg: 0 MB released
scvg: inuse: 18, idle: 43, sys: 62, released: 33, consumed: 29 (MB)
scvg: 0 MB released
scvg: inuse: 18, idle: 43, sys: 62, released: 33, consumed: 29 (MB)
scvg: 0 MB released
scvg: inuse: 18, idle: 43, sys: 62, released: 33, consumed: 29 (MB)
scvg: 0 MB released
scvg: inuse: 18, idle: 43, sys: 62, released: 33, consumed: 29 (MB)
scvg: 0 MB released
scvg: inuse: 18, idle: 43, sys: 62, released: 33, consumed: 29 (MB)
scvg: 0 MB released
scvg: inuse: 18, idle: 43, sys: 62, released: 33, consumed: 29 (MB)
scvg: 0 MB released
scvg: inuse: 18, idle: 43, sys: 62, released: 33, consumed: 29 (MB)
scvg: 0 MB released
scvg: inuse: 18, idle: 43, sys: 62, released: 33, consumed: 29 (MB)
scvg: 0 MB released
scvg: inuse: 18, idle: 43, sys: 62, released: 33, consumed: 29 (MB)
scvg: 0 MB released
scvg: inuse: 18, idle: 43, sys: 62, released: 33, consumed: 29 (MB)
scvg: 0 MB released
scvg: inuse: 18, idle: 43, sys: 62, released: 33, consumed: 29 (MB)
scvg: 0 MB released
scvg: inuse: 18, idle: 43, sys: 62, released: 33, consumed: 29 (MB)
scvg: 0 MB released
scvg: inuse: 18, idle: 43, sys: 62, released: 33, consumed: 29 (MB)
scvg: 0 MB released
scvg: inuse: 18, idle: 43, sys: 62, released: 33, consumed: 29 (MB)
scvg: 0 MB released
scvg: inuse: 18, idle: 43, sys: 62, released: 33, consumed: 29 (MB)
scvg: 0 MB released
scvg: inuse: 18, idle: 43, sys: 62, released: 33, consumed: 29 (MB)
scvg: 0 MB released
scvg: inuse: 18, idle: 43, sys: 62, released: 33, consumed: 29 (MB)
scvg: 0 MB released
scvg: inuse: 18, idle: 43, sys: 62, released: 33, consumed: 29 (MB)
scvg: 0 MB released
scvg: inuse: 18, idle: 43, sys: 62, released: 33, consumed: 29 (MB)
scvg: 0 MB released
scvg: inuse: 18, idle: 43, sys: 62, released: 33, consumed: 29 (MB)
scvg: 0 MB released
scvg: inuse: 18, idle: 43, sys: 62, released: 33, consumed: 29 (MB)
scvg: 0 MB released
scvg: inuse: 18, idle: 43, sys: 62, released: 33, consumed: 29 (MB)
scvg: 0 MB released
scvg: inuse: 18, idle: 43, sys: 62, released: 33, consumed: 29 (MB)
scvg: 0 MB released
scvg: inuse: 18, idle: 43, sys: 62, released: 33, consumed: 29 (MB)
scvg: 0 MB released
scvg: inuse: 18, idle: 43, sys: 62, released: 33, consumed: 29 (MB)
scvg: 0 MB released
scvg: inuse: 18, idle: 43, sys: 62, released: 33, consumed: 29 (MB)
scvg: 0 MB released
scvg: inuse: 18, idle: 43, sys: 62, released: 33, consumed: 29 (MB)
scvg: 0 MB released
scvg: inuse: 18, idle: 43, sys: 62, released: 33, consumed: 29 (MB)
scvg: 0 MB released
scvg: inuse: 18, idle: 43, sys: 62, released: 33, consumed: 29 (MB)
scvg: 0 MB released
scvg: inuse: 18, idle: 43, sys: 62, released: 33, consumed: 29 (MB)
scvg: 0 MB released
scvg: inuse: 18, idle: 43, sys: 62, released: 33, consumed: 29 (MB)
scvg: 0 MB released
scvg: inuse: 18, idle: 43, sys: 62, released: 33, consumed: 29 (MB)
scvg: 0 MB released
scvg: inuse: 18, idle: 43, sys: 62, released: 33, consumed: 29 (MB)
scvg: 0 MB released
scvg: inuse: 18, idle: 43, sys: 62, released: 33, consumed: 29 (MB)
scvg: 0 MB released
scvg: inuse: 18, idle: 43, sys: 62, released: 33, consumed: 28 (MB)
scvg: 0 MB released
scvg: inuse: 18, idle: 43, sys: 62, released: 33, consumed: 28 (MB)
scvg: 0 MB released
scvg: inuse: 18, idle: 43, sys: 62, released: 33, consumed: 28 (MB)
scvg: 0 MB released
scvg: inuse: 18, idle: 43, sys: 62, released: 33, consumed: 28 (MB)
scvg: 0 MB released
scvg: inuse: 18, idle: 43, sys: 62, released: 33, consumed: 28 (MB)
scvg: 0 MB released
scvg: inuse: 18, idle: 43, sys: 62, released: 33, consumed: 28 (MB)
scvg: 0 MB released
scvg: inuse: 18, idle: 43, sys: 62, released: 33, consumed: 28 (MB)
scvg: 0 MB released
scvg: inuse: 18, idle: 43, sys: 62, released: 33, consumed: 28 (MB)
scvg: 0 MB released
scvg: inuse: 18, idle: 43, sys: 62, released: 33, consumed: 28 (MB)
scvg: 0 MB released
scvg: inuse: 18, idle: 43, sys: 62, released: 33, consumed: 28 (MB)
scvg: 0 MB released
scvg: inuse: 18, idle: 43, sys: 62, released: 33, consumed: 28 (MB)
scvg: 0 MB released
scvg: inuse: 18, idle: 43, sys: 62, released: 33, consumed: 28 (MB)
scvg: 0 MB released
scvg: inuse: 18, idle: 43, sys: 62, released: 33, consumed: 28 (MB)
scvg: 0 MB released
scvg: inuse: 18, idle: 43, sys: 62, released: 33, consumed: 28 (MB)
scvg: 0 MB released
scvg: inuse: 18, idle: 43, sys: 62, released: 33, consumed: 28 (MB)
scvg: 0 MB released
scvg: inuse: 18, idle: 43, sys: 62, released: 33, consumed: 28 (MB)
scvg: 0 MB released
scvg: inuse: 18, idle: 43, sys: 62, released: 33, consumed: 28 (MB)
scvg: 0 MB released
scvg: inuse: 18, idle: 43, sys: 62, released: 33, consumed: 28 (MB)
scvg: 0 MB released
scvg: inuse: 18, idle: 43, sys: 62, released: 33, consumed: 28 (MB)
scvg: 0 MB released
scvg: inuse: 18, idle: 43, sys: 62, released: 33, consumed: 28 (MB)
scvg: 0 MB released
scvg: inuse: 18, idle: 43, sys: 62, released: 33, consumed: 28 (MB)
scvg: 0 MB released
scvg: inuse: 18, idle: 43, sys: 62, released: 33, consumed: 28 (MB)
scvg: 0 MB released
scvg: inuse: 18, idle: 43, sys: 62, released: 33, consumed: 28 (MB)
scvg: 0 MB released
scvg: inuse: 18, idle: 43, sys: 62, released: 33, consumed: 28 (MB)
scvg: 0 MB released
scvg: inuse: 18, idle: 43, sys: 62, released: 33, consumed: 28 (MB)
scvg: 0 MB released
scvg: inuse: 18, idle: 43, sys: 62, released: 33, consumed: 28 (MB)
scvg: 0 MB released
scvg: inuse: 18, idle: 43, sys: 62, released: 33, consumed: 28 (MB)
scvg: 0 MB released
scvg: inuse: 18, idle: 43, sys: 62, released: 33, consumed: 28 (MB)
scvg: 0 MB released
scvg: inuse: 18, idle: 43, sys: 62, released: 33, consumed: 28 (MB)
scvg: 0 MB released
scvg: inuse: 18, idle: 43, sys: 62, released: 33, consumed: 28 (MB)
scvg: 0 MB released
scvg: inuse: 18, idle: 43, sys: 62, released: 33, consumed: 28 (MB)
scvg: 0 MB released
scvg: inuse: 18, idle: 43, sys: 62, released: 33, consumed: 28 (MB)
scvg: 0 MB released
scvg: inuse: 18, idle: 43, sys: 62, released: 33, consumed: 28 (MB)
scvg: 0 MB released
scvg: inuse: 18, idle: 43, sys: 62, released: 33, consumed: 28 (MB)
scvg: 0 MB released
scvg: inuse: 18, idle: 43, sys: 62, released: 33, consumed: 28 (MB)
scvg: 0 MB released
scvg: inuse: 18, idle: 43, sys: 62, released: 33, consumed: 28 (MB)
scvg: 0 MB released
scvg: inuse: 18, idle: 43, sys: 62, released: 33, consumed: 28 (MB)
scvg: 0 MB released
scvg: inuse: 18, idle: 43, sys: 62, released: 33, consumed: 28 (MB)
scvg: 0 MB released
scvg: inuse: 18, idle: 43, sys: 62, released: 33, consumed: 28 (MB)
scvg: 0 MB released
scvg: inuse: 18, idle: 43, sys: 62, released: 33, consumed: 28 (MB)
scvg: 0 MB released
scvg: inuse: 18, idle: 43, sys: 62, released: 33, consumed: 28 (MB)
scvg: 0 MB released
scvg: inuse: 18, idle: 43, sys: 62, released: 33, consumed: 28 (MB)
scvg: 0 MB released
scvg: inuse: 18, idle: 43, sys: 62, released: 33, consumed: 28 (MB)
scvg: 0 MB released
scvg: inuse: 18, idle: 43, sys: 62, released: 33, consumed: 28 (MB)
scvg: 0 MB released
scvg: inuse: 18, idle: 43, sys: 62, released: 33, consumed: 28 (MB)
scvg: 0 MB released
scvg: inuse: 18, idle: 43, sys: 62, released: 33, consumed: 28 (MB)
scvg: 0 MB released
scvg: inuse: 18, idle: 43, sys: 62, released: 33, consumed: 28 (MB)
scvg: 0 MB released
scvg: inuse: 18, idle: 43, sys: 62, released: 33, consumed: 28 (MB)
scvg: 0 MB released
scvg: inuse: 18, idle: 43, sys: 62, released: 33, consumed: 28 (MB)
scvg: 0 MB released
scvg: inuse: 18, idle: 43, sys: 62, released: 33, consumed: 28 (MB)
scvg: 0 MB released
scvg: inuse: 18, idle: 43, sys: 62, released: 33, consumed: 28 (MB)
scvg: 0 MB released
scvg: inuse: 18, idle: 43, sys: 62, released: 33, consumed: 28 (MB)
scvg: 0 MB released
scvg: inuse: 18, idle: 43, sys: 62, released: 33, consumed: 28 (MB)
scvg: 0 MB released
scvg: inuse: 18, idle: 43, sys: 62, released: 33, consumed: 28 (MB)
scvg: 0 MB released
scvg: inuse: 18, idle: 43, sys: 62, released: 33, consumed: 28 (MB)
scvg: 0 MB released
scvg: inuse: 18, idle: 43, sys: 62, released: 33, consumed: 28 (MB)
scvg: 0 MB released
scvg: inuse: 18, idle: 43, sys: 62, released: 33, consumed: 28 (MB)
scvg: 0 MB released
scvg: inuse: 18, idle: 43, sys: 62, released: 33, consumed: 28 (MB)
scvg: 0 MB released
scvg: inuse: 18, idle: 43, sys: 62, released: 33, consumed: 28 (MB)
scvg: 0 MB released
scvg: inuse: 18, idle: 43, sys: 62, released: 33, consumed: 28 (MB)
scvg: 0 MB released
scvg: inuse: 18, idle: 43, sys: 62, released: 33, consumed: 28 (MB)
scvg: 0 MB released
scvg: inuse: 18, idle: 43, sys: 62, released: 33, consumed: 28 (MB)
scvg: 0 MB released
scvg: inuse: 18, idle: 43, sys: 62, released: 33, consumed: 28 (MB)
scvg: 0 MB released
scvg: inuse: 18, idle: 43, sys: 62, released: 33, consumed: 28 (MB)
scvg: 0 MB released
scvg: inuse: 18, idle: 43, sys: 62, released: 33, consumed: 28 (MB)
scvg: 0 MB released
scvg: inuse: 18, idle: 43, sys: 62, released: 33, consumed: 28 (MB)
scvg: 0 MB released
scvg: inuse: 18, idle: 43, sys: 62, released: 33, consumed: 28 (MB)
scvg: 0 MB released
scvg: inuse: 18, idle: 43, sys: 62, released: 33, consumed: 28 (MB)
scvg: 0 MB released
scvg: inuse: 18, idle: 43, sys: 62, released: 33, consumed: 28 (MB)
scvg: 0 MB released
scvg: inuse: 18, idle: 43, sys: 62, released: 33, consumed: 28 (MB)
scvg: 0 MB released
scvg: inuse: 18, idle: 43, sys: 62, released: 33, consumed: 28 (MB)
scvg: 0 MB released
scvg: inuse: 18, idle: 43, sys: 62, released: 33, consumed: 28 (MB)
scvg: 0 MB released
scvg: inuse: 18, idle: 43, sys: 62, released: 33, consumed: 28 (MB)
scvg: 0 MB released
scvg: inuse: 18, idle: 43, sys: 62, released: 33, consumed: 28 (MB)
scvg: 0 MB released
scvg: inuse: 18, idle: 43, sys: 62, released: 33, consumed: 28 (MB)
scvg: 0 MB released
scvg: inuse: 18, idle: 43, sys: 62, released: 33, consumed: 28 (MB)
scvg: 0 MB released
scvg: inuse: 18, idle: 43, sys: 62, released: 33, consumed: 28 (MB)
scvg: 0 MB released
scvg: inuse: 18, idle: 43, sys: 62, released: 33, consumed: 28 (MB)
scvg: 0 MB released
scvg: inuse: 18, idle: 43, sys: 62, released: 33, consumed: 28 (MB)
scvg: 0 MB released
scvg: inuse: 18, idle: 43, sys: 62, released: 33, consumed: 28 (MB)
scvg: 0 MB released
scvg: inuse: 18, idle: 43, sys: 62, released: 33, consumed: 28 (MB)
scvg: 0 MB released
scvg: inuse: 18, idle: 43, sys: 62, released: 33, consumed: 28 (MB)
scvg: 0 MB released
scvg: inuse: 18, idle: 43, sys: 62, released: 33, consumed: 28 (MB)
scvg: 0 MB released
scvg: inuse: 18, idle: 43, sys: 62, released: 34, consumed: 28 (MB)
scvg: 0 MB released
scvg: inuse: 18, idle: 43, sys: 62, released: 34, consumed: 28 (MB)
scvg: 0 MB released
scvg: inuse: 18, idle: 43, sys: 62, released: 34, consumed: 28 (MB)
scvg: 0 MB released
scvg: inuse: 18, idle: 43, sys: 62, released: 34, consumed: 28 (MB)
scvg: 0 MB released
scvg: inuse: 18, idle: 43, sys: 62, released: 34, consumed: 28 (MB)
scvg: 0 MB released
scvg: inuse: 18, idle: 43, sys: 62, released: 34, consumed: 28 (MB)
scvg: 0 MB released
scvg: inuse: 18, idle: 43, sys: 62, released: 34, consumed: 28 (MB)
scvg: 0 MB released
scvg: inuse: 18, idle: 43, sys: 62, released: 34, consumed: 28 (MB)
scvg: 0 MB released
scvg: inuse: 18, idle: 43, sys: 62, released: 34, consumed: 28 (MB)
scvg: 0 MB released
scvg: inuse: 18, idle: 43, sys: 62, released: 34, consumed: 28 (MB)
scvg: 0 MB released
scvg: inuse: 18, idle: 43, sys: 62, released: 34, consumed: 28 (MB)
scvg: 0 MB released
scvg: inuse: 18, idle: 43, sys: 62, released: 34, consumed: 28 (MB)
scvg: 0 MB released
scvg: inuse: 18, idle: 43, sys: 62, released: 34, consumed: 28 (MB)
scvg: 0 MB released
scvg: inuse: 18, idle: 43, sys: 62, released: 34, consumed: 28 (MB)
scvg: 0 MB released
scvg: inuse: 18, idle: 43, sys: 62, released: 34, consumed: 28 (MB)
scvg: 0 MB released
scvg: inuse: 18, idle: 43, sys: 62, released: 34, consumed: 28 (MB)
scvg: 0 MB released
scvg: inuse: 18, idle: 43, sys: 62, released: 34, consumed: 28 (MB)
scvg: 0 MB released
scvg: inuse: 18, idle: 43, sys: 62, released: 34, consumed: 28 (MB)
scvg: 0 MB released
scvg: inuse: 18, idle: 43, sys: 62, released: 34, consumed: 28 (MB)
scvg: 0 MB released
scvg: inuse: 18, idle: 43, sys: 62, released: 34, consumed: 28 (MB)
scvg: 0 MB released
scvg: inuse: 18, idle: 43, sys: 62, released: 34, consumed: 28 (MB)
scvg: 0 MB released
scvg: inuse: 18, idle: 43, sys: 62, released: 34, consumed: 28 (MB)
scvg: 0 MB released
scvg: inuse: 18, idle: 43, sys: 62, released: 34, consumed: 28 (MB)
scvg: 0 MB released
scvg: inuse: 18, idle: 43, sys: 62, released: 34, consumed: 28 (MB)
scvg: 0 MB released
scvg: inuse: 18, idle: 43, sys: 62, released: 34, consumed: 28 (MB)
scvg: 0 MB released
scvg: inuse: 18, idle: 43, sys: 62, released: 34, consumed: 28 (MB)
scvg: 0 MB released
scvg: inuse: 18, idle: 43, sys: 62, released: 34, consumed: 28 (MB)
scvg: 0 MB released
scvg: inuse: 18, idle: 43, sys: 62, released: 34, consumed: 28 (MB)
scvg: 0 MB released
scvg: inuse: 18, idle: 43, sys: 62, released: 34, consumed: 28 (MB)
scvg: 0 MB released
scvg: inuse: 18, idle: 43, sys: 62, released: 34, consumed: 28 (MB)
scvg: 0 MB released
scvg: inuse: 18, idle: 43, sys: 62, released: 34, consumed: 28 (MB)
scvg: 0 MB released
scvg: inuse: 18, idle: 43, sys: 62, released: 34, consumed: 28 (MB)
scvg: 0 MB released
scvg: inuse: 18, idle: 43, sys: 62, released: 34, consumed: 28 (MB)
scvg: 0 MB released
scvg: inuse: 18, idle: 43, sys: 62, released: 34, consumed: 28 (MB)
scvg: 0 MB released
scvg: inuse: 18, idle: 43, sys: 62, released: 34, consumed: 28 (MB)
scvg: 0 MB released
scvg: inuse: 18, idle: 43, sys: 62, released: 34, consumed: 28 (MB)
scvg: 0 MB released
scvg: inuse: 18, idle: 43, sys: 62, released: 34, consumed: 28 (MB)
scvg: 0 MB released
scvg: inuse: 18, idle: 43, sys: 62, released: 34, consumed: 28 (MB)
scvg: 0 MB released
scvg: inuse: 18, idle: 43, sys: 62, released: 34, consumed: 28 (MB)
scvg: 0 MB released
scvg: inuse: 18, idle: 43, sys: 62, released: 34, consumed: 28 (MB)
scvg: 0 MB released
scvg: inuse: 18, idle: 43, sys: 62, released: 34, consumed: 28 (MB)
scvg: 0 MB released
scvg: inuse: 18, idle: 43, sys: 62, released: 34, consumed: 28 (MB)
scvg: 0 MB released
scvg: inuse: 18, idle: 43, sys: 62, released: 34, consumed: 28 (MB)
scvg: 0 MB released
scvg: inuse: 18, idle: 43, sys: 62, released: 34, consumed: 28 (MB)
scvg: 0 MB released
scvg: inuse: 18, idle: 43, sys: 62, released: 34, consumed: 28 (MB)
scvg: 0 MB released
scvg: inuse: 18, idle: 43, sys: 62, released: 34, consumed: 27 (MB)
scvg: 0 MB released
scvg: inuse: 18, idle: 43, sys: 62, released: 34, consumed: 27 (MB)
scvg: 0 MB released
scvg: inuse: 18, idle: 43, sys: 62, released: 34, consumed: 27 (MB)
scvg: 0 MB released
scvg: inuse: 18, idle: 43, sys: 62, released: 34, consumed: 27 (MB)
scvg: 0 MB released
scvg: inuse: 18, idle: 43, sys: 62, released: 34, consumed: 27 (MB)
scvg: 0 MB released
scvg: inuse: 18, idle: 43, sys: 62, released: 34, consumed: 27 (MB)
scvg: 0 MB released
scvg: inuse: 18, idle: 43, sys: 62, released: 34, consumed: 27 (MB)
scvg: 0 MB released
scvg: inuse: 18, idle: 43, sys: 62, released: 34, consumed: 27 (MB)
scvg: 0 MB released
scvg: inuse: 18, idle: 43, sys: 62, released: 34, consumed: 27 (MB)
scvg: 0 MB released
scvg: inuse: 18, idle: 43, sys: 62, released: 34, consumed: 27 (MB)
scvg: 0 MB released
scvg: inuse: 18, idle: 43, sys: 62, released: 34, consumed: 27 (MB)
scvg: 0 MB released
scvg: inuse: 18, idle: 43, sys: 62, released: 34, consumed: 27 (MB)
scvg: 0 MB released
scvg: inuse: 18, idle: 43, sys: 62, released: 34, consumed: 27 (MB)
scvg: 0 MB released
scvg: inuse: 18, idle: 43, sys: 62, released: 34, consumed: 27 (MB)
scvg: 0 MB released
scvg: inuse: 18, idle: 43, sys: 62, released: 34, consumed: 27 (MB)
scvg: 0 MB released
scvg: inuse: 18, idle: 43, sys: 62, released: 34, consumed: 27 (MB)
scvg: 0 MB released
scvg: inuse: 18, idle: 43, sys: 62, released: 34, consumed: 27 (MB)
scvg: 0 MB released
scvg: inuse: 18, idle: 43, sys: 62, released: 34, consumed: 27 (MB)
scvg: 0 MB released
scvg: inuse: 18, idle: 43, sys: 62, released: 34, consumed: 27 (MB)
scvg: 0 MB released
scvg: inuse: 18, idle: 43, sys: 62, released: 34, consumed: 27 (MB)
scvg: 0 MB released
scvg: inuse: 18, idle: 43, sys: 62, released: 34, consumed: 27 (MB)
scvg: 0 MB released
scvg: inuse: 18, idle: 43, sys: 62, released: 34, consumed: 27 (MB)
scvg: 0 MB released
scvg: inuse: 18, idle: 43, sys: 62, released: 34, consumed: 27 (MB)
scvg: 0 MB released
scvg: inuse: 18, idle: 43, sys: 62, released: 34, consumed: 27 (MB)
scvg: 0 MB released
scvg: inuse: 18, idle: 43, sys: 62, released: 34, consumed: 27 (MB)
scvg: 0 MB released
scvg: inuse: 18, idle: 43, sys: 62, released: 34, consumed: 27 (MB)
scvg: 0 MB released
scvg: inuse: 18, idle: 43, sys: 62, released: 34, consumed: 27 (MB)
scvg: 0 MB released
scvg: inuse: 18, idle: 43, sys: 62, released: 34, consumed: 27 (MB)
scvg: 0 MB released
scvg: inuse: 18, idle: 43, sys: 62, released: 34, consumed: 27 (MB)
scvg: 0 MB released
scvg: inuse: 18, idle: 43, sys: 62, released: 34, consumed: 27 (MB)
scvg: 0 MB released
scvg: inuse: 18, idle: 43, sys: 62, released: 34, consumed: 27 (MB)
scvg: 0 MB released
scvg: inuse: 18, idle: 43, sys: 62, released: 34, consumed: 27 (MB)
scvg: 0 MB released
scvg: inuse: 18, idle: 43, sys: 62, released: 34, consumed: 27 (MB)
scvg: 0 MB released
scvg: inuse: 18, idle: 43, sys: 62, released: 34, consumed: 27 (MB)
scvg: 0 MB released
scvg: inuse: 18, idle: 43, sys: 62, released: 34, consumed: 27 (MB)
scvg: 0 MB released
scvg: inuse: 18, idle: 43, sys: 62, released: 34, consumed: 27 (MB)
scvg: 0 MB released
scvg: inuse: 18, idle: 43, sys: 62, released: 34, consumed: 27 (MB)
scvg: 0 MB released
scvg: inuse: 18, idle: 43, sys: 62, released: 34, consumed: 27 (MB)
scvg: 0 MB released
scvg: inuse: 18, idle: 43, sys: 62, released: 34, consumed: 27 (MB)
scvg: 0 MB released
scvg: inuse: 18, idle: 43, sys: 62, released: 34, consumed: 27 (MB)
scvg: 0 MB released
scvg: inuse: 18, idle: 43, sys: 62, released: 34, consumed: 27 (MB)
scvg: 0 MB released
scvg: inuse: 18, idle: 43, sys: 62, released: 34, consumed: 27 (MB)
scvg: 0 MB released
scvg: inuse: 18, idle: 43, sys: 62, released: 34, consumed: 27 (MB)
scvg: 0 MB released
scvg: inuse: 18, idle: 43, sys: 62, released: 34, consumed: 27 (MB)
scvg: 0 MB released
scvg: inuse: 18, idle: 43, sys: 62, released: 34, consumed: 27 (MB)
scvg: 0 MB released
scvg: inuse: 18, idle: 43, sys: 62, released: 34, consumed: 27 (MB)
scvg: 0 MB released
scvg: inuse: 18, idle: 43, sys: 62, released: 34, consumed: 27 (MB)
scvg: 0 MB released
scvg: inuse: 18, idle: 43, sys: 62, released: 34, consumed: 27 (MB)
scvg: 0 MB released
scvg: inuse: 18, idle: 43, sys: 62, released: 34, consumed: 27 (MB)
scvg: 0 MB released
scvg: inuse: 18, idle: 43, sys: 62, released: 34, consumed: 27 (MB)
scvg: 0 MB released
scvg: inuse: 18, idle: 43, sys: 62, released: 34, consumed: 27 (MB)
scvg: 0 MB released
scvg: inuse: 18, idle: 43, sys: 62, released: 34, consumed: 27 (MB)
scvg: 0 MB released
scvg: inuse: 18, idle: 43, sys: 62, released: 34, consumed: 27 (MB)
scvg: 0 MB released
scvg: inuse: 18, idle: 43, sys: 62, released: 34, consumed: 27 (MB)
scvg: 0 MB released
scvg: inuse: 18, idle: 43, sys: 62, released: 34, consumed: 27 (MB)
scvg: 0 MB released
scvg: inuse: 18, idle: 43, sys: 62, released: 34, consumed: 27 (MB)
scvg: 0 MB released
scvg: inuse: 18, idle: 43, sys: 62, released: 34, consumed: 27 (MB)
scvg: 0 MB released
scvg: inuse: 18, idle: 43, sys: 62, released: 34, consumed: 27 (MB)
scvg: 0 MB released
scvg: inuse: 18, idle: 43, sys: 62, released: 34, consumed: 27 (MB)
scvg: 0 MB released
scvg: inuse: 18, idle: 43, sys: 62, released: 34, consumed: 27 (MB)
scvg: 0 MB released
scvg: inuse: 18, idle: 43, sys: 62, released: 34, consumed: 27 (MB)
scvg: 0 MB released
scvg: inuse: 18, idle: 43, sys: 62, released: 34, consumed: 27 (MB)
scvg: 0 MB released
scvg: inuse: 18, idle: 43, sys: 62, released: 34, consumed: 27 (MB)
scvg: 0 MB released
scvg: inuse: 18, idle: 43, sys: 62, released: 34, consumed: 27 (MB)
scvg: 0 MB released
scvg: inuse: 18, idle: 43, sys: 62, released: 34, consumed: 27 (MB)
scvg: 0 MB released
scvg: inuse: 18, idle: 43, sys: 62, released: 34, consumed: 27 (MB)
scvg: 0 MB released
scvg: inuse: 18, idle: 43, sys: 62, released: 34, consumed: 27 (MB)
scvg: 0 MB released
scvg: inuse: 18, idle: 43, sys: 62, released: 34, consumed: 27 (MB)
scvg: 0 MB released
scvg: inuse: 18, idle: 43, sys: 62, released: 34, consumed: 27 (MB)
scvg: 0 MB released
scvg: inuse: 18, idle: 43, sys: 62, released: 34, consumed: 27 (MB)
scvg: 0 MB released
scvg: inuse: 18, idle: 43, sys: 62, released: 34, consumed: 27 (MB)
scvg: 0 MB released
scvg: inuse: 18, idle: 43, sys: 62, released: 34, consumed: 27 (MB)
scvg: 0 MB released
scvg: inuse: 18, idle: 43, sys: 62, released: 34, consumed: 27 (MB)
scvg: 0 MB released
scvg: inuse: 18, idle: 43, sys: 62, released: 34, consumed: 27 (MB)
scvg: 0 MB released
scvg: inuse: 18, idle: 43, sys: 62, released: 34, consumed: 27 (MB)
scvg: 0 MB released
scvg: inuse: 18, idle: 43, sys: 62, released: 34, consumed: 27 (MB)
scvg: 0 MB released
scvg: inuse: 18, idle: 43, sys: 62, released: 34, consumed: 27 (MB)
scvg: 0 MB released
scvg: inuse: 18, idle: 43, sys: 62, released: 34, consumed: 27 (MB)
scvg: 0 MB released
scvg: inuse: 18, idle: 43, sys: 62, released: 34, consumed: 27 (MB)
scvg: 0 MB released
scvg: inuse: 18, idle: 43, sys: 62, released: 34, consumed: 27 (MB)
scvg: 0 MB released
scvg: inuse: 18, idle: 43, sys: 62, released: 34, consumed: 27 (MB)
scvg: 0 MB released
scvg: inuse: 18, idle: 43, sys: 62, released: 34, consumed: 27 (MB)
scvg: 0 MB released
scvg: inuse: 18, idle: 43, sys: 62, released: 34, consumed: 27 (MB)
scvg: 0 MB released
scvg: inuse: 18, idle: 43, sys: 62, released: 35, consumed: 27 (MB)
scvg: 0 MB released
scvg: inuse: 18, idle: 43, sys: 62, released: 35, consumed: 27 (MB)
scvg: 0 MB released
scvg: inuse: 18, idle: 43, sys: 62, released: 35, consumed: 27 (MB)
scvg: 0 MB released
scvg: inuse: 18, idle: 43, sys: 62, released: 35, consumed: 27 (MB)
scvg: 0 MB released
scvg: inuse: 18, idle: 43, sys: 62, released: 35, consumed: 27 (MB)
scvg: 0 MB released
scvg: inuse: 18, idle: 43, sys: 62, released: 35, consumed: 27 (MB)
scvg: 0 MB released
scvg: inuse: 18, idle: 43, sys: 62, released: 35, consumed: 27 (MB)
scvg: 0 MB released
scvg: inuse: 18, idle: 43, sys: 62, released: 35, consumed: 27 (MB)
scvg: 0 MB released
scvg: inuse: 18, idle: 43, sys: 62, released: 35, consumed: 27 (MB)
scvg: 0 MB released
scvg: inuse: 18, idle: 43, sys: 62, released: 35, consumed: 27 (MB)
scvg: 0 MB released
scvg: inuse: 18, idle: 43, sys: 62, released: 35, consumed: 27 (MB)
scvg: 0 MB released
scvg: inuse: 18, idle: 43, sys: 62, released: 35, consumed: 27 (MB)
scvg: 0 MB released
scvg: inuse: 18, idle: 43, sys: 62, released: 35, consumed: 27 (MB)
scvg: 0 MB released
scvg: inuse: 18, idle: 43, sys: 62, released: 35, consumed: 27 (MB)
scvg: 0 MB released
scvg: inuse: 18, idle: 43, sys: 62, released: 35, consumed: 27 (MB)
scvg: 0 MB released
scvg: inuse: 18, idle: 43, sys: 62, released: 35, consumed: 27 (MB)
scvg: 0 MB released
scvg: inuse: 18, idle: 43, sys: 62, released: 35, consumed: 27 (MB)
scvg: 0 MB released
scvg: inuse: 18, idle: 43, sys: 62, released: 35, consumed: 27 (MB)
scvg: 0 MB released
scvg: inuse: 18, idle: 43, sys: 62, released: 35, consumed: 27 (MB)
scvg: 0 MB released
scvg: inuse: 18, idle: 43, sys: 62, released: 35, consumed: 27 (MB)
scvg: 0 MB released
scvg: inuse: 18, idle: 43, sys: 62, released: 35, consumed: 27 (MB)
scvg: 0 MB released
scvg: inuse: 18, idle: 43, sys: 62, released: 35, consumed: 27 (MB)
scvg: 0 MB released
scvg: inuse: 18, idle: 43, sys: 62, released: 35, consumed: 27 (MB)
scvg: 0 MB released
scvg: inuse: 18, idle: 43, sys: 62, released: 35, consumed: 27 (MB)
scvg: 0 MB released
scvg: inuse: 18, idle: 43, sys: 62, released: 35, consumed: 27 (MB)
scvg: 0 MB released
scvg: inuse: 18, idle: 43, sys: 62, released: 35, consumed: 27 (MB)
scvg: 0 MB released
scvg: inuse: 18, idle: 43, sys: 62, released: 35, consumed: 27 (MB)
scvg: 0 MB released
scvg: inuse: 18, idle: 43, sys: 62, released: 35, consumed: 27 (MB)
scvg: 0 MB released
scvg: inuse: 18, idle: 43, sys: 62, released: 35, consumed: 27 (MB)
scvg: 0 MB released
scvg: inuse: 18, idle: 43, sys: 62, released: 35, consumed: 27 (MB)
scvg: 0 MB released
scvg: inuse: 18, idle: 43, sys: 62, released: 35, consumed: 27 (MB)
scvg: 0 MB released
scvg: inuse: 18, idle: 43, sys: 62, released: 35, consumed: 27 (MB)
scvg: 0 MB released
scvg: inuse: 18, idle: 43, sys: 62, released: 35, consumed: 27 (MB)
scvg: 0 MB released
scvg: inuse: 18, idle: 43, sys: 62, released: 35, consumed: 27 (MB)
scvg: 0 MB released
scvg: inuse: 18, idle: 43, sys: 62, released: 35, consumed: 27 (MB)
scvg: 0 MB released
scvg: inuse: 18, idle: 43, sys: 62, released: 35, consumed: 27 (MB)
scvg: 0 MB released
scvg: inuse: 18, idle: 43, sys: 62, released: 35, consumed: 27 (MB)
scvg: 0 MB released
scvg: inuse: 18, idle: 43, sys: 62, released: 35, consumed: 27 (MB)
scvg: 0 MB released
scvg: inuse: 18, idle: 43, sys: 62, released: 35, consumed: 27 (MB)
scvg: 0 MB released
scvg: inuse: 18, idle: 43, sys: 62, released: 35, consumed: 27 (MB)
scvg: 0 MB released
scvg: inuse: 18, idle: 43, sys: 62, released: 35, consumed: 27 (MB)
scvg: 0 MB released
scvg: inuse: 18, idle: 43, sys: 62, released: 35, consumed: 27 (MB)
scvg: 0 MB released
scvg: inuse: 18, idle: 43, sys: 62, released: 35, consumed: 27 (MB)
scvg: 0 MB released
scvg: inuse: 18, idle: 43, sys: 62, released: 35, consumed: 27 (MB)
scvg: 0 MB released
scvg: inuse: 18, idle: 43, sys: 62, released: 35, consumed: 27 (MB)
scvg: 0 MB released
scvg: inuse: 18, idle: 43, sys: 62, released: 35, consumed: 26 (MB)
scvg: 0 MB released
scvg: inuse: 18, idle: 43, sys: 62, released: 35, consumed: 26 (MB)
scvg: 0 MB released
scvg: inuse: 18, idle: 43, sys: 62, released: 35, consumed: 26 (MB)
scvg: 0 MB released
scvg: inuse: 18, idle: 43, sys: 62, released: 35, consumed: 26 (MB)
scvg: 0 MB released
scvg: inuse: 18, idle: 43, sys: 62, released: 35, consumed: 26 (MB)
scvg: 0 MB released
scvg: inuse: 18, idle: 43, sys: 62, released: 35, consumed: 26 (MB)
scvg: 0 MB released
scvg: inuse: 18, idle: 43, sys: 62, released: 35, consumed: 26 (MB)
scvg: 0 MB released
scvg: inuse: 18, idle: 43, sys: 62, released: 35, consumed: 26 (MB)
scvg: 0 MB released
scvg: inuse: 18, idle: 43, sys: 62, released: 35, consumed: 26 (MB)
scvg: 0 MB released
scvg: inuse: 18, idle: 43, sys: 62, released: 35, consumed: 26 (MB)
scvg: 0 MB released
scvg: inuse: 18, idle: 43, sys: 62, released: 35, consumed: 26 (MB)
scvg: 0 MB released
scvg: inuse: 18, idle: 43, sys: 62, released: 35, consumed: 26 (MB)
scvg: 0 MB released
scvg: inuse: 18, idle: 43, sys: 62, released: 35, consumed: 26 (MB)
scvg: 0 MB released
scvg: inuse: 18, idle: 43, sys: 62, released: 35, consumed: 26 (MB)
scvg: 0 MB released
scvg: inuse: 18, idle: 43, sys: 62, released: 35, consumed: 26 (MB)
scvg: 0 MB released
scvg: inuse: 18, idle: 43, sys: 62, released: 35, consumed: 26 (MB)
scvg: 0 MB released
scvg: inuse: 18, idle: 43, sys: 62, released: 35, consumed: 26 (MB)
scvg: 0 MB released
scvg: inuse: 18, idle: 43, sys: 62, released: 35, consumed: 26 (MB)
scvg: 0 MB released
scvg: inuse: 18, idle: 43, sys: 62, released: 35, consumed: 26 (MB)
scvg: 0 MB released
scvg: inuse: 18, idle: 43, sys: 62, released: 35, consumed: 26 (MB)
scvg: 0 MB released
scvg: inuse: 18, idle: 43, sys: 62, released: 35, consumed: 26 (MB)
scvg: 0 MB released
scvg: inuse: 18, idle: 43, sys: 62, released: 35, consumed: 26 (MB)
scvg: 0 MB released
scvg: inuse: 18, idle: 43, sys: 62, released: 35, consumed: 26 (MB)
scvg: 0 MB released
scvg: inuse: 18, idle: 43, sys: 62, released: 35, consumed: 26 (MB)
scvg: 0 MB released
scvg: inuse: 18, idle: 43, sys: 62, released: 35, consumed: 26 (MB)
scvg: 0 MB released
scvg: inuse: 18, idle: 43, sys: 62, released: 35, consumed: 26 (MB)
scvg: 0 MB released
scvg: inuse: 18, idle: 43, sys: 62, released: 35, consumed: 26 (MB)
scvg: 0 MB released
scvg: inuse: 18, idle: 43, sys: 62, released: 35, consumed: 26 (MB)
scvg: 0 MB released
scvg: inuse: 18, idle: 43, sys: 62, released: 35, consumed: 26 (MB)
scvg: 0 MB released
scvg: inuse: 18, idle: 43, sys: 62, released: 35, consumed: 26 (MB)
scvg: 0 MB released
scvg: inuse: 18, idle: 43, sys: 62, released: 35, consumed: 26 (MB)
scvg: 0 MB released
scvg: inuse: 18, idle: 43, sys: 62, released: 35, consumed: 26 (MB)
scvg: 0 MB released
scvg: inuse: 18, idle: 43, sys: 62, released: 35, consumed: 26 (MB)
scvg: 0 MB released
scvg: inuse: 18, idle: 43, sys: 62, released: 35, consumed: 26 (MB)
scvg: 0 MB released
scvg: inuse: 18, idle: 43, sys: 62, released: 35, consumed: 26 (MB)
scvg: 0 MB released
scvg: inuse: 18, idle: 43, sys: 62, released: 35, consumed: 26 (MB)
scvg: 0 MB released
scvg: inuse: 18, idle: 43, sys: 62, released: 35, consumed: 26 (MB)
scvg: 0 MB released
scvg: inuse: 18, idle: 43, sys: 62, released: 35, consumed: 26 (MB)
scvg: 0 MB released
scvg: inuse: 18, idle: 43, sys: 62, released: 35, consumed: 26 (MB)
scvg: 0 MB released
scvg: inuse: 18, idle: 43, sys: 62, released: 35, consumed: 26 (MB)
scvg: 0 MB released
scvg: inuse: 18, idle: 43, sys: 62, released: 35, consumed: 26 (MB)
scvg: 0 MB released
scvg: inuse: 18, idle: 43, sys: 62, released: 35, consumed: 26 (MB)
scvg: 0 MB released
scvg: inuse: 18, idle: 43, sys: 62, released: 35, consumed: 26 (MB)
scvg: 0 MB released
scvg: inuse: 18, idle: 43, sys: 62, released: 35, consumed: 26 (MB)
scvg: 0 MB released
scvg: inuse: 18, idle: 43, sys: 62, released: 35, consumed: 26 (MB)
scvg: 0 MB released
scvg: inuse: 18, idle: 43, sys: 62, released: 35, consumed: 26 (MB)
scvg: 0 MB released
scvg: inuse: 18, idle: 43, sys: 62, released: 35, consumed: 26 (MB)
scvg: 0 MB released
scvg: inuse: 18, idle: 43, sys: 62, released: 35, consumed: 26 (MB)
scvg: 0 MB released
scvg: inuse: 18, idle: 43, sys: 62, released: 35, consumed: 26 (MB)
scvg: 0 MB released
scvg: inuse: 18, idle: 43, sys: 62, released: 35, consumed: 26 (MB)
scvg: 0 MB released
scvg: inuse: 18, idle: 43, sys: 62, released: 35, consumed: 26 (MB)
scvg: 0 MB released
scvg: inuse: 18, idle: 43, sys: 62, released: 35, consumed: 26 (MB)
scvg: 0 MB released
scvg: inuse: 18, idle: 43, sys: 62, released: 35, consumed: 26 (MB)
scvg: 0 MB released
scvg: inuse: 18, idle: 43, sys: 62, released: 35, consumed: 26 (MB)
scvg: 0 MB released
scvg: inuse: 18, idle: 43, sys: 62, released: 35, consumed: 26 (MB)
scvg: 0 MB released
scvg: inuse: 18, idle: 43, sys: 62, released: 35, consumed: 26 (MB)
scvg: 0 MB released
scvg: inuse: 18, idle: 43, sys: 62, released: 35, consumed: 26 (MB)
scvg: 0 MB released
scvg: inuse: 18, idle: 43, sys: 62, released: 35, consumed: 26 (MB)
scvg: 0 MB released
scvg: inuse: 18, idle: 43, sys: 62, released: 35, consumed: 26 (MB)
scvg: 0 MB released
scvg: inuse: 18, idle: 43, sys: 62, released: 35, consumed: 26 (MB)
scvg: 0 MB released
scvg: inuse: 18, idle: 43, sys: 62, released: 35, consumed: 26 (MB)
scvg: 0 MB released
scvg: inuse: 18, idle: 43, sys: 62, released: 35, consumed: 26 (MB)
scvg: 0 MB released
scvg: inuse: 18, idle: 43, sys: 62, released: 35, consumed: 26 (MB)
scvg: 0 MB released
scvg: inuse: 18, idle: 43, sys: 62, released: 35, consumed: 26 (MB)
scvg: 0 MB released
scvg: inuse: 18, idle: 43, sys: 62, released: 35, consumed: 26 (MB)
scvg: 0 MB released
scvg: inuse: 18, idle: 43, sys: 62, released: 35, consumed: 26 (MB)
scvg: 0 MB released
scvg: inuse: 18, idle: 43, sys: 62, released: 35, consumed: 26 (MB)
scvg: 0 MB released
scvg: inuse: 18, idle: 43, sys: 62, released: 35, consumed: 26 (MB)
scvg: 0 MB released
scvg: inuse: 18, idle: 43, sys: 62, released: 35, consumed: 26 (MB)
scvg: 0 MB released
scvg: inuse: 18, idle: 43, sys: 62, released: 35, consumed: 26 (MB)
scvg: 0 MB released
scvg: inuse: 18, idle: 43, sys: 62, released: 35, consumed: 26 (MB)
scvg: 0 MB released
scvg: inuse: 18, idle: 43, sys: 62, released: 35, consumed: 26 (MB)
scvg: 0 MB released
scvg: inuse: 18, idle: 43, sys: 62, released: 35, consumed: 26 (MB)
scvg: 0 MB released
scvg: inuse: 18, idle: 43, sys: 62, released: 35, consumed: 26 (MB)
scvg: 0 MB released
scvg: inuse: 18, idle: 43, sys: 62, released: 35, consumed: 26 (MB)
scvg: 0 MB released
scvg: inuse: 18, idle: 43, sys: 62, released: 35, consumed: 26 (MB)
scvg: 0 MB released
scvg: inuse: 18, idle: 43, sys: 62, released: 35, consumed: 26 (MB)
scvg: 0 MB released
scvg: inuse: 18, idle: 43, sys: 62, released: 35, consumed: 26 (MB)
scvg: 0 MB released
scvg: inuse: 18, idle: 43, sys: 62, released: 35, consumed: 26 (MB)
scvg: 0 MB released
scvg: inuse: 18, idle: 43, sys: 62, released: 35, consumed: 26 (MB)
scvg: 0 MB released
scvg: inuse: 18, idle: 43, sys: 62, released: 35, consumed: 26 (MB)
scvg: 0 MB released
scvg: inuse: 18, idle: 43, sys: 62, released: 35, consumed: 26 (MB)
scvg: 0 MB released
scvg: inuse: 18, idle: 43, sys: 62, released: 35, consumed: 26 (MB)
scvg: 0 MB released
scvg: inuse: 18, idle: 43, sys: 62, released: 36, consumed: 26 (MB)
scvg: 0 MB released
scvg: inuse: 18, idle: 43, sys: 62, released: 36, consumed: 26 (MB)
scvg: 0 MB released
scvg: inuse: 18, idle: 43, sys: 62, released: 36, consumed: 26 (MB)
scvg: 0 MB released
scvg: inuse: 18, idle: 43, sys: 62, released: 36, consumed: 26 (MB)
scvg: 0 MB released
scvg: inuse: 18, idle: 43, sys: 62, released: 36, consumed: 26 (MB)
scvg: 0 MB released
scvg: inuse: 18, idle: 43, sys: 62, released: 36, consumed: 26 (MB)
scvg: 0 MB released
scvg: inuse: 18, idle: 43, sys: 62, released: 36, consumed: 26 (MB)
scvg: 0 MB released
scvg: inuse: 18, idle: 43, sys: 62, released: 36, consumed: 26 (MB)
scvg: 0 MB released
scvg: inuse: 18, idle: 43, sys: 62, released: 36, consumed: 26 (MB)
scvg: 0 MB released
scvg: inuse: 18, idle: 43, sys: 62, released: 36, consumed: 26 (MB)
scvg: 0 MB released
scvg: inuse: 18, idle: 43, sys: 62, released: 36, consumed: 26 (MB)
scvg: 0 MB released
scvg: inuse: 18, idle: 43, sys: 62, released: 36, consumed: 26 (MB)
scvg: 0 MB released
scvg: inuse: 18, idle: 43, sys: 62, released: 36, consumed: 26 (MB)
scvg: 0 MB released
scvg: inuse: 18, idle: 43, sys: 62, released: 36, consumed: 26 (MB)
scvg: 0 MB released
scvg: inuse: 18, idle: 43, sys: 62, released: 36, consumed: 26 (MB)
scvg: 0 MB released
scvg: inuse: 18, idle: 43, sys: 62, released: 36, consumed: 26 (MB)
scvg: 0 MB released
scvg: inuse: 18, idle: 43, sys: 62, released: 36, consumed: 26 (MB)
scvg: 0 MB released
scvg: inuse: 18, idle: 43, sys: 62, released: 36, consumed: 26 (MB)
scvg: 0 MB released
scvg: inuse: 18, idle: 43, sys: 62, released: 36, consumed: 26 (MB)
scvg: 0 MB released
scvg: inuse: 18, idle: 43, sys: 62, released: 36, consumed: 26 (MB)
scvg: 0 MB released
scvg: inuse: 18, idle: 43, sys: 62, released: 36, consumed: 26 (MB)
scvg: 0 MB released
scvg: inuse: 18, idle: 43, sys: 62, released: 36, consumed: 26 (MB)
scvg: 0 MB released
scvg: inuse: 18, idle: 43, sys: 62, released: 36, consumed: 26 (MB)
scvg: 0 MB released
scvg: inuse: 18, idle: 43, sys: 62, released: 36, consumed: 26 (MB)
scvg: 0 MB released
scvg: inuse: 18, idle: 43, sys: 62, released: 36, consumed: 26 (MB)
scvg: 0 MB released
scvg: inuse: 18, idle: 43, sys: 62, released: 36, consumed: 26 (MB)
scvg: 0 MB released
scvg: inuse: 18, idle: 43, sys: 62, released: 36, consumed: 26 (MB)
scvg: 0 MB released
scvg: inuse: 18, idle: 43, sys: 62, released: 36, consumed: 26 (MB)
scvg: 0 MB released
scvg: inuse: 18, idle: 43, sys: 62, released: 36, consumed: 26 (MB)
scvg: 0 MB released
scvg: inuse: 18, idle: 43, sys: 62, released: 36, consumed: 26 (MB)
scvg: 0 MB released
scvg: inuse: 18, idle: 43, sys: 62, released: 36, consumed: 26 (MB)
scvg: 0 MB released
scvg: inuse: 18, idle: 43, sys: 62, released: 36, consumed: 26 (MB)
scvg: 0 MB released
scvg: inuse: 18, idle: 43, sys: 62, released: 36, consumed: 26 (MB)
scvg: 0 MB released
scvg: inuse: 18, idle: 43, sys: 62, released: 36, consumed: 26 (MB)
scvg: 0 MB released
scvg: inuse: 18, idle: 43, sys: 62, released: 36, consumed: 26 (MB)
scvg: 0 MB released
scvg: inuse: 18, idle: 43, sys: 62, released: 36, consumed: 26 (MB)
scvg: 0 MB released
scvg: inuse: 18, idle: 43, sys: 62, released: 36, consumed: 26 (MB)
scvg: 0 MB released
scvg: inuse: 18, idle: 43, sys: 62, released: 36, consumed: 26 (MB)
scvg: 0 MB released
scvg: inuse: 18, idle: 43, sys: 62, released: 36, consumed: 26 (MB)
scvg: 0 MB released
scvg: inuse: 18, idle: 43, sys: 62, released: 36, consumed: 26 (MB)
scvg: 0 MB released
scvg: inuse: 18, idle: 43, sys: 62, released: 36, consumed: 26 (MB)
scvg: 0 MB released
scvg: inuse: 18, idle: 43, sys: 62, released: 36, consumed: 26 (MB)
scvg: 0 MB released
scvg: inuse: 18, idle: 43, sys: 62, released: 36, consumed: 26 (MB)
scvg: 0 MB released
scvg: inuse: 18, idle: 43, sys: 62, released: 36, consumed: 26 (MB)
scvg: 0 MB released
scvg: inuse: 18, idle: 43, sys: 62, released: 36, consumed: 26 (MB)
scvg: 0 MB released
scvg: inuse: 18, idle: 43, sys: 62, released: 36, consumed: 25 (MB)
scvg: 0 MB released
scvg: inuse: 18, idle: 43, sys: 62, released: 36, consumed: 25 (MB)
scvg: 0 MB released
scvg: inuse: 18, idle: 43, sys: 62, released: 36, consumed: 25 (MB)
scvg: 0 MB released
scvg: inuse: 18, idle: 43, sys: 62, released: 36, consumed: 25 (MB)
scvg: 0 MB released
scvg: inuse: 18, idle: 43, sys: 62, released: 36, consumed: 25 (MB)
scvg: 0 MB released
scvg: inuse: 18, idle: 43, sys: 62, released: 36, consumed: 25 (MB)
scvg: 0 MB released
scvg: inuse: 18, idle: 43, sys: 62, released: 36, consumed: 25 (MB)
scvg: 0 MB released
scvg: inuse: 18, idle: 43, sys: 62, released: 36, consumed: 25 (MB)
scvg: 0 MB released
scvg: inuse: 18, idle: 43, sys: 62, released: 36, consumed: 25 (MB)
scvg: 0 MB released
scvg: inuse: 18, idle: 43, sys: 62, released: 36, consumed: 25 (MB)
scvg: 0 MB released
scvg: inuse: 18, idle: 43, sys: 62, released: 36, consumed: 25 (MB)
scvg: 0 MB released
scvg: inuse: 18, idle: 43, sys: 62, released: 36, consumed: 25 (MB)
scvg: 0 MB released
scvg: inuse: 18, idle: 43, sys: 62, released: 36, consumed: 25 (MB)
scvg: 0 MB released
scvg: inuse: 18, idle: 43, sys: 62, released: 36, consumed: 25 (MB)
scvg: 0 MB released
scvg: inuse: 18, idle: 43, sys: 62, released: 36, consumed: 25 (MB)
scvg: 0 MB released
scvg: inuse: 18, idle: 43, sys: 62, released: 36, consumed: 25 (MB)
scvg: 0 MB released
scvg: inuse: 18, idle: 43, sys: 62, released: 36, consumed: 25 (MB)
scvg: 0 MB released
scvg: inuse: 18, idle: 43, sys: 62, released: 36, consumed: 25 (MB)
scvg: 0 MB released
scvg: inuse: 18, idle: 43, sys: 62, released: 36, consumed: 25 (MB)
scvg: 0 MB released
scvg: inuse: 18, idle: 43, sys: 62, released: 36, consumed: 25 (MB)
scvg: 0 MB released
scvg: inuse: 18, idle: 43, sys: 62, released: 36, consumed: 25 (MB)
scvg: 0 MB released
scvg: inuse: 18, idle: 43, sys: 62, released: 36, consumed: 25 (MB)
scvg: 0 MB released
scvg: inuse: 18, idle: 43, sys: 62, released: 36, consumed: 25 (MB)
scvg: 0 MB released
scvg: inuse: 18, idle: 43, sys: 62, released: 36, consumed: 25 (MB)
scvg: 0 MB released
scvg: inuse: 18, idle: 43, sys: 62, released: 36, consumed: 25 (MB)
scvg: 0 MB released
scvg: inuse: 18, idle: 43, sys: 62, released: 36, consumed: 25 (MB)
scvg: 0 MB released
scvg: inuse: 18, idle: 43, sys: 62, released: 36, consumed: 25 (MB)
scvg: 0 MB released
scvg: inuse: 18, idle: 43, sys: 62, released: 36, consumed: 25 (MB)
scvg: 0 MB released
scvg: inuse: 18, idle: 43, sys: 62, released: 36, consumed: 25 (MB)
scvg: 0 MB released
scvg: inuse: 18, idle: 43, sys: 62, released: 36, consumed: 25 (MB)
scvg: 0 MB released
scvg: inuse: 18, idle: 43, sys: 62, released: 36, consumed: 25 (MB)
scvg: 0 MB released
scvg: inuse: 18, idle: 43, sys: 62, released: 36, consumed: 25 (MB)
scvg: 0 MB released
scvg: inuse: 18, idle: 43, sys: 62, released: 36, consumed: 25 (MB)
scvg: 0 MB released
scvg: inuse: 18, idle: 43, sys: 62, released: 36, consumed: 25 (MB)
scvg: 0 MB released
scvg: inuse: 18, idle: 43, sys: 62, released: 36, consumed: 25 (MB)
scvg: 0 MB released
scvg: inuse: 18, idle: 43, sys: 62, released: 36, consumed: 25 (MB)
scvg: 0 MB released
scvg: inuse: 18, idle: 43, sys: 62, released: 36, consumed: 25 (MB)
scvg: 0 MB released
scvg: inuse: 18, idle: 43, sys: 62, released: 36, consumed: 25 (MB)
scvg: 0 MB released
scvg: inuse: 18, idle: 43, sys: 62, released: 36, consumed: 25 (MB)
scvg: 0 MB released
scvg: inuse: 18, idle: 43, sys: 62, released: 36, consumed: 25 (MB)
scvg: 0 MB released
scvg: inuse: 18, idle: 43, sys: 62, released: 36, consumed: 25 (MB)
scvg: 0 MB released
scvg: inuse: 18, idle: 43, sys: 62, released: 36, consumed: 25 (MB)
scvg: 0 MB released
scvg: inuse: 18, idle: 43, sys: 62, released: 36, consumed: 25 (MB)
scvg: 0 MB released
scvg: inuse: 18, idle: 43, sys: 62, released: 36, consumed: 25 (MB)
scvg: 0 MB released
scvg: inuse: 18, idle: 43, sys: 62, released: 36, consumed: 25 (MB)
scvg: 0 MB released
scvg: inuse: 18, idle: 43, sys: 62, released: 36, consumed: 25 (MB)
scvg: 0 MB released
scvg: inuse: 18, idle: 43, sys: 62, released: 36, consumed: 25 (MB)
scvg: 0 MB released
scvg: inuse: 18, idle: 43, sys: 62, released: 36, consumed: 25 (MB)
scvg: 0 MB released
scvg: inuse: 18, idle: 43, sys: 62, released: 36, consumed: 25 (MB)
scvg: 0 MB released
scvg: inuse: 18, idle: 43, sys: 62, released: 36, consumed: 25 (MB)
scvg: 0 MB released
scvg: inuse: 18, idle: 43, sys: 62, released: 36, consumed: 25 (MB)
scvg: 0 MB released
scvg: inuse: 18, idle: 43, sys: 62, released: 36, consumed: 25 (MB)
scvg: 0 MB released
scvg: inuse: 18, idle: 43, sys: 62, released: 36, consumed: 25 (MB)
scvg: 0 MB released
scvg: inuse: 18, idle: 43, sys: 62, released: 36, consumed: 25 (MB)
scvg: 0 MB released
scvg: inuse: 18, idle: 43, sys: 62, released: 36, consumed: 25 (MB)
scvg: 0 MB released
scvg: inuse: 18, idle: 43, sys: 62, released: 36, consumed: 25 (MB)
scvg: 0 MB released
scvg: inuse: 18, idle: 43, sys: 62, released: 36, consumed: 25 (MB)
scvg: 0 MB released
scvg: inuse: 18, idle: 43, sys: 62, released: 36, consumed: 25 (MB)
scvg: 0 MB released
scvg: inuse: 18, idle: 43, sys: 62, released: 36, consumed: 25 (MB)
scvg: 0 MB released
scvg: inuse: 18, idle: 43, sys: 62, released: 36, consumed: 25 (MB)
scvg: 0 MB released
scvg: inuse: 18, idle: 43, sys: 62, released: 36, consumed: 25 (MB)
scvg: 0 MB released
scvg: inuse: 18, idle: 43, sys: 62, released: 36, consumed: 25 (MB)
scvg: 0 MB released
scvg: inuse: 18, idle: 43, sys: 62, released: 36, consumed: 25 (MB)
scvg: 0 MB released
scvg: inuse: 18, idle: 43, sys: 62, released: 36, consumed: 25 (MB)
scvg: 0 MB released
scvg: inuse: 18, idle: 43, sys: 62, released: 36, consumed: 25 (MB)
scvg: 0 MB released
scvg: inuse: 18, idle: 43, sys: 62, released: 36, consumed: 25 (MB)
scvg: 0 MB released
scvg: inuse: 18, idle: 43, sys: 62, released: 36, consumed: 25 (MB)
scvg: 0 MB released
scvg: inuse: 18, idle: 43, sys: 62, released: 36, consumed: 25 (MB)
scvg: 0 MB released
scvg: inuse: 18, idle: 43, sys: 62, released: 36, consumed: 25 (MB)
scvg: 0 MB released
scvg: inuse: 18, idle: 43, sys: 62, released: 36, consumed: 25 (MB)
scvg: 0 MB released
scvg: inuse: 18, idle: 43, sys: 62, released: 36, consumed: 25 (MB)
scvg: 0 MB released
scvg: inuse: 18, idle: 43, sys: 62, released: 36, consumed: 25 (MB)
scvg: 0 MB released
scvg: inuse: 18, idle: 43, sys: 62, released: 36, consumed: 25 (MB)
scvg: 0 MB released
scvg: inuse: 18, idle: 43, sys: 62, released: 36, consumed: 25 (MB)
scvg: 0 MB released
scvg: inuse: 18, idle: 43, sys: 62, released: 36, consumed: 25 (MB)
scvg: 0 MB released
scvg: inuse: 18, idle: 43, sys: 62, released: 36, consumed: 25 (MB)
scvg: 0 MB released
scvg: inuse: 18, idle: 43, sys: 62, released: 36, consumed: 25 (MB)
scvg: 0 MB released
scvg: inuse: 18, idle: 43, sys: 62, released: 36, consumed: 25 (MB)
scvg: 0 MB released
scvg: inuse: 18, idle: 43, sys: 62, released: 36, consumed: 25 (MB)
scvg: 0 MB released
scvg: inuse: 18, idle: 43, sys: 62, released: 36, consumed: 25 (MB)
scvg: 0 MB released
scvg: inuse: 18, idle: 43, sys: 62, released: 36, consumed: 25 (MB)
scvg: 0 MB released
scvg: inuse: 18, idle: 43, sys: 62, released: 36, consumed: 25 (MB)
scvg: 0 MB released
scvg: inuse: 18, idle: 43, sys: 62, released: 36, consumed: 25 (MB)
scvg: 0 MB released
scvg: inuse: 18, idle: 43, sys: 62, released: 37, consumed: 25 (MB)
scvg: 0 MB released
scvg: inuse: 18, idle: 43, sys: 62, released: 37, consumed: 25 (MB)
scvg: 0 MB released
scvg: inuse: 18, idle: 43, sys: 62, released: 37, consumed: 25 (MB)
scvg: 0 MB released
scvg: inuse: 18, idle: 43, sys: 62, released: 37, consumed: 25 (MB)
scvg: 0 MB released
scvg: inuse: 18, idle: 43, sys: 62, released: 37, consumed: 25 (MB)
scvg: 0 MB released
scvg: inuse: 18, idle: 43, sys: 62, released: 37, consumed: 25 (MB)
scvg: 0 MB released
scvg: inuse: 18, idle: 43, sys: 62, released: 37, consumed: 25 (MB)
scvg: 0 MB released
scvg: inuse: 18, idle: 43, sys: 62, released: 37, consumed: 25 (MB)
scvg: 0 MB released
scvg: inuse: 18, idle: 43, sys: 62, released: 37, consumed: 25 (MB)
scvg: 0 MB released
scvg: inuse: 18, idle: 43, sys: 62, released: 37, consumed: 25 (MB)
scvg: 0 MB released
scvg: inuse: 18, idle: 43, sys: 62, released: 37, consumed: 25 (MB)
scvg: 0 MB released
scvg: inuse: 18, idle: 43, sys: 62, released: 37, consumed: 25 (MB)
scvg: 0 MB released
scvg: inuse: 18, idle: 43, sys: 62, released: 37, consumed: 25 (MB)
scvg: 0 MB released
scvg: inuse: 18, idle: 43, sys: 62, released: 37, consumed: 25 (MB)
scvg: 0 MB released
scvg: inuse: 18, idle: 43, sys: 62, released: 37, consumed: 25 (MB)
scvg: 0 MB released
scvg: inuse: 18, idle: 43, sys: 62, released: 37, consumed: 25 (MB)
scvg: 0 MB released
scvg: inuse: 18, idle: 43, sys: 62, released: 37, consumed: 25 (MB)
scvg: 0 MB released
scvg: inuse: 18, idle: 43, sys: 62, released: 37, consumed: 25 (MB)
scvg: 0 MB released
scvg: inuse: 18, idle: 43, sys: 62, released: 37, consumed: 25 (MB)
scvg: 0 MB released
scvg: inuse: 18, idle: 43, sys: 62, released: 37, consumed: 25 (MB)
scvg: 0 MB released
scvg: inuse: 18, idle: 43, sys: 62, released: 37, consumed: 25 (MB)
scvg: 0 MB released
scvg: inuse: 18, idle: 43, sys: 62, released: 37, consumed: 25 (MB)
scvg: 0 MB released
scvg: inuse: 18, idle: 43, sys: 62, released: 37, consumed: 25 (MB)
scvg: 0 MB released
scvg: inuse: 18, idle: 43, sys: 62, released: 37, consumed: 25 (MB)
scvg: 0 MB released
scvg: inuse: 18, idle: 43, sys: 62, released: 37, consumed: 25 (MB)
scvg: 0 MB released
scvg: inuse: 18, idle: 43, sys: 62, released: 37, consumed: 25 (MB)
scvg: 0 MB released
scvg: inuse: 18, idle: 43, sys: 62, released: 37, consumed: 25 (MB)
scvg: 0 MB released
scvg: inuse: 18, idle: 43, sys: 62, released: 37, consumed: 25 (MB)
scvg: 0 MB released
scvg: inuse: 18, idle: 43, sys: 62, released: 37, consumed: 25 (MB)
scvg: 0 MB released
scvg: inuse: 18, idle: 43, sys: 62, released: 37, consumed: 25 (MB)
scvg: 0 MB released
scvg: inuse: 18, idle: 43, sys: 62, released: 37, consumed: 25 (MB)
scvg: 0 MB released
scvg: inuse: 18, idle: 43, sys: 62, released: 37, consumed: 25 (MB)
scvg: 0 MB released
scvg: inuse: 18, idle: 43, sys: 62, released: 37, consumed: 25 (MB)
scvg: 0 MB released
scvg: inuse: 18, idle: 43, sys: 62, released: 37, consumed: 25 (MB)
scvg: 0 MB released
scvg: inuse: 18, idle: 43, sys: 62, released: 37, consumed: 25 (MB)
scvg: 0 MB released
scvg: inuse: 18, idle: 43, sys: 62, released: 37, consumed: 25 (MB)
scvg: 0 MB released
scvg: inuse: 18, idle: 43, sys: 62, released: 37, consumed: 25 (MB)
scvg: 0 MB released
scvg: inuse: 18, idle: 43, sys: 62, released: 37, consumed: 25 (MB)
scvg: 0 MB released
scvg: inuse: 18, idle: 43, sys: 62, released: 37, consumed: 25 (MB)
scvg: 0 MB released
scvg: inuse: 18, idle: 43, sys: 62, released: 37, consumed: 25 (MB)
scvg: 0 MB released
scvg: inuse: 18, idle: 43, sys: 62, released: 37, consumed: 25 (MB)
scvg: 0 MB released
scvg: inuse: 18, idle: 43, sys: 62, released: 37, consumed: 25 (MB)
scvg: 0 MB released
scvg: inuse: 18, idle: 43, sys: 62, released: 37, consumed: 25 (MB)
scvg: 0 MB released
scvg: inuse: 18, idle: 43, sys: 62, released: 37, consumed: 25 (MB)
scvg: 0 MB released
scvg: inuse: 18, idle: 43, sys: 62, released: 37, consumed: 25 (MB)
scvg: 0 MB released
scvg: inuse: 18, idle: 43, sys: 62, released: 37, consumed: 24 (MB)
scvg: 0 MB released
scvg: inuse: 18, idle: 43, sys: 62, released: 37, consumed: 24 (MB)
scvg: 0 MB released
scvg: inuse: 18, idle: 43, sys: 62, released: 37, consumed: 24 (MB)
scvg: 0 MB released
scvg: inuse: 18, idle: 43, sys: 62, released: 37, consumed: 24 (MB)
scvg: 0 MB released
scvg: inuse: 18, idle: 43, sys: 62, released: 37, consumed: 24 (MB)
scvg: 0 MB released
scvg: inuse: 18, idle: 43, sys: 62, released: 37, consumed: 24 (MB)
scvg: 0 MB released
scvg: inuse: 18, idle: 43, sys: 62, released: 37, consumed: 24 (MB)
scvg: 0 MB released
scvg: inuse: 18, idle: 43, sys: 62, released: 37, consumed: 24 (MB)
scvg: 0 MB released
scvg: inuse: 18, idle: 43, sys: 62, released: 37, consumed: 24 (MB)
scvg: 0 MB released
scvg: inuse: 18, idle: 43, sys: 62, released: 37, consumed: 24 (MB)
scvg: 0 MB released
scvg: inuse: 18, idle: 43, sys: 62, released: 37, consumed: 24 (MB)
scvg: 0 MB released
scvg: inuse: 18, idle: 43, sys: 62, released: 37, consumed: 24 (MB)
scvg: 0 MB released
scvg: inuse: 18, idle: 43, sys: 62, released: 37, consumed: 24 (MB)
scvg: 0 MB released
scvg: inuse: 18, idle: 43, sys: 62, released: 37, consumed: 24 (MB)
scvg: 0 MB released
scvg: inuse: 18, idle: 43, sys: 62, released: 37, consumed: 24 (MB)
scvg: 0 MB released
scvg: inuse: 18, idle: 43, sys: 62, released: 37, consumed: 24 (MB)
scvg: 0 MB released
scvg: inuse: 18, idle: 43, sys: 62, released: 37, consumed: 24 (MB)
scvg: 0 MB released
scvg: inuse: 18, idle: 43, sys: 62, released: 37, consumed: 24 (MB)
scvg: 0 MB released
scvg: inuse: 18, idle: 43, sys: 62, released: 37, consumed: 24 (MB)
scvg: 0 MB released
scvg: inuse: 18, idle: 43, sys: 62, released: 37, consumed: 24 (MB)
scvg: 0 MB released
scvg: inuse: 18, idle: 43, sys: 62, released: 37, consumed: 24 (MB)
scvg: 0 MB released
scvg: inuse: 18, idle: 43, sys: 62, released: 37, consumed: 24 (MB)
scvg: 0 MB released
scvg: inuse: 18, idle: 43, sys: 62, released: 37, consumed: 24 (MB)
scvg: 0 MB released
scvg: inuse: 18, idle: 43, sys: 62, released: 37, consumed: 24 (MB)
scvg: 0 MB released
scvg: inuse: 18, idle: 43, sys: 62, released: 37, consumed: 24 (MB)
scvg: 0 MB released
scvg: inuse: 18, idle: 43, sys: 62, released: 37, consumed: 24 (MB)
scvg: 0 MB released
scvg: inuse: 18, idle: 43, sys: 62, released: 37, consumed: 24 (MB)
scvg: 0 MB released
scvg: inuse: 18, idle: 43, sys: 62, released: 37, consumed: 24 (MB)
scvg: 0 MB released
scvg: inuse: 18, idle: 43, sys: 62, released: 37, consumed: 24 (MB)
scvg: 0 MB released
scvg: inuse: 18, idle: 43, sys: 62, released: 37, consumed: 24 (MB)
scvg: 0 MB released
scvg: inuse: 18, idle: 43, sys: 62, released: 37, consumed: 24 (MB)
scvg: 0 MB released
scvg: inuse: 18, idle: 43, sys: 62, released: 37, consumed: 24 (MB)
scvg: 0 MB released
scvg: inuse: 18, idle: 43, sys: 62, released: 37, consumed: 24 (MB)
scvg: 0 MB released
scvg: inuse: 18, idle: 43, sys: 62, released: 37, consumed: 24 (MB)
scvg: 0 MB released
scvg: inuse: 18, idle: 43, sys: 62, released: 37, consumed: 24 (MB)
scvg: 0 MB released
scvg: inuse: 18, idle: 43, sys: 62, released: 37, consumed: 24 (MB)
scvg: 0 MB released
scvg: inuse: 18, idle: 43, sys: 62, released: 37, consumed: 24 (MB)
scvg: 0 MB released
scvg: inuse: 18, idle: 43, sys: 62, released: 37, consumed: 24 (MB)
scvg: 0 MB released
scvg: inuse: 18, idle: 43, sys: 62, released: 37, consumed: 24 (MB)
scvg: 0 MB released
scvg: inuse: 18, idle: 43, sys: 62, released: 37, consumed: 24 (MB)
scvg: 0 MB released
scvg: inuse: 18, idle: 43, sys: 62, released: 37, consumed: 24 (MB)
scvg: 0 MB released
scvg: inuse: 18, idle: 43, sys: 62, released: 37, consumed: 24 (MB)
scvg: 0 MB released
scvg: inuse: 18, idle: 43, sys: 62, released: 37, consumed: 24 (MB)
scvg: 0 MB released
scvg: inuse: 18, idle: 43, sys: 62, released: 37, consumed: 24 (MB)
scvg: 0 MB released
scvg: inuse: 18, idle: 43, sys: 62, released: 37, consumed: 24 (MB)
scvg: 0 MB released
scvg: inuse: 18, idle: 43, sys: 62, released: 37, consumed: 24 (MB)
scvg: 0 MB released
scvg: inuse: 18, idle: 43, sys: 62, released: 37, consumed: 24 (MB)
scvg: 0 MB released
scvg: inuse: 18, idle: 43, sys: 62, released: 37, consumed: 24 (MB)
scvg: 0 MB released
scvg: inuse: 18, idle: 43, sys: 62, released: 37, consumed: 24 (MB)
scvg: 0 MB released
scvg: inuse: 18, idle: 43, sys: 62, released: 37, consumed: 24 (MB)
scvg: 0 MB released
scvg: inuse: 18, idle: 43, sys: 62, released: 37, consumed: 24 (MB)
scvg: 0 MB released
scvg: inuse: 18, idle: 43, sys: 62, released: 37, consumed: 24 (MB)
scvg: 0 MB released
scvg: inuse: 18, idle: 43, sys: 62, released: 37, consumed: 24 (MB)
scvg: 0 MB released
scvg: inuse: 18, idle: 43, sys: 62, released: 37, consumed: 24 (MB)
scvg: 0 MB released
scvg: inuse: 18, idle: 43, sys: 62, released: 37, consumed: 24 (MB)
scvg: 0 MB released
scvg: inuse: 18, idle: 43, sys: 62, released: 37, consumed: 24 (MB)
scvg: 0 MB released
scvg: inuse: 18, idle: 43, sys: 62, released: 37, consumed: 24 (MB)
scvg: 0 MB released
scvg: inuse: 18, idle: 43, sys: 62, released: 37, consumed: 24 (MB)
scvg: 0 MB released
scvg: inuse: 18, idle: 43, sys: 62, released: 37, consumed: 24 (MB)
scvg: 0 MB released
scvg: inuse: 18, idle: 43, sys: 62, released: 37, consumed: 24 (MB)
scvg: 0 MB released
scvg: inuse: 18, idle: 43, sys: 62, released: 37, consumed: 24 (MB)
scvg: 0 MB released
scvg: inuse: 18, idle: 43, sys: 62, released: 37, consumed: 24 (MB)
scvg: 0 MB released
scvg: inuse: 18, idle: 43, sys: 62, released: 37, consumed: 24 (MB)
scvg: 0 MB released
scvg: inuse: 18, idle: 43, sys: 62, released: 37, consumed: 24 (MB)
scvg: 0 MB released
scvg: inuse: 18, idle: 43, sys: 62, released: 37, consumed: 24 (MB)
scvg: 0 MB released
scvg: inuse: 18, idle: 43, sys: 62, released: 37, consumed: 24 (MB)
scvg: 0 MB released
scvg: inuse: 18, idle: 43, sys: 62, released: 37, consumed: 24 (MB)
scvg: 0 MB released
scvg: inuse: 18, idle: 43, sys: 62, released: 37, consumed: 24 (MB)
scvg: 0 MB released
scvg: inuse: 18, idle: 43, sys: 62, released: 37, consumed: 24 (MB)
scvg: 0 MB released
scvg: inuse: 18, idle: 43, sys: 62, released: 37, consumed: 24 (MB)
scvg: 0 MB released
scvg: inuse: 18, idle: 43, sys: 62, released: 37, consumed: 24 (MB)
scvg: 0 MB released
scvg: inuse: 18, idle: 43, sys: 62, released: 37, consumed: 24 (MB)
scvg: 0 MB released
scvg: inuse: 18, idle: 43, sys: 62, released: 37, consumed: 24 (MB)
scvg: 0 MB released
scvg: inuse: 18, idle: 43, sys: 62, released: 37, consumed: 24 (MB)
scvg: 0 MB released
scvg: inuse: 18, idle: 43, sys: 62, released: 37, consumed: 24 (MB)
scvg: 0 MB released
scvg: inuse: 18, idle: 43, sys: 62, released: 37, consumed: 24 (MB)
scvg: 0 MB released
scvg: inuse: 18, idle: 43, sys: 62, released: 37, consumed: 24 (MB)
scvg: 0 MB released
scvg: inuse: 18, idle: 43, sys: 62, released: 37, consumed: 24 (MB)
scvg: 0 MB released
scvg: inuse: 18, idle: 43, sys: 62, released: 37, consumed: 24 (MB)
scvg: 0 MB released
scvg: inuse: 18, idle: 43, sys: 62, released: 37, consumed: 24 (MB)
scvg: 0 MB released
scvg: inuse: 18, idle: 43, sys: 62, released: 37, consumed: 24 (MB)
scvg: 0 MB released
scvg: inuse: 18, idle: 43, sys: 62, released: 37, consumed: 24 (MB)
scvg: 0 MB released
scvg: inuse: 18, idle: 43, sys: 62, released: 37, consumed: 24 (MB)
scvg: 0 MB released
scvg: inuse: 18, idle: 43, sys: 62, released: 38, consumed: 24 (MB)
scvg: 0 MB released
scvg: inuse: 18, idle: 43, sys: 62, released: 38, consumed: 24 (MB)
scvg: 0 MB released
scvg: inuse: 18, idle: 43, sys: 62, released: 38, consumed: 24 (MB)
scvg: 0 MB released
scvg: inuse: 18, idle: 43, sys: 62, released: 38, consumed: 24 (MB)
scvg: 0 MB released
scvg: inuse: 18, idle: 43, sys: 62, released: 38, consumed: 24 (MB)
scvg: 0 MB released
scvg: inuse: 18, idle: 43, sys: 62, released: 38, consumed: 24 (MB)
scvg: 0 MB released
scvg: inuse: 18, idle: 43, sys: 62, released: 38, consumed: 24 (MB)
scvg: 0 MB released
scvg: inuse: 18, idle: 43, sys: 62, released: 38, consumed: 24 (MB)
scvg: 0 MB released
scvg: inuse: 18, idle: 43, sys: 62, released: 38, consumed: 24 (MB)
scvg: 0 MB released
scvg: inuse: 18, idle: 43, sys: 62, released: 38, consumed: 24 (MB)
scvg: 0 MB released
scvg: inuse: 18, idle: 43, sys: 62, released: 38, consumed: 24 (MB)
scvg: 0 MB released
scvg: inuse: 18, idle: 43, sys: 62, released: 38, consumed: 24 (MB)
scvg: 0 MB released
scvg: inuse: 18, idle: 43, sys: 62, released: 38, consumed: 24 (MB)
scvg: 0 MB released
scvg: inuse: 18, idle: 43, sys: 62, released: 38, consumed: 24 (MB)
scvg: 0 MB released
scvg: inuse: 18, idle: 43, sys: 62, released: 38, consumed: 24 (MB)
scvg: 0 MB released
scvg: inuse: 18, idle: 43, sys: 62, released: 38, consumed: 24 (MB)
scvg: 0 MB released
scvg: inuse: 18, idle: 43, sys: 62, released: 38, consumed: 24 (MB)
scvg: 0 MB released
scvg: inuse: 18, idle: 43, sys: 62, released: 38, consumed: 24 (MB)
scvg: 0 MB released
scvg: inuse: 18, idle: 43, sys: 62, released: 38, consumed: 24 (MB)
scvg: 0 MB released
scvg: inuse: 18, idle: 43, sys: 62, released: 38, consumed: 24 (MB)
scvg: 0 MB released
scvg: inuse: 18, idle: 43, sys: 62, released: 38, consumed: 24 (MB)
scvg: 0 MB released
scvg: inuse: 18, idle: 43, sys: 62, released: 38, consumed: 24 (MB)
scvg: 0 MB released
scvg: inuse: 18, idle: 43, sys: 62, released: 38, consumed: 24 (MB)
scvg: 0 MB released
scvg: inuse: 18, idle: 43, sys: 62, released: 38, consumed: 24 (MB)
gc 646 @73858.829s 0%: 0.078+2.8+0.005 ms clock, 0.63+1.4/4.8/2.1+0.042 ms cpu, 30->30->15 MB, 31 MB goal, 8 P
gc 647 @73863.682s 0%: 0.044+4.2+0.006 ms clock, 0.35+0/6.4/1.0+0.054 ms cpu, 30->30->15 MB, 31 MB goal, 8 P
GC forced
gc 648 @73983.699s 0%: 0.009+2.9+0.006 ms clock, 0.072+0/3.5/5.1+0.050 ms cpu, 25->25->15 MB, 31 MB goal, 8 P
scvg: 0 MB released
scvg: inuse: 23, idle: 38, sys: 62, released: 30, consumed: 31 (MB)
scvg: 0 MB released
scvg: inuse: 19, idle: 43, sys: 62, released: 30, consumed: 31 (MB)
scvg: 0 MB released
scvg: inuse: 19, idle: 43, sys: 62, released: 30, consumed: 31 (MB)
scvg: 0 MB released
scvg: inuse: 19, idle: 43, sys: 62, released: 30, consumed: 31 (MB)
scvg: 0 MB released
scvg: inuse: 19, idle: 43, sys: 62, released: 30, consumed: 31 (MB)
scvg: 0 MB released
scvg: inuse: 19, idle: 43, sys: 62, released: 30, consumed: 31 (MB)
scvg: 0 MB released
scvg: inuse: 19, idle: 43, sys: 62, released: 30, consumed: 31 (MB)
scvg: 0 MB released
scvg: inuse: 19, idle: 43, sys: 62, released: 30, consumed: 31 (MB)
scvg: 0 MB released
scvg: inuse: 19, idle: 43, sys: 62, released: 30, consumed: 31 (MB)
scvg: 0 MB released
scvg: inuse: 19, idle: 43, sys: 62, released: 30, consumed: 31 (MB)
scvg: 0 MB released
scvg: inuse: 19, idle: 43, sys: 62, released: 30, consumed: 31 (MB)
scvg: 0 MB released
scvg: inuse: 19, idle: 43, sys: 62, released: 30, consumed: 31 (MB)
scvg: 0 MB released
scvg: inuse: 19, idle: 43, sys: 62, released: 30, consumed: 31 (MB)
scvg: 0 MB released
scvg: inuse: 19, idle: 43, sys: 62, released: 30, consumed: 31 (MB)
scvg: 0 MB released
scvg: inuse: 19, idle: 43, sys: 62, released: 30, consumed: 31 (MB)
scvg: 0 MB released
scvg: inuse: 19, idle: 43, sys: 62, released: 30, consumed: 31 (MB)
scvg: 0 MB released
scvg: inuse: 19, idle: 43, sys: 62, released: 30, consumed: 31 (MB)
scvg: 0 MB released
scvg: inuse: 19, idle: 43, sys: 62, released: 30, consumed: 31 (MB)
scvg: 0 MB released
scvg: inuse: 19, idle: 43, sys: 62, released: 30, consumed: 31 (MB)
scvg: 0 MB released
scvg: inuse: 19, idle: 43, sys: 62, released: 30, consumed: 31 (MB)
scvg: 0 MB released
scvg: inuse: 19, idle: 43, sys: 62, released: 30, consumed: 31 (MB)
scvg: 0 MB released
scvg: inuse: 19, idle: 43, sys: 62, released: 30, consumed: 31 (MB)
scvg: 0 MB released
scvg: inuse: 19, idle: 43, sys: 62, released: 30, consumed: 31 (MB)
scvg: 0 MB released
scvg: inuse: 19, idle: 43, sys: 62, released: 30, consumed: 31 (MB)
scvg: 0 MB released
scvg: inuse: 19, idle: 43, sys: 62, released: 30, consumed: 31 (MB)
scvg: 0 MB released
scvg: inuse: 19, idle: 43, sys: 62, released: 30, consumed: 31 (MB)
scvg: 0 MB released
scvg: inuse: 19, idle: 43, sys: 62, released: 30, consumed: 31 (MB)
scvg: 0 MB released
scvg: inuse: 19, idle: 43, sys: 62, released: 30, consumed: 31 (MB)
scvg: 0 MB released
scvg: inuse: 19, idle: 43, sys: 62, released: 30, consumed: 31 (MB)
scvg: 0 MB released
scvg: inuse: 19, idle: 43, sys: 62, released: 30, consumed: 31 (MB)
scvg: 0 MB released
scvg: inuse: 19, idle: 43, sys: 62, released: 30, consumed: 31 (MB)
scvg: 0 MB released
scvg: inuse: 19, idle: 43, sys: 62, released: 30, consumed: 31 (MB)
scvg: 0 MB released
scvg: inuse: 19, idle: 43, sys: 62, released: 30, consumed: 31 (MB)
scvg: 0 MB released
scvg: inuse: 19, idle: 43, sys: 62, released: 30, consumed: 31 (MB)
scvg: 0 MB released
scvg: inuse: 19, idle: 43, sys: 62, released: 30, consumed: 31 (MB)
scvg: 0 MB released
scvg: inuse: 19, idle: 43, sys: 62, released: 30, consumed: 31 (MB)
scvg: 0 MB released
scvg: inuse: 19, idle: 43, sys: 62, released: 30, consumed: 31 (MB)
scvg: 0 MB released
scvg: inuse: 19, idle: 43, sys: 62, released: 30, consumed: 31 (MB)
scvg: 0 MB released
scvg: inuse: 19, idle: 43, sys: 62, released: 30, consumed: 31 (MB)
scvg: 0 MB released
scvg: inuse: 19, idle: 43, sys: 62, released: 30, consumed: 31 (MB)
scvg: 0 MB released
scvg: inuse: 19, idle: 43, sys: 62, released: 30, consumed: 31 (MB)
scvg: 0 MB released
scvg: inuse: 19, idle: 43, sys: 62, released: 30, consumed: 31 (MB)
scvg: 0 MB released
scvg: inuse: 19, idle: 43, sys: 62, released: 30, consumed: 31 (MB)
scvg: 0 MB released
scvg: inuse: 19, idle: 43, sys: 62, released: 30, consumed: 31 (MB)
scvg: 0 MB released
scvg: inuse: 19, idle: 43, sys: 62, released: 30, consumed: 31 (MB)
scvg: 0 MB released
scvg: inuse: 19, idle: 43, sys: 62, released: 30, consumed: 31 (MB)
scvg: 0 MB released
scvg: inuse: 19, idle: 43, sys: 62, released: 30, consumed: 31 (MB)
scvg: 0 MB released
scvg: inuse: 19, idle: 43, sys: 62, released: 30, consumed: 31 (MB)
scvg: 0 MB released
scvg: inuse: 19, idle: 43, sys: 62, released: 30, consumed: 31 (MB)
scvg: 0 MB released
scvg: inuse: 19, idle: 43, sys: 62, released: 30, consumed: 31 (MB)
scvg: 0 MB released
scvg: inuse: 19, idle: 43, sys: 62, released: 30, consumed: 31 (MB)
scvg: 0 MB released
scvg: inuse: 19, idle: 43, sys: 62, released: 30, consumed: 31 (MB)
scvg: 0 MB released
scvg: inuse: 19, idle: 43, sys: 62, released: 30, consumed: 31 (MB)
scvg: 0 MB released
scvg: inuse: 19, idle: 43, sys: 62, released: 30, consumed: 31 (MB)
scvg: 0 MB released
scvg: inuse: 19, idle: 43, sys: 62, released: 30, consumed: 31 (MB)
scvg: 0 MB released
scvg: inuse: 19, idle: 43, sys: 62, released: 30, consumed: 31 (MB)
scvg: 0 MB released
scvg: inuse: 19, idle: 43, sys: 62, released: 30, consumed: 31 (MB)
scvg: 0 MB released
scvg: inuse: 19, idle: 43, sys: 62, released: 30, consumed: 31 (MB)
scvg: 0 MB released
scvg: inuse: 19, idle: 43, sys: 62, released: 30, consumed: 31 (MB)
scvg: 0 MB released
scvg: inuse: 19, idle: 43, sys: 62, released: 30, consumed: 31 (MB)
scvg: 0 MB released
scvg: inuse: 19, idle: 43, sys: 62, released: 30, consumed: 31 (MB)
scvg: 0 MB released
scvg: inuse: 19, idle: 43, sys: 62, released: 30, consumed: 31 (MB)
scvg: 0 MB released
scvg: inuse: 19, idle: 43, sys: 62, released: 30, consumed: 31 (MB)
scvg: 0 MB released
scvg: inuse: 19, idle: 43, sys: 62, released: 30, consumed: 31 (MB)
scvg: 0 MB released
scvg: inuse: 19, idle: 43, sys: 62, released: 30, consumed: 31 (MB)
scvg: 0 MB released
scvg: inuse: 19, idle: 43, sys: 62, released: 30, consumed: 31 (MB)
scvg: 0 MB released
scvg: inuse: 19, idle: 43, sys: 62, released: 30, consumed: 31 (MB)
scvg: 0 MB released
scvg: inuse: 19, idle: 43, sys: 62, released: 30, consumed: 31 (MB)
scvg: 0 MB released
scvg: inuse: 19, idle: 43, sys: 62, released: 30, consumed: 31 (MB)
scvg: 0 MB released
scvg: inuse: 19, idle: 43, sys: 62, released: 30, consumed: 31 (MB)
scvg: 0 MB released
scvg: inuse: 19, idle: 43, sys: 62, released: 30, consumed: 31 (MB)
scvg: 0 MB released
scvg: inuse: 19, idle: 43, sys: 62, released: 30, consumed: 31 (MB)
scvg: 0 MB released
scvg: inuse: 19, idle: 43, sys: 62, released: 30, consumed: 31 (MB)
scvg: 0 MB released
scvg: inuse: 19, idle: 43, sys: 62, released: 31, consumed: 31 (MB)
scvg: 0 MB released
scvg: inuse: 19, idle: 43, sys: 62, released: 31, consumed: 31 (MB)
scvg: 0 MB released
scvg: inuse: 19, idle: 43, sys: 62, released: 31, consumed: 31 (MB)
scvg: 0 MB released
scvg: inuse: 19, idle: 43, sys: 62, released: 31, consumed: 31 (MB)
scvg: 0 MB released
scvg: inuse: 19, idle: 43, sys: 62, released: 31, consumed: 31 (MB)
scvg: 0 MB released
scvg: inuse: 19, idle: 43, sys: 62, released: 31, consumed: 31 (MB)
scvg: 0 MB released
scvg: inuse: 19, idle: 43, sys: 62, released: 31, consumed: 31 (MB)
scvg: 0 MB released
scvg: inuse: 19, idle: 43, sys: 62, released: 31, consumed: 31 (MB)
scvg: 0 MB released
scvg: inuse: 19, idle: 43, sys: 62, released: 31, consumed: 31 (MB)
scvg: 0 MB released
scvg: inuse: 19, idle: 43, sys: 62, released: 31, consumed: 31 (MB)
scvg: 0 MB released
scvg: inuse: 19, idle: 43, sys: 62, released: 31, consumed: 31 (MB)
scvg: 0 MB released
scvg: inuse: 19, idle: 43, sys: 62, released: 31, consumed: 31 (MB)
scvg: 0 MB released
scvg: inuse: 19, idle: 43, sys: 62, released: 31, consumed: 31 (MB)
scvg: 0 MB released
scvg: inuse: 19, idle: 43, sys: 62, released: 31, consumed: 31 (MB)
scvg: 0 MB released
scvg: inuse: 19, idle: 43, sys: 62, released: 31, consumed: 31 (MB)
scvg: 0 MB released
scvg: inuse: 19, idle: 43, sys: 62, released: 31, consumed: 31 (MB)
scvg: 0 MB released
scvg: inuse: 19, idle: 43, sys: 62, released: 31, consumed: 31 (MB)
scvg: 0 MB released
scvg: inuse: 19, idle: 43, sys: 62, released: 31, consumed: 31 (MB)
scvg: 0 MB released
scvg: inuse: 19, idle: 43, sys: 62, released: 31, consumed: 31 (MB)
scvg: 0 MB released
scvg: inuse: 19, idle: 43, sys: 62, released: 31, consumed: 31 (MB)
scvg: 0 MB released
scvg: inuse: 19, idle: 43, sys: 62, released: 31, consumed: 31 (MB)
scvg: 0 MB released
scvg: inuse: 19, idle: 43, sys: 62, released: 31, consumed: 31 (MB)
scvg: 0 MB released
scvg: inuse: 19, idle: 43, sys: 62, released: 31, consumed: 31 (MB)
scvg: 0 MB released
scvg: inuse: 19, idle: 43, sys: 62, released: 31, consumed: 31 (MB)
scvg: 0 MB released
scvg: inuse: 19, idle: 43, sys: 62, released: 31, consumed: 31 (MB)
scvg: 0 MB released
scvg: inuse: 19, idle: 43, sys: 62, released: 31, consumed: 31 (MB)
scvg: 0 MB released
scvg: inuse: 19, idle: 43, sys: 62, released: 31, consumed: 31 (MB)
scvg: 0 MB released
scvg: inuse: 19, idle: 43, sys: 62, released: 31, consumed: 31 (MB)
scvg: 0 MB released
scvg: inuse: 19, idle: 43, sys: 62, released: 31, consumed: 31 (MB)
scvg: 0 MB released
scvg: inuse: 19, idle: 43, sys: 62, released: 31, consumed: 31 (MB)
scvg: 0 MB released
scvg: inuse: 19, idle: 43, sys: 62, released: 31, consumed: 31 (MB)
scvg: 0 MB released
scvg: inuse: 19, idle: 43, sys: 62, released: 31, consumed: 31 (MB)
scvg: 0 MB released
scvg: inuse: 19, idle: 43, sys: 62, released: 31, consumed: 31 (MB)
scvg: 0 MB released
scvg: inuse: 19, idle: 43, sys: 62, released: 31, consumed: 31 (MB)
scvg: 0 MB released
scvg: inuse: 19, idle: 43, sys: 62, released: 31, consumed: 31 (MB)
scvg: 0 MB released
scvg: inuse: 19, idle: 43, sys: 62, released: 31, consumed: 31 (MB)
scvg: 0 MB released
scvg: inuse: 19, idle: 43, sys: 62, released: 31, consumed: 31 (MB)
scvg: 0 MB released
scvg: inuse: 19, idle: 43, sys: 62, released: 31, consumed: 31 (MB)
scvg: 0 MB released
scvg: inuse: 19, idle: 43, sys: 62, released: 31, consumed: 31 (MB)
scvg: 0 MB released
scvg: inuse: 19, idle: 43, sys: 62, released: 31, consumed: 31 (MB)
scvg: 0 MB released
scvg: inuse: 19, idle: 43, sys: 62, released: 31, consumed: 31 (MB)
scvg: 0 MB released
scvg: inuse: 19, idle: 43, sys: 62, released: 31, consumed: 31 (MB)
scvg: 0 MB released
scvg: inuse: 19, idle: 43, sys: 62, released: 31, consumed: 31 (MB)
scvg: 0 MB released
scvg: inuse: 19, idle: 43, sys: 62, released: 31, consumed: 31 (MB)
scvg: 0 MB released
scvg: inuse: 19, idle: 43, sys: 62, released: 31, consumed: 31 (MB)
scvg: 0 MB released
scvg: inuse: 19, idle: 43, sys: 62, released: 31, consumed: 30 (MB)
scvg: 0 MB released
scvg: inuse: 19, idle: 43, sys: 62, released: 31, consumed: 30 (MB)
scvg: 0 MB released
scvg: inuse: 19, idle: 43, sys: 62, released: 31, consumed: 30 (MB)
scvg: 0 MB released
scvg: inuse: 19, idle: 43, sys: 62, released: 31, consumed: 30 (MB)
scvg: 0 MB released
scvg: inuse: 19, idle: 43, sys: 62, released: 31, consumed: 30 (MB)
scvg: 0 MB released
scvg: inuse: 19, idle: 43, sys: 62, released: 31, consumed: 30 (MB)
scvg: 0 MB released
scvg: inuse: 19, idle: 43, sys: 62, released: 31, consumed: 30 (MB)
scvg: 0 MB released
scvg: inuse: 19, idle: 43, sys: 62, released: 31, consumed: 30 (MB)
scvg: 0 MB released
scvg: inuse: 19, idle: 43, sys: 62, released: 31, consumed: 30 (MB)
scvg: 0 MB released
scvg: inuse: 19, idle: 43, sys: 62, released: 31, consumed: 30 (MB)
scvg: 0 MB released
scvg: inuse: 19, idle: 43, sys: 62, released: 31, consumed: 30 (MB)
scvg: 0 MB released
scvg: inuse: 19, idle: 43, sys: 62, released: 31, consumed: 30 (MB)
scvg: 0 MB released
scvg: inuse: 19, idle: 43, sys: 62, released: 31, consumed: 30 (MB)
scvg: 0 MB released
scvg: inuse: 19, idle: 43, sys: 62, released: 31, consumed: 30 (MB)
scvg: 0 MB released
scvg: inuse: 19, idle: 43, sys: 62, released: 31, consumed: 30 (MB)
scvg: 0 MB released
scvg: inuse: 19, idle: 43, sys: 62, released: 31, consumed: 30 (MB)
scvg: 0 MB released
scvg: inuse: 19, idle: 43, sys: 62, released: 31, consumed: 30 (MB)
scvg: 0 MB released
scvg: inuse: 19, idle: 43, sys: 62, released: 31, consumed: 30 (MB)
scvg: 0 MB released
scvg: inuse: 19, idle: 43, sys: 62, released: 31, consumed: 30 (MB)
scvg: 0 MB released
scvg: inuse: 19, idle: 43, sys: 62, released: 31, consumed: 30 (MB)
scvg: 0 MB released
scvg: inuse: 19, idle: 43, sys: 62, released: 31, consumed: 30 (MB)
scvg: 0 MB released
scvg: inuse: 19, idle: 43, sys: 62, released: 31, consumed: 30 (MB)
scvg: 0 MB released
scvg: inuse: 19, idle: 43, sys: 62, released: 31, consumed: 30 (MB)
scvg: 0 MB released
scvg: inuse: 19, idle: 43, sys: 62, released: 31, consumed: 30 (MB)
scvg: 0 MB released
scvg: inuse: 19, idle: 43, sys: 62, released: 31, consumed: 30 (MB)
scvg: 0 MB released
scvg: inuse: 19, idle: 43, sys: 62, released: 31, consumed: 30 (MB)
scvg: 0 MB released
scvg: inuse: 19, idle: 43, sys: 62, released: 31, consumed: 30 (MB)
scvg: 0 MB released
scvg: inuse: 19, idle: 43, sys: 62, released: 31, consumed: 30 (MB)
scvg: 0 MB released
scvg: inuse: 19, idle: 43, sys: 62, released: 31, consumed: 30 (MB)
scvg: 0 MB released
scvg: inuse: 19, idle: 43, sys: 62, released: 31, consumed: 30 (MB)
scvg: 0 MB released
scvg: inuse: 19, idle: 43, sys: 62, released: 31, consumed: 30 (MB)
scvg: 0 MB released
scvg: inuse: 19, idle: 43, sys: 62, released: 31, consumed: 30 (MB)
scvg: 0 MB released
scvg: inuse: 19, idle: 43, sys: 62, released: 31, consumed: 30 (MB)
scvg: 0 MB released
scvg: inuse: 19, idle: 43, sys: 62, released: 31, consumed: 30 (MB)
scvg: 0 MB released
scvg: inuse: 19, idle: 43, sys: 62, released: 31, consumed: 30 (MB)
scvg: 0 MB released
scvg: inuse: 19, idle: 43, sys: 62, released: 31, consumed: 30 (MB)
scvg: 0 MB released
scvg: inuse: 19, idle: 43, sys: 62, released: 31, consumed: 30 (MB)
scvg: 0 MB released
scvg: inuse: 19, idle: 43, sys: 62, released: 31, consumed: 30 (MB)
scvg: 0 MB released
scvg: inuse: 19, idle: 43, sys: 62, released: 31, consumed: 30 (MB)
scvg: 0 MB released
scvg: inuse: 19, idle: 43, sys: 62, released: 31, consumed: 30 (MB)
scvg: 0 MB released
scvg: inuse: 19, idle: 43, sys: 62, released: 31, consumed: 30 (MB)
scvg: 0 MB released
scvg: inuse: 19, idle: 43, sys: 62, released: 31, consumed: 30 (MB)
scvg: 0 MB released
scvg: inuse: 19, idle: 43, sys: 62, released: 31, consumed: 30 (MB)
scvg: 0 MB released
scvg: inuse: 19, idle: 43, sys: 62, released: 31, consumed: 30 (MB)
scvg: 0 MB released
scvg: inuse: 19, idle: 43, sys: 62, released: 31, consumed: 30 (MB)
scvg: 0 MB released
scvg: inuse: 19, idle: 43, sys: 62, released: 31, consumed: 30 (MB)
scvg: 0 MB released
scvg: inuse: 19, idle: 43, sys: 62, released: 31, consumed: 30 (MB)
scvg: 0 MB released
scvg: inuse: 19, idle: 43, sys: 62, released: 31, consumed: 30 (MB)
scvg: 0 MB released
scvg: inuse: 19, idle: 43, sys: 62, released: 31, consumed: 30 (MB)
scvg: 0 MB released
scvg: inuse: 19, idle: 43, sys: 62, released: 31, consumed: 30 (MB)
scvg: 0 MB released
scvg: inuse: 19, idle: 43, sys: 62, released: 31, consumed: 30 (MB)
scvg: 0 MB released
scvg: inuse: 19, idle: 43, sys: 62, released: 31, consumed: 30 (MB)
scvg: 0 MB released
scvg: inuse: 19, idle: 43, sys: 62, released: 31, consumed: 30 (MB)
scvg: 0 MB released
scvg: inuse: 19, idle: 43, sys: 62, released: 31, consumed: 30 (MB)
scvg: 0 MB released
scvg: inuse: 19, idle: 43, sys: 62, released: 31, consumed: 30 (MB)
scvg: 0 MB released
scvg: inuse: 19, idle: 43, sys: 62, released: 31, consumed: 30 (MB)
scvg: 0 MB released
scvg: inuse: 19, idle: 43, sys: 62, released: 31, consumed: 30 (MB)
scvg: 0 MB released
scvg: inuse: 19, idle: 43, sys: 62, released: 31, consumed: 30 (MB)
scvg: 0 MB released
scvg: inuse: 19, idle: 43, sys: 62, released: 31, consumed: 30 (MB)
scvg: 0 MB released
scvg: inuse: 19, idle: 43, sys: 62, released: 31, consumed: 30 (MB)
scvg: 0 MB released
scvg: inuse: 19, idle: 43, sys: 62, released: 31, consumed: 30 (MB)
scvg: 0 MB released
scvg: inuse: 19, idle: 43, sys: 62, released: 31, consumed: 30 (MB)
scvg: 0 MB released
scvg: inuse: 19, idle: 43, sys: 62, released: 31, consumed: 30 (MB)
scvg: 0 MB released
scvg: inuse: 19, idle: 43, sys: 62, released: 31, consumed: 30 (MB)
scvg: 0 MB released
scvg: inuse: 19, idle: 43, sys: 62, released: 31, consumed: 30 (MB)
scvg: 0 MB released
scvg: inuse: 19, idle: 43, sys: 62, released: 31, consumed: 30 (MB)
scvg: 0 MB released
scvg: inuse: 19, idle: 43, sys: 62, released: 31, consumed: 30 (MB)
scvg: 0 MB released
scvg: inuse: 19, idle: 43, sys: 62, released: 31, consumed: 30 (MB)
scvg: 0 MB released
scvg: inuse: 19, idle: 43, sys: 62, released: 31, consumed: 30 (MB)
scvg: 0 MB released
scvg: inuse: 19, idle: 43, sys: 62, released: 31, consumed: 30 (MB)
scvg: 0 MB released
scvg: inuse: 19, idle: 43, sys: 62, released: 31, consumed: 30 (MB)
scvg: 0 MB released
scvg: inuse: 19, idle: 43, sys: 62, released: 31, consumed: 30 (MB)
scvg: 0 MB released
scvg: inuse: 19, idle: 43, sys: 62, released: 31, consumed: 30 (MB)
scvg: 0 MB released
scvg: inuse: 19, idle: 43, sys: 62, released: 31, consumed: 30 (MB)
scvg: 0 MB released
scvg: inuse: 19, idle: 43, sys: 62, released: 31, consumed: 30 (MB)
scvg: 0 MB released
scvg: inuse: 19, idle: 43, sys: 62, released: 31, consumed: 30 (MB)
scvg: 0 MB released
scvg: inuse: 19, idle: 43, sys: 62, released: 31, consumed: 30 (MB)
scvg: 0 MB released
scvg: inuse: 19, idle: 43, sys: 62, released: 31, consumed: 30 (MB)
scvg: 0 MB released
scvg: inuse: 19, idle: 43, sys: 62, released: 31, consumed: 30 (MB)
scvg: 0 MB released
scvg: inuse: 19, idle: 43, sys: 62, released: 31, consumed: 30 (MB)
scvg: 0 MB released
scvg: inuse: 19, idle: 43, sys: 62, released: 31, consumed: 30 (MB)
scvg: 0 MB released
scvg: inuse: 19, idle: 43, sys: 62, released: 31, consumed: 30 (MB)
scvg: 0 MB released
scvg: inuse: 19, idle: 43, sys: 62, released: 31, consumed: 30 (MB)
scvg: 0 MB released
scvg: inuse: 19, idle: 43, sys: 62, released: 32, consumed: 30 (MB)
scvg: 0 MB released
scvg: inuse: 19, idle: 43, sys: 62, released: 32, consumed: 30 (MB)
scvg: 0 MB released
scvg: inuse: 19, idle: 43, sys: 62, released: 32, consumed: 30 (MB)
scvg: 0 MB released
scvg: inuse: 19, idle: 43, sys: 62, released: 32, consumed: 30 (MB)
scvg: 0 MB released
scvg: inuse: 19, idle: 43, sys: 62, released: 32, consumed: 30 (MB)
scvg: 0 MB released
scvg: inuse: 19, idle: 43, sys: 62, released: 32, consumed: 30 (MB)
scvg: 0 MB released
scvg: inuse: 19, idle: 43, sys: 62, released: 32, consumed: 30 (MB)
scvg: 0 MB released
scvg: inuse: 19, idle: 43, sys: 62, released: 32, consumed: 30 (MB)
scvg: 0 MB released
scvg: inuse: 19, idle: 43, sys: 62, released: 32, consumed: 30 (MB)
scvg: 0 MB released
scvg: inuse: 19, idle: 43, sys: 62, released: 32, consumed: 30 (MB)
scvg: 0 MB released
scvg: inuse: 19, idle: 43, sys: 62, released: 32, consumed: 30 (MB)
scvg: 0 MB released
scvg: inuse: 19, idle: 43, sys: 62, released: 32, consumed: 30 (MB)
scvg: 0 MB released
scvg: inuse: 19, idle: 43, sys: 62, released: 32, consumed: 30 (MB)
scvg: 0 MB released
scvg: inuse: 19, idle: 43, sys: 62, released: 32, consumed: 30 (MB)
scvg: 0 MB released
scvg: inuse: 19, idle: 43, sys: 62, released: 32, consumed: 30 (MB)
scvg: 0 MB released
scvg: inuse: 19, idle: 43, sys: 62, released: 32, consumed: 30 (MB)
scvg: 0 MB released
scvg: inuse: 19, idle: 43, sys: 62, released: 32, consumed: 30 (MB)
scvg: 0 MB released
scvg: inuse: 19, idle: 43, sys: 62, released: 32, consumed: 30 (MB)
scvg: 0 MB released
scvg: inuse: 19, idle: 43, sys: 62, released: 32, consumed: 30 (MB)
scvg: 0 MB released
scvg: inuse: 19, idle: 43, sys: 62, released: 32, consumed: 30 (MB)
scvg: 0 MB released
scvg: inuse: 19, idle: 43, sys: 62, released: 32, consumed: 30 (MB)
scvg: 0 MB released
scvg: inuse: 19, idle: 43, sys: 62, released: 32, consumed: 30 (MB)
scvg: 0 MB released
scvg: inuse: 19, idle: 43, sys: 62, released: 32, consumed: 30 (MB)
scvg: 0 MB released
scvg: inuse: 19, idle: 43, sys: 62, released: 32, consumed: 30 (MB)
scvg: 0 MB released
scvg: inuse: 19, idle: 43, sys: 62, released: 32, consumed: 30 (MB)
scvg: 0 MB released
scvg: inuse: 19, idle: 43, sys: 62, released: 32, consumed: 30 (MB)
scvg: 0 MB released
scvg: inuse: 19, idle: 43, sys: 62, released: 32, consumed: 30 (MB)
scvg: 0 MB released
scvg: inuse: 19, idle: 43, sys: 62, released: 32, consumed: 30 (MB)
scvg: 0 MB released
scvg: inuse: 19, idle: 43, sys: 62, released: 32, consumed: 30 (MB)
scvg: 0 MB released
scvg: inuse: 19, idle: 43, sys: 62, released: 32, consumed: 30 (MB)
scvg: 0 MB released
scvg: inuse: 19, idle: 43, sys: 62, released: 32, consumed: 30 (MB)
scvg: 0 MB released
scvg: inuse: 19, idle: 43, sys: 62, released: 32, consumed: 30 (MB)
scvg: 0 MB released
scvg: inuse: 19, idle: 43, sys: 62, released: 32, consumed: 30 (MB)
scvg: 0 MB released
scvg: inuse: 19, idle: 43, sys: 62, released: 32, consumed: 30 (MB)
scvg: 0 MB released
scvg: inuse: 19, idle: 43, sys: 62, released: 32, consumed: 30 (MB)
scvg: 0 MB released
scvg: inuse: 19, idle: 43, sys: 62, released: 32, consumed: 30 (MB)
scvg: 0 MB released
scvg: inuse: 19, idle: 43, sys: 62, released: 32, consumed: 30 (MB)
scvg: 0 MB released
scvg: inuse: 19, idle: 43, sys: 62, released: 32, consumed: 30 (MB)
scvg: 0 MB released
scvg: inuse: 19, idle: 43, sys: 62, released: 32, consumed: 30 (MB)
scvg: 0 MB released
scvg: inuse: 19, idle: 43, sys: 62, released: 32, consumed: 30 (MB)
scvg: 0 MB released
scvg: inuse: 19, idle: 43, sys: 62, released: 32, consumed: 30 (MB)
scvg: 0 MB released
scvg: inuse: 19, idle: 43, sys: 62, released: 32, consumed: 30 (MB)
scvg: 0 MB released
scvg: inuse: 19, idle: 43, sys: 62, released: 32, consumed: 30 (MB)
scvg: 0 MB released
scvg: inuse: 19, idle: 43, sys: 62, released: 32, consumed: 30 (MB)
scvg: 0 MB released
scvg: inuse: 19, idle: 43, sys: 62, released: 32, consumed: 30 (MB)
scvg: 0 MB released
scvg: inuse: 19, idle: 43, sys: 62, released: 32, consumed: 29 (MB)
scvg: 0 MB released
scvg: inuse: 19, idle: 43, sys: 62, released: 32, consumed: 29 (MB)
scvg: 0 MB released
scvg: inuse: 19, idle: 43, sys: 62, released: 32, consumed: 29 (MB)
scvg: 0 MB released
scvg: inuse: 19, idle: 43, sys: 62, released: 32, consumed: 29 (MB)
scvg: 0 MB released
scvg: inuse: 19, idle: 43, sys: 62, released: 32, consumed: 29 (MB)
scvg: 0 MB released
scvg: inuse: 19, idle: 43, sys: 62, released: 32, consumed: 29 (MB)
scvg: 0 MB released
scvg: inuse: 19, idle: 43, sys: 62, released: 32, consumed: 29 (MB)
scvg: 0 MB released
scvg: inuse: 19, idle: 43, sys: 62, released: 32, consumed: 29 (MB)
scvg: 0 MB released
scvg: inuse: 19, idle: 43, sys: 62, released: 32, consumed: 29 (MB)
scvg: 0 MB released
scvg: inuse: 19, idle: 43, sys: 62, released: 32, consumed: 29 (MB)
scvg: 0 MB released
scvg: inuse: 19, idle: 43, sys: 62, released: 32, consumed: 29 (MB)
scvg: 0 MB released
scvg: inuse: 19, idle: 43, sys: 62, released: 32, consumed: 29 (MB)
scvg: 0 MB released
scvg: inuse: 19, idle: 43, sys: 62, released: 32, consumed: 29 (MB)
scvg: 0 MB released
scvg: inuse: 19, idle: 43, sys: 62, released: 32, consumed: 29 (MB)
scvg: 0 MB released
scvg: inuse: 19, idle: 43, sys: 62, released: 32, consumed: 29 (MB)
scvg: 0 MB released
scvg: inuse: 19, idle: 43, sys: 62, released: 32, consumed: 29 (MB)
scvg: 0 MB released
scvg: inuse: 19, idle: 43, sys: 62, released: 32, consumed: 29 (MB)
scvg: 0 MB released
scvg: inuse: 19, idle: 43, sys: 62, released: 32, consumed: 29 (MB)
scvg: 0 MB released
scvg: inuse: 19, idle: 43, sys: 62, released: 32, consumed: 29 (MB)
scvg: 0 MB released
scvg: inuse: 19, idle: 43, sys: 62, released: 32, consumed: 29 (MB)
scvg: 0 MB released
scvg: inuse: 19, idle: 43, sys: 62, released: 32, consumed: 29 (MB)
scvg: 0 MB released
scvg: inuse: 19, idle: 43, sys: 62, released: 32, consumed: 29 (MB)
scvg: 0 MB released
scvg: inuse: 19, idle: 43, sys: 62, released: 32, consumed: 29 (MB)
scvg: 0 MB released
scvg: inuse: 19, idle: 43, sys: 62, released: 32, consumed: 29 (MB)
scvg: 0 MB released
scvg: inuse: 19, idle: 43, sys: 62, released: 32, consumed: 29 (MB)
scvg: 0 MB released
scvg: inuse: 19, idle: 43, sys: 62, released: 32, consumed: 29 (MB)
scvg: 0 MB released
scvg: inuse: 19, idle: 43, sys: 62, released: 32, consumed: 29 (MB)
scvg: 0 MB released
scvg: inuse: 19, idle: 43, sys: 62, released: 32, consumed: 29 (MB)
scvg: 0 MB released
scvg: inuse: 19, idle: 43, sys: 62, released: 32, consumed: 29 (MB)
scvg: 0 MB released
scvg: inuse: 19, idle: 43, sys: 62, released: 32, consumed: 29 (MB)
scvg: 0 MB released
scvg: inuse: 19, idle: 43, sys: 62, released: 32, consumed: 29 (MB)
scvg: 0 MB released
scvg: inuse: 19, idle: 43, sys: 62, released: 32, consumed: 29 (MB)
scvg: 0 MB released
scvg: inuse: 19, idle: 43, sys: 62, released: 32, consumed: 29 (MB)
scvg: 0 MB released
scvg: inuse: 19, idle: 43, sys: 62, released: 32, consumed: 29 (MB)
scvg: 0 MB released
scvg: inuse: 19, idle: 43, sys: 62, released: 32, consumed: 29 (MB)
scvg: 0 MB released
scvg: inuse: 19, idle: 43, sys: 62, released: 32, consumed: 29 (MB)
scvg: 0 MB released
scvg: inuse: 19, idle: 43, sys: 62, released: 32, consumed: 29 (MB)
scvg: 0 MB released
scvg: inuse: 19, idle: 43, sys: 62, released: 32, consumed: 29 (MB)
scvg: 0 MB released
scvg: inuse: 19, idle: 43, sys: 62, released: 32, consumed: 29 (MB)
scvg: 0 MB released
scvg: inuse: 19, idle: 43, sys: 62, released: 32, consumed: 29 (MB)
scvg: 0 MB released
scvg: inuse: 19, idle: 43, sys: 62, released: 32, consumed: 29 (MB)
scvg: 0 MB released
scvg: inuse: 19, idle: 43, sys: 62, released: 32, consumed: 29 (MB)
scvg: 0 MB released
scvg: inuse: 19, idle: 43, sys: 62, released: 32, consumed: 29 (MB)
scvg: 0 MB released
scvg: inuse: 19, idle: 43, sys: 62, released: 32, consumed: 29 (MB)
scvg: 0 MB released
scvg: inuse: 19, idle: 43, sys: 62, released: 32, consumed: 29 (MB)
scvg: 0 MB released
scvg: inuse: 19, idle: 43, sys: 62, released: 32, consumed: 29 (MB)
scvg: 0 MB released
scvg: inuse: 19, idle: 43, sys: 62, released: 32, consumed: 29 (MB)
scvg: 0 MB released
scvg: inuse: 19, idle: 43, sys: 62, released: 32, consumed: 29 (MB)
scvg: 0 MB released
scvg: inuse: 19, idle: 43, sys: 62, released: 32, consumed: 29 (MB)
scvg: 0 MB released
scvg: inuse: 19, idle: 43, sys: 62, released: 32, consumed: 29 (MB)
scvg: 0 MB released
scvg: inuse: 19, idle: 43, sys: 62, released: 32, consumed: 29 (MB)
scvg: 0 MB released
scvg: inuse: 19, idle: 43, sys: 62, released: 32, consumed: 29 (MB)
scvg: 0 MB released
scvg: inuse: 19, idle: 43, sys: 62, released: 32, consumed: 29 (MB)
scvg: 0 MB released
scvg: inuse: 19, idle: 43, sys: 62, released: 32, consumed: 29 (MB)
scvg: 0 MB released
scvg: inuse: 19, idle: 43, sys: 62, released: 32, consumed: 29 (MB)
scvg: 0 MB released
scvg: inuse: 19, idle: 43, sys: 62, released: 32, consumed: 29 (MB)
scvg: 0 MB released
scvg: inuse: 19, idle: 43, sys: 62, released: 32, consumed: 29 (MB)
scvg: 0 MB released
scvg: inuse: 19, idle: 43, sys: 62, released: 32, consumed: 29 (MB)
scvg: 0 MB released
scvg: inuse: 19, idle: 43, sys: 62, released: 32, consumed: 29 (MB)
scvg: 0 MB released
scvg: inuse: 19, idle: 43, sys: 62, released: 32, consumed: 29 (MB)
scvg: 0 MB released
scvg: inuse: 19, idle: 43, sys: 62, released: 32, consumed: 29 (MB)
scvg: 0 MB released
scvg: inuse: 19, idle: 43, sys: 62, released: 32, consumed: 29 (MB)
scvg: 0 MB released
scvg: inuse: 19, idle: 43, sys: 62, released: 32, consumed: 29 (MB)
scvg: 0 MB released
scvg: inuse: 19, idle: 43, sys: 62, released: 32, consumed: 29 (MB)
scvg: 0 MB released
scvg: inuse: 19, idle: 43, sys: 62, released: 32, consumed: 29 (MB)
scvg: 0 MB released
scvg: inuse: 19, idle: 43, sys: 62, released: 32, consumed: 29 (MB)
scvg: 0 MB released
scvg: inuse: 19, idle: 43, sys: 62, released: 32, consumed: 29 (MB)
scvg: 0 MB released
scvg: inuse: 19, idle: 43, sys: 62, released: 32, consumed: 29 (MB)
scvg: 0 MB released
scvg: inuse: 19, idle: 43, sys: 62, released: 32, consumed: 29 (MB)
scvg: 0 MB released
scvg: inuse: 19, idle: 43, sys: 62, released: 32, consumed: 29 (MB)
scvg: 0 MB released
scvg: inuse: 19, idle: 43, sys: 62, released: 32, consumed: 29 (MB)
scvg: 0 MB released
scvg: inuse: 19, idle: 43, sys: 62, released: 32, consumed: 29 (MB)
scvg: 0 MB released
scvg: inuse: 19, idle: 43, sys: 62, released: 32, consumed: 29 (MB)
scvg: 0 MB released
scvg: inuse: 19, idle: 43, sys: 62, released: 32, consumed: 29 (MB)
scvg: 0 MB released
scvg: inuse: 19, idle: 43, sys: 62, released: 32, consumed: 29 (MB)
scvg: 0 MB released
scvg: inuse: 19, idle: 43, sys: 62, released: 32, consumed: 29 (MB)
scvg: 0 MB released
scvg: inuse: 19, idle: 43, sys: 62, released: 32, consumed: 29 (MB)
scvg: 0 MB released
scvg: inuse: 19, idle: 43, sys: 62, released: 32, consumed: 29 (MB)
scvg: 0 MB released
scvg: inuse: 19, idle: 43, sys: 62, released: 32, consumed: 29 (MB)
scvg: 0 MB released
scvg: inuse: 19, idle: 43, sys: 62, released: 32, consumed: 29 (MB)
scvg: 0 MB released
scvg: inuse: 19, idle: 43, sys: 62, released: 32, consumed: 29 (MB)
scvg: 0 MB released
scvg: inuse: 19, idle: 43, sys: 62, released: 32, consumed: 29 (MB)
scvg: 0 MB released
scvg: inuse: 19, idle: 43, sys: 62, released: 32, consumed: 29 (MB)
scvg: 0 MB released
scvg: inuse: 19, idle: 43, sys: 62, released: 33, consumed: 29 (MB)
scvg: 0 MB released
scvg: inuse: 19, idle: 43, sys: 62, released: 33, consumed: 29 (MB)
scvg: 0 MB released
scvg: inuse: 19, idle: 43, sys: 62, released: 33, consumed: 29 (MB)
scvg: 0 MB released
scvg: inuse: 19, idle: 43, sys: 62, released: 33, consumed: 29 (MB)
scvg: 0 MB released
scvg: inuse: 19, idle: 43, sys: 62, released: 33, consumed: 29 (MB)
scvg: 0 MB released
scvg: inuse: 19, idle: 43, sys: 62, released: 33, consumed: 29 (MB)
scvg: 0 MB released
scvg: inuse: 19, idle: 43, sys: 62, released: 33, consumed: 29 (MB)
scvg: 0 MB released
scvg: inuse: 19, idle: 43, sys: 62, released: 33, consumed: 29 (MB)
scvg: 0 MB released
scvg: inuse: 19, idle: 43, sys: 62, released: 33, consumed: 29 (MB)
scvg: 0 MB released
scvg: inuse: 19, idle: 43, sys: 62, released: 33, consumed: 29 (MB)
scvg: 0 MB released
scvg: inuse: 19, idle: 43, sys: 62, released: 33, consumed: 29 (MB)
scvg: 0 MB released
scvg: inuse: 19, idle: 43, sys: 62, released: 33, consumed: 29 (MB)
scvg: 0 MB released
scvg: inuse: 19, idle: 43, sys: 62, released: 33, consumed: 29 (MB)
scvg: 0 MB released
scvg: inuse: 19, idle: 43, sys: 62, released: 33, consumed: 29 (MB)
scvg: 0 MB released
scvg: inuse: 19, idle: 43, sys: 62, released: 33, consumed: 29 (MB)
scvg: 0 MB released
scvg: inuse: 19, idle: 43, sys: 62, released: 33, consumed: 29 (MB)
scvg: 0 MB released
scvg: inuse: 19, idle: 43, sys: 62, released: 33, consumed: 29 (MB)
scvg: 0 MB released
scvg: inuse: 19, idle: 43, sys: 62, released: 33, consumed: 29 (MB)
scvg: 0 MB released
scvg: inuse: 19, idle: 43, sys: 62, released: 33, consumed: 29 (MB)
scvg: 0 MB released
scvg: inuse: 19, idle: 43, sys: 62, released: 33, consumed: 29 (MB)
scvg: 0 MB released
scvg: inuse: 19, idle: 43, sys: 62, released: 33, consumed: 29 (MB)
scvg: 0 MB released
scvg: inuse: 19, idle: 43, sys: 62, released: 33, consumed: 29 (MB)
scvg: 0 MB released
scvg: inuse: 19, idle: 43, sys: 62, released: 33, consumed: 29 (MB)
scvg: 0 MB released
scvg: inuse: 19, idle: 43, sys: 62, released: 33, consumed: 29 (MB)
scvg: 0 MB released
scvg: inuse: 19, idle: 43, sys: 62, released: 33, consumed: 29 (MB)
scvg: 0 MB released
scvg: inuse: 19, idle: 43, sys: 62, released: 33, consumed: 29 (MB)
scvg: 0 MB released
scvg: inuse: 19, idle: 43, sys: 62, released: 33, consumed: 29 (MB)
scvg: 0 MB released
scvg: inuse: 19, idle: 43, sys: 62, released: 33, consumed: 29 (MB)
scvg: 0 MB released
scvg: inuse: 19, idle: 43, sys: 62, released: 33, consumed: 29 (MB)
scvg: 0 MB released
scvg: inuse: 19, idle: 43, sys: 62, released: 33, consumed: 29 (MB)
scvg: 0 MB released
scvg: inuse: 19, idle: 43, sys: 62, released: 33, consumed: 29 (MB)
scvg: 0 MB released
scvg: inuse: 19, idle: 43, sys: 62, released: 33, consumed: 29 (MB)
scvg: 0 MB released
scvg: inuse: 19, idle: 43, sys: 62, released: 33, consumed: 29 (MB)
scvg: 0 MB released
scvg: inuse: 19, idle: 43, sys: 62, released: 33, consumed: 29 (MB)
scvg: 0 MB released
scvg: inuse: 19, idle: 43, sys: 62, released: 33, consumed: 29 (MB)
scvg: 0 MB released
scvg: inuse: 19, idle: 43, sys: 62, released: 33, consumed: 29 (MB)
scvg: 0 MB released
scvg: inuse: 19, idle: 43, sys: 62, released: 33, consumed: 29 (MB)
scvg: 0 MB released
scvg: inuse: 19, idle: 43, sys: 62, released: 33, consumed: 29 (MB)
scvg: 0 MB released
scvg: inuse: 19, idle: 43, sys: 62, released: 33, consumed: 29 (MB)
scvg: 0 MB released
scvg: inuse: 19, idle: 43, sys: 62, released: 33, consumed: 29 (MB)
scvg: 0 MB released
scvg: inuse: 19, idle: 43, sys: 62, released: 33, consumed: 29 (MB)
scvg: 0 MB released
scvg: inuse: 19, idle: 43, sys: 62, released: 33, consumed: 29 (MB)
scvg: 0 MB released
scvg: inuse: 19, idle: 43, sys: 62, released: 33, consumed: 29 (MB)
scvg: 0 MB released
scvg: inuse: 19, idle: 43, sys: 62, released: 33, consumed: 29 (MB)
scvg: 0 MB released
scvg: inuse: 19, idle: 43, sys: 62, released: 33, consumed: 29 (MB)
scvg: 0 MB released
scvg: inuse: 19, idle: 43, sys: 62, released: 33, consumed: 28 (MB)
scvg: 0 MB released
scvg: inuse: 19, idle: 43, sys: 62, released: 33, consumed: 28 (MB)
scvg: 0 MB released
scvg: inuse: 19, idle: 43, sys: 62, released: 33, consumed: 28 (MB)
scvg: 0 MB released
scvg: inuse: 19, idle: 43, sys: 62, released: 33, consumed: 28 (MB)
scvg: 0 MB released
scvg: inuse: 19, idle: 43, sys: 62, released: 33, consumed: 28 (MB)
scvg: 0 MB released
scvg: inuse: 19, idle: 43, sys: 62, released: 33, consumed: 28 (MB)
scvg: 0 MB released
scvg: inuse: 19, idle: 43, sys: 62, released: 33, consumed: 28 (MB)
scvg: 0 MB released
scvg: inuse: 19, idle: 43, sys: 62, released: 33, consumed: 28 (MB)
scvg: 0 MB released
scvg: inuse: 19, idle: 43, sys: 62, released: 33, consumed: 28 (MB)
scvg: 0 MB released
scvg: inuse: 19, idle: 43, sys: 62, released: 33, consumed: 28 (MB)
scvg: 0 MB released
scvg: inuse: 19, idle: 43, sys: 62, released: 33, consumed: 28 (MB)
scvg: 0 MB released
scvg: inuse: 19, idle: 43, sys: 62, released: 33, consumed: 28 (MB)
scvg: 0 MB released
scvg: inuse: 19, idle: 43, sys: 62, released: 33, consumed: 28 (MB)
scvg: 0 MB released
scvg: inuse: 19, idle: 43, sys: 62, released: 33, consumed: 28 (MB)
scvg: 0 MB released
scvg: inuse: 19, idle: 43, sys: 62, released: 33, consumed: 28 (MB)
scvg: 0 MB released
scvg: inuse: 19, idle: 43, sys: 62, released: 33, consumed: 28 (MB)
scvg: 0 MB released
scvg: inuse: 19, idle: 43, sys: 62, released: 33, consumed: 28 (MB)
scvg: 0 MB released
scvg: inuse: 19, idle: 43, sys: 62, released: 33, consumed: 28 (MB)
scvg: 0 MB released
scvg: inuse: 19, idle: 43, sys: 62, released: 33, consumed: 28 (MB)
scvg: 0 MB released
scvg: inuse: 19, idle: 43, sys: 62, released: 33, consumed: 28 (MB)
scvg: 0 MB released
scvg: inuse: 19, idle: 43, sys: 62, released: 33, consumed: 28 (MB)
scvg: 0 MB released
scvg: inuse: 19, idle: 43, sys: 62, released: 33, consumed: 28 (MB)
scvg: 0 MB released
scvg: inuse: 19, idle: 43, sys: 62, released: 33, consumed: 28 (MB)
scvg: 0 MB released
scvg: inuse: 19, idle: 43, sys: 62, released: 33, consumed: 28 (MB)
scvg: 0 MB released
scvg: inuse: 19, idle: 43, sys: 62, released: 33, consumed: 28 (MB)
scvg: 0 MB released
scvg: inuse: 19, idle: 43, sys: 62, released: 33, consumed: 28 (MB)
scvg: 0 MB released
scvg: inuse: 19, idle: 43, sys: 62, released: 33, consumed: 28 (MB)
scvg: 0 MB released
scvg: inuse: 19, idle: 43, sys: 62, released: 33, consumed: 28 (MB)
scvg: 0 MB released
scvg: inuse: 19, idle: 43, sys: 62, released: 33, consumed: 28 (MB)
scvg: 0 MB released
scvg: inuse: 19, idle: 43, sys: 62, released: 33, consumed: 28 (MB)
scvg: 0 MB released
scvg: inuse: 19, idle: 43, sys: 62, released: 33, consumed: 28 (MB)
scvg: 0 MB released
scvg: inuse: 19, idle: 43, sys: 62, released: 33, consumed: 28 (MB)
scvg: 0 MB released
scvg: inuse: 19, idle: 43, sys: 62, released: 33, consumed: 28 (MB)
scvg: 0 MB released
scvg: inuse: 19, idle: 43, sys: 62, released: 33, consumed: 28 (MB)
scvg: 0 MB released
scvg: inuse: 19, idle: 43, sys: 62, released: 33, consumed: 28 (MB)
scvg: 0 MB released
scvg: inuse: 19, idle: 43, sys: 62, released: 33, consumed: 28 (MB)
scvg: 0 MB released
scvg: inuse: 19, idle: 43, sys: 62, released: 33, consumed: 28 (MB)
scvg: 0 MB released
scvg: inuse: 19, idle: 43, sys: 62, released: 33, consumed: 28 (MB)
scvg: 0 MB released
scvg: inuse: 19, idle: 43, sys: 62, released: 33, consumed: 28 (MB)
scvg: 0 MB released
scvg: inuse: 19, idle: 43, sys: 62, released: 33, consumed: 28 (MB)
scvg: 0 MB released
scvg: inuse: 19, idle: 43, sys: 62, released: 33, consumed: 28 (MB)
scvg: 0 MB released
scvg: inuse: 19, idle: 43, sys: 62, released: 33, consumed: 28 (MB)
scvg: 0 MB released
scvg: inuse: 19, idle: 43, sys: 62, released: 33, consumed: 28 (MB)
scvg: 0 MB released
scvg: inuse: 19, idle: 43, sys: 62, released: 33, consumed: 28 (MB)
scvg: 0 MB released
scvg: inuse: 19, idle: 43, sys: 62, released: 33, consumed: 28 (MB)
scvg: 0 MB released
scvg: inuse: 19, idle: 43, sys: 62, released: 33, consumed: 28 (MB)
scvg: 0 MB released
scvg: inuse: 19, idle: 43, sys: 62, released: 33, consumed: 28 (MB)
scvg: 0 MB released
scvg: inuse: 19, idle: 43, sys: 62, released: 33, consumed: 28 (MB)
scvg: 0 MB released
scvg: inuse: 19, idle: 43, sys: 62, released: 33, consumed: 28 (MB)
scvg: 0 MB released
scvg: inuse: 19, idle: 43, sys: 62, released: 33, consumed: 28 (MB)
scvg: 0 MB released
scvg: inuse: 19, idle: 43, sys: 62, released: 33, consumed: 28 (MB)
scvg: 0 MB released
scvg: inuse: 19, idle: 43, sys: 62, released: 33, consumed: 28 (MB)
scvg: 0 MB released
scvg: inuse: 19, idle: 43, sys: 62, released: 33, consumed: 28 (MB)
scvg: 0 MB released
scvg: inuse: 19, idle: 43, sys: 62, released: 33, consumed: 28 (MB)
scvg: 0 MB released
scvg: inuse: 19, idle: 43, sys: 62, released: 33, consumed: 28 (MB)
scvg: 0 MB released
scvg: inuse: 19, idle: 43, sys: 62, released: 33, consumed: 28 (MB)
scvg: 0 MB released
scvg: inuse: 19, idle: 43, sys: 62, released: 33, consumed: 28 (MB)
scvg: 0 MB released
scvg: inuse: 19, idle: 43, sys: 62, released: 33, consumed: 28 (MB)
scvg: 0 MB released
scvg: inuse: 19, idle: 43, sys: 62, released: 33, consumed: 28 (MB)
scvg: 0 MB released
scvg: inuse: 19, idle: 43, sys: 62, released: 33, consumed: 28 (MB)
scvg: 0 MB released
scvg: inuse: 19, idle: 43, sys: 62, released: 33, consumed: 28 (MB)
scvg: 0 MB released
scvg: inuse: 19, idle: 43, sys: 62, released: 33, consumed: 28 (MB)
scvg: 0 MB released
scvg: inuse: 19, idle: 43, sys: 62, released: 33, consumed: 28 (MB)
scvg: 0 MB released
scvg: inuse: 19, idle: 43, sys: 62, released: 33, consumed: 28 (MB)
scvg: 0 MB released
scvg: inuse: 19, idle: 43, sys: 62, released: 33, consumed: 28 (MB)
scvg: 0 MB released
scvg: inuse: 19, idle: 43, sys: 62, released: 33, consumed: 28 (MB)
scvg: 0 MB released
scvg: inuse: 19, idle: 43, sys: 62, released: 33, consumed: 28 (MB)
scvg: 0 MB released
scvg: inuse: 19, idle: 43, sys: 62, released: 33, consumed: 28 (MB)
scvg: 0 MB released
scvg: inuse: 19, idle: 43, sys: 62, released: 33, consumed: 28 (MB)
scvg: 0 MB released
scvg: inuse: 19, idle: 43, sys: 62, released: 33, consumed: 28 (MB)
scvg: 0 MB released
scvg: inuse: 19, idle: 43, sys: 62, released: 33, consumed: 28 (MB)
scvg: 0 MB released
scvg: inuse: 19, idle: 43, sys: 62, released: 33, consumed: 28 (MB)
scvg: 0 MB released
scvg: inuse: 19, idle: 43, sys: 62, released: 33, consumed: 28 (MB)
scvg: 0 MB released
scvg: inuse: 19, idle: 43, sys: 62, released: 33, consumed: 28 (MB)
scvg: 0 MB released
scvg: inuse: 19, idle: 43, sys: 62, released: 33, consumed: 28 (MB)
scvg: 0 MB released
scvg: inuse: 19, idle: 43, sys: 62, released: 33, consumed: 28 (MB)
scvg: 0 MB released
scvg: inuse: 19, idle: 43, sys: 62, released: 33, consumed: 28 (MB)
scvg: 0 MB released
scvg: inuse: 19, idle: 43, sys: 62, released: 33, consumed: 28 (MB)
scvg: 0 MB released
scvg: inuse: 19, idle: 43, sys: 62, released: 33, consumed: 28 (MB)
scvg: 0 MB released
scvg: inuse: 19, idle: 43, sys: 62, released: 33, consumed: 28 (MB)
scvg: 0 MB released
scvg: inuse: 19, idle: 43, sys: 62, released: 33, consumed: 28 (MB)
scvg: 0 MB released
scvg: inuse: 19, idle: 43, sys: 62, released: 33, consumed: 28 (MB)
scvg: 0 MB released
scvg: inuse: 19, idle: 43, sys: 62, released: 33, consumed: 28 (MB)
scvg: 0 MB released
scvg: inuse: 19, idle: 43, sys: 62, released: 34, consumed: 28 (MB)
scvg: 0 MB released
scvg: inuse: 19, idle: 43, sys: 62, released: 34, consumed: 28 (MB)
scvg: 0 MB released
scvg: inuse: 19, idle: 43, sys: 62, released: 34, consumed: 28 (MB)
scvg: 0 MB released
scvg: inuse: 19, idle: 43, sys: 62, released: 34, consumed: 28 (MB)
scvg: 0 MB released
scvg: inuse: 19, idle: 43, sys: 62, released: 34, consumed: 28 (MB)
GC forced
gc 649 @74103.741s 0%: 0.009+4.2+0.007 ms clock, 0.077+0/4.8/1.2+0.061 ms cpu, 20->20->15 MB, 31 MB goal, 8 P
scvg: 0 MB released
scvg: inuse: 19, idle: 42, sys: 62, released: 34, consumed: 28 (MB)
scvg: 0 MB released
scvg: inuse: 18, idle: 43, sys: 62, released: 34, consumed: 28 (MB)
scvg: 0 MB released
scvg: inuse: 18, idle: 43, sys: 62, released: 34, consumed: 28 (MB)
scvg: 0 MB released
scvg: inuse: 18, idle: 43, sys: 62, released: 34, consumed: 28 (MB)
scvg: 0 MB released
scvg: inuse: 18, idle: 43, sys: 62, released: 34, consumed: 28 (MB)
scvg: 0 MB released
scvg: inuse: 18, idle: 43, sys: 62, released: 34, consumed: 28 (MB)
scvg: 0 MB released
scvg: inuse: 18, idle: 43, sys: 62, released: 34, consumed: 28 (MB)
scvg: 0 MB released
scvg: inuse: 18, idle: 43, sys: 62, released: 34, consumed: 28 (MB)
scvg: 0 MB released
scvg: inuse: 18, idle: 43, sys: 62, released: 34, consumed: 28 (MB)
scvg: 0 MB released
scvg: inuse: 18, idle: 43, sys: 62, released: 34, consumed: 28 (MB)
scvg: 0 MB released
scvg: inuse: 18, idle: 43, sys: 62, released: 34, consumed: 28 (MB)
scvg: 0 MB released
scvg: inuse: 18, idle: 43, sys: 62, released: 34, consumed: 28 (MB)
scvg: 0 MB released
scvg: inuse: 18, idle: 43, sys: 62, released: 34, consumed: 28 (MB)
scvg: 0 MB released
scvg: inuse: 18, idle: 43, sys: 62, released: 34, consumed: 28 (MB)
scvg: 0 MB released
scvg: inuse: 18, idle: 43, sys: 62, released: 34, consumed: 28 (MB)
scvg: 0 MB released
scvg: inuse: 18, idle: 43, sys: 62, released: 34, consumed: 28 (MB)
scvg: 0 MB released
scvg: inuse: 18, idle: 43, sys: 62, released: 34, consumed: 28 (MB)
scvg: 0 MB released
scvg: inuse: 18, idle: 43, sys: 62, released: 34, consumed: 28 (MB)
scvg: 0 MB released
scvg: inuse: 18, idle: 43, sys: 62, released: 34, consumed: 28 (MB)
scvg: 0 MB released
scvg: inuse: 18, idle: 43, sys: 62, released: 34, consumed: 28 (MB)
scvg: 0 MB released
scvg: inuse: 18, idle: 43, sys: 62, released: 34, consumed: 28 (MB)
scvg: 0 MB released
scvg: inuse: 18, idle: 43, sys: 62, released: 34, consumed: 28 (MB)
scvg: 0 MB released
scvg: inuse: 18, idle: 43, sys: 62, released: 34, consumed: 28 (MB)
scvg: 0 MB released
scvg: inuse: 18, idle: 43, sys: 62, released: 34, consumed: 28 (MB)
scvg: 0 MB released
scvg: inuse: 18, idle: 43, sys: 62, released: 34, consumed: 28 (MB)
scvg: 0 MB released
scvg: inuse: 18, idle: 43, sys: 62, released: 34, consumed: 28 (MB)
scvg: 0 MB released
scvg: inuse: 18, idle: 43, sys: 62, released: 34, consumed: 28 (MB)
scvg: 0 MB released
scvg: inuse: 18, idle: 43, sys: 62, released: 34, consumed: 28 (MB)
scvg: 0 MB released
scvg: inuse: 18, idle: 43, sys: 62, released: 34, consumed: 28 (MB)
scvg: 0 MB released
scvg: inuse: 18, idle: 43, sys: 62, released: 34, consumed: 28 (MB)
scvg: 0 MB released
scvg: inuse: 18, idle: 43, sys: 62, released: 34, consumed: 28 (MB)
scvg: 0 MB released
scvg: inuse: 18, idle: 43, sys: 62, released: 34, consumed: 28 (MB)
scvg: 0 MB released
scvg: inuse: 18, idle: 43, sys: 62, released: 34, consumed: 28 (MB)
scvg: 0 MB released
scvg: inuse: 18, idle: 43, sys: 62, released: 34, consumed: 28 (MB)
scvg: 0 MB released
scvg: inuse: 18, idle: 43, sys: 62, released: 34, consumed: 28 (MB)
scvg: 0 MB released
scvg: inuse: 18, idle: 43, sys: 62, released: 34, consumed: 28 (MB)
scvg: 0 MB released
scvg: inuse: 18, idle: 43, sys: 62, released: 34, consumed: 27 (MB)
scvg: 0 MB released
scvg: inuse: 18, idle: 43, sys: 62, released: 34, consumed: 27 (MB)
scvg: 0 MB released
scvg: inuse: 18, idle: 43, sys: 62, released: 34, consumed: 27 (MB)
scvg: 0 MB released
scvg: inuse: 18, idle: 43, sys: 62, released: 34, consumed: 27 (MB)
scvg: 0 MB released
scvg: inuse: 18, idle: 43, sys: 62, released: 34, consumed: 27 (MB)
scvg: 0 MB released
scvg: inuse: 18, idle: 43, sys: 62, released: 34, consumed: 27 (MB)
scvg: 0 MB released
scvg: inuse: 18, idle: 43, sys: 62, released: 34, consumed: 27 (MB)
scvg: 0 MB released
scvg: inuse: 18, idle: 43, sys: 62, released: 34, consumed: 27 (MB)
scvg: 0 MB released
scvg: inuse: 18, idle: 43, sys: 62, released: 34, consumed: 27 (MB)
scvg: 0 MB released
scvg: inuse: 18, idle: 43, sys: 62, released: 34, consumed: 27 (MB)
scvg: 0 MB released
scvg: inuse: 18, idle: 43, sys: 62, released: 34, consumed: 27 (MB)
scvg: 0 MB released
scvg: inuse: 18, idle: 43, sys: 62, released: 34, consumed: 27 (MB)
scvg: 0 MB released
scvg: inuse: 18, idle: 43, sys: 62, released: 34, consumed: 27 (MB)
scvg: 0 MB released
scvg: inuse: 18, idle: 43, sys: 62, released: 34, consumed: 27 (MB)
scvg: 0 MB released
scvg: inuse: 18, idle: 43, sys: 62, released: 34, consumed: 27 (MB)
scvg: 0 MB released
scvg: inuse: 18, idle: 43, sys: 62, released: 34, consumed: 27 (MB)
scvg: 0 MB released
scvg: inuse: 18, idle: 43, sys: 62, released: 34, consumed: 27 (MB)
scvg: 0 MB released
scvg: inuse: 18, idle: 43, sys: 62, released: 34, consumed: 27 (MB)
scvg: 0 MB released
scvg: inuse: 18, idle: 43, sys: 62, released: 34, consumed: 27 (MB)
scvg: 0 MB released
scvg: inuse: 18, idle: 43, sys: 62, released: 34, consumed: 27 (MB)
scvg: 0 MB released
scvg: inuse: 18, idle: 43, sys: 62, released: 34, consumed: 27 (MB)
scvg: 0 MB released
scvg: inuse: 18, idle: 43, sys: 62, released: 34, consumed: 27 (MB)
scvg: 0 MB released
scvg: inuse: 18, idle: 43, sys: 62, released: 34, consumed: 27 (MB)
scvg: 0 MB released
scvg: inuse: 18, idle: 43, sys: 62, released: 34, consumed: 27 (MB)
scvg: 0 MB released
scvg: inuse: 18, idle: 43, sys: 62, released: 34, consumed: 27 (MB)
scvg: 0 MB released
scvg: inuse: 18, idle: 43, sys: 62, released: 34, consumed: 27 (MB)
scvg: 0 MB released
scvg: inuse: 18, idle: 43, sys: 62, released: 34, consumed: 27 (MB)
scvg: 0 MB released
scvg: inuse: 18, idle: 43, sys: 62, released: 34, consumed: 27 (MB)
scvg: 0 MB released
scvg: inuse: 18, idle: 43, sys: 62, released: 34, consumed: 27 (MB)
scvg: 0 MB released
scvg: inuse: 18, idle: 43, sys: 62, released: 34, consumed: 27 (MB)
scvg: 0 MB released
scvg: inuse: 18, idle: 43, sys: 62, released: 34, consumed: 27 (MB)
scvg: 0 MB released
scvg: inuse: 18, idle: 43, sys: 62, released: 34, consumed: 27 (MB)
scvg: 0 MB released
scvg: inuse: 18, idle: 43, sys: 62, released: 34, consumed: 27 (MB)
scvg: 0 MB released
scvg: inuse: 18, idle: 43, sys: 62, released: 34, consumed: 27 (MB)
scvg: 0 MB released
scvg: inuse: 18, idle: 43, sys: 62, released: 34, consumed: 27 (MB)
scvg: 0 MB released
scvg: inuse: 18, idle: 43, sys: 62, released: 34, consumed: 27 (MB)
scvg: 0 MB released
scvg: inuse: 18, idle: 43, sys: 62, released: 34, consumed: 27 (MB)
scvg: 0 MB released
scvg: inuse: 18, idle: 43, sys: 62, released: 34, consumed: 27 (MB)
scvg: 0 MB released
scvg: inuse: 18, idle: 43, sys: 62, released: 34, consumed: 27 (MB)
scvg: 0 MB released
scvg: inuse: 18, idle: 43, sys: 62, released: 34, consumed: 27 (MB)
scvg: 0 MB released
scvg: inuse: 18, idle: 43, sys: 62, released: 34, consumed: 27 (MB)
scvg: 0 MB released
scvg: inuse: 18, idle: 43, sys: 62, released: 34, consumed: 27 (MB)
scvg: 0 MB released
scvg: inuse: 18, idle: 43, sys: 62, released: 34, consumed: 27 (MB)
scvg: 0 MB released
scvg: inuse: 18, idle: 43, sys: 62, released: 34, consumed: 27 (MB)
scvg: 0 MB released
scvg: inuse: 18, idle: 43, sys: 62, released: 34, consumed: 27 (MB)
scvg: 0 MB released
scvg: inuse: 18, idle: 43, sys: 62, released: 34, consumed: 27 (MB)
scvg: 0 MB released
scvg: inuse: 18, idle: 43, sys: 62, released: 34, consumed: 27 (MB)
scvg: 0 MB released
scvg: inuse: 18, idle: 43, sys: 62, released: 34, consumed: 27 (MB)
scvg: 0 MB released
scvg: inuse: 18, idle: 43, sys: 62, released: 34, consumed: 27 (MB)
scvg: 0 MB released
scvg: inuse: 18, idle: 43, sys: 62, released: 34, consumed: 27 (MB)
scvg: 0 MB released
scvg: inuse: 18, idle: 43, sys: 62, released: 34, consumed: 27 (MB)
scvg: 0 MB released
scvg: inuse: 18, idle: 43, sys: 62, released: 34, consumed: 27 (MB)
scvg: 0 MB released
scvg: inuse: 18, idle: 43, sys: 62, released: 34, consumed: 27 (MB)
scvg: 0 MB released
scvg: inuse: 18, idle: 43, sys: 62, released: 34, consumed: 27 (MB)
scvg: 0 MB released
scvg: inuse: 18, idle: 43, sys: 62, released: 34, consumed: 27 (MB)
scvg: 0 MB released
scvg: inuse: 18, idle: 43, sys: 62, released: 34, consumed: 27 (MB)
scvg: 0 MB released
scvg: inuse: 18, idle: 43, sys: 62, released: 34, consumed: 27 (MB)
scvg: 0 MB released
scvg: inuse: 18, idle: 43, sys: 62, released: 34, consumed: 27 (MB)
scvg: 0 MB released
scvg: inuse: 18, idle: 43, sys: 62, released: 34, consumed: 27 (MB)
scvg: 0 MB released
scvg: inuse: 18, idle: 43, sys: 62, released: 34, consumed: 27 (MB)
scvg: 0 MB released
scvg: inuse: 18, idle: 43, sys: 62, released: 34, consumed: 27 (MB)
scvg: 0 MB released
scvg: inuse: 18, idle: 43, sys: 62, released: 34, consumed: 27 (MB)
scvg: 0 MB released
scvg: inuse: 18, idle: 43, sys: 62, released: 34, consumed: 27 (MB)
scvg: 0 MB released
scvg: inuse: 18, idle: 43, sys: 62, released: 34, consumed: 27 (MB)
scvg: 0 MB released
scvg: inuse: 18, idle: 43, sys: 62, released: 34, consumed: 27 (MB)
scvg: 0 MB released
scvg: inuse: 18, idle: 43, sys: 62, released: 34, consumed: 27 (MB)
scvg: 0 MB released
scvg: inuse: 18, idle: 43, sys: 62, released: 34, consumed: 27 (MB)
scvg: 0 MB released
scvg: inuse: 18, idle: 43, sys: 62, released: 34, consumed: 27 (MB)
scvg: 0 MB released
scvg: inuse: 18, idle: 43, sys: 62, released: 34, consumed: 27 (MB)
scvg: 0 MB released
scvg: inuse: 18, idle: 43, sys: 62, released: 34, consumed: 27 (MB)
scvg: 0 MB released
scvg: inuse: 18, idle: 43, sys: 62, released: 34, consumed: 27 (MB)
scvg: 0 MB released
scvg: inuse: 18, idle: 43, sys: 62, released: 34, consumed: 27 (MB)
scvg: 0 MB released
scvg: inuse: 18, idle: 43, sys: 62, released: 34, consumed: 27 (MB)
scvg: 0 MB released
scvg: inuse: 18, idle: 43, sys: 62, released: 34, consumed: 27 (MB)
scvg: 0 MB released
scvg: inuse: 18, idle: 43, sys: 62, released: 34, consumed: 27 (MB)
scvg: 0 MB released
scvg: inuse: 18, idle: 43, sys: 62, released: 34, consumed: 27 (MB)
scvg: 0 MB released
scvg: inuse: 18, idle: 43, sys: 62, released: 34, consumed: 27 (MB)
scvg: 0 MB released
scvg: inuse: 18, idle: 43, sys: 62, released: 34, consumed: 27 (MB)
scvg: 0 MB released
scvg: inuse: 18, idle: 43, sys: 62, released: 34, consumed: 27 (MB)
scvg: 0 MB released
scvg: inuse: 18, idle: 43, sys: 62, released: 34, consumed: 27 (MB)
scvg: 0 MB released
scvg: inuse: 18, idle: 43, sys: 62, released: 34, consumed: 27 (MB)
scvg: 0 MB released
scvg: inuse: 18, idle: 43, sys: 62, released: 34, consumed: 27 (MB)
scvg: 0 MB released
scvg: inuse: 18, idle: 43, sys: 62, released: 34, consumed: 27 (MB)
scvg: 0 MB released
scvg: inuse: 18, idle: 43, sys: 62, released: 35, consumed: 27 (MB)
scvg: 0 MB released
scvg: inuse: 18, idle: 43, sys: 62, released: 35, consumed: 27 (MB)
scvg: 0 MB released
scvg: inuse: 18, idle: 43, sys: 62, released: 35, consumed: 27 (MB)
scvg: 0 MB released
scvg: inuse: 18, idle: 43, sys: 62, released: 35, consumed: 27 (MB)
scvg: 0 MB released
scvg: inuse: 18, idle: 43, sys: 62, released: 35, consumed: 27 (MB)
scvg: 0 MB released
scvg: inuse: 18, idle: 43, sys: 62, released: 35, consumed: 27 (MB)
scvg: 0 MB released
scvg: inuse: 18, idle: 43, sys: 62, released: 35, consumed: 27 (MB)
scvg: 0 MB released
scvg: inuse: 18, idle: 43, sys: 62, released: 35, consumed: 27 (MB)
scvg: 0 MB released
scvg: inuse: 18, idle: 43, sys: 62, released: 35, consumed: 27 (MB)
scvg: 0 MB released
scvg: inuse: 18, idle: 43, sys: 62, released: 35, consumed: 27 (MB)
scvg: 0 MB released
scvg: inuse: 18, idle: 43, sys: 62, released: 35, consumed: 27 (MB)
scvg: 0 MB released
scvg: inuse: 18, idle: 43, sys: 62, released: 35, consumed: 27 (MB)
scvg: 0 MB released
scvg: inuse: 18, idle: 43, sys: 62, released: 35, consumed: 27 (MB)
scvg: 0 MB released
scvg: inuse: 18, idle: 43, sys: 62, released: 35, consumed: 27 (MB)
scvg: 0 MB released
scvg: inuse: 18, idle: 43, sys: 62, released: 35, consumed: 27 (MB)
scvg: 0 MB released
scvg: inuse: 18, idle: 43, sys: 62, released: 35, consumed: 27 (MB)
scvg: 0 MB released
scvg: inuse: 18, idle: 43, sys: 62, released: 35, consumed: 27 (MB)
scvg: 0 MB released
scvg: inuse: 18, idle: 43, sys: 62, released: 35, consumed: 27 (MB)
scvg: 0 MB released
scvg: inuse: 18, idle: 43, sys: 62, released: 35, consumed: 27 (MB)
scvg: 0 MB released
scvg: inuse: 18, idle: 43, sys: 62, released: 35, consumed: 27 (MB)
scvg: 0 MB released
scvg: inuse: 18, idle: 43, sys: 62, released: 35, consumed: 27 (MB)
scvg: 0 MB released
scvg: inuse: 18, idle: 43, sys: 62, released: 35, consumed: 27 (MB)
scvg: 0 MB released
scvg: inuse: 18, idle: 43, sys: 62, released: 35, consumed: 27 (MB)
scvg: 0 MB released
scvg: inuse: 18, idle: 43, sys: 62, released: 35, consumed: 27 (MB)
scvg: 0 MB released
scvg: inuse: 18, idle: 43, sys: 62, released: 35, consumed: 27 (MB)
scvg: 0 MB released
scvg: inuse: 18, idle: 43, sys: 62, released: 35, consumed: 27 (MB)
scvg: 0 MB released
scvg: inuse: 18, idle: 43, sys: 62, released: 35, consumed: 27 (MB)
scvg: 0 MB released
scvg: inuse: 18, idle: 43, sys: 62, released: 35, consumed: 27 (MB)
scvg: 0 MB released
scvg: inuse: 18, idle: 43, sys: 62, released: 35, consumed: 27 (MB)
scvg: 0 MB released
scvg: inuse: 18, idle: 43, sys: 62, released: 35, consumed: 27 (MB)
scvg: 0 MB released
scvg: inuse: 18, idle: 43, sys: 62, released: 35, consumed: 27 (MB)
scvg: 0 MB released
scvg: inuse: 18, idle: 43, sys: 62, released: 35, consumed: 27 (MB)
scvg: 0 MB released
scvg: inuse: 18, idle: 43, sys: 62, released: 35, consumed: 27 (MB)
scvg: 0 MB released
scvg: inuse: 18, idle: 43, sys: 62, released: 35, consumed: 27 (MB)
scvg: 0 MB released
scvg: inuse: 18, idle: 43, sys: 62, released: 35, consumed: 27 (MB)
scvg: 0 MB released
scvg: inuse: 18, idle: 43, sys: 62, released: 35, consumed: 27 (MB)
scvg: 0 MB released
scvg: inuse: 18, idle: 43, sys: 62, released: 35, consumed: 27 (MB)
scvg: 0 MB released
scvg: inuse: 18, idle: 43, sys: 62, released: 35, consumed: 27 (MB)
scvg: 0 MB released
scvg: inuse: 18, idle: 43, sys: 62, released: 35, consumed: 27 (MB)
scvg: 0 MB released
scvg: inuse: 18, idle: 43, sys: 62, released: 35, consumed: 27 (MB)
scvg: 0 MB released
scvg: inuse: 18, idle: 43, sys: 62, released: 35, consumed: 27 (MB)
scvg: 0 MB released
scvg: inuse: 18, idle: 43, sys: 62, released: 35, consumed: 27 (MB)
scvg: 0 MB released
scvg: inuse: 18, idle: 43, sys: 62, released: 35, consumed: 27 (MB)
scvg: 0 MB released
scvg: inuse: 18, idle: 43, sys: 62, released: 35, consumed: 27 (MB)
scvg: 0 MB released
scvg: inuse: 18, idle: 43, sys: 62, released: 35, consumed: 27 (MB)
scvg: 0 MB released
scvg: inuse: 18, idle: 43, sys: 62, released: 35, consumed: 26 (MB)
scvg: 0 MB released
scvg: inuse: 18, idle: 43, sys: 62, released: 35, consumed: 26 (MB)
scvg: 0 MB released
scvg: inuse: 18, idle: 43, sys: 62, released: 35, consumed: 26 (MB)
scvg: 0 MB released
scvg: inuse: 18, idle: 43, sys: 62, released: 35, consumed: 26 (MB)
scvg: 0 MB released
scvg: inuse: 18, idle: 43, sys: 62, released: 35, consumed: 26 (MB)
scvg: 0 MB released
scvg: inuse: 18, idle: 43, sys: 62, released: 35, consumed: 26 (MB)
scvg: 0 MB released
scvg: inuse: 18, idle: 43, sys: 62, released: 35, consumed: 26 (MB)
scvg: 0 MB released
scvg: inuse: 18, idle: 43, sys: 62, released: 35, consumed: 26 (MB)
scvg: 0 MB released
scvg: inuse: 18, idle: 43, sys: 62, released: 35, consumed: 26 (MB)
scvg: 0 MB released
scvg: inuse: 18, idle: 43, sys: 62, released: 35, consumed: 26 (MB)
scvg: 0 MB released
scvg: inuse: 18, idle: 43, sys: 62, released: 35, consumed: 26 (MB)
scvg: 0 MB released
scvg: inuse: 18, idle: 43, sys: 62, released: 35, consumed: 26 (MB)
scvg: 0 MB released
scvg: inuse: 18, idle: 43, sys: 62, released: 35, consumed: 26 (MB)
scvg: 0 MB released
scvg: inuse: 18, idle: 43, sys: 62, released: 35, consumed: 26 (MB)
scvg: 0 MB released
scvg: inuse: 18, idle: 43, sys: 62, released: 35, consumed: 26 (MB)
scvg: 0 MB released
scvg: inuse: 18, idle: 43, sys: 62, released: 35, consumed: 26 (MB)
scvg: 0 MB released
scvg: inuse: 18, idle: 43, sys: 62, released: 35, consumed: 26 (MB)
scvg: 0 MB released
scvg: inuse: 18, idle: 43, sys: 62, released: 35, consumed: 26 (MB)
scvg: 0 MB released
scvg: inuse: 18, idle: 43, sys: 62, released: 35, consumed: 26 (MB)
scvg: 0 MB released
scvg: inuse: 18, idle: 43, sys: 62, released: 35, consumed: 26 (MB)
scvg: 0 MB released
scvg: inuse: 18, idle: 43, sys: 62, released: 35, consumed: 26 (MB)
scvg: 0 MB released
scvg: inuse: 18, idle: 43, sys: 62, released: 35, consumed: 26 (MB)
scvg: 0 MB released
scvg: inuse: 18, idle: 43, sys: 62, released: 35, consumed: 26 (MB)
scvg: 0 MB released
scvg: inuse: 18, idle: 43, sys: 62, released: 35, consumed: 26 (MB)
scvg: 0 MB released
scvg: inuse: 18, idle: 43, sys: 62, released: 35, consumed: 26 (MB)
scvg: 0 MB released
scvg: inuse: 18, idle: 43, sys: 62, released: 35, consumed: 26 (MB)
scvg: 0 MB released
scvg: inuse: 18, idle: 43, sys: 62, released: 35, consumed: 26 (MB)
scvg: 0 MB released
scvg: inuse: 18, idle: 43, sys: 62, released: 35, consumed: 26 (MB)
scvg: 0 MB released
scvg: inuse: 18, idle: 43, sys: 62, released: 35, consumed: 26 (MB)
scvg: 0 MB released
scvg: inuse: 18, idle: 43, sys: 62, released: 35, consumed: 26 (MB)
scvg: 0 MB released
scvg: inuse: 18, idle: 43, sys: 62, released: 35, consumed: 26 (MB)
scvg: 0 MB released
scvg: inuse: 18, idle: 43, sys: 62, released: 35, consumed: 26 (MB)
scvg: 0 MB released
scvg: inuse: 18, idle: 43, sys: 62, released: 35, consumed: 26 (MB)
scvg: 0 MB released
scvg: inuse: 18, idle: 43, sys: 62, released: 35, consumed: 26 (MB)
scvg: 0 MB released
scvg: inuse: 18, idle: 43, sys: 62, released: 35, consumed: 26 (MB)
scvg: 0 MB released
scvg: inuse: 18, idle: 43, sys: 62, released: 35, consumed: 26 (MB)
scvg: 0 MB released
scvg: inuse: 18, idle: 43, sys: 62, released: 35, consumed: 26 (MB)
scvg: 0 MB released
scvg: inuse: 18, idle: 43, sys: 62, released: 35, consumed: 26 (MB)
scvg: 0 MB released
scvg: inuse: 18, idle: 43, sys: 62, released: 35, consumed: 26 (MB)
scvg: 0 MB released
scvg: inuse: 18, idle: 43, sys: 62, released: 35, consumed: 26 (MB)
scvg: 0 MB released
scvg: inuse: 18, idle: 43, sys: 62, released: 35, consumed: 26 (MB)
scvg: 0 MB released
scvg: inuse: 18, idle: 43, sys: 62, released: 35, consumed: 26 (MB)
scvg: 0 MB released
scvg: inuse: 18, idle: 43, sys: 62, released: 35, consumed: 26 (MB)
scvg: 0 MB released
scvg: inuse: 18, idle: 43, sys: 62, released: 35, consumed: 26 (MB)
scvg: 0 MB released
scvg: inuse: 18, idle: 43, sys: 62, released: 35, consumed: 26 (MB)
scvg: 0 MB released
scvg: inuse: 18, idle: 43, sys: 62, released: 35, consumed: 26 (MB)
scvg: 0 MB released
scvg: inuse: 18, idle: 43, sys: 62, released: 35, consumed: 26 (MB)
scvg: 0 MB released
scvg: inuse: 18, idle: 43, sys: 62, released: 35, consumed: 26 (MB)
scvg: 0 MB released
scvg: inuse: 18, idle: 43, sys: 62, released: 35, consumed: 26 (MB)
scvg: 0 MB released
scvg: inuse: 18, idle: 43, sys: 62, released: 35, consumed: 26 (MB)
scvg: 0 MB released
scvg: inuse: 18, idle: 43, sys: 62, released: 35, consumed: 26 (MB)
scvg: 0 MB released
scvg: inuse: 18, idle: 43, sys: 62, released: 35, consumed: 26 (MB)
scvg: 0 MB released
scvg: inuse: 18, idle: 43, sys: 62, released: 35, consumed: 26 (MB)
scvg: 0 MB released
scvg: inuse: 18, idle: 43, sys: 62, released: 35, consumed: 26 (MB)
scvg: 0 MB released
scvg: inuse: 18, idle: 43, sys: 62, released: 35, consumed: 26 (MB)
scvg: 0 MB released
scvg: inuse: 18, idle: 43, sys: 62, released: 35, consumed: 26 (MB)
scvg: 0 MB released
scvg: inuse: 18, idle: 43, sys: 62, released: 35, consumed: 26 (MB)
scvg: 0 MB released
scvg: inuse: 18, idle: 43, sys: 62, released: 35, consumed: 26 (MB)
scvg: 0 MB released
scvg: inuse: 18, idle: 43, sys: 62, released: 35, consumed: 26 (MB)
scvg: 0 MB released
scvg: inuse: 18, idle: 43, sys: 62, released: 35, consumed: 26 (MB)
scvg: 0 MB released
scvg: inuse: 18, idle: 43, sys: 62, released: 35, consumed: 26 (MB)
scvg: 0 MB released
scvg: inuse: 18, idle: 43, sys: 62, released: 35, consumed: 26 (MB)
scvg: 0 MB released
scvg: inuse: 18, idle: 43, sys: 62, released: 35, consumed: 26 (MB)
scvg: 0 MB released
scvg: inuse: 18, idle: 43, sys: 62, released: 35, consumed: 26 (MB)
scvg: 0 MB released
scvg: inuse: 18, idle: 43, sys: 62, released: 35, consumed: 26 (MB)
scvg: 0 MB released
scvg: inuse: 18, idle: 43, sys: 62, released: 35, consumed: 26 (MB)
scvg: 0 MB released
scvg: inuse: 18, idle: 43, sys: 62, released: 35, consumed: 26 (MB)
scvg: 0 MB released
scvg: inuse: 18, idle: 43, sys: 62, released: 35, consumed: 26 (MB)
scvg: 0 MB released
scvg: inuse: 18, idle: 43, sys: 62, released: 35, consumed: 26 (MB)
scvg: 0 MB released
scvg: inuse: 18, idle: 43, sys: 62, released: 35, consumed: 26 (MB)
scvg: 0 MB released
scvg: inuse: 18, idle: 43, sys: 62, released: 35, consumed: 26 (MB)
scvg: 0 MB released
scvg: inuse: 18, idle: 43, sys: 62, released: 35, consumed: 26 (MB)
scvg: 0 MB released
scvg: inuse: 18, idle: 43, sys: 62, released: 35, consumed: 26 (MB)
scvg: 0 MB released
scvg: inuse: 18, idle: 43, sys: 62, released: 35, consumed: 26 (MB)
scvg: 0 MB released
scvg: inuse: 18, idle: 43, sys: 62, released: 35, consumed: 26 (MB)
scvg: 0 MB released
scvg: inuse: 18, idle: 43, sys: 62, released: 35, consumed: 26 (MB)
scvg: 0 MB released
scvg: inuse: 18, idle: 43, sys: 62, released: 35, consumed: 26 (MB)
scvg: 0 MB released
scvg: inuse: 18, idle: 43, sys: 62, released: 35, consumed: 26 (MB)
scvg: 0 MB released
scvg: inuse: 18, idle: 43, sys: 62, released: 35, consumed: 26 (MB)
scvg: 0 MB released
scvg: inuse: 18, idle: 43, sys: 62, released: 35, consumed: 26 (MB)
scvg: 0 MB released
scvg: inuse: 18, idle: 43, sys: 62, released: 35, consumed: 26 (MB)
scvg: 0 MB released
scvg: inuse: 18, idle: 43, sys: 62, released: 35, consumed: 26 (MB)
scvg: 0 MB released
scvg: inuse: 18, idle: 43, sys: 62, released: 35, consumed: 26 (MB)
scvg: 0 MB released
scvg: inuse: 18, idle: 43, sys: 62, released: 36, consumed: 26 (MB)
scvg: 0 MB released
scvg: inuse: 18, idle: 43, sys: 62, released: 36, consumed: 26 (MB)
scvg: 0 MB released
scvg: inuse: 18, idle: 43, sys: 62, released: 36, consumed: 26 (MB)
scvg: 0 MB released
scvg: inuse: 18, idle: 43, sys: 62, released: 36, consumed: 26 (MB)
scvg: 0 MB released
scvg: inuse: 18, idle: 43, sys: 62, released: 36, consumed: 26 (MB)
scvg: 0 MB released
scvg: inuse: 18, idle: 43, sys: 62, released: 36, consumed: 26 (MB)
scvg: 0 MB released
scvg: inuse: 18, idle: 43, sys: 62, released: 36, consumed: 26 (MB)
scvg: 0 MB released
scvg: inuse: 18, idle: 43, sys: 62, released: 36, consumed: 26 (MB)
scvg: 0 MB released
scvg: inuse: 18, idle: 43, sys: 62, released: 36, consumed: 26 (MB)
scvg: 0 MB released
scvg: inuse: 18, idle: 43, sys: 62, released: 36, consumed: 26 (MB)
scvg: 0 MB released
scvg: inuse: 18, idle: 43, sys: 62, released: 36, consumed: 26 (MB)
scvg: 0 MB released
scvg: inuse: 18, idle: 43, sys: 62, released: 36, consumed: 26 (MB)
scvg: 0 MB released
scvg: inuse: 18, idle: 43, sys: 62, released: 36, consumed: 26 (MB)
scvg: 0 MB released
scvg: inuse: 18, idle: 43, sys: 62, released: 36, consumed: 26 (MB)
scvg: 0 MB released
scvg: inuse: 18, idle: 43, sys: 62, released: 36, consumed: 26 (MB)
scvg: 0 MB released
scvg: inuse: 18, idle: 43, sys: 62, released: 36, consumed: 26 (MB)
scvg: 0 MB released
scvg: inuse: 18, idle: 43, sys: 62, released: 36, consumed: 26 (MB)
scvg: 0 MB released
scvg: inuse: 18, idle: 43, sys: 62, released: 36, consumed: 26 (MB)
scvg: 0 MB released
scvg: inuse: 18, idle: 43, sys: 62, released: 36, consumed: 26 (MB)
scvg: 0 MB released
scvg: inuse: 18, idle: 43, sys: 62, released: 36, consumed: 26 (MB)
scvg: 0 MB released
scvg: inuse: 18, idle: 43, sys: 62, released: 36, consumed: 26 (MB)
scvg: 0 MB released
scvg: inuse: 18, idle: 43, sys: 62, released: 36, consumed: 26 (MB)
scvg: 0 MB released
scvg: inuse: 18, idle: 43, sys: 62, released: 36, consumed: 26 (MB)
scvg: 0 MB released
scvg: inuse: 18, idle: 43, sys: 62, released: 36, consumed: 26 (MB)
scvg: 0 MB released
scvg: inuse: 18, idle: 43, sys: 62, released: 36, consumed: 26 (MB)
scvg: 0 MB released
scvg: inuse: 18, idle: 43, sys: 62, released: 36, consumed: 26 (MB)
scvg: 0 MB released
scvg: inuse: 18, idle: 43, sys: 62, released: 36, consumed: 26 (MB)
scvg: 0 MB released
scvg: inuse: 18, idle: 43, sys: 62, released: 36, consumed: 26 (MB)
scvg: 0 MB released
scvg: inuse: 18, idle: 43, sys: 62, released: 36, consumed: 26 (MB)
scvg: 0 MB released
scvg: inuse: 18, idle: 43, sys: 62, released: 36, consumed: 26 (MB)
scvg: 0 MB released
scvg: inuse: 18, idle: 43, sys: 62, released: 36, consumed: 26 (MB)
scvg: 0 MB released
scvg: inuse: 18, idle: 43, sys: 62, released: 36, consumed: 26 (MB)
scvg: 0 MB released
scvg: inuse: 18, idle: 43, sys: 62, released: 36, consumed: 26 (MB)
scvg: 0 MB released
scvg: inuse: 18, idle: 43, sys: 62, released: 36, consumed: 26 (MB)
scvg: 0 MB released
scvg: inuse: 18, idle: 43, sys: 62, released: 36, consumed: 26 (MB)
scvg: 0 MB released
scvg: inuse: 18, idle: 43, sys: 62, released: 36, consumed: 26 (MB)
scvg: 0 MB released
scvg: inuse: 18, idle: 43, sys: 62, released: 36, consumed: 26 (MB)
scvg: 0 MB released
scvg: inuse: 18, idle: 43, sys: 62, released: 36, consumed: 26 (MB)
scvg: 0 MB released
scvg: inuse: 18, idle: 43, sys: 62, released: 36, consumed: 26 (MB)
scvg: 0 MB released
scvg: inuse: 18, idle: 43, sys: 62, released: 36, consumed: 26 (MB)
scvg: 0 MB released
scvg: inuse: 18, idle: 43, sys: 62, released: 36, consumed: 26 (MB)
scvg: 0 MB released
scvg: inuse: 18, idle: 43, sys: 62, released: 36, consumed: 26 (MB)
scvg: 0 MB released
scvg: inuse: 18, idle: 43, sys: 62, released: 36, consumed: 26 (MB)
scvg: 0 MB released
scvg: inuse: 18, idle: 43, sys: 62, released: 36, consumed: 26 (MB)
scvg: 0 MB released
scvg: inuse: 18, idle: 43, sys: 62, released: 36, consumed: 26 (MB)
scvg: 0 MB released
scvg: inuse: 18, idle: 43, sys: 62, released: 36, consumed: 25 (MB)
scvg: 0 MB released
scvg: inuse: 18, idle: 43, sys: 62, released: 36, consumed: 25 (MB)
scvg: 0 MB released
scvg: inuse: 18, idle: 43, sys: 62, released: 36, consumed: 25 (MB)
scvg: 0 MB released
scvg: inuse: 18, idle: 43, sys: 62, released: 36, consumed: 25 (MB)
scvg: 0 MB released
scvg: inuse: 18, idle: 43, sys: 62, released: 36, consumed: 25 (MB)
scvg: 0 MB released
scvg: inuse: 18, idle: 43, sys: 62, released: 36, consumed: 25 (MB)
scvg: 0 MB released
scvg: inuse: 18, idle: 43, sys: 62, released: 36, consumed: 25 (MB)
scvg: 0 MB released
scvg: inuse: 18, idle: 43, sys: 62, released: 36, consumed: 25 (MB)
scvg: 0 MB released
scvg: inuse: 18, idle: 43, sys: 62, released: 36, consumed: 25 (MB)
scvg: 0 MB released
scvg: inuse: 18, idle: 43, sys: 62, released: 36, consumed: 25 (MB)
scvg: 0 MB released
scvg: inuse: 18, idle: 43, sys: 62, released: 36, consumed: 25 (MB)
scvg: 0 MB released
scvg: inuse: 18, idle: 43, sys: 62, released: 36, consumed: 25 (MB)
scvg: 0 MB released
scvg: inuse: 18, idle: 43, sys: 62, released: 36, consumed: 25 (MB)
scvg: 0 MB released
scvg: inuse: 18, idle: 43, sys: 62, released: 36, consumed: 25 (MB)
scvg: 0 MB released
scvg: inuse: 18, idle: 43, sys: 62, released: 36, consumed: 25 (MB)
scvg: 0 MB released
scvg: inuse: 18, idle: 43, sys: 62, released: 36, consumed: 25 (MB)
scvg: 0 MB released
scvg: inuse: 18, idle: 43, sys: 62, released: 36, consumed: 25 (MB)
scvg: 0 MB released
scvg: inuse: 18, idle: 43, sys: 62, released: 36, consumed: 25 (MB)
scvg: 0 MB released
scvg: inuse: 18, idle: 43, sys: 62, released: 36, consumed: 25 (MB)
scvg: 0 MB released
scvg: inuse: 18, idle: 43, sys: 62, released: 36, consumed: 25 (MB)
scvg: 0 MB released
scvg: inuse: 18, idle: 43, sys: 62, released: 36, consumed: 25 (MB)
scvg: 0 MB released
scvg: inuse: 18, idle: 43, sys: 62, released: 36, consumed: 25 (MB)
scvg: 0 MB released
scvg: inuse: 18, idle: 43, sys: 62, released: 36, consumed: 25 (MB)
scvg: 0 MB released
scvg: inuse: 18, idle: 43, sys: 62, released: 36, consumed: 25 (MB)
scvg: 0 MB released
scvg: inuse: 18, idle: 43, sys: 62, released: 36, consumed: 25 (MB)
scvg: 0 MB released
scvg: inuse: 18, idle: 43, sys: 62, released: 36, consumed: 25 (MB)
scvg: 0 MB released
scvg: inuse: 18, idle: 43, sys: 62, released: 36, consumed: 25 (MB)
scvg: 0 MB released
scvg: inuse: 18, idle: 43, sys: 62, released: 36, consumed: 25 (MB)
scvg: 0 MB released
scvg: inuse: 18, idle: 43, sys: 62, released: 36, consumed: 25 (MB)
scvg: 0 MB released
scvg: inuse: 18, idle: 43, sys: 62, released: 36, consumed: 25 (MB)
scvg: 0 MB released
scvg: inuse: 18, idle: 43, sys: 62, released: 36, consumed: 25 (MB)
scvg: 0 MB released
scvg: inuse: 18, idle: 43, sys: 62, released: 36, consumed: 25 (MB)
scvg: 0 MB released
scvg: inuse: 18, idle: 43, sys: 62, released: 36, consumed: 25 (MB)
scvg: 0 MB released
scvg: inuse: 18, idle: 43, sys: 62, released: 36, consumed: 25 (MB)
scvg: 0 MB released
scvg: inuse: 18, idle: 43, sys: 62, released: 36, consumed: 25 (MB)
scvg: 0 MB released
scvg: inuse: 18, idle: 43, sys: 62, released: 36, consumed: 25 (MB)
scvg: 0 MB released
scvg: inuse: 18, idle: 43, sys: 62, released: 36, consumed: 25 (MB)
scvg: 0 MB released
scvg: inuse: 18, idle: 43, sys: 62, released: 36, consumed: 25 (MB)
scvg: 0 MB released
scvg: inuse: 18, idle: 43, sys: 62, released: 36, consumed: 25 (MB)
scvg: 0 MB released
scvg: inuse: 18, idle: 43, sys: 62, released: 36, consumed: 25 (MB)
scvg: 0 MB released
scvg: inuse: 18, idle: 43, sys: 62, released: 36, consumed: 25 (MB)
scvg: 0 MB released
scvg: inuse: 18, idle: 43, sys: 62, released: 36, consumed: 25 (MB)
scvg: 0 MB released
scvg: inuse: 18, idle: 43, sys: 62, released: 36, consumed: 25 (MB)
scvg: 0 MB released
scvg: inuse: 18, idle: 43, sys: 62, released: 36, consumed: 25 (MB)
scvg: 0 MB released
scvg: inuse: 18, idle: 43, sys: 62, released: 36, consumed: 25 (MB)
scvg: 0 MB released
scvg: inuse: 18, idle: 43, sys: 62, released: 36, consumed: 25 (MB)
scvg: 0 MB released
scvg: inuse: 18, idle: 43, sys: 62, released: 36, consumed: 25 (MB)
scvg: 0 MB released
scvg: inuse: 18, idle: 43, sys: 62, released: 36, consumed: 25 (MB)
scvg: 0 MB released
scvg: inuse: 18, idle: 43, sys: 62, released: 36, consumed: 25 (MB)
scvg: 0 MB released
scvg: inuse: 18, idle: 43, sys: 62, released: 36, consumed: 25 (MB)
scvg: 0 MB released
scvg: inuse: 18, idle: 43, sys: 62, released: 36, consumed: 25 (MB)
scvg: 0 MB released
scvg: inuse: 18, idle: 43, sys: 62, released: 36, consumed: 25 (MB)
scvg: 0 MB released
scvg: inuse: 18, idle: 43, sys: 62, released: 36, consumed: 25 (MB)
scvg: 0 MB released
scvg: inuse: 18, idle: 43, sys: 62, released: 36, consumed: 25 (MB)
scvg: 0 MB released
scvg: inuse: 18, idle: 43, sys: 62, released: 36, consumed: 25 (MB)
scvg: 0 MB released
scvg: inuse: 18, idle: 43, sys: 62, released: 36, consumed: 25 (MB)
scvg: 0 MB released
scvg: inuse: 18, idle: 43, sys: 62, released: 36, consumed: 25 (MB)
scvg: 0 MB released
scvg: inuse: 18, idle: 43, sys: 62, released: 36, consumed: 25 (MB)
scvg: 0 MB released
scvg: inuse: 18, idle: 43, sys: 62, released: 36, consumed: 25 (MB)
scvg: 0 MB released
scvg: inuse: 18, idle: 43, sys: 62, released: 36, consumed: 25 (MB)
scvg: 0 MB released
scvg: inuse: 18, idle: 43, sys: 62, released: 36, consumed: 25 (MB)
scvg: 0 MB released
scvg: inuse: 18, idle: 43, sys: 62, released: 36, consumed: 25 (MB)
scvg: 0 MB released
scvg: inuse: 18, idle: 43, sys: 62, released: 36, consumed: 25 (MB)
scvg: 0 MB released
scvg: inuse: 18, idle: 43, sys: 62, released: 36, consumed: 25 (MB)
scvg: 0 MB released
scvg: inuse: 18, idle: 43, sys: 62, released: 36, consumed: 25 (MB)
scvg: 0 MB released
scvg: inuse: 18, idle: 43, sys: 62, released: 36, consumed: 25 (MB)
scvg: 0 MB released
scvg: inuse: 18, idle: 43, sys: 62, released: 36, consumed: 25 (MB)
scvg: 0 MB released
scvg: inuse: 18, idle: 43, sys: 62, released: 36, consumed: 25 (MB)
scvg: 0 MB released
scvg: inuse: 18, idle: 43, sys: 62, released: 36, consumed: 25 (MB)
scvg: 0 MB released
scvg: inuse: 18, idle: 43, sys: 62, released: 36, consumed: 25 (MB)
scvg: 0 MB released
scvg: inuse: 18, idle: 43, sys: 62, released: 36, consumed: 25 (MB)
scvg: 0 MB released
scvg: inuse: 18, idle: 43, sys: 62, released: 36, consumed: 25 (MB)
scvg: 0 MB released
scvg: inuse: 18, idle: 43, sys: 62, released: 36, consumed: 25 (MB)
scvg: 0 MB released
scvg: inuse: 18, idle: 43, sys: 62, released: 36, consumed: 25 (MB)
scvg: 0 MB released
scvg: inuse: 18, idle: 43, sys: 62, released: 36, consumed: 25 (MB)
scvg: 0 MB released
scvg: inuse: 18, idle: 43, sys: 62, released: 36, consumed: 25 (MB)
scvg: 0 MB released
scvg: inuse: 18, idle: 43, sys: 62, released: 36, consumed: 25 (MB)
scvg: 0 MB released
scvg: inuse: 18, idle: 43, sys: 62, released: 36, consumed: 25 (MB)
scvg: 0 MB released
scvg: inuse: 18, idle: 43, sys: 62, released: 36, consumed: 25 (MB)
scvg: 0 MB released
scvg: inuse: 18, idle: 43, sys: 62, released: 36, consumed: 25 (MB)
scvg: 0 MB released
scvg: inuse: 18, idle: 43, sys: 62, released: 36, consumed: 25 (MB)
scvg: 0 MB released
scvg: inuse: 18, idle: 43, sys: 62, released: 36, consumed: 25 (MB)
scvg: 0 MB released
scvg: inuse: 18, idle: 43, sys: 62, released: 36, consumed: 25 (MB)
scvg: 0 MB released
scvg: inuse: 18, idle: 43, sys: 62, released: 37, consumed: 25 (MB)
scvg: 0 MB released
scvg: inuse: 18, idle: 43, sys: 62, released: 37, consumed: 25 (MB)
scvg: 0 MB released
scvg: inuse: 18, idle: 43, sys: 62, released: 37, consumed: 25 (MB)
scvg: 0 MB released
scvg: inuse: 18, idle: 43, sys: 62, released: 37, consumed: 25 (MB)
scvg: 0 MB released
scvg: inuse: 18, idle: 43, sys: 62, released: 37, consumed: 25 (MB)
scvg: 0 MB released
scvg: inuse: 18, idle: 43, sys: 62, released: 37, consumed: 25 (MB)
scvg: 0 MB released
scvg: inuse: 18, idle: 43, sys: 62, released: 37, consumed: 25 (MB)
scvg: 0 MB released
scvg: inuse: 18, idle: 43, sys: 62, released: 37, consumed: 25 (MB)
scvg: 0 MB released
scvg: inuse: 18, idle: 43, sys: 62, released: 37, consumed: 25 (MB)
scvg: 0 MB released
scvg: inuse: 18, idle: 43, sys: 62, released: 37, consumed: 25 (MB)
scvg: 0 MB released
scvg: inuse: 18, idle: 43, sys: 62, released: 37, consumed: 25 (MB)
scvg: 0 MB released
scvg: inuse: 18, idle: 43, sys: 62, released: 37, consumed: 25 (MB)
scvg: 0 MB released
scvg: inuse: 18, idle: 43, sys: 62, released: 37, consumed: 25 (MB)
scvg: 0 MB released
scvg: inuse: 18, idle: 43, sys: 62, released: 37, consumed: 25 (MB)
scvg: 0 MB released
scvg: inuse: 18, idle: 43, sys: 62, released: 37, consumed: 25 (MB)
scvg: 0 MB released
scvg: inuse: 18, idle: 43, sys: 62, released: 37, consumed: 25 (MB)
scvg: 0 MB released
scvg: inuse: 18, idle: 43, sys: 62, released: 37, consumed: 25 (MB)
scvg: 0 MB released
scvg: inuse: 18, idle: 43, sys: 62, released: 37, consumed: 25 (MB)
scvg: 0 MB released
scvg: inuse: 18, idle: 43, sys: 62, released: 37, consumed: 25 (MB)
scvg: 0 MB released
scvg: inuse: 18, idle: 43, sys: 62, released: 37, consumed: 25 (MB)
scvg: 0 MB released
scvg: inuse: 18, idle: 43, sys: 62, released: 37, consumed: 25 (MB)
scvg: 0 MB released
scvg: inuse: 18, idle: 43, sys: 62, released: 37, consumed: 25 (MB)
scvg: 0 MB released
scvg: inuse: 18, idle: 43, sys: 62, released: 37, consumed: 25 (MB)
scvg: 0 MB released
scvg: inuse: 18, idle: 43, sys: 62, released: 37, consumed: 25 (MB)
scvg: 0 MB released
scvg: inuse: 18, idle: 43, sys: 62, released: 37, consumed: 25 (MB)
scvg: 0 MB released
scvg: inuse: 18, idle: 43, sys: 62, released: 37, consumed: 25 (MB)
scvg: 0 MB released
scvg: inuse: 18, idle: 43, sys: 62, released: 37, consumed: 25 (MB)
scvg: 0 MB released
scvg: inuse: 18, idle: 43, sys: 62, released: 37, consumed: 25 (MB)
scvg: 0 MB released
scvg: inuse: 18, idle: 43, sys: 62, released: 37, consumed: 25 (MB)
scvg: 0 MB released
scvg: inuse: 18, idle: 43, sys: 62, released: 37, consumed: 25 (MB)
scvg: 0 MB released
scvg: inuse: 18, idle: 43, sys: 62, released: 37, consumed: 25 (MB)
scvg: 0 MB released
scvg: inuse: 18, idle: 43, sys: 62, released: 37, consumed: 25 (MB)
scvg: 0 MB released
scvg: inuse: 18, idle: 43, sys: 62, released: 37, consumed: 25 (MB)
scvg: 0 MB released
scvg: inuse: 18, idle: 43, sys: 62, released: 37, consumed: 25 (MB)
scvg: 0 MB released
scvg: inuse: 18, idle: 43, sys: 62, released: 37, consumed: 25 (MB)
scvg: 0 MB released
scvg: inuse: 18, idle: 43, sys: 62, released: 37, consumed: 25 (MB)
scvg: 0 MB released
scvg: inuse: 18, idle: 43, sys: 62, released: 37, consumed: 25 (MB)
scvg: 0 MB released
scvg: inuse: 18, idle: 43, sys: 62, released: 37, consumed: 25 (MB)
scvg: 0 MB released
scvg: inuse: 18, idle: 43, sys: 62, released: 37, consumed: 25 (MB)
scvg: 0 MB released
scvg: inuse: 18, idle: 43, sys: 62, released: 37, consumed: 25 (MB)
scvg: 0 MB released
scvg: inuse: 18, idle: 43, sys: 62, released: 37, consumed: 25 (MB)
scvg: 0 MB released
scvg: inuse: 18, idle: 43, sys: 62, released: 37, consumed: 25 (MB)
scvg: 0 MB released
scvg: inuse: 18, idle: 43, sys: 62, released: 37, consumed: 25 (MB)
scvg: 0 MB released
scvg: inuse: 18, idle: 43, sys: 62, released: 37, consumed: 25 (MB)
scvg: 0 MB released
scvg: inuse: 18, idle: 43, sys: 62, released: 37, consumed: 25 (MB)
scvg: 0 MB released
scvg: inuse: 18, idle: 43, sys: 62, released: 37, consumed: 24 (MB)
scvg: 0 MB released
scvg: inuse: 18, idle: 43, sys: 62, released: 37, consumed: 24 (MB)
scvg: 0 MB released
scvg: inuse: 18, idle: 43, sys: 62, released: 37, consumed: 24 (MB)
scvg: 0 MB released
scvg: inuse: 18, idle: 43, sys: 62, released: 37, consumed: 24 (MB)
scvg: 0 MB released
scvg: inuse: 18, idle: 43, sys: 62, released: 37, consumed: 24 (MB)
scvg: 0 MB released
scvg: inuse: 18, idle: 43, sys: 62, released: 37, consumed: 24 (MB)
scvg: 0 MB released
scvg: inuse: 18, idle: 43, sys: 62, released: 37, consumed: 24 (MB)
scvg: 0 MB released
scvg: inuse: 18, idle: 43, sys: 62, released: 37, consumed: 24 (MB)
scvg: 0 MB released
scvg: inuse: 18, idle: 43, sys: 62, released: 37, consumed: 24 (MB)
scvg: 0 MB released
scvg: inuse: 18, idle: 43, sys: 62, released: 37, consumed: 24 (MB)
scvg: 0 MB released
scvg: inuse: 18, idle: 43, sys: 62, released: 37, consumed: 24 (MB)
scvg: 0 MB released
scvg: inuse: 18, idle: 43, sys: 62, released: 37, consumed: 24 (MB)
scvg: 0 MB released
scvg: inuse: 18, idle: 43, sys: 62, released: 37, consumed: 24 (MB)
scvg: 0 MB released
scvg: inuse: 18, idle: 43, sys: 62, released: 37, consumed: 24 (MB)
scvg: 0 MB released
scvg: inuse: 18, idle: 43, sys: 62, released: 37, consumed: 24 (MB)
scvg: 0 MB released
scvg: inuse: 18, idle: 43, sys: 62, released: 37, consumed: 24 (MB)
scvg: 0 MB released
scvg: inuse: 18, idle: 43, sys: 62, released: 37, consumed: 24 (MB)
scvg: 0 MB released
scvg: inuse: 18, idle: 43, sys: 62, released: 37, consumed: 24 (MB)
scvg: 0 MB released
scvg: inuse: 18, idle: 43, sys: 62, released: 37, consumed: 24 (MB)
scvg: 0 MB released
scvg: inuse: 18, idle: 43, sys: 62, released: 37, consumed: 24 (MB)
scvg: 0 MB released
scvg: inuse: 18, idle: 43, sys: 62, released: 37, consumed: 24 (MB)
scvg: 0 MB released
scvg: inuse: 18, idle: 43, sys: 62, released: 37, consumed: 24 (MB)
scvg: 0 MB released
scvg: inuse: 18, idle: 43, sys: 62, released: 37, consumed: 24 (MB)
scvg: 0 MB released
scvg: inuse: 18, idle: 43, sys: 62, released: 37, consumed: 24 (MB)
scvg: 0 MB released
scvg: inuse: 18, idle: 43, sys: 62, released: 37, consumed: 24 (MB)
scvg: 0 MB released
scvg: inuse: 18, idle: 43, sys: 62, released: 37, consumed: 24 (MB)
scvg: 0 MB released
scvg: inuse: 18, idle: 43, sys: 62, released: 37, consumed: 24 (MB)
scvg: 0 MB released
scvg: inuse: 18, idle: 43, sys: 62, released: 37, consumed: 24 (MB)
scvg: 0 MB released
scvg: inuse: 18, idle: 43, sys: 62, released: 37, consumed: 24 (MB)
scvg: 0 MB released
scvg: inuse: 18, idle: 43, sys: 62, released: 37, consumed: 24 (MB)
scvg: 0 MB released
scvg: inuse: 18, idle: 43, sys: 62, released: 37, consumed: 24 (MB)
scvg: 0 MB released
scvg: inuse: 18, idle: 43, sys: 62, released: 37, consumed: 24 (MB)
scvg: 0 MB released
scvg: inuse: 18, idle: 43, sys: 62, released: 37, consumed: 24 (MB)
scvg: 0 MB released
scvg: inuse: 18, idle: 43, sys: 62, released: 37, consumed: 24 (MB)
scvg: 0 MB released
scvg: inuse: 18, idle: 43, sys: 62, released: 37, consumed: 24 (MB)
scvg: 0 MB released
scvg: inuse: 18, idle: 43, sys: 62, released: 37, consumed: 24 (MB)
scvg: 0 MB released
scvg: inuse: 18, idle: 43, sys: 62, released: 37, consumed: 24 (MB)
scvg: 0 MB released
scvg: inuse: 18, idle: 43, sys: 62, released: 37, consumed: 24 (MB)
scvg: 0 MB released
scvg: inuse: 18, idle: 43, sys: 62, released: 37, consumed: 24 (MB)
scvg: 0 MB released
scvg: inuse: 18, idle: 43, sys: 62, released: 37, consumed: 24 (MB)
scvg: 0 MB released
scvg: inuse: 18, idle: 43, sys: 62, released: 37, consumed: 24 (MB)
scvg: 0 MB released
scvg: inuse: 18, idle: 43, sys: 62, released: 37, consumed: 24 (MB)
scvg: 0 MB released
scvg: inuse: 18, idle: 43, sys: 62, released: 37, consumed: 24 (MB)
scvg: 0 MB released
scvg: inuse: 18, idle: 43, sys: 62, released: 37, consumed: 24 (MB)
scvg: 0 MB released
scvg: inuse: 18, idle: 43, sys: 62, released: 37, consumed: 24 (MB)
scvg: 0 MB released
scvg: inuse: 18, idle: 43, sys: 62, released: 37, consumed: 24 (MB)
scvg: 0 MB released
scvg: inuse: 18, idle: 43, sys: 62, released: 37, consumed: 24 (MB)
scvg: 0 MB released
scvg: inuse: 18, idle: 43, sys: 62, released: 37, consumed: 24 (MB)
scvg: 0 MB released
scvg: inuse: 18, idle: 43, sys: 62, released: 37, consumed: 24 (MB)
scvg: 0 MB released
scvg: inuse: 18, idle: 43, sys: 62, released: 37, consumed: 24 (MB)
scvg: 0 MB released
scvg: inuse: 18, idle: 43, sys: 62, released: 37, consumed: 24 (MB)
scvg: 0 MB released
scvg: inuse: 18, idle: 43, sys: 62, released: 37, consumed: 24 (MB)
scvg: 0 MB released
scvg: inuse: 18, idle: 43, sys: 62, released: 37, consumed: 24 (MB)
scvg: 0 MB released
scvg: inuse: 18, idle: 43, sys: 62, released: 37, consumed: 24 (MB)
scvg: 0 MB released
scvg: inuse: 18, idle: 43, sys: 62, released: 37, consumed: 24 (MB)
scvg: 0 MB released
scvg: inuse: 18, idle: 43, sys: 62, released: 37, consumed: 24 (MB)
scvg: 0 MB released
scvg: inuse: 18, idle: 43, sys: 62, released: 37, consumed: 24 (MB)
scvg: 0 MB released
scvg: inuse: 18, idle: 43, sys: 62, released: 37, consumed: 24 (MB)
scvg: 0 MB released
scvg: inuse: 18, idle: 43, sys: 62, released: 37, consumed: 24 (MB)
scvg: 0 MB released
scvg: inuse: 18, idle: 43, sys: 62, released: 37, consumed: 24 (MB)
scvg: 0 MB released
scvg: inuse: 18, idle: 43, sys: 62, released: 37, consumed: 24 (MB)
scvg: 0 MB released
scvg: inuse: 18, idle: 43, sys: 62, released: 37, consumed: 24 (MB)
scvg: 0 MB released
scvg: inuse: 18, idle: 43, sys: 62, released: 37, consumed: 24 (MB)
scvg: 0 MB released
scvg: inuse: 18, idle: 43, sys: 62, released: 37, consumed: 24 (MB)
scvg: 0 MB released
scvg: inuse: 18, idle: 43, sys: 62, released: 37, consumed: 24 (MB)
scvg: 0 MB released
scvg: inuse: 18, idle: 43, sys: 62, released: 37, consumed: 24 (MB)
scvg: 0 MB released
scvg: inuse: 18, idle: 43, sys: 62, released: 37, consumed: 24 (MB)
scvg: 0 MB released
scvg: inuse: 18, idle: 43, sys: 62, released: 37, consumed: 24 (MB)
scvg: 0 MB released
scvg: inuse: 18, idle: 43, sys: 62, released: 37, consumed: 24 (MB)
scvg: 0 MB released
scvg: inuse: 18, idle: 43, sys: 62, released: 37, consumed: 24 (MB)
scvg: 0 MB released
scvg: inuse: 18, idle: 43, sys: 62, released: 37, consumed: 24 (MB)
scvg: 0 MB released
scvg: inuse: 18, idle: 43, sys: 62, released: 37, consumed: 24 (MB)
scvg: 0 MB released
scvg: inuse: 18, idle: 43, sys: 62, released: 37, consumed: 24 (MB)
scvg: 0 MB released
scvg: inuse: 18, idle: 43, sys: 62, released: 37, consumed: 24 (MB)
scvg: 0 MB released
scvg: inuse: 18, idle: 43, sys: 62, released: 37, consumed: 24 (MB)
scvg: 0 MB released
scvg: inuse: 18, idle: 43, sys: 62, released: 37, consumed: 24 (MB)
scvg: 0 MB released
scvg: inuse: 18, idle: 43, sys: 62, released: 37, consumed: 24 (MB)
scvg: 0 MB released
scvg: inuse: 18, idle: 43, sys: 62, released: 37, consumed: 24 (MB)
scvg: 0 MB released
scvg: inuse: 18, idle: 43, sys: 62, released: 37, consumed: 24 (MB)
scvg: 0 MB released
scvg: inuse: 18, idle: 43, sys: 62, released: 37, consumed: 24 (MB)
scvg: 0 MB released
scvg: inuse: 18, idle: 43, sys: 62, released: 37, consumed: 24 (MB)
scvg: 0 MB released
scvg: inuse: 18, idle: 43, sys: 62, released: 37, consumed: 24 (MB)
scvg: 0 MB released
scvg: inuse: 18, idle: 43, sys: 62, released: 37, consumed: 24 (MB)
scvg: 0 MB released
scvg: inuse: 18, idle: 43, sys: 62, released: 38, consumed: 24 (MB)
scvg: 0 MB released
scvg: inuse: 18, idle: 43, sys: 62, released: 38, consumed: 24 (MB)
scvg: 0 MB released
scvg: inuse: 18, idle: 43, sys: 62, released: 38, consumed: 24 (MB)
scvg: 0 MB released
scvg: inuse: 18, idle: 43, sys: 62, released: 38, consumed: 24 (MB)
scvg: 0 MB released
scvg: inuse: 18, idle: 43, sys: 62, released: 38, consumed: 24 (MB)
scvg: 0 MB released
scvg: inuse: 18, idle: 43, sys: 62, released: 38, consumed: 24 (MB)
scvg: 0 MB released
scvg: inuse: 18, idle: 43, sys: 62, released: 38, consumed: 24 (MB)
scvg: 0 MB released
scvg: inuse: 18, idle: 43, sys: 62, released: 38, consumed: 24 (MB)
scvg: 0 MB released
scvg: inuse: 18, idle: 43, sys: 62, released: 38, consumed: 24 (MB)
scvg: 0 MB released
scvg: inuse: 18, idle: 43, sys: 62, released: 38, consumed: 24 (MB)
scvg: 0 MB released
scvg: inuse: 18, idle: 43, sys: 62, released: 38, consumed: 24 (MB)
scvg: 0 MB released
scvg: inuse: 18, idle: 43, sys: 62, released: 38, consumed: 24 (MB)
scvg: 0 MB released
scvg: inuse: 18, idle: 43, sys: 62, released: 38, consumed: 24 (MB)
scvg: 0 MB released
scvg: inuse: 18, idle: 43, sys: 62, released: 38, consumed: 24 (MB)
scvg: 0 MB released
scvg: inuse: 18, idle: 43, sys: 62, released: 38, consumed: 24 (MB)
scvg: 0 MB released
scvg: inuse: 18, idle: 43, sys: 62, released: 38, consumed: 24 (MB)
scvg: 0 MB released
scvg: inuse: 18, idle: 43, sys: 62, released: 38, consumed: 24 (MB)
scvg: 0 MB released
scvg: inuse: 18, idle: 43, sys: 62, released: 38, consumed: 24 (MB)
scvg: 0 MB released
scvg: inuse: 18, idle: 43, sys: 62, released: 38, consumed: 24 (MB)
scvg: 0 MB released
scvg: inuse: 18, idle: 43, sys: 62, released: 38, consumed: 24 (MB)
scvg: 0 MB released
scvg: inuse: 18, idle: 43, sys: 62, released: 38, consumed: 24 (MB)
scvg: 0 MB released
scvg: inuse: 18, idle: 43, sys: 62, released: 38, consumed: 24 (MB)
scvg: 0 MB released
scvg: inuse: 18, idle: 43, sys: 62, released: 38, consumed: 24 (MB)
scvg: 0 MB released
scvg: inuse: 18, idle: 43, sys: 62, released: 38, consumed: 24 (MB)
scvg: 0 MB released
scvg: inuse: 18, idle: 43, sys: 62, released: 38, consumed: 24 (MB)
scvg: 0 MB released
scvg: inuse: 18, idle: 43, sys: 62, released: 38, consumed: 24 (MB)
scvg: 0 MB released
scvg: inuse: 18, idle: 43, sys: 62, released: 38, consumed: 24 (MB)
scvg: 0 MB released
scvg: inuse: 18, idle: 43, sys: 62, released: 38, consumed: 24 (MB)
scvg: 0 MB released
scvg: inuse: 18, idle: 43, sys: 62, released: 38, consumed: 24 (MB)
scvg: 0 MB released
scvg: inuse: 18, idle: 43, sys: 62, released: 38, consumed: 24 (MB)
scvg: 0 MB released
scvg: inuse: 18, idle: 43, sys: 62, released: 38, consumed: 24 (MB)
scvg: 0 MB released
scvg: inuse: 18, idle: 43, sys: 62, released: 38, consumed: 24 (MB)
scvg: 0 MB released
scvg: inuse: 18, idle: 43, sys: 62, released: 38, consumed: 24 (MB)
scvg: 0 MB released
scvg: inuse: 18, idle: 43, sys: 62, released: 38, consumed: 24 (MB)
scvg: 0 MB released
scvg: inuse: 18, idle: 43, sys: 62, released: 38, consumed: 24 (MB)
scvg: 0 MB released
scvg: inuse: 18, idle: 43, sys: 62, released: 38, consumed: 24 (MB)
scvg: 0 MB released
scvg: inuse: 18, idle: 43, sys: 62, released: 38, consumed: 24 (MB)
scvg: 0 MB released
scvg: inuse: 18, idle: 43, sys: 62, released: 38, consumed: 24 (MB)
scvg: 0 MB released
scvg: inuse: 18, idle: 43, sys: 62, released: 38, consumed: 24 (MB)
scvg: 0 MB released
scvg: inuse: 18, idle: 43, sys: 62, released: 38, consumed: 24 (MB)
scvg: 0 MB released
scvg: inuse: 18, idle: 43, sys: 62, released: 38, consumed: 24 (MB)
scvg: 0 MB released
scvg: inuse: 18, idle: 43, sys: 62, released: 38, consumed: 24 (MB)
scvg: 0 MB released
scvg: inuse: 18, idle: 43, sys: 62, released: 38, consumed: 24 (MB)
scvg: 0 MB released
scvg: inuse: 18, idle: 43, sys: 62, released: 38, consumed: 24 (MB)
scvg: 0 MB released
scvg: inuse: 18, idle: 43, sys: 62, released: 38, consumed: 24 (MB)
scvg: 0 MB released
scvg: inuse: 18, idle: 43, sys: 62, released: 38, consumed: 23 (MB)
scvg: 0 MB released
scvg: inuse: 18, idle: 43, sys: 62, released: 38, consumed: 23 (MB)
scvg: 0 MB released
scvg: inuse: 18, idle: 43, sys: 62, released: 38, consumed: 23 (MB)
scvg: 0 MB released
scvg: inuse: 18, idle: 43, sys: 62, released: 38, consumed: 23 (MB)
scvg: 0 MB released
scvg: inuse: 18, idle: 43, sys: 62, released: 38, consumed: 23 (MB)
scvg: 0 MB released
scvg: inuse: 18, idle: 43, sys: 62, released: 38, consumed: 23 (MB)
scvg: 0 MB released
scvg: inuse: 18, idle: 43, sys: 62, released: 38, consumed: 23 (MB)
scvg: 0 MB released
scvg: inuse: 18, idle: 43, sys: 62, released: 38, consumed: 23 (MB)
scvg: 0 MB released
scvg: inuse: 18, idle: 43, sys: 62, released: 38, consumed: 23 (MB)
scvg: 0 MB released
scvg: inuse: 18, idle: 43, sys: 62, released: 38, consumed: 23 (MB)
scvg: 0 MB released
scvg: inuse: 18, idle: 43, sys: 62, released: 38, consumed: 23 (MB)
scvg: 0 MB released
scvg: inuse: 18, idle: 43, sys: 62, released: 38, consumed: 23 (MB)
scvg: 0 MB released
scvg: inuse: 18, idle: 43, sys: 62, released: 38, consumed: 23 (MB)
scvg: 0 MB released
scvg: inuse: 18, idle: 43, sys: 62, released: 38, consumed: 23 (MB)
scvg: 0 MB released
scvg: inuse: 18, idle: 43, sys: 62, released: 38, consumed: 23 (MB)
scvg: 0 MB released
scvg: inuse: 18, idle: 43, sys: 62, released: 38, consumed: 23 (MB)
scvg: 0 MB released
scvg: inuse: 18, idle: 43, sys: 62, released: 38, consumed: 23 (MB)
scvg: 0 MB released
scvg: inuse: 18, idle: 43, sys: 62, released: 38, consumed: 23 (MB)
scvg: 0 MB released
scvg: inuse: 18, idle: 43, sys: 62, released: 38, consumed: 23 (MB)
scvg: 0 MB released
scvg: inuse: 18, idle: 43, sys: 62, released: 38, consumed: 23 (MB)
scvg: 0 MB released
scvg: inuse: 18, idle: 43, sys: 62, released: 38, consumed: 23 (MB)
scvg: 0 MB released
scvg: inuse: 18, idle: 43, sys: 62, released: 38, consumed: 23 (MB)
scvg: 0 MB released
scvg: inuse: 18, idle: 43, sys: 62, released: 38, consumed: 23 (MB)
scvg: 0 MB released
scvg: inuse: 18, idle: 43, sys: 62, released: 38, consumed: 23 (MB)
scvg: 0 MB released
scvg: inuse: 18, idle: 43, sys: 62, released: 38, consumed: 23 (MB)
scvg: 0 MB released
scvg: inuse: 18, idle: 43, sys: 62, released: 38, consumed: 23 (MB)
scvg: 0 MB released
scvg: inuse: 18, idle: 43, sys: 62, released: 38, consumed: 23 (MB)
scvg: 0 MB released
scvg: inuse: 18, idle: 43, sys: 62, released: 38, consumed: 23 (MB)
scvg: 0 MB released
scvg: inuse: 18, idle: 43, sys: 62, released: 38, consumed: 23 (MB)
scvg: 0 MB released
scvg: inuse: 18, idle: 43, sys: 62, released: 38, consumed: 23 (MB)
scvg: 0 MB released
scvg: inuse: 18, idle: 43, sys: 62, released: 38, consumed: 23 (MB)
scvg: 0 MB released
scvg: inuse: 18, idle: 43, sys: 62, released: 38, consumed: 23 (MB)
scvg: 0 MB released
scvg: inuse: 18, idle: 43, sys: 62, released: 38, consumed: 23 (MB)
scvg: 0 MB released
scvg: inuse: 18, idle: 43, sys: 62, released: 38, consumed: 23 (MB)
scvg: 0 MB released
scvg: inuse: 18, idle: 43, sys: 62, released: 38, consumed: 23 (MB)
scvg: 0 MB released
scvg: inuse: 18, idle: 43, sys: 62, released: 38, consumed: 23 (MB)
scvg: 0 MB released
scvg: inuse: 18, idle: 43, sys: 62, released: 38, consumed: 23 (MB)
scvg: 0 MB released
scvg: inuse: 18, idle: 43, sys: 62, released: 38, consumed: 23 (MB)
scvg: 0 MB released
scvg: inuse: 18, idle: 43, sys: 62, released: 38, consumed: 23 (MB)
scvg: 0 MB released
scvg: inuse: 18, idle: 43, sys: 62, released: 38, consumed: 23 (MB)
scvg: 0 MB released
scvg: inuse: 18, idle: 43, sys: 62, released: 38, consumed: 23 (MB)
scvg: 0 MB released
scvg: inuse: 18, idle: 43, sys: 62, released: 38, consumed: 23 (MB)
scvg: 0 MB released
scvg: inuse: 18, idle: 43, sys: 62, released: 38, consumed: 23 (MB)
scvg: 0 MB released
scvg: inuse: 18, idle: 43, sys: 62, released: 38, consumed: 23 (MB)
scvg: 0 MB released
scvg: inuse: 18, idle: 43, sys: 62, released: 38, consumed: 23 (MB)
scvg: 0 MB released
scvg: inuse: 18, idle: 43, sys: 62, released: 38, consumed: 23 (MB)
scvg: 0 MB released
scvg: inuse: 18, idle: 43, sys: 62, released: 38, consumed: 23 (MB)
scvg: 0 MB released
scvg: inuse: 18, idle: 43, sys: 62, released: 38, consumed: 23 (MB)
scvg: 0 MB released
scvg: inuse: 18, idle: 43, sys: 62, released: 38, consumed: 23 (MB)
scvg: 0 MB released
scvg: inuse: 18, idle: 43, sys: 62, released: 38, consumed: 23 (MB)
scvg: 0 MB released
scvg: inuse: 18, idle: 43, sys: 62, released: 38, consumed: 23 (MB)
scvg: 0 MB released
scvg: inuse: 18, idle: 43, sys: 62, released: 38, consumed: 23 (MB)
scvg: 0 MB released
scvg: inuse: 18, idle: 43, sys: 62, released: 38, consumed: 23 (MB)
scvg: 0 MB released
scvg: inuse: 18, idle: 43, sys: 62, released: 38, consumed: 23 (MB)
scvg: 0 MB released
scvg: inuse: 18, idle: 43, sys: 62, released: 38, consumed: 23 (MB)
scvg: 0 MB released
scvg: inuse: 18, idle: 43, sys: 62, released: 38, consumed: 23 (MB)
scvg: 0 MB released
scvg: inuse: 18, idle: 43, sys: 62, released: 38, consumed: 23 (MB)
scvg: 0 MB released
scvg: inuse: 18, idle: 43, sys: 62, released: 38, consumed: 23 (MB)
scvg: 0 MB released
scvg: inuse: 18, idle: 43, sys: 62, released: 38, consumed: 23 (MB)
scvg: 0 MB released
scvg: inuse: 18, idle: 43, sys: 62, released: 38, consumed: 23 (MB)
scvg: 0 MB released
scvg: inuse: 18, idle: 43, sys: 62, released: 38, consumed: 23 (MB)
scvg: 0 MB released
scvg: inuse: 18, idle: 43, sys: 62, released: 38, consumed: 23 (MB)
scvg: 0 MB released
scvg: inuse: 18, idle: 43, sys: 62, released: 38, consumed: 23 (MB)
scvg: 0 MB released
scvg: inuse: 18, idle: 43, sys: 62, released: 38, consumed: 23 (MB)
scvg: 0 MB released
scvg: inuse: 18, idle: 43, sys: 62, released: 38, consumed: 23 (MB)
scvg: 0 MB released
scvg: inuse: 18, idle: 43, sys: 62, released: 38, consumed: 23 (MB)
scvg: 0 MB released
scvg: inuse: 18, idle: 43, sys: 62, released: 38, consumed: 23 (MB)
scvg: 0 MB released
scvg: inuse: 18, idle: 43, sys: 62, released: 38, consumed: 23 (MB)
scvg: 0 MB released
scvg: inuse: 18, idle: 43, sys: 62, released: 38, consumed: 23 (MB)
scvg: 0 MB released
scvg: inuse: 18, idle: 43, sys: 62, released: 38, consumed: 23 (MB)
scvg: 0 MB released
scvg: inuse: 18, idle: 43, sys: 62, released: 38, consumed: 23 (MB)
scvg: 0 MB released
scvg: inuse: 18, idle: 43, sys: 62, released: 38, consumed: 23 (MB)
scvg: 0 MB released
scvg: inuse: 18, idle: 43, sys: 62, released: 38, consumed: 23 (MB)
scvg: 0 MB released
scvg: inuse: 18, idle: 43, sys: 62, released: 38, consumed: 23 (MB)
scvg: 0 MB released
scvg: inuse: 18, idle: 43, sys: 62, released: 38, consumed: 23 (MB)
scvg: 0 MB released
scvg: inuse: 18, idle: 43, sys: 62, released: 38, consumed: 23 (MB)
scvg: 0 MB released
scvg: inuse: 18, idle: 43, sys: 62, released: 38, consumed: 23 (MB)
scvg: 0 MB released
scvg: inuse: 18, idle: 43, sys: 62, released: 38, consumed: 23 (MB)
scvg: 0 MB released
scvg: inuse: 18, idle: 43, sys: 62, released: 38, consumed: 23 (MB)
scvg: 0 MB released
scvg: inuse: 18, idle: 43, sys: 62, released: 38, consumed: 23 (MB)
scvg: 0 MB released
scvg: inuse: 18, idle: 43, sys: 62, released: 38, consumed: 23 (MB)
scvg: 0 MB released
scvg: inuse: 18, idle: 43, sys: 62, released: 38, consumed: 23 (MB)
scvg: 0 MB released
scvg: inuse: 18, idle: 43, sys: 62, released: 38, consumed: 23 (MB)
scvg: 0 MB released
scvg: inuse: 18, idle: 43, sys: 62, released: 39, consumed: 23 (MB)
scvg: 0 MB released
scvg: inuse: 18, idle: 43, sys: 62, released: 39, consumed: 23 (MB)
scvg: 0 MB released
scvg: inuse: 18, idle: 43, sys: 62, released: 39, consumed: 23 (MB)
scvg: 0 MB released
scvg: inuse: 18, idle: 43, sys: 62, released: 39, consumed: 23 (MB)
scvg: 0 MB released
scvg: inuse: 18, idle: 43, sys: 62, released: 39, consumed: 23 (MB)
scvg: 0 MB released
scvg: inuse: 18, idle: 43, sys: 62, released: 39, consumed: 23 (MB)
scvg: 0 MB released
scvg: inuse: 18, idle: 43, sys: 62, released: 39, consumed: 23 (MB)
GC forced
gc 650 @74223.810s 0%: 0.008+2.7+0.006 ms clock, 0.070+0/3.0/3.2+0.048 ms cpu, 20->20->15 MB, 31 MB goal, 8 P
scvg: 0 MB released
scvg: inuse: 19, idle: 42, sys: 62, released: 39, consumed: 23 (MB)
scvg: 0 MB released
scvg: inuse: 18, idle: 43, sys: 62, released: 39, consumed: 23 (MB)
GC forced
gc 651 @74343.826s 0%: 0.018+2.7+0.006 ms clock, 0.15+0/3.5/3.3+0.052 ms cpu, 20->20->15 MB, 31 MB goal, 8 P
gc 652 @74416.470s 0%: 0.040+3.8+0.007 ms clock, 0.32+0.29/5.3/2.6+0.058 ms cpu, 30->30->15 MB, 31 MB goal, 8 P
gc 653 @74425.326s 0%: 0.007+2.5+0.005 ms clock, 0.063+0.22/3.1/5.8+0.046 ms cpu, 30->30->15 MB, 31 MB goal, 8 P
{"level":"warn","ts":"2019-12-07T17:41:05.213+0800","caller":"clientv3/retry_interceptor.go:61","msg":"retrying of unary invoker failed","target":"endpoint://client-e191dade-f3d9-4973-a3c8-1d4eea7ab878/127.0.0.1:62379","attempt":0,"error":"rpc error: code = DeadlineExceeded desc = context deadline exceeded"}
{"level":"warn","ts":"2019-12-07T17:41:15.213+0800","caller":"clientv3/retry_interceptor.go:61","msg":"retrying of unary invoker failed","target":"endpoint://client-e191dade-f3d9-4973-a3c8-1d4eea7ab878/127.0.0.1:62379","attempt":0,"error":"rpc error: code = DeadlineExceeded desc = context deadline exceeded"}
GC forced
gc 654 @74545.341s 0%: 0.010+2.8+0.005 ms clock, 0.087+0/3.9/3.3+0.044 ms cpu, 20->20->15 MB, 31 MB goal, 8 P
scvg: 0 MB released
scvg: inuse: 19, idle: 42, sys: 62, released: 30, consumed: 31 (MB)
scvg: 0 MB released
scvg: inuse: 18, idle: 43, sys: 62, released: 30, consumed: 31 (MB)
scvg: 0 MB released
scvg: inuse: 18, idle: 43, sys: 62, released: 30, consumed: 31 (MB)
scvg: 0 MB released
scvg: inuse: 18, idle: 43, sys: 62, released: 30, consumed: 31 (MB)
scvg: 0 MB released
scvg: inuse: 18, idle: 43, sys: 62, released: 30, consumed: 31 (MB)
scvg: 0 MB released
scvg: inuse: 18, idle: 43, sys: 62, released: 30, consumed: 31 (MB)
scvg: 0 MB released
scvg: inuse: 18, idle: 43, sys: 62, released: 30, consumed: 31 (MB)
scvg: 0 MB released
scvg: inuse: 18, idle: 43, sys: 62, released: 30, consumed: 31 (MB)
scvg: 0 MB released
scvg: inuse: 18, idle: 43, sys: 62, released: 30, consumed: 31 (MB)
scvg: 0 MB released
scvg: inuse: 18, idle: 43, sys: 62, released: 30, consumed: 31 (MB)
scvg: 0 MB released
scvg: inuse: 18, idle: 43, sys: 62, released: 30, consumed: 31 (MB)
scvg: 0 MB released
scvg: inuse: 18, idle: 43, sys: 62, released: 30, consumed: 31 (MB)
scvg: 0 MB released
scvg: inuse: 18, idle: 43, sys: 62, released: 30, consumed: 31 (MB)
scvg: 0 MB released
scvg: inuse: 18, idle: 43, sys: 62, released: 30, consumed: 31 (MB)
scvg: 0 MB released
scvg: inuse: 18, idle: 43, sys: 62, released: 30, consumed: 31 (MB)
scvg: 0 MB released
scvg: inuse: 18, idle: 43, sys: 62, released: 30, consumed: 31 (MB)
scvg: 0 MB released
scvg: inuse: 18, idle: 43, sys: 62, released: 30, consumed: 31 (MB)
scvg: 0 MB released
scvg: inuse: 18, idle: 43, sys: 62, released: 30, consumed: 31 (MB)
scvg: 0 MB released
scvg: inuse: 18, idle: 43, sys: 62, released: 30, consumed: 31 (MB)
scvg: 0 MB released
scvg: inuse: 18, idle: 43, sys: 62, released: 30, consumed: 31 (MB)
scvg: 0 MB released
scvg: inuse: 18, idle: 43, sys: 62, released: 30, consumed: 31 (MB)
scvg: 0 MB released
scvg: inuse: 18, idle: 43, sys: 62, released: 30, consumed: 31 (MB)
scvg: 0 MB released
scvg: inuse: 18, idle: 43, sys: 62, released: 30, consumed: 31 (MB)
scvg: 0 MB released
scvg: inuse: 18, idle: 43, sys: 62, released: 30, consumed: 31 (MB)
scvg: 0 MB released
scvg: inuse: 18, idle: 43, sys: 62, released: 30, consumed: 31 (MB)
scvg: 0 MB released
scvg: inuse: 18, idle: 43, sys: 62, released: 30, consumed: 31 (MB)
scvg: 0 MB released
scvg: inuse: 18, idle: 43, sys: 62, released: 30, consumed: 31 (MB)
scvg: 0 MB released
scvg: inuse: 18, idle: 43, sys: 62, released: 30, consumed: 31 (MB)
scvg: 0 MB released
scvg: inuse: 18, idle: 43, sys: 62, released: 30, consumed: 31 (MB)
scvg: 0 MB released
scvg: inuse: 18, idle: 43, sys: 62, released: 30, consumed: 31 (MB)
scvg: 0 MB released
scvg: inuse: 18, idle: 43, sys: 62, released: 30, consumed: 31 (MB)
scvg: 0 MB released
scvg: inuse: 18, idle: 43, sys: 62, released: 30, consumed: 31 (MB)
scvg: 0 MB released
scvg: inuse: 18, idle: 43, sys: 62, released: 30, consumed: 31 (MB)
scvg: 0 MB released
scvg: inuse: 18, idle: 43, sys: 62, released: 30, consumed: 31 (MB)
scvg: 0 MB released
scvg: inuse: 18, idle: 43, sys: 62, released: 30, consumed: 31 (MB)
scvg: 0 MB released
scvg: inuse: 18, idle: 43, sys: 62, released: 30, consumed: 31 (MB)
scvg: 0 MB released
scvg: inuse: 18, idle: 43, sys: 62, released: 30, consumed: 31 (MB)
scvg: 0 MB released
scvg: inuse: 18, idle: 43, sys: 62, released: 30, consumed: 31 (MB)
scvg: 0 MB released
scvg: inuse: 18, idle: 43, sys: 62, released: 30, consumed: 31 (MB)
scvg: 0 MB released
scvg: inuse: 18, idle: 43, sys: 62, released: 30, consumed: 31 (MB)
scvg: 0 MB released
scvg: inuse: 18, idle: 43, sys: 62, released: 30, consumed: 31 (MB)
scvg: 0 MB released
scvg: inuse: 18, idle: 43, sys: 62, released: 30, consumed: 31 (MB)
scvg: 0 MB released
scvg: inuse: 18, idle: 43, sys: 62, released: 30, consumed: 31 (MB)
scvg: 0 MB released
scvg: inuse: 18, idle: 43, sys: 62, released: 30, consumed: 31 (MB)
scvg: 0 MB released
scvg: inuse: 18, idle: 43, sys: 62, released: 30, consumed: 31 (MB)
scvg: 0 MB released
scvg: inuse: 18, idle: 43, sys: 62, released: 30, consumed: 31 (MB)
scvg: 0 MB released
scvg: inuse: 18, idle: 43, sys: 62, released: 30, consumed: 31 (MB)
scvg: 0 MB released
scvg: inuse: 18, idle: 43, sys: 62, released: 30, consumed: 31 (MB)
scvg: 0 MB released
scvg: inuse: 18, idle: 43, sys: 62, released: 30, consumed: 31 (MB)
scvg: 0 MB released
scvg: inuse: 18, idle: 43, sys: 62, released: 30, consumed: 31 (MB)
scvg: 0 MB released
scvg: inuse: 18, idle: 43, sys: 62, released: 30, consumed: 31 (MB)
scvg: 0 MB released
scvg: inuse: 18, idle: 43, sys: 62, released: 30, consumed: 31 (MB)
scvg: 0 MB released
scvg: inuse: 18, idle: 43, sys: 62, released: 30, consumed: 31 (MB)
scvg: 0 MB released
scvg: inuse: 18, idle: 43, sys: 62, released: 30, consumed: 31 (MB)
scvg: 0 MB released
scvg: inuse: 18, idle: 43, sys: 62, released: 30, consumed: 31 (MB)
scvg: 0 MB released
scvg: inuse: 18, idle: 43, sys: 62, released: 30, consumed: 31 (MB)
scvg: 0 MB released
scvg: inuse: 18, idle: 43, sys: 62, released: 30, consumed: 31 (MB)
scvg: 0 MB released
scvg: inuse: 18, idle: 43, sys: 62, released: 30, consumed: 31 (MB)
scvg: 0 MB released
scvg: inuse: 18, idle: 43, sys: 62, released: 30, consumed: 31 (MB)
scvg: 0 MB released
scvg: inuse: 18, idle: 43, sys: 62, released: 30, consumed: 31 (MB)
scvg: 0 MB released
scvg: inuse: 18, idle: 43, sys: 62, released: 30, consumed: 31 (MB)
scvg: 0 MB released
scvg: inuse: 18, idle: 43, sys: 62, released: 30, consumed: 31 (MB)
scvg: 0 MB released
scvg: inuse: 18, idle: 43, sys: 62, released: 30, consumed: 31 (MB)
scvg: 0 MB released
scvg: inuse: 18, idle: 43, sys: 62, released: 30, consumed: 31 (MB)
scvg: 0 MB released
scvg: inuse: 18, idle: 43, sys: 62, released: 30, consumed: 31 (MB)
scvg: 0 MB released
scvg: inuse: 18, idle: 43, sys: 62, released: 31, consumed: 31 (MB)
scvg: 0 MB released
scvg: inuse: 18, idle: 43, sys: 62, released: 31, consumed: 31 (MB)
scvg: 0 MB released
scvg: inuse: 18, idle: 43, sys: 62, released: 31, consumed: 31 (MB)
scvg: 0 MB released
scvg: inuse: 18, idle: 43, sys: 62, released: 31, consumed: 31 (MB)
scvg: 0 MB released
scvg: inuse: 18, idle: 43, sys: 62, released: 31, consumed: 31 (MB)
scvg: 0 MB released
scvg: inuse: 18, idle: 43, sys: 62, released: 31, consumed: 31 (MB)
scvg: 0 MB released
scvg: inuse: 18, idle: 43, sys: 62, released: 31, consumed: 31 (MB)
scvg: 0 MB released
scvg: inuse: 18, idle: 43, sys: 62, released: 31, consumed: 31 (MB)
scvg: 0 MB released
scvg: inuse: 18, idle: 43, sys: 62, released: 31, consumed: 31 (MB)
scvg: 0 MB released
scvg: inuse: 18, idle: 43, sys: 62, released: 31, consumed: 31 (MB)
scvg: 0 MB released
scvg: inuse: 18, idle: 43, sys: 62, released: 31, consumed: 31 (MB)
scvg: 0 MB released
scvg: inuse: 18, idle: 43, sys: 62, released: 31, consumed: 31 (MB)
scvg: 0 MB released
scvg: inuse: 18, idle: 43, sys: 62, released: 31, consumed: 31 (MB)
scvg: 0 MB released
scvg: inuse: 18, idle: 43, sys: 62, released: 31, consumed: 31 (MB)
scvg: 0 MB released
scvg: inuse: 18, idle: 43, sys: 62, released: 31, consumed: 31 (MB)
scvg: 0 MB released
scvg: inuse: 18, idle: 43, sys: 62, released: 31, consumed: 31 (MB)
scvg: 0 MB released
scvg: inuse: 18, idle: 43, sys: 62, released: 31, consumed: 31 (MB)
scvg: 0 MB released
scvg: inuse: 18, idle: 43, sys: 62, released: 31, consumed: 31 (MB)
scvg: 0 MB released
scvg: inuse: 18, idle: 43, sys: 62, released: 31, consumed: 31 (MB)
scvg: 0 MB released
scvg: inuse: 18, idle: 43, sys: 62, released: 31, consumed: 31 (MB)
scvg: 0 MB released
scvg: inuse: 18, idle: 43, sys: 62, released: 31, consumed: 31 (MB)
scvg: 0 MB released
scvg: inuse: 18, idle: 43, sys: 62, released: 31, consumed: 31 (MB)
scvg: 0 MB released
scvg: inuse: 18, idle: 43, sys: 62, released: 31, consumed: 31 (MB)
scvg: 0 MB released
scvg: inuse: 18, idle: 43, sys: 62, released: 31, consumed: 31 (MB)
scvg: 0 MB released
scvg: inuse: 18, idle: 43, sys: 62, released: 31, consumed: 31 (MB)
scvg: 0 MB released
scvg: inuse: 18, idle: 43, sys: 62, released: 31, consumed: 31 (MB)
scvg: 0 MB released
scvg: inuse: 18, idle: 43, sys: 62, released: 31, consumed: 31 (MB)
scvg: 0 MB released
scvg: inuse: 18, idle: 43, sys: 62, released: 31, consumed: 31 (MB)
scvg: 0 MB released
scvg: inuse: 18, idle: 43, sys: 62, released: 31, consumed: 31 (MB)
scvg: 0 MB released
scvg: inuse: 18, idle: 43, sys: 62, released: 31, consumed: 31 (MB)
scvg: 0 MB released
scvg: inuse: 18, idle: 43, sys: 62, released: 31, consumed: 31 (MB)
scvg: 0 MB released
scvg: inuse: 18, idle: 43, sys: 62, released: 31, consumed: 31 (MB)
scvg: 0 MB released
scvg: inuse: 18, idle: 43, sys: 62, released: 31, consumed: 31 (MB)
scvg: 0 MB released
scvg: inuse: 18, idle: 43, sys: 62, released: 31, consumed: 31 (MB)
scvg: 0 MB released
scvg: inuse: 18, idle: 43, sys: 62, released: 31, consumed: 31 (MB)
scvg: 0 MB released
scvg: inuse: 18, idle: 43, sys: 62, released: 31, consumed: 31 (MB)
scvg: 0 MB released
scvg: inuse: 18, idle: 43, sys: 62, released: 31, consumed: 31 (MB)
scvg: 0 MB released
scvg: inuse: 18, idle: 43, sys: 62, released: 31, consumed: 31 (MB)
scvg: 0 MB released
scvg: inuse: 18, idle: 43, sys: 62, released: 31, consumed: 31 (MB)
scvg: 0 MB released
scvg: inuse: 18, idle: 43, sys: 62, released: 31, consumed: 31 (MB)
scvg: 0 MB released
scvg: inuse: 18, idle: 43, sys: 62, released: 31, consumed: 31 (MB)
scvg: 0 MB released
scvg: inuse: 18, idle: 43, sys: 62, released: 31, consumed: 30 (MB)
scvg: 0 MB released
scvg: inuse: 18, idle: 43, sys: 62, released: 31, consumed: 30 (MB)
scvg: 0 MB released
scvg: inuse: 18, idle: 43, sys: 62, released: 31, consumed: 30 (MB)
scvg: 0 MB released
scvg: inuse: 18, idle: 43, sys: 62, released: 31, consumed: 30 (MB)
scvg: 0 MB released
scvg: inuse: 18, idle: 43, sys: 62, released: 31, consumed: 30 (MB)
scvg: 0 MB released
scvg: inuse: 18, idle: 43, sys: 62, released: 31, consumed: 30 (MB)
scvg: 0 MB released
scvg: inuse: 18, idle: 43, sys: 62, released: 31, consumed: 30 (MB)
scvg: 0 MB released
scvg: inuse: 18, idle: 43, sys: 62, released: 31, consumed: 30 (MB)
scvg: 0 MB released
scvg: inuse: 18, idle: 43, sys: 62, released: 31, consumed: 30 (MB)
scvg: 0 MB released
scvg: inuse: 18, idle: 43, sys: 62, released: 31, consumed: 30 (MB)
scvg: 0 MB released
scvg: inuse: 18, idle: 43, sys: 62, released: 31, consumed: 30 (MB)
scvg: 0 MB released
scvg: inuse: 18, idle: 43, sys: 62, released: 31, consumed: 30 (MB)
scvg: 0 MB released
scvg: inuse: 18, idle: 43, sys: 62, released: 31, consumed: 30 (MB)
scvg: 0 MB released
scvg: inuse: 18, idle: 43, sys: 62, released: 31, consumed: 30 (MB)
scvg: 0 MB released
scvg: inuse: 18, idle: 43, sys: 62, released: 31, consumed: 30 (MB)
scvg: 0 MB released
scvg: inuse: 18, idle: 43, sys: 62, released: 31, consumed: 30 (MB)
scvg: 0 MB released
scvg: inuse: 18, idle: 43, sys: 62, released: 31, consumed: 30 (MB)
scvg: 0 MB released
scvg: inuse: 18, idle: 43, sys: 62, released: 31, consumed: 30 (MB)
scvg: 0 MB released
scvg: inuse: 18, idle: 43, sys: 62, released: 31, consumed: 30 (MB)
scvg: 0 MB released
scvg: inuse: 18, idle: 43, sys: 62, released: 31, consumed: 30 (MB)
scvg: 0 MB released
scvg: inuse: 18, idle: 43, sys: 62, released: 31, consumed: 30 (MB)
scvg: 0 MB released
scvg: inuse: 18, idle: 43, sys: 62, released: 31, consumed: 30 (MB)
scvg: 0 MB released
scvg: inuse: 18, idle: 43, sys: 62, released: 31, consumed: 30 (MB)
scvg: 0 MB released
scvg: inuse: 18, idle: 43, sys: 62, released: 31, consumed: 30 (MB)
scvg: 0 MB released
scvg: inuse: 18, idle: 43, sys: 62, released: 31, consumed: 30 (MB)
scvg: 0 MB released
scvg: inuse: 18, idle: 43, sys: 62, released: 31, consumed: 30 (MB)
scvg: 0 MB released
scvg: inuse: 18, idle: 43, sys: 62, released: 31, consumed: 30 (MB)
scvg: 0 MB released
scvg: inuse: 18, idle: 43, sys: 62, released: 31, consumed: 30 (MB)
scvg: 0 MB released
scvg: inuse: 18, idle: 43, sys: 62, released: 31, consumed: 30 (MB)
scvg: 0 MB released
scvg: inuse: 18, idle: 43, sys: 62, released: 31, consumed: 30 (MB)
scvg: 0 MB released
scvg: inuse: 18, idle: 43, sys: 62, released: 31, consumed: 30 (MB)
scvg: 0 MB released
scvg: inuse: 18, idle: 43, sys: 62, released: 31, consumed: 30 (MB)
scvg: 0 MB released
scvg: inuse: 18, idle: 43, sys: 62, released: 31, consumed: 30 (MB)
scvg: 0 MB released
scvg: inuse: 18, idle: 43, sys: 62, released: 31, consumed: 30 (MB)
scvg: 0 MB released
scvg: inuse: 18, idle: 43, sys: 62, released: 31, consumed: 30 (MB)
scvg: 0 MB released
scvg: inuse: 18, idle: 43, sys: 62, released: 31, consumed: 30 (MB)
scvg: 0 MB released
scvg: inuse: 18, idle: 43, sys: 62, released: 31, consumed: 30 (MB)
scvg: 0 MB released
scvg: inuse: 18, idle: 43, sys: 62, released: 31, consumed: 30 (MB)
scvg: 0 MB released
scvg: inuse: 18, idle: 43, sys: 62, released: 31, consumed: 30 (MB)
scvg: 0 MB released
scvg: inuse: 18, idle: 43, sys: 62, released: 31, consumed: 30 (MB)
scvg: 0 MB released
scvg: inuse: 18, idle: 43, sys: 62, released: 31, consumed: 30 (MB)
scvg: 0 MB released
scvg: inuse: 18, idle: 43, sys: 62, released: 31, consumed: 30 (MB)
scvg: 0 MB released
scvg: inuse: 18, idle: 43, sys: 62, released: 31, consumed: 30 (MB)
scvg: 0 MB released
scvg: inuse: 18, idle: 43, sys: 62, released: 31, consumed: 30 (MB)
scvg: 0 MB released
scvg: inuse: 18, idle: 43, sys: 62, released: 31, consumed: 30 (MB)
scvg: 0 MB released
scvg: inuse: 18, idle: 43, sys: 62, released: 31, consumed: 30 (MB)
scvg: 0 MB released
scvg: inuse: 18, idle: 43, sys: 62, released: 31, consumed: 30 (MB)
scvg: 0 MB released
scvg: inuse: 18, idle: 43, sys: 62, released: 31, consumed: 30 (MB)
scvg: 0 MB released
scvg: inuse: 18, idle: 43, sys: 62, released: 31, consumed: 30 (MB)
scvg: 0 MB released
scvg: inuse: 18, idle: 43, sys: 62, released: 31, consumed: 30 (MB)
scvg: 0 MB released
scvg: inuse: 18, idle: 43, sys: 62, released: 31, consumed: 30 (MB)
scvg: 0 MB released
scvg: inuse: 18, idle: 43, sys: 62, released: 31, consumed: 30 (MB)
scvg: 0 MB released
scvg: inuse: 18, idle: 43, sys: 62, released: 31, consumed: 30 (MB)
scvg: 0 MB released
scvg: inuse: 18, idle: 43, sys: 62, released: 31, consumed: 30 (MB)
scvg: 0 MB released
scvg: inuse: 18, idle: 43, sys: 62, released: 31, consumed: 30 (MB)
scvg: 0 MB released
scvg: inuse: 18, idle: 43, sys: 62, released: 31, consumed: 30 (MB)
scvg: 0 MB released
scvg: inuse: 18, idle: 43, sys: 62, released: 31, consumed: 30 (MB)
scvg: 0 MB released
scvg: inuse: 18, idle: 43, sys: 62, released: 31, consumed: 30 (MB)
scvg: 0 MB released
scvg: inuse: 18, idle: 43, sys: 62, released: 31, consumed: 30 (MB)
scvg: 0 MB released
scvg: inuse: 18, idle: 43, sys: 62, released: 31, consumed: 30 (MB)
scvg: 0 MB released
scvg: inuse: 18, idle: 43, sys: 62, released: 31, consumed: 30 (MB)
scvg: 0 MB released
scvg: inuse: 18, idle: 43, sys: 62, released: 31, consumed: 30 (MB)
scvg: 0 MB released
scvg: inuse: 18, idle: 43, sys: 62, released: 31, consumed: 30 (MB)
scvg: 0 MB released
scvg: inuse: 18, idle: 43, sys: 62, released: 31, consumed: 30 (MB)
scvg: 0 MB released
scvg: inuse: 18, idle: 43, sys: 62, released: 31, consumed: 30 (MB)
scvg: 0 MB released
scvg: inuse: 18, idle: 43, sys: 62, released: 31, consumed: 30 (MB)
scvg: 0 MB released
scvg: inuse: 18, idle: 43, sys: 62, released: 31, consumed: 30 (MB)
scvg: 0 MB released
scvg: inuse: 18, idle: 43, sys: 62, released: 31, consumed: 30 (MB)
scvg: 0 MB released
scvg: inuse: 18, idle: 43, sys: 62, released: 31, consumed: 30 (MB)
scvg: 0 MB released
scvg: inuse: 18, idle: 43, sys: 62, released: 31, consumed: 30 (MB)
scvg: 0 MB released
scvg: inuse: 18, idle: 43, sys: 62, released: 31, consumed: 30 (MB)
scvg: 0 MB released
scvg: inuse: 18, idle: 43, sys: 62, released: 31, consumed: 30 (MB)
scvg: 0 MB released
scvg: inuse: 18, idle: 43, sys: 62, released: 31, consumed: 30 (MB)
scvg: 0 MB released
scvg: inuse: 18, idle: 43, sys: 62, released: 31, consumed: 30 (MB)
scvg: 0 MB released
scvg: inuse: 18, idle: 43, sys: 62, released: 31, consumed: 30 (MB)
scvg: 0 MB released
scvg: inuse: 18, idle: 43, sys: 62, released: 31, consumed: 30 (MB)
scvg: 0 MB released
scvg: inuse: 18, idle: 43, sys: 62, released: 31, consumed: 30 (MB)
scvg: 0 MB released
scvg: inuse: 18, idle: 43, sys: 62, released: 31, consumed: 30 (MB)
scvg: 0 MB released
scvg: inuse: 18, idle: 43, sys: 62, released: 31, consumed: 30 (MB)
scvg: 0 MB released
scvg: inuse: 18, idle: 43, sys: 62, released: 31, consumed: 30 (MB)
scvg: 0 MB released
scvg: inuse: 18, idle: 43, sys: 62, released: 31, consumed: 30 (MB)
scvg: 0 MB released
scvg: inuse: 18, idle: 43, sys: 62, released: 31, consumed: 30 (MB)
scvg: 0 MB released
scvg: inuse: 18, idle: 43, sys: 62, released: 31, consumed: 30 (MB)
scvg: 0 MB released
scvg: inuse: 18, idle: 43, sys: 62, released: 31, consumed: 30 (MB)
scvg: 0 MB released
scvg: inuse: 18, idle: 43, sys: 62, released: 31, consumed: 30 (MB)
scvg: 0 MB released
scvg: inuse: 18, idle: 43, sys: 62, released: 31, consumed: 30 (MB)
scvg: 0 MB released
scvg: inuse: 18, idle: 43, sys: 62, released: 31, consumed: 30 (MB)
scvg: 0 MB released
scvg: inuse: 18, idle: 43, sys: 62, released: 32, consumed: 30 (MB)
scvg: 0 MB released
scvg: inuse: 18, idle: 43, sys: 62, released: 32, consumed: 30 (MB)
scvg: 0 MB released
scvg: inuse: 18, idle: 43, sys: 62, released: 32, consumed: 30 (MB)
scvg: 0 MB released
scvg: inuse: 18, idle: 43, sys: 62, released: 32, consumed: 30 (MB)
scvg: 0 MB released
scvg: inuse: 18, idle: 43, sys: 62, released: 32, consumed: 30 (MB)
scvg: 0 MB released
scvg: inuse: 18, idle: 43, sys: 62, released: 32, consumed: 30 (MB)
scvg: 0 MB released
scvg: inuse: 18, idle: 43, sys: 62, released: 32, consumed: 30 (MB)
scvg: 0 MB released
scvg: inuse: 18, idle: 43, sys: 62, released: 32, consumed: 30 (MB)
scvg: 0 MB released
scvg: inuse: 18, idle: 43, sys: 62, released: 32, consumed: 30 (MB)
scvg: 0 MB released
scvg: inuse: 18, idle: 43, sys: 62, released: 32, consumed: 30 (MB)
scvg: 0 MB released
scvg: inuse: 18, idle: 43, sys: 62, released: 32, consumed: 30 (MB)
scvg: 0 MB released
scvg: inuse: 18, idle: 43, sys: 62, released: 32, consumed: 30 (MB)
scvg: 0 MB released
scvg: inuse: 18, idle: 43, sys: 62, released: 32, consumed: 30 (MB)
scvg: 0 MB released
scvg: inuse: 18, idle: 43, sys: 62, released: 32, consumed: 30 (MB)
scvg: 0 MB released
scvg: inuse: 18, idle: 43, sys: 62, released: 32, consumed: 30 (MB)
scvg: 0 MB released
scvg: inuse: 18, idle: 43, sys: 62, released: 32, consumed: 30 (MB)
scvg: 0 MB released
scvg: inuse: 18, idle: 43, sys: 62, released: 32, consumed: 30 (MB)
scvg: 0 MB released
scvg: inuse: 18, idle: 43, sys: 62, released: 32, consumed: 30 (MB)
scvg: 0 MB released
scvg: inuse: 18, idle: 43, sys: 62, released: 32, consumed: 30 (MB)
scvg: 0 MB released
scvg: inuse: 18, idle: 43, sys: 62, released: 32, consumed: 30 (MB)
scvg: 0 MB released
scvg: inuse: 18, idle: 43, sys: 62, released: 32, consumed: 30 (MB)
scvg: 0 MB released
scvg: inuse: 18, idle: 43, sys: 62, released: 32, consumed: 30 (MB)
scvg: 0 MB released
scvg: inuse: 18, idle: 43, sys: 62, released: 32, consumed: 30 (MB)
scvg: 0 MB released
scvg: inuse: 18, idle: 43, sys: 62, released: 32, consumed: 30 (MB)
scvg: 0 MB released
scvg: inuse: 18, idle: 43, sys: 62, released: 32, consumed: 30 (MB)
scvg: 0 MB released
scvg: inuse: 18, idle: 43, sys: 62, released: 32, consumed: 30 (MB)
scvg: 0 MB released
scvg: inuse: 18, idle: 43, sys: 62, released: 32, consumed: 30 (MB)
scvg: 0 MB released
scvg: inuse: 18, idle: 43, sys: 62, released: 32, consumed: 30 (MB)
scvg: 0 MB released
scvg: inuse: 18, idle: 43, sys: 62, released: 32, consumed: 30 (MB)
scvg: 0 MB released
scvg: inuse: 18, idle: 43, sys: 62, released: 32, consumed: 30 (MB)
scvg: 0 MB released
scvg: inuse: 18, idle: 43, sys: 62, released: 32, consumed: 30 (MB)
scvg: 0 MB released
scvg: inuse: 18, idle: 43, sys: 62, released: 32, consumed: 30 (MB)
scvg: 0 MB released
scvg: inuse: 18, idle: 43, sys: 62, released: 32, consumed: 30 (MB)
scvg: 0 MB released
scvg: inuse: 18, idle: 43, sys: 62, released: 32, consumed: 30 (MB)
scvg: 0 MB released
scvg: inuse: 18, idle: 43, sys: 62, released: 32, consumed: 30 (MB)
scvg: 0 MB released
scvg: inuse: 18, idle: 43, sys: 62, released: 32, consumed: 30 (MB)
scvg: 0 MB released
scvg: inuse: 18, idle: 43, sys: 62, released: 32, consumed: 30 (MB)
scvg: 0 MB released
scvg: inuse: 18, idle: 43, sys: 62, released: 32, consumed: 30 (MB)
scvg: 0 MB released
scvg: inuse: 18, idle: 43, sys: 62, released: 32, consumed: 30 (MB)
scvg: 0 MB released
scvg: inuse: 18, idle: 43, sys: 62, released: 32, consumed: 30 (MB)
scvg: 0 MB released
scvg: inuse: 18, idle: 43, sys: 62, released: 32, consumed: 30 (MB)
scvg: 0 MB released
scvg: inuse: 18, idle: 43, sys: 62, released: 32, consumed: 29 (MB)
scvg: 0 MB released
scvg: inuse: 18, idle: 43, sys: 62, released: 32, consumed: 29 (MB)
scvg: 0 MB released
scvg: inuse: 18, idle: 43, sys: 62, released: 32, consumed: 29 (MB)
scvg: 0 MB released
scvg: inuse: 18, idle: 43, sys: 62, released: 32, consumed: 29 (MB)
scvg: 0 MB released
scvg: inuse: 18, idle: 43, sys: 62, released: 32, consumed: 29 (MB)
scvg: 0 MB released
scvg: inuse: 18, idle: 43, sys: 62, released: 32, consumed: 29 (MB)
scvg: 0 MB released
scvg: inuse: 18, idle: 43, sys: 62, released: 32, consumed: 29 (MB)
scvg: 0 MB released
scvg: inuse: 18, idle: 43, sys: 62, released: 32, consumed: 29 (MB)
scvg: 0 MB released
scvg: inuse: 18, idle: 43, sys: 62, released: 32, consumed: 29 (MB)
scvg: 0 MB released
scvg: inuse: 18, idle: 43, sys: 62, released: 32, consumed: 29 (MB)
scvg: 0 MB released
scvg: inuse: 18, idle: 43, sys: 62, released: 32, consumed: 29 (MB)
scvg: 0 MB released
scvg: inuse: 18, idle: 43, sys: 62, released: 32, consumed: 29 (MB)
scvg: 0 MB released
scvg: inuse: 18, idle: 43, sys: 62, released: 32, consumed: 29 (MB)
scvg: 0 MB released
scvg: inuse: 18, idle: 43, sys: 62, released: 32, consumed: 29 (MB)
scvg: 0 MB released
scvg: inuse: 18, idle: 43, sys: 62, released: 32, consumed: 29 (MB)
scvg: 0 MB released
scvg: inuse: 18, idle: 43, sys: 62, released: 32, consumed: 29 (MB)
scvg: 0 MB released
scvg: inuse: 18, idle: 43, sys: 62, released: 32, consumed: 29 (MB)
scvg: 0 MB released
scvg: inuse: 18, idle: 43, sys: 62, released: 32, consumed: 29 (MB)
scvg: 0 MB released
scvg: inuse: 18, idle: 43, sys: 62, released: 32, consumed: 29 (MB)
scvg: 0 MB released
scvg: inuse: 18, idle: 43, sys: 62, released: 32, consumed: 29 (MB)
scvg: 0 MB released
scvg: inuse: 18, idle: 43, sys: 62, released: 32, consumed: 29 (MB)
scvg: 0 MB released
scvg: inuse: 18, idle: 43, sys: 62, released: 32, consumed: 29 (MB)
scvg: 0 MB released
scvg: inuse: 18, idle: 43, sys: 62, released: 32, consumed: 29 (MB)
scvg: 0 MB released
scvg: inuse: 18, idle: 43, sys: 62, released: 32, consumed: 29 (MB)
scvg: 0 MB released
scvg: inuse: 18, idle: 43, sys: 62, released: 32, consumed: 29 (MB)
scvg: 0 MB released
scvg: inuse: 18, idle: 43, sys: 62, released: 32, consumed: 29 (MB)
scvg: 0 MB released
scvg: inuse: 18, idle: 43, sys: 62, released: 32, consumed: 29 (MB)
scvg: 0 MB released
scvg: inuse: 18, idle: 43, sys: 62, released: 32, consumed: 29 (MB)
scvg: 0 MB released
scvg: inuse: 18, idle: 43, sys: 62, released: 32, consumed: 29 (MB)
scvg: 0 MB released
scvg: inuse: 18, idle: 43, sys: 62, released: 32, consumed: 29 (MB)
scvg: 0 MB released
scvg: inuse: 18, idle: 43, sys: 62, released: 32, consumed: 29 (MB)
scvg: 0 MB released
scvg: inuse: 18, idle: 43, sys: 62, released: 32, consumed: 29 (MB)
scvg: 0 MB released
scvg: inuse: 18, idle: 43, sys: 62, released: 32, consumed: 29 (MB)
scvg: 0 MB released
scvg: inuse: 18, idle: 43, sys: 62, released: 32, consumed: 29 (MB)
scvg: 0 MB released
scvg: inuse: 18, idle: 43, sys: 62, released: 32, consumed: 29 (MB)
scvg: 0 MB released
scvg: inuse: 18, idle: 43, sys: 62, released: 32, consumed: 29 (MB)
scvg: 0 MB released
scvg: inuse: 18, idle: 43, sys: 62, released: 32, consumed: 29 (MB)
scvg: 0 MB released
scvg: inuse: 18, idle: 43, sys: 62, released: 32, consumed: 29 (MB)
scvg: 0 MB released
scvg: inuse: 18, idle: 43, sys: 62, released: 32, consumed: 29 (MB)
scvg: 0 MB released
scvg: inuse: 18, idle: 43, sys: 62, released: 32, consumed: 29 (MB)
scvg: 0 MB released
scvg: inuse: 18, idle: 43, sys: 62, released: 32, consumed: 29 (MB)
scvg: 0 MB released
scvg: inuse: 18, idle: 43, sys: 62, released: 32, consumed: 29 (MB)
scvg: 0 MB released
scvg: inuse: 18, idle: 43, sys: 62, released: 32, consumed: 29 (MB)
scvg: 0 MB released
scvg: inuse: 18, idle: 43, sys: 62, released: 32, consumed: 29 (MB)
scvg: 0 MB released
scvg: inuse: 18, idle: 43, sys: 62, released: 32, consumed: 29 (MB)
scvg: 0 MB released
scvg: inuse: 18, idle: 43, sys: 62, released: 32, consumed: 29 (MB)
scvg: 0 MB released
scvg: inuse: 18, idle: 43, sys: 62, released: 32, consumed: 29 (MB)
scvg: 0 MB released
scvg: inuse: 18, idle: 43, sys: 62, released: 32, consumed: 29 (MB)
scvg: 0 MB released
scvg: inuse: 18, idle: 43, sys: 62, released: 32, consumed: 29 (MB)
scvg: 0 MB released
scvg: inuse: 18, idle: 43, sys: 62, released: 32, consumed: 29 (MB)
scvg: 0 MB released
scvg: inuse: 18, idle: 43, sys: 62, released: 32, consumed: 29 (MB)
scvg: 0 MB released
scvg: inuse: 18, idle: 43, sys: 62, released: 32, consumed: 29 (MB)
scvg: 0 MB released
scvg: inuse: 18, idle: 43, sys: 62, released: 32, consumed: 29 (MB)
scvg: 0 MB released
scvg: inuse: 18, idle: 43, sys: 62, released: 32, consumed: 29 (MB)
scvg: 0 MB released
scvg: inuse: 18, idle: 43, sys: 62, released: 32, consumed: 29 (MB)
scvg: 0 MB released
scvg: inuse: 18, idle: 43, sys: 62, released: 32, consumed: 29 (MB)
scvg: 0 MB released
scvg: inuse: 18, idle: 43, sys: 62, released: 32, consumed: 29 (MB)
scvg: 0 MB released
scvg: inuse: 18, idle: 43, sys: 62, released: 32, consumed: 29 (MB)
scvg: 0 MB released
scvg: inuse: 18, idle: 43, sys: 62, released: 32, consumed: 29 (MB)
scvg: 0 MB released
scvg: inuse: 18, idle: 43, sys: 62, released: 32, consumed: 29 (MB)
scvg: 0 MB released
scvg: inuse: 18, idle: 43, sys: 62, released: 32, consumed: 29 (MB)
scvg: 0 MB released
scvg: inuse: 18, idle: 43, sys: 62, released: 32, consumed: 29 (MB)
scvg: 0 MB released
scvg: inuse: 18, idle: 43, sys: 62, released: 32, consumed: 29 (MB)
scvg: 0 MB released
scvg: inuse: 18, idle: 43, sys: 62, released: 32, consumed: 29 (MB)
scvg: 0 MB released
scvg: inuse: 18, idle: 43, sys: 62, released: 32, consumed: 29 (MB)
scvg: 0 MB released
scvg: inuse: 18, idle: 43, sys: 62, released: 32, consumed: 29 (MB)
scvg: 0 MB released
scvg: inuse: 18, idle: 43, sys: 62, released: 32, consumed: 29 (MB)
scvg: 0 MB released
scvg: inuse: 18, idle: 43, sys: 62, released: 32, consumed: 29 (MB)
scvg: 0 MB released
scvg: inuse: 18, idle: 43, sys: 62, released: 32, consumed: 29 (MB)
scvg: 0 MB released
scvg: inuse: 18, idle: 43, sys: 62, released: 32, consumed: 29 (MB)
scvg: 0 MB released
scvg: inuse: 18, idle: 43, sys: 62, released: 32, consumed: 29 (MB)
scvg: 0 MB released
scvg: inuse: 18, idle: 43, sys: 62, released: 32, consumed: 29 (MB)
scvg: 0 MB released
scvg: inuse: 18, idle: 43, sys: 62, released: 32, consumed: 29 (MB)
scvg: 0 MB released
scvg: inuse: 18, idle: 43, sys: 62, released: 32, consumed: 29 (MB)
scvg: 0 MB released
scvg: inuse: 18, idle: 43, sys: 62, released: 32, consumed: 29 (MB)
scvg: 0 MB released
scvg: inuse: 18, idle: 43, sys: 62, released: 32, consumed: 29 (MB)
scvg: 0 MB released
scvg: inuse: 18, idle: 43, sys: 62, released: 32, consumed: 29 (MB)
scvg: 0 MB released
scvg: inuse: 18, idle: 43, sys: 62, released: 32, consumed: 29 (MB)
scvg: 0 MB released
scvg: inuse: 18, idle: 43, sys: 62, released: 32, consumed: 29 (MB)
scvg: 0 MB released
scvg: inuse: 18, idle: 43, sys: 62, released: 32, consumed: 29 (MB)
scvg: 0 MB released
scvg: inuse: 18, idle: 43, sys: 62, released: 32, consumed: 29 (MB)
scvg: 0 MB released
scvg: inuse: 18, idle: 43, sys: 62, released: 32, consumed: 29 (MB)
scvg: 0 MB released
scvg: inuse: 18, idle: 43, sys: 62, released: 32, consumed: 29 (MB)
scvg: 0 MB released
scvg: inuse: 18, idle: 43, sys: 62, released: 32, consumed: 29 (MB)
scvg: 0 MB released
scvg: inuse: 18, idle: 43, sys: 62, released: 32, consumed: 29 (MB)
scvg: 0 MB released
scvg: inuse: 18, idle: 43, sys: 62, released: 32, consumed: 29 (MB)
scvg: 0 MB released
scvg: inuse: 18, idle: 43, sys: 62, released: 32, consumed: 29 (MB)
scvg: 0 MB released
scvg: inuse: 18, idle: 43, sys: 62, released: 33, consumed: 29 (MB)
scvg: 0 MB released
scvg: inuse: 18, idle: 43, sys: 62, released: 33, consumed: 29 (MB)
scvg: 0 MB released
scvg: inuse: 18, idle: 43, sys: 62, released: 33, consumed: 29 (MB)
scvg: 0 MB released
scvg: inuse: 18, idle: 43, sys: 62, released: 33, consumed: 29 (MB)
scvg: 0 MB released
scvg: inuse: 18, idle: 43, sys: 62, released: 33, consumed: 29 (MB)
scvg: 0 MB released
scvg: inuse: 18, idle: 43, sys: 62, released: 33, consumed: 29 (MB)
scvg: 0 MB released
scvg: inuse: 18, idle: 43, sys: 62, released: 33, consumed: 29 (MB)
scvg: 0 MB released
scvg: inuse: 18, idle: 43, sys: 62, released: 33, consumed: 29 (MB)
scvg: 0 MB released
scvg: inuse: 18, idle: 43, sys: 62, released: 33, consumed: 29 (MB)
scvg: 0 MB released
scvg: inuse: 18, idle: 43, sys: 62, released: 33, consumed: 29 (MB)
scvg: 0 MB released
scvg: inuse: 18, idle: 43, sys: 62, released: 33, consumed: 29 (MB)
scvg: 0 MB released
scvg: inuse: 18, idle: 43, sys: 62, released: 33, consumed: 29 (MB)
scvg: 0 MB released
scvg: inuse: 18, idle: 43, sys: 62, released: 33, consumed: 29 (MB)
scvg: 0 MB released
scvg: inuse: 18, idle: 43, sys: 62, released: 33, consumed: 29 (MB)
scvg: 0 MB released
scvg: inuse: 18, idle: 43, sys: 62, released: 33, consumed: 29 (MB)
scvg: 0 MB released
scvg: inuse: 18, idle: 43, sys: 62, released: 33, consumed: 29 (MB)
scvg: 0 MB released
scvg: inuse: 18, idle: 43, sys: 62, released: 33, consumed: 29 (MB)
scvg: 0 MB released
scvg: inuse: 18, idle: 43, sys: 62, released: 33, consumed: 29 (MB)
scvg: 0 MB released
scvg: inuse: 18, idle: 43, sys: 62, released: 33, consumed: 29 (MB)
scvg: 0 MB released
scvg: inuse: 18, idle: 43, sys: 62, released: 33, consumed: 29 (MB)
scvg: 0 MB released
scvg: inuse: 18, idle: 43, sys: 62, released: 33, consumed: 29 (MB)
scvg: 0 MB released
scvg: inuse: 18, idle: 43, sys: 62, released: 33, consumed: 29 (MB)
scvg: 0 MB released
scvg: inuse: 18, idle: 43, sys: 62, released: 33, consumed: 29 (MB)
scvg: 0 MB released
scvg: inuse: 18, idle: 43, sys: 62, released: 33, consumed: 29 (MB)
scvg: 0 MB released
scvg: inuse: 18, idle: 43, sys: 62, released: 33, consumed: 29 (MB)
scvg: 0 MB released
scvg: inuse: 18, idle: 43, sys: 62, released: 33, consumed: 29 (MB)
scvg: 0 MB released
scvg: inuse: 18, idle: 43, sys: 62, released: 33, consumed: 29 (MB)
scvg: 0 MB released
scvg: inuse: 18, idle: 43, sys: 62, released: 33, consumed: 29 (MB)
scvg: 0 MB released
scvg: inuse: 18, idle: 43, sys: 62, released: 33, consumed: 29 (MB)
scvg: 0 MB released
scvg: inuse: 18, idle: 43, sys: 62, released: 33, consumed: 29 (MB)
scvg: 0 MB released
scvg: inuse: 18, idle: 43, sys: 62, released: 33, consumed: 29 (MB)
scvg: 0 MB released
scvg: inuse: 18, idle: 43, sys: 62, released: 33, consumed: 29 (MB)
scvg: 0 MB released
scvg: inuse: 18, idle: 43, sys: 62, released: 33, consumed: 29 (MB)
scvg: 0 MB released
scvg: inuse: 18, idle: 43, sys: 62, released: 33, consumed: 29 (MB)
scvg: 0 MB released
scvg: inuse: 18, idle: 43, sys: 62, released: 33, consumed: 29 (MB)
scvg: 0 MB released
scvg: inuse: 18, idle: 43, sys: 62, released: 33, consumed: 29 (MB)
scvg: 0 MB released
scvg: inuse: 18, idle: 43, sys: 62, released: 33, consumed: 29 (MB)
scvg: 0 MB released
scvg: inuse: 18, idle: 43, sys: 62, released: 33, consumed: 29 (MB)
scvg: 0 MB released
scvg: inuse: 18, idle: 43, sys: 62, released: 33, consumed: 29 (MB)
scvg: 0 MB released
scvg: inuse: 18, idle: 43, sys: 62, released: 33, consumed: 29 (MB)
scvg: 0 MB released
scvg: inuse: 18, idle: 43, sys: 62, released: 33, consumed: 29 (MB)
scvg: 0 MB released
scvg: inuse: 18, idle: 43, sys: 62, released: 33, consumed: 28 (MB)
scvg: 0 MB released
scvg: inuse: 18, idle: 43, sys: 62, released: 33, consumed: 28 (MB)
scvg: 0 MB released
scvg: inuse: 18, idle: 43, sys: 62, released: 33, consumed: 28 (MB)
scvg: 0 MB released
scvg: inuse: 18, idle: 43, sys: 62, released: 33, consumed: 28 (MB)
scvg: 0 MB released
scvg: inuse: 18, idle: 43, sys: 62, released: 33, consumed: 28 (MB)
scvg: 0 MB released
scvg: inuse: 18, idle: 43, sys: 62, released: 33, consumed: 28 (MB)
scvg: 0 MB released
scvg: inuse: 18, idle: 43, sys: 62, released: 33, consumed: 28 (MB)
scvg: 0 MB released
scvg: inuse: 18, idle: 43, sys: 62, released: 33, consumed: 28 (MB)
scvg: 0 MB released
scvg: inuse: 18, idle: 43, sys: 62, released: 33, consumed: 28 (MB)
scvg: 0 MB released
scvg: inuse: 18, idle: 43, sys: 62, released: 33, consumed: 28 (MB)
scvg: 0 MB released
scvg: inuse: 18, idle: 43, sys: 62, released: 33, consumed: 28 (MB)
scvg: 0 MB released
scvg: inuse: 18, idle: 43, sys: 62, released: 33, consumed: 28 (MB)
scvg: 0 MB released
scvg: inuse: 18, idle: 43, sys: 62, released: 33, consumed: 28 (MB)
scvg: 0 MB released
scvg: inuse: 18, idle: 43, sys: 62, released: 33, consumed: 28 (MB)
scvg: 0 MB released
scvg: inuse: 18, idle: 43, sys: 62, released: 33, consumed: 28 (MB)
scvg: 0 MB released
scvg: inuse: 18, idle: 43, sys: 62, released: 33, consumed: 28 (MB)
scvg: 0 MB released
scvg: inuse: 18, idle: 43, sys: 62, released: 33, consumed: 28 (MB)
scvg: 0 MB released
scvg: inuse: 18, idle: 43, sys: 62, released: 33, consumed: 28 (MB)
scvg: 0 MB released
scvg: inuse: 18, idle: 43, sys: 62, released: 33, consumed: 28 (MB)
scvg: 0 MB released
scvg: inuse: 18, idle: 43, sys: 62, released: 33, consumed: 28 (MB)
scvg: 0 MB released
scvg: inuse: 18, idle: 43, sys: 62, released: 33, consumed: 28 (MB)
scvg: 0 MB released
scvg: inuse: 18, idle: 43, sys: 62, released: 33, consumed: 28 (MB)
scvg: 0 MB released
scvg: inuse: 18, idle: 43, sys: 62, released: 33, consumed: 28 (MB)
scvg: 0 MB released
scvg: inuse: 18, idle: 43, sys: 62, released: 33, consumed: 28 (MB)
scvg: 0 MB released
scvg: inuse: 18, idle: 43, sys: 62, released: 33, consumed: 28 (MB)
scvg: 0 MB released
scvg: inuse: 18, idle: 43, sys: 62, released: 33, consumed: 28 (MB)
scvg: 0 MB released
scvg: inuse: 18, idle: 43, sys: 62, released: 33, consumed: 28 (MB)
scvg: 0 MB released
scvg: inuse: 18, idle: 43, sys: 62, released: 33, consumed: 28 (MB)
scvg: 0 MB released
scvg: inuse: 18, idle: 43, sys: 62, released: 33, consumed: 28 (MB)
scvg: 0 MB released
scvg: inuse: 18, idle: 43, sys: 62, released: 33, consumed: 28 (MB)
scvg: 0 MB released
scvg: inuse: 18, idle: 43, sys: 62, released: 33, consumed: 28 (MB)
scvg: 0 MB released
scvg: inuse: 18, idle: 43, sys: 62, released: 33, consumed: 28 (MB)
scvg: 0 MB released
scvg: inuse: 18, idle: 43, sys: 62, released: 33, consumed: 28 (MB)
scvg: 0 MB released
scvg: inuse: 18, idle: 43, sys: 62, released: 33, consumed: 28 (MB)
scvg: 0 MB released
scvg: inuse: 18, idle: 43, sys: 62, released: 33, consumed: 28 (MB)
scvg: 0 MB released
scvg: inuse: 18, idle: 43, sys: 62, released: 33, consumed: 28 (MB)
scvg: 0 MB released
scvg: inuse: 18, idle: 43, sys: 62, released: 33, consumed: 28 (MB)
scvg: 0 MB released
scvg: inuse: 18, idle: 43, sys: 62, released: 33, consumed: 28 (MB)
scvg: 0 MB released
scvg: inuse: 18, idle: 43, sys: 62, released: 33, consumed: 28 (MB)
scvg: 0 MB released
scvg: inuse: 18, idle: 43, sys: 62, released: 33, consumed: 28 (MB)
scvg: 0 MB released
scvg: inuse: 18, idle: 43, sys: 62, released: 33, consumed: 28 (MB)
scvg: 0 MB released
scvg: inuse: 18, idle: 43, sys: 62, released: 33, consumed: 28 (MB)
scvg: 0 MB released
scvg: inuse: 18, idle: 43, sys: 62, released: 33, consumed: 28 (MB)
scvg: 0 MB released
scvg: inuse: 18, idle: 43, sys: 62, released: 33, consumed: 28 (MB)
scvg: 0 MB released
scvg: inuse: 18, idle: 43, sys: 62, released: 33, consumed: 28 (MB)
scvg: 0 MB released
scvg: inuse: 18, idle: 43, sys: 62, released: 33, consumed: 28 (MB)
scvg: 0 MB released
scvg: inuse: 18, idle: 43, sys: 62, released: 33, consumed: 28 (MB)
scvg: 0 MB released
scvg: inuse: 18, idle: 43, sys: 62, released: 33, consumed: 28 (MB)
scvg: 0 MB released
scvg: inuse: 18, idle: 43, sys: 62, released: 33, consumed: 28 (MB)
scvg: 0 MB released
scvg: inuse: 18, idle: 43, sys: 62, released: 33, consumed: 28 (MB)
scvg: 0 MB released
scvg: inuse: 18, idle: 43, sys: 62, released: 33, consumed: 28 (MB)
scvg: 0 MB released
scvg: inuse: 18, idle: 43, sys: 62, released: 33, consumed: 28 (MB)
scvg: 0 MB released
scvg: inuse: 18, idle: 43, sys: 62, released: 33, consumed: 28 (MB)
scvg: 0 MB released
scvg: inuse: 18, idle: 43, sys: 62, released: 33, consumed: 28 (MB)
scvg: 0 MB released
scvg: inuse: 18, idle: 43, sys: 62, released: 33, consumed: 28 (MB)
scvg: 0 MB released
scvg: inuse: 18, idle: 43, sys: 62, released: 33, consumed: 28 (MB)
scvg: 0 MB released
scvg: inuse: 18, idle: 43, sys: 62, released: 33, consumed: 28 (MB)
scvg: 0 MB released
scvg: inuse: 18, idle: 43, sys: 62, released: 33, consumed: 28 (MB)
scvg: 0 MB released
scvg: inuse: 18, idle: 43, sys: 62, released: 33, consumed: 28 (MB)
scvg: 0 MB released
scvg: inuse: 18, idle: 43, sys: 62, released: 33, consumed: 28 (MB)
scvg: 0 MB released
scvg: inuse: 18, idle: 43, sys: 62, released: 33, consumed: 28 (MB)
scvg: 0 MB released
scvg: inuse: 18, idle: 43, sys: 62, released: 33, consumed: 28 (MB)
scvg: 0 MB released
scvg: inuse: 18, idle: 43, sys: 62, released: 33, consumed: 28 (MB)
scvg: 0 MB released
scvg: inuse: 18, idle: 43, sys: 62, released: 33, consumed: 28 (MB)
scvg: 0 MB released
scvg: inuse: 18, idle: 43, sys: 62, released: 33, consumed: 28 (MB)
scvg: 0 MB released
scvg: inuse: 18, idle: 43, sys: 62, released: 33, consumed: 28 (MB)
scvg: 0 MB released
scvg: inuse: 18, idle: 43, sys: 62, released: 33, consumed: 28 (MB)
scvg: 0 MB released
scvg: inuse: 18, idle: 43, sys: 62, released: 33, consumed: 28 (MB)
scvg: 0 MB released
scvg: inuse: 18, idle: 43, sys: 62, released: 33, consumed: 28 (MB)
scvg: 0 MB released
scvg: inuse: 18, idle: 43, sys: 62, released: 33, consumed: 28 (MB)
scvg: 0 MB released
scvg: inuse: 18, idle: 43, sys: 62, released: 33, consumed: 28 (MB)
scvg: 0 MB released
scvg: inuse: 18, idle: 43, sys: 62, released: 33, consumed: 28 (MB)
scvg: 0 MB released
scvg: inuse: 18, idle: 43, sys: 62, released: 33, consumed: 28 (MB)
scvg: 0 MB released
scvg: inuse: 18, idle: 43, sys: 62, released: 33, consumed: 28 (MB)
scvg: 0 MB released
scvg: inuse: 18, idle: 43, sys: 62, released: 33, consumed: 28 (MB)
scvg: 0 MB released
scvg: inuse: 18, idle: 43, sys: 62, released: 33, consumed: 28 (MB)
scvg: 0 MB released
scvg: inuse: 18, idle: 43, sys: 62, released: 33, consumed: 28 (MB)
scvg: 0 MB released
scvg: inuse: 18, idle: 43, sys: 62, released: 33, consumed: 28 (MB)
scvg: 0 MB released
scvg: inuse: 18, idle: 43, sys: 62, released: 33, consumed: 28 (MB)
scvg: 0 MB released
scvg: inuse: 18, idle: 43, sys: 62, released: 33, consumed: 28 (MB)
scvg: 0 MB released
scvg: inuse: 18, idle: 43, sys: 62, released: 33, consumed: 28 (MB)
scvg: 0 MB released
scvg: inuse: 18, idle: 43, sys: 62, released: 33, consumed: 28 (MB)
scvg: 0 MB released
scvg: inuse: 18, idle: 43, sys: 62, released: 33, consumed: 28 (MB)
scvg: 0 MB released
scvg: inuse: 18, idle: 43, sys: 62, released: 33, consumed: 28 (MB)
scvg: 0 MB released
scvg: inuse: 18, idle: 43, sys: 62, released: 33, consumed: 28 (MB)
scvg: 0 MB released
scvg: inuse: 18, idle: 43, sys: 62, released: 33, consumed: 28 (MB)
scvg: 0 MB released
scvg: inuse: 18, idle: 43, sys: 62, released: 33, consumed: 28 (MB)
scvg: 0 MB released
scvg: inuse: 18, idle: 43, sys: 62, released: 34, consumed: 28 (MB)
scvg: 0 MB released
scvg: inuse: 18, idle: 43, sys: 62, released: 34, consumed: 28 (MB)
scvg: 0 MB released
scvg: inuse: 18, idle: 43, sys: 62, released: 34, consumed: 28 (MB)
scvg: 0 MB released
scvg: inuse: 18, idle: 43, sys: 62, released: 34, consumed: 28 (MB)
scvg: 0 MB released
scvg: inuse: 18, idle: 43, sys: 62, released: 34, consumed: 28 (MB)
scvg: 0 MB released
scvg: inuse: 18, idle: 43, sys: 62, released: 34, consumed: 28 (MB)
scvg: 0 MB released
scvg: inuse: 18, idle: 43, sys: 62, released: 34, consumed: 28 (MB)
scvg: 0 MB released
scvg: inuse: 18, idle: 43, sys: 62, released: 34, consumed: 28 (MB)
scvg: 0 MB released
scvg: inuse: 18, idle: 43, sys: 62, released: 34, consumed: 28 (MB)
scvg: 0 MB released
scvg: inuse: 18, idle: 43, sys: 62, released: 34, consumed: 28 (MB)
scvg: 0 MB released
scvg: inuse: 18, idle: 43, sys: 62, released: 34, consumed: 28 (MB)
scvg: 0 MB released
scvg: inuse: 18, idle: 43, sys: 62, released: 34, consumed: 28 (MB)
scvg: 0 MB released
scvg: inuse: 18, idle: 43, sys: 62, released: 34, consumed: 28 (MB)
scvg: 0 MB released
scvg: inuse: 18, idle: 43, sys: 62, released: 34, consumed: 28 (MB)
scvg: 0 MB released
scvg: inuse: 18, idle: 43, sys: 62, released: 34, consumed: 28 (MB)
scvg: 0 MB released
scvg: inuse: 18, idle: 43, sys: 62, released: 34, consumed: 28 (MB)
scvg: 0 MB released
scvg: inuse: 18, idle: 43, sys: 62, released: 34, consumed: 28 (MB)
scvg: 0 MB released
scvg: inuse: 18, idle: 43, sys: 62, released: 34, consumed: 28 (MB)
scvg: 0 MB released
scvg: inuse: 18, idle: 43, sys: 62, released: 34, consumed: 28 (MB)
scvg: 0 MB released
scvg: inuse: 18, idle: 43, sys: 62, released: 34, consumed: 28 (MB)
scvg: 0 MB released
scvg: inuse: 18, idle: 43, sys: 62, released: 34, consumed: 28 (MB)
scvg: 0 MB released
scvg: inuse: 18, idle: 43, sys: 62, released: 34, consumed: 28 (MB)
scvg: 0 MB released
scvg: inuse: 18, idle: 43, sys: 62, released: 34, consumed: 28 (MB)
scvg: 0 MB released
scvg: inuse: 18, idle: 43, sys: 62, released: 34, consumed: 28 (MB)
scvg: 0 MB released
scvg: inuse: 18, idle: 43, sys: 62, released: 34, consumed: 28 (MB)
scvg: 0 MB released
scvg: inuse: 18, idle: 43, sys: 62, released: 34, consumed: 28 (MB)
scvg: 0 MB released
scvg: inuse: 18, idle: 43, sys: 62, released: 34, consumed: 28 (MB)
scvg: 0 MB released
scvg: inuse: 18, idle: 43, sys: 62, released: 34, consumed: 28 (MB)
scvg: 0 MB released
scvg: inuse: 18, idle: 43, sys: 62, released: 34, consumed: 28 (MB)
scvg: 0 MB released
scvg: inuse: 18, idle: 43, sys: 62, released: 34, consumed: 28 (MB)
scvg: 0 MB released
scvg: inuse: 18, idle: 43, sys: 62, released: 34, consumed: 28 (MB)
scvg: 0 MB released
scvg: inuse: 18, idle: 43, sys: 62, released: 34, consumed: 28 (MB)
scvg: 0 MB released
scvg: inuse: 18, idle: 43, sys: 62, released: 34, consumed: 28 (MB)
scvg: 0 MB released
scvg: inuse: 18, idle: 43, sys: 62, released: 34, consumed: 28 (MB)
scvg: 0 MB released
scvg: inuse: 18, idle: 43, sys: 62, released: 34, consumed: 28 (MB)
scvg: 0 MB released
scvg: inuse: 18, idle: 43, sys: 62, released: 34, consumed: 28 (MB)
scvg: 0 MB released
scvg: inuse: 18, idle: 43, sys: 62, released: 34, consumed: 28 (MB)
scvg: 0 MB released
scvg: inuse: 18, idle: 43, sys: 62, released: 34, consumed: 28 (MB)
scvg: 0 MB released
scvg: inuse: 18, idle: 43, sys: 62, released: 34, consumed: 28 (MB)
scvg: 0 MB released
scvg: inuse: 18, idle: 43, sys: 62, released: 34, consumed: 28 (MB)
scvg: 0 MB released
scvg: inuse: 18, idle: 43, sys: 62, released: 34, consumed: 28 (MB)
scvg: 0 MB released
scvg: inuse: 18, idle: 43, sys: 62, released: 34, consumed: 27 (MB)
scvg: 0 MB released
scvg: inuse: 18, idle: 43, sys: 62, released: 34, consumed: 27 (MB)
scvg: 0 MB released
scvg: inuse: 18, idle: 43, sys: 62, released: 34, consumed: 27 (MB)
scvg: 0 MB released
scvg: inuse: 18, idle: 43, sys: 62, released: 34, consumed: 27 (MB)
scvg: 0 MB released
scvg: inuse: 18, idle: 43, sys: 62, released: 34, consumed: 27 (MB)
scvg: 0 MB released
scvg: inuse: 18, idle: 43, sys: 62, released: 34, consumed: 27 (MB)
scvg: 0 MB released
scvg: inuse: 18, idle: 43, sys: 62, released: 34, consumed: 27 (MB)
scvg: 0 MB released
scvg: inuse: 18, idle: 43, sys: 62, released: 34, consumed: 27 (MB)
scvg: 0 MB released
scvg: inuse: 18, idle: 43, sys: 62, released: 34, consumed: 27 (MB)
scvg: 0 MB released
scvg: inuse: 18, idle: 43, sys: 62, released: 34, consumed: 27 (MB)
scvg: 0 MB released
scvg: inuse: 18, idle: 43, sys: 62, released: 34, consumed: 27 (MB)
scvg: 0 MB released
scvg: inuse: 18, idle: 43, sys: 62, released: 34, consumed: 27 (MB)
scvg: 0 MB released
scvg: inuse: 18, idle: 43, sys: 62, released: 34, consumed: 27 (MB)
scvg: 0 MB released
scvg: inuse: 18, idle: 43, sys: 62, released: 34, consumed: 27 (MB)
scvg: 0 MB released
scvg: inuse: 18, idle: 43, sys: 62, released: 34, consumed: 27 (MB)
scvg: 0 MB released
scvg: inuse: 18, idle: 43, sys: 62, released: 34, consumed: 27 (MB)
scvg: 0 MB released
scvg: inuse: 18, idle: 43, sys: 62, released: 34, consumed: 27 (MB)
scvg: 0 MB released
scvg: inuse: 18, idle: 43, sys: 62, released: 34, consumed: 27 (MB)
scvg: 0 MB released
scvg: inuse: 18, idle: 43, sys: 62, released: 34, consumed: 27 (MB)
scvg: 0 MB released
scvg: inuse: 18, idle: 43, sys: 62, released: 34, consumed: 27 (MB)
scvg: 0 MB released
scvg: inuse: 18, idle: 43, sys: 62, released: 34, consumed: 27 (MB)
scvg: 0 MB released
scvg: inuse: 18, idle: 43, sys: 62, released: 34, consumed: 27 (MB)
scvg: 0 MB released
scvg: inuse: 18, idle: 43, sys: 62, released: 34, consumed: 27 (MB)
scvg: 0 MB released
scvg: inuse: 18, idle: 43, sys: 62, released: 34, consumed: 27 (MB)
scvg: 0 MB released
scvg: inuse: 18, idle: 43, sys: 62, released: 34, consumed: 27 (MB)
scvg: 0 MB released
scvg: inuse: 18, idle: 43, sys: 62, released: 34, consumed: 27 (MB)
scvg: 0 MB released
scvg: inuse: 18, idle: 43, sys: 62, released: 34, consumed: 27 (MB)
scvg: 0 MB released
scvg: inuse: 18, idle: 43, sys: 62, released: 34, consumed: 27 (MB)
scvg: 0 MB released
scvg: inuse: 18, idle: 43, sys: 62, released: 34, consumed: 27 (MB)
scvg: 0 MB released
scvg: inuse: 18, idle: 43, sys: 62, released: 34, consumed: 27 (MB)
scvg: 0 MB released
scvg: inuse: 18, idle: 43, sys: 62, released: 34, consumed: 27 (MB)
scvg: 0 MB released
scvg: inuse: 18, idle: 43, sys: 62, released: 34, consumed: 27 (MB)
scvg: 0 MB released
scvg: inuse: 18, idle: 43, sys: 62, released: 34, consumed: 27 (MB)
scvg: 0 MB released
scvg: inuse: 18, idle: 43, sys: 62, released: 34, consumed: 27 (MB)
scvg: 0 MB released
scvg: inuse: 18, idle: 43, sys: 62, released: 34, consumed: 27 (MB)
scvg: 0 MB released
scvg: inuse: 18, idle: 43, sys: 62, released: 34, consumed: 27 (MB)
scvg: 0 MB released
scvg: inuse: 18, idle: 43, sys: 62, released: 34, consumed: 27 (MB)
scvg: 0 MB released
scvg: inuse: 18, idle: 43, sys: 62, released: 34, consumed: 27 (MB)
scvg: 0 MB released
scvg: inuse: 18, idle: 43, sys: 62, released: 34, consumed: 27 (MB)
scvg: 0 MB released
scvg: inuse: 18, idle: 43, sys: 62, released: 34, consumed: 27 (MB)
scvg: 0 MB released
scvg: inuse: 18, idle: 43, sys: 62, released: 34, consumed: 27 (MB)
scvg: 0 MB released
scvg: inuse: 18, idle: 43, sys: 62, released: 34, consumed: 27 (MB)
scvg: 0 MB released
scvg: inuse: 18, idle: 43, sys: 62, released: 34, consumed: 27 (MB)
scvg: 0 MB released
scvg: inuse: 18, idle: 43, sys: 62, released: 34, consumed: 27 (MB)
scvg: 0 MB released
scvg: inuse: 18, idle: 43, sys: 62, released: 34, consumed: 27 (MB)
scvg: 0 MB released
scvg: inuse: 18, idle: 43, sys: 62, released: 34, consumed: 27 (MB)
scvg: 0 MB released
scvg: inuse: 18, idle: 43, sys: 62, released: 34, consumed: 27 (MB)
scvg: 0 MB released
scvg: inuse: 18, idle: 43, sys: 62, released: 34, consumed: 27 (MB)
scvg: 0 MB released
scvg: inuse: 18, idle: 43, sys: 62, released: 34, consumed: 27 (MB)
scvg: 0 MB released
scvg: inuse: 18, idle: 43, sys: 62, released: 34, consumed: 27 (MB)
scvg: 0 MB released
scvg: inuse: 18, idle: 43, sys: 62, released: 34, consumed: 27 (MB)
scvg: 0 MB released
scvg: inuse: 18, idle: 43, sys: 62, released: 34, consumed: 27 (MB)
scvg: 0 MB released
scvg: inuse: 18, idle: 43, sys: 62, released: 34, consumed: 27 (MB)
scvg: 0 MB released
scvg: inuse: 18, idle: 43, sys: 62, released: 34, consumed: 27 (MB)
scvg: 0 MB released
scvg: inuse: 18, idle: 43, sys: 62, released: 34, consumed: 27 (MB)
scvg: 0 MB released
scvg: inuse: 18, idle: 43, sys: 62, released: 34, consumed: 27 (MB)
scvg: 0 MB released
scvg: inuse: 18, idle: 43, sys: 62, released: 34, consumed: 27 (MB)
scvg: 0 MB released
scvg: inuse: 18, idle: 43, sys: 62, released: 34, consumed: 27 (MB)
scvg: 0 MB released
scvg: inuse: 18, idle: 43, sys: 62, released: 34, consumed: 27 (MB)
scvg: 0 MB released
scvg: inuse: 18, idle: 43, sys: 62, released: 34, consumed: 27 (MB)
scvg: 0 MB released
scvg: inuse: 18, idle: 43, sys: 62, released: 34, consumed: 27 (MB)
scvg: 0 MB released
scvg: inuse: 18, idle: 43, sys: 62, released: 34, consumed: 27 (MB)
scvg: 0 MB released
scvg: inuse: 18, idle: 43, sys: 62, released: 34, consumed: 27 (MB)
scvg: 0 MB released
scvg: inuse: 18, idle: 43, sys: 62, released: 34, consumed: 27 (MB)
scvg: 0 MB released
scvg: inuse: 18, idle: 43, sys: 62, released: 34, consumed: 27 (MB)
scvg: 0 MB released
scvg: inuse: 18, idle: 43, sys: 62, released: 34, consumed: 27 (MB)
scvg: 0 MB released
scvg: inuse: 18, idle: 43, sys: 62, released: 34, consumed: 27 (MB)
scvg: 0 MB released
scvg: inuse: 18, idle: 43, sys: 62, released: 34, consumed: 27 (MB)
scvg: 0 MB released
scvg: inuse: 18, idle: 43, sys: 62, released: 34, consumed: 27 (MB)
scvg: 0 MB released
scvg: inuse: 18, idle: 43, sys: 62, released: 34, consumed: 27 (MB)
scvg: 0 MB released
scvg: inuse: 18, idle: 43, sys: 62, released: 34, consumed: 27 (MB)
scvg: 0 MB released
scvg: inuse: 18, idle: 43, sys: 62, released: 34, consumed: 27 (MB)
scvg: 0 MB released
scvg: inuse: 18, idle: 43, sys: 62, released: 34, consumed: 27 (MB)
scvg: 0 MB released
scvg: inuse: 18, idle: 43, sys: 62, released: 34, consumed: 27 (MB)
scvg: 0 MB released
scvg: inuse: 18, idle: 43, sys: 62, released: 34, consumed: 27 (MB)
scvg: 0 MB released
scvg: inuse: 18, idle: 43, sys: 62, released: 34, consumed: 27 (MB)
scvg: 0 MB released
scvg: inuse: 18, idle: 43, sys: 62, released: 34, consumed: 27 (MB)
scvg: 0 MB released
scvg: inuse: 18, idle: 43, sys: 62, released: 34, consumed: 27 (MB)
scvg: 0 MB released
scvg: inuse: 18, idle: 43, sys: 62, released: 34, consumed: 27 (MB)
scvg: 0 MB released
scvg: inuse: 18, idle: 43, sys: 62, released: 34, consumed: 27 (MB)
scvg: 0 MB released
scvg: inuse: 18, idle: 43, sys: 62, released: 34, consumed: 27 (MB)
scvg: 0 MB released
scvg: inuse: 18, idle: 43, sys: 62, released: 34, consumed: 27 (MB)
scvg: 0 MB released
scvg: inuse: 18, idle: 43, sys: 62, released: 34, consumed: 27 (MB)
scvg: 0 MB released
scvg: inuse: 18, idle: 43, sys: 62, released: 34, consumed: 27 (MB)
scvg: 0 MB released
scvg: inuse: 18, idle: 43, sys: 62, released: 34, consumed: 27 (MB)
scvg: 0 MB released
scvg: inuse: 18, idle: 43, sys: 62, released: 34, consumed: 27 (MB)
scvg: 0 MB released
scvg: inuse: 18, idle: 43, sys: 62, released: 34, consumed: 27 (MB)
scvg: 0 MB released
scvg: inuse: 18, idle: 43, sys: 62, released: 35, consumed: 27 (MB)
scvg: 0 MB released
scvg: inuse: 18, idle: 43, sys: 62, released: 35, consumed: 27 (MB)
scvg: 0 MB released
scvg: inuse: 18, idle: 43, sys: 62, released: 35, consumed: 27 (MB)
scvg: 0 MB released
scvg: inuse: 18, idle: 43, sys: 62, released: 35, consumed: 27 (MB)
scvg: 0 MB released
scvg: inuse: 18, idle: 43, sys: 62, released: 35, consumed: 27 (MB)
scvg: 0 MB released
scvg: inuse: 18, idle: 43, sys: 62, released: 35, consumed: 27 (MB)
scvg: 0 MB released
scvg: inuse: 18, idle: 43, sys: 62, released: 35, consumed: 27 (MB)
scvg: 0 MB released
scvg: inuse: 18, idle: 43, sys: 62, released: 35, consumed: 27 (MB)
scvg: 0 MB released
scvg: inuse: 18, idle: 43, sys: 62, released: 35, consumed: 27 (MB)
scvg: 0 MB released
scvg: inuse: 18, idle: 43, sys: 62, released: 35, consumed: 27 (MB)
scvg: 0 MB released
scvg: inuse: 18, idle: 43, sys: 62, released: 35, consumed: 27 (MB)
scvg: 0 MB released
scvg: inuse: 18, idle: 43, sys: 62, released: 35, consumed: 27 (MB)
scvg: 0 MB released
scvg: inuse: 18, idle: 43, sys: 62, released: 35, consumed: 27 (MB)
scvg: 0 MB released
scvg: inuse: 18, idle: 43, sys: 62, released: 35, consumed: 27 (MB)
scvg: 0 MB released
scvg: inuse: 18, idle: 43, sys: 62, released: 35, consumed: 27 (MB)
scvg: 0 MB released
scvg: inuse: 18, idle: 43, sys: 62, released: 35, consumed: 27 (MB)
scvg: 0 MB released
scvg: inuse: 18, idle: 43, sys: 62, released: 35, consumed: 27 (MB)
scvg: 0 MB released
scvg: inuse: 18, idle: 43, sys: 62, released: 35, consumed: 27 (MB)
scvg: 0 MB released
scvg: inuse: 18, idle: 43, sys: 62, released: 35, consumed: 27 (MB)
scvg: 0 MB released
scvg: inuse: 18, idle: 43, sys: 62, released: 35, consumed: 27 (MB)
scvg: 0 MB released
scvg: inuse: 18, idle: 43, sys: 62, released: 35, consumed: 27 (MB)
scvg: 0 MB released
scvg: inuse: 18, idle: 43, sys: 62, released: 35, consumed: 27 (MB)
scvg: 0 MB released
scvg: inuse: 18, idle: 43, sys: 62, released: 35, consumed: 27 (MB)
scvg: 0 MB released
scvg: inuse: 18, idle: 43, sys: 62, released: 35, consumed: 27 (MB)
scvg: 0 MB released
scvg: inuse: 18, idle: 43, sys: 62, released: 35, consumed: 27 (MB)
scvg: 0 MB released
scvg: inuse: 18, idle: 43, sys: 62, released: 35, consumed: 27 (MB)
scvg: 0 MB released
scvg: inuse: 18, idle: 43, sys: 62, released: 35, consumed: 27 (MB)
scvg: 0 MB released
scvg: inuse: 18, idle: 43, sys: 62, released: 35, consumed: 27 (MB)
scvg: 0 MB released
scvg: inuse: 18, idle: 43, sys: 62, released: 35, consumed: 27 (MB)
scvg: 0 MB released
scvg: inuse: 18, idle: 43, sys: 62, released: 35, consumed: 27 (MB)
scvg: 0 MB released
scvg: inuse: 18, idle: 43, sys: 62, released: 35, consumed: 27 (MB)
scvg: 0 MB released
scvg: inuse: 18, idle: 43, sys: 62, released: 35, consumed: 27 (MB)
scvg: 0 MB released
scvg: inuse: 18, idle: 43, sys: 62, released: 35, consumed: 27 (MB)
scvg: 0 MB released
scvg: inuse: 18, idle: 43, sys: 62, released: 35, consumed: 27 (MB)
scvg: 0 MB released
scvg: inuse: 18, idle: 43, sys: 62, released: 35, consumed: 27 (MB)
scvg: 0 MB released
scvg: inuse: 18, idle: 43, sys: 62, released: 35, consumed: 27 (MB)
scvg: 0 MB released
scvg: inuse: 18, idle: 43, sys: 62, released: 35, consumed: 27 (MB)
scvg: 0 MB released
scvg: inuse: 18, idle: 43, sys: 62, released: 35, consumed: 27 (MB)
scvg: 0 MB released
scvg: inuse: 18, idle: 43, sys: 62, released: 35, consumed: 27 (MB)
scvg: 0 MB released
scvg: inuse: 18, idle: 43, sys: 62, released: 35, consumed: 27 (MB)
scvg: 0 MB released
scvg: inuse: 18, idle: 43, sys: 62, released: 35, consumed: 27 (MB)
scvg: 0 MB released
scvg: inuse: 18, idle: 43, sys: 62, released: 35, consumed: 26 (MB)
scvg: 0 MB released
scvg: inuse: 18, idle: 43, sys: 62, released: 35, consumed: 26 (MB)
scvg: 0 MB released
scvg: inuse: 18, idle: 43, sys: 62, released: 35, consumed: 26 (MB)
scvg: 0 MB released
scvg: inuse: 18, idle: 43, sys: 62, released: 35, consumed: 26 (MB)
scvg: 0 MB released
scvg: inuse: 18, idle: 43, sys: 62, released: 35, consumed: 26 (MB)
scvg: 0 MB released
scvg: inuse: 18, idle: 43, sys: 62, released: 35, consumed: 26 (MB)
scvg: 0 MB released
scvg: inuse: 18, idle: 43, sys: 62, released: 35, consumed: 26 (MB)
scvg: 0 MB released
scvg: inuse: 18, idle: 43, sys: 62, released: 35, consumed: 26 (MB)
scvg: 0 MB released
scvg: inuse: 18, idle: 43, sys: 62, released: 35, consumed: 26 (MB)
scvg: 0 MB released
scvg: inuse: 18, idle: 43, sys: 62, released: 35, consumed: 26 (MB)
scvg: 0 MB released
scvg: inuse: 18, idle: 43, sys: 62, released: 35, consumed: 26 (MB)
scvg: 0 MB released
scvg: inuse: 18, idle: 43, sys: 62, released: 35, consumed: 26 (MB)
scvg: 0 MB released
scvg: inuse: 18, idle: 43, sys: 62, released: 35, consumed: 26 (MB)
scvg: 0 MB released
scvg: inuse: 18, idle: 43, sys: 62, released: 35, consumed: 26 (MB)
scvg: 0 MB released
scvg: inuse: 18, idle: 43, sys: 62, released: 35, consumed: 26 (MB)
scvg: 0 MB released
scvg: inuse: 18, idle: 43, sys: 62, released: 35, consumed: 26 (MB)
scvg: 0 MB released
scvg: inuse: 18, idle: 43, sys: 62, released: 35, consumed: 26 (MB)
scvg: 0 MB released
scvg: inuse: 18, idle: 43, sys: 62, released: 35, consumed: 26 (MB)
scvg: 0 MB released
scvg: inuse: 18, idle: 43, sys: 62, released: 35, consumed: 26 (MB)
scvg: 0 MB released
scvg: inuse: 18, idle: 43, sys: 62, released: 35, consumed: 26 (MB)
scvg: 0 MB released
scvg: inuse: 18, idle: 43, sys: 62, released: 35, consumed: 26 (MB)
scvg: 0 MB released
scvg: inuse: 18, idle: 43, sys: 62, released: 35, consumed: 26 (MB)
scvg: 0 MB released
scvg: inuse: 18, idle: 43, sys: 62, released: 35, consumed: 26 (MB)
scvg: 0 MB released
scvg: inuse: 18, idle: 43, sys: 62, released: 35, consumed: 26 (MB)
scvg: 0 MB released
scvg: inuse: 18, idle: 43, sys: 62, released: 35, consumed: 26 (MB)
scvg: 0 MB released
scvg: inuse: 18, idle: 43, sys: 62, released: 35, consumed: 26 (MB)
scvg: 0 MB released
scvg: inuse: 18, idle: 43, sys: 62, released: 35, consumed: 26 (MB)
scvg: 0 MB released
scvg: inuse: 18, idle: 43, sys: 62, released: 35, consumed: 26 (MB)
scvg: 0 MB released
scvg: inuse: 18, idle: 43, sys: 62, released: 35, consumed: 26 (MB)
scvg: 0 MB released
scvg: inuse: 18, idle: 43, sys: 62, released: 35, consumed: 26 (MB)
scvg: 0 MB released
scvg: inuse: 18, idle: 43, sys: 62, released: 35, consumed: 26 (MB)
scvg: 0 MB released
scvg: inuse: 18, idle: 43, sys: 62, released: 35, consumed: 26 (MB)
scvg: 0 MB released
scvg: inuse: 18, idle: 43, sys: 62, released: 35, consumed: 26 (MB)
scvg: 0 MB released
scvg: inuse: 18, idle: 43, sys: 62, released: 35, consumed: 26 (MB)
scvg: 0 MB released
scvg: inuse: 18, idle: 43, sys: 62, released: 35, consumed: 26 (MB)
scvg: 0 MB released
scvg: inuse: 18, idle: 43, sys: 62, released: 35, consumed: 26 (MB)
scvg: 0 MB released
scvg: inuse: 18, idle: 43, sys: 62, released: 35, consumed: 26 (MB)
scvg: 0 MB released
scvg: inuse: 18, idle: 43, sys: 62, released: 35, consumed: 26 (MB)
scvg: 0 MB released
scvg: inuse: 18, idle: 43, sys: 62, released: 35, consumed: 26 (MB)
scvg: 0 MB released
scvg: inuse: 18, idle: 43, sys: 62, released: 35, consumed: 26 (MB)
scvg: 0 MB released
scvg: inuse: 18, idle: 43, sys: 62, released: 35, consumed: 26 (MB)
scvg: 0 MB released
scvg: inuse: 18, idle: 43, sys: 62, released: 35, consumed: 26 (MB)
scvg: 0 MB released
scvg: inuse: 18, idle: 43, sys: 62, released: 35, consumed: 26 (MB)
scvg: 0 MB released
scvg: inuse: 18, idle: 43, sys: 62, released: 35, consumed: 26 (MB)
scvg: 0 MB released
scvg: inuse: 18, idle: 43, sys: 62, released: 35, consumed: 26 (MB)
scvg: 0 MB released
scvg: inuse: 18, idle: 43, sys: 62, released: 35, consumed: 26 (MB)
scvg: 0 MB released
scvg: inuse: 18, idle: 43, sys: 62, released: 35, consumed: 26 (MB)
scvg: 0 MB released
scvg: inuse: 18, idle: 43, sys: 62, released: 35, consumed: 26 (MB)
scvg: 0 MB released
scvg: inuse: 18, idle: 43, sys: 62, released: 35, consumed: 26 (MB)
scvg: 0 MB released
scvg: inuse: 18, idle: 43, sys: 62, released: 35, consumed: 26 (MB)
scvg: 0 MB released
scvg: inuse: 18, idle: 43, sys: 62, released: 35, consumed: 26 (MB)
scvg: 0 MB released
scvg: inuse: 18, idle: 43, sys: 62, released: 35, consumed: 26 (MB)
scvg: 0 MB released
scvg: inuse: 18, idle: 43, sys: 62, released: 35, consumed: 26 (MB)
scvg: 0 MB released
scvg: inuse: 18, idle: 43, sys: 62, released: 35, consumed: 26 (MB)
scvg: 0 MB released
scvg: inuse: 18, idle: 43, sys: 62, released: 35, consumed: 26 (MB)
scvg: 0 MB released
scvg: inuse: 18, idle: 43, sys: 62, released: 35, consumed: 26 (MB)
scvg: 0 MB released
scvg: inuse: 18, idle: 43, sys: 62, released: 35, consumed: 26 (MB)
scvg: 0 MB released
scvg: inuse: 18, idle: 43, sys: 62, released: 35, consumed: 26 (MB)
scvg: 0 MB released
scvg: inuse: 18, idle: 43, sys: 62, released: 35, consumed: 26 (MB)
scvg: 0 MB released
scvg: inuse: 18, idle: 43, sys: 62, released: 35, consumed: 26 (MB)
scvg: 0 MB released
scvg: inuse: 18, idle: 43, sys: 62, released: 35, consumed: 26 (MB)
scvg: 0 MB released
scvg: inuse: 18, idle: 43, sys: 62, released: 35, consumed: 26 (MB)
scvg: 0 MB released
scvg: inuse: 18, idle: 43, sys: 62, released: 35, consumed: 26 (MB)
scvg: 0 MB released
scvg: inuse: 18, idle: 43, sys: 62, released: 35, consumed: 26 (MB)
scvg: 0 MB released
scvg: inuse: 18, idle: 43, sys: 62, released: 35, consumed: 26 (MB)
scvg: 0 MB released
scvg: inuse: 18, idle: 43, sys: 62, released: 35, consumed: 26 (MB)
scvg: 0 MB released
scvg: inuse: 18, idle: 43, sys: 62, released: 35, consumed: 26 (MB)
scvg: 0 MB released
scvg: inuse: 18, idle: 43, sys: 62, released: 35, consumed: 26 (MB)
scvg: 0 MB released
scvg: inuse: 18, idle: 43, sys: 62, released: 35, consumed: 26 (MB)
scvg: 0 MB released
scvg: inuse: 18, idle: 43, sys: 62, released: 35, consumed: 26 (MB)
scvg: 0 MB released
scvg: inuse: 18, idle: 43, sys: 62, released: 35, consumed: 26 (MB)
scvg: 0 MB released
scvg: inuse: 18, idle: 43, sys: 62, released: 35, consumed: 26 (MB)
scvg: 0 MB released
scvg: inuse: 18, idle: 43, sys: 62, released: 35, consumed: 26 (MB)
scvg: 0 MB released
scvg: inuse: 18, idle: 43, sys: 62, released: 35, consumed: 26 (MB)
scvg: 0 MB released
scvg: inuse: 18, idle: 43, sys: 62, released: 35, consumed: 26 (MB)
scvg: 0 MB released
scvg: inuse: 18, idle: 43, sys: 62, released: 35, consumed: 26 (MB)
scvg: 0 MB released
scvg: inuse: 18, idle: 43, sys: 62, released: 35, consumed: 26 (MB)
scvg: 0 MB released
scvg: inuse: 18, idle: 43, sys: 62, released: 35, consumed: 26 (MB)
scvg: 0 MB released
scvg: inuse: 18, idle: 43, sys: 62, released: 35, consumed: 26 (MB)
scvg: 0 MB released
scvg: inuse: 18, idle: 43, sys: 62, released: 35, consumed: 26 (MB)
scvg: 0 MB released
scvg: inuse: 18, idle: 43, sys: 62, released: 35, consumed: 26 (MB)
scvg: 0 MB released
scvg: inuse: 18, idle: 43, sys: 62, released: 35, consumed: 26 (MB)
scvg: 0 MB released
scvg: inuse: 18, idle: 43, sys: 62, released: 35, consumed: 26 (MB)
scvg: 0 MB released
scvg: inuse: 18, idle: 43, sys: 62, released: 35, consumed: 26 (MB)
scvg: 0 MB released
scvg: inuse: 18, idle: 43, sys: 62, released: 35, consumed: 26 (MB)
scvg: 0 MB released
scvg: inuse: 18, idle: 43, sys: 62, released: 35, consumed: 26 (MB)
scvg: 0 MB released
scvg: inuse: 18, idle: 43, sys: 62, released: 35, consumed: 26 (MB)
scvg: 0 MB released
scvg: inuse: 18, idle: 43, sys: 62, released: 36, consumed: 26 (MB)
scvg: 0 MB released
scvg: inuse: 18, idle: 43, sys: 62, released: 36, consumed: 26 (MB)
scvg: 0 MB released
scvg: inuse: 18, idle: 43, sys: 62, released: 36, consumed: 26 (MB)
scvg: 0 MB released
scvg: inuse: 18, idle: 43, sys: 62, released: 36, consumed: 26 (MB)
scvg: 0 MB released
scvg: inuse: 18, idle: 43, sys: 62, released: 36, consumed: 26 (MB)
scvg: 0 MB released
scvg: inuse: 18, idle: 43, sys: 62, released: 36, consumed: 26 (MB)
scvg: 0 MB released
scvg: inuse: 18, idle: 43, sys: 62, released: 36, consumed: 26 (MB)
scvg: 0 MB released
scvg: inuse: 18, idle: 43, sys: 62, released: 36, consumed: 26 (MB)
scvg: 0 MB released
scvg: inuse: 18, idle: 43, sys: 62, released: 36, consumed: 26 (MB)
scvg: 0 MB released
scvg: inuse: 18, idle: 43, sys: 62, released: 36, consumed: 26 (MB)
scvg: 0 MB released
scvg: inuse: 18, idle: 43, sys: 62, released: 36, consumed: 26 (MB)
scvg: 0 MB released
scvg: inuse: 18, idle: 43, sys: 62, released: 36, consumed: 26 (MB)
scvg: 0 MB released
scvg: inuse: 18, idle: 43, sys: 62, released: 36, consumed: 26 (MB)
scvg: 0 MB released
scvg: inuse: 18, idle: 43, sys: 62, released: 36, consumed: 26 (MB)
scvg: 0 MB released
scvg: inuse: 18, idle: 43, sys: 62, released: 36, consumed: 26 (MB)
scvg: 0 MB released
scvg: inuse: 18, idle: 43, sys: 62, released: 36, consumed: 26 (MB)
scvg: 0 MB released
scvg: inuse: 18, idle: 43, sys: 62, released: 36, consumed: 26 (MB)
scvg: 0 MB released
scvg: inuse: 18, idle: 43, sys: 62, released: 36, consumed: 26 (MB)
scvg: 0 MB released
scvg: inuse: 18, idle: 43, sys: 62, released: 36, consumed: 26 (MB)
scvg: 0 MB released
scvg: inuse: 18, idle: 43, sys: 62, released: 36, consumed: 26 (MB)
scvg: 0 MB released
scvg: inuse: 18, idle: 43, sys: 62, released: 36, consumed: 26 (MB)
scvg: 0 MB released
scvg: inuse: 18, idle: 43, sys: 62, released: 36, consumed: 26 (MB)
scvg: 0 MB released
scvg: inuse: 18, idle: 43, sys: 62, released: 36, consumed: 26 (MB)
scvg: 0 MB released
scvg: inuse: 18, idle: 43, sys: 62, released: 36, consumed: 26 (MB)
scvg: 0 MB released
scvg: inuse: 18, idle: 43, sys: 62, released: 36, consumed: 26 (MB)
scvg: 0 MB released
scvg: inuse: 18, idle: 43, sys: 62, released: 36, consumed: 26 (MB)
scvg: 0 MB released
scvg: inuse: 18, idle: 43, sys: 62, released: 36, consumed: 26 (MB)
scvg: 0 MB released
scvg: inuse: 18, idle: 43, sys: 62, released: 36, consumed: 26 (MB)
scvg: 0 MB released
scvg: inuse: 18, idle: 43, sys: 62, released: 36, consumed: 26 (MB)
scvg: 0 MB released
scvg: inuse: 18, idle: 43, sys: 62, released: 36, consumed: 26 (MB)
scvg: 0 MB released
scvg: inuse: 18, idle: 43, sys: 62, released: 36, consumed: 26 (MB)
scvg: 0 MB released
scvg: inuse: 18, idle: 43, sys: 62, released: 36, consumed: 26 (MB)
scvg: 0 MB released
scvg: inuse: 18, idle: 43, sys: 62, released: 36, consumed: 26 (MB)
scvg: 0 MB released
scvg: inuse: 18, idle: 43, sys: 62, released: 36, consumed: 26 (MB)
scvg: 0 MB released
scvg: inuse: 18, idle: 43, sys: 62, released: 36, consumed: 26 (MB)
scvg: 0 MB released
scvg: inuse: 18, idle: 43, sys: 62, released: 36, consumed: 26 (MB)
scvg: 0 MB released
scvg: inuse: 18, idle: 43, sys: 62, released: 36, consumed: 26 (MB)
scvg: 0 MB released
scvg: inuse: 18, idle: 43, sys: 62, released: 36, consumed: 26 (MB)
scvg: 0 MB released
scvg: inuse: 18, idle: 43, sys: 62, released: 36, consumed: 26 (MB)
scvg: 0 MB released
scvg: inuse: 18, idle: 43, sys: 62, released: 36, consumed: 26 (MB)
scvg: 0 MB released
scvg: inuse: 18, idle: 43, sys: 62, released: 36, consumed: 26 (MB)
scvg: 0 MB released
scvg: inuse: 18, idle: 43, sys: 62, released: 36, consumed: 25 (MB)
scvg: 0 MB released
scvg: inuse: 18, idle: 43, sys: 62, released: 36, consumed: 25 (MB)
scvg: 0 MB released
scvg: inuse: 18, idle: 43, sys: 62, released: 36, consumed: 25 (MB)
scvg: 0 MB released
scvg: inuse: 18, idle: 43, sys: 62, released: 36, consumed: 25 (MB)
scvg: 0 MB released
scvg: inuse: 18, idle: 43, sys: 62, released: 36, consumed: 25 (MB)
scvg: 0 MB released
scvg: inuse: 18, idle: 43, sys: 62, released: 36, consumed: 25 (MB)
scvg: 0 MB released
scvg: inuse: 18, idle: 43, sys: 62, released: 36, consumed: 25 (MB)
scvg: 0 MB released
scvg: inuse: 18, idle: 43, sys: 62, released: 36, consumed: 25 (MB)
scvg: 0 MB released
scvg: inuse: 18, idle: 43, sys: 62, released: 36, consumed: 25 (MB)
scvg: 0 MB released
scvg: inuse: 18, idle: 43, sys: 62, released: 36, consumed: 25 (MB)
scvg: 0 MB released
scvg: inuse: 18, idle: 43, sys: 62, released: 36, consumed: 25 (MB)
scvg: 0 MB released
scvg: inuse: 18, idle: 43, sys: 62, released: 36, consumed: 25 (MB)
scvg: 0 MB released
scvg: inuse: 18, idle: 43, sys: 62, released: 36, consumed: 25 (MB)
scvg: 0 MB released
scvg: inuse: 18, idle: 43, sys: 62, released: 36, consumed: 25 (MB)
scvg: 0 MB released
scvg: inuse: 18, idle: 43, sys: 62, released: 36, consumed: 25 (MB)
scvg: 0 MB released
scvg: inuse: 18, idle: 43, sys: 62, released: 36, consumed: 25 (MB)
scvg: 0 MB released
scvg: inuse: 18, idle: 43, sys: 62, released: 36, consumed: 25 (MB)
scvg: 0 MB released
scvg: inuse: 18, idle: 43, sys: 62, released: 36, consumed: 25 (MB)
scvg: 0 MB released
scvg: inuse: 18, idle: 43, sys: 62, released: 36, consumed: 25 (MB)
scvg: 0 MB released
scvg: inuse: 18, idle: 43, sys: 62, released: 36, consumed: 25 (MB)
scvg: 0 MB released
scvg: inuse: 18, idle: 43, sys: 62, released: 36, consumed: 25 (MB)
scvg: 0 MB released
scvg: inuse: 18, idle: 43, sys: 62, released: 36, consumed: 25 (MB)
scvg: 0 MB released
scvg: inuse: 18, idle: 43, sys: 62, released: 36, consumed: 25 (MB)
scvg: 0 MB released
scvg: inuse: 18, idle: 43, sys: 62, released: 36, consumed: 25 (MB)
scvg: 0 MB released
scvg: inuse: 18, idle: 43, sys: 62, released: 36, consumed: 25 (MB)
scvg: 0 MB released
scvg: inuse: 18, idle: 43, sys: 62, released: 36, consumed: 25 (MB)
scvg: 0 MB released
scvg: inuse: 18, idle: 43, sys: 62, released: 36, consumed: 25 (MB)
scvg: 0 MB released
scvg: inuse: 18, idle: 43, sys: 62, released: 36, consumed: 25 (MB)
scvg: 0 MB released
scvg: inuse: 18, idle: 43, sys: 62, released: 36, consumed: 25 (MB)
scvg: 0 MB released
scvg: inuse: 18, idle: 43, sys: 62, released: 36, consumed: 25 (MB)
scvg: 0 MB released
scvg: inuse: 18, idle: 43, sys: 62, released: 36, consumed: 25 (MB)
scvg: 0 MB released
scvg: inuse: 18, idle: 43, sys: 62, released: 36, consumed: 25 (MB)
scvg: 0 MB released
scvg: inuse: 18, idle: 43, sys: 62, released: 36, consumed: 25 (MB)
scvg: 0 MB released
scvg: inuse: 18, idle: 43, sys: 62, released: 36, consumed: 25 (MB)
scvg: 0 MB released
scvg: inuse: 18, idle: 43, sys: 62, released: 36, consumed: 25 (MB)
scvg: 0 MB released
scvg: inuse: 18, idle: 43, sys: 62, released: 36, consumed: 25 (MB)
scvg: 0 MB released
scvg: inuse: 18, idle: 43, sys: 62, released: 36, consumed: 25 (MB)
scvg: 0 MB released
scvg: inuse: 18, idle: 43, sys: 62, released: 36, consumed: 25 (MB)
scvg: 0 MB released
scvg: inuse: 18, idle: 43, sys: 62, released: 36, consumed: 25 (MB)
scvg: 0 MB released
scvg: inuse: 18, idle: 43, sys: 62, released: 36, consumed: 25 (MB)
scvg: 0 MB released
scvg: inuse: 18, idle: 43, sys: 62, released: 36, consumed: 25 (MB)
scvg: 0 MB released
scvg: inuse: 18, idle: 43, sys: 62, released: 36, consumed: 25 (MB)
scvg: 0 MB released
scvg: inuse: 18, idle: 43, sys: 62, released: 36, consumed: 25 (MB)
scvg: 0 MB released
scvg: inuse: 18, idle: 43, sys: 62, released: 36, consumed: 25 (MB)
scvg: 0 MB released
scvg: inuse: 18, idle: 43, sys: 62, released: 36, consumed: 25 (MB)
scvg: 0 MB released
scvg: inuse: 18, idle: 43, sys: 62, released: 36, consumed: 25 (MB)
scvg: 0 MB released
scvg: inuse: 18, idle: 43, sys: 62, released: 36, consumed: 25 (MB)
scvg: 0 MB released
scvg: inuse: 18, idle: 43, sys: 62, released: 36, consumed: 25 (MB)
scvg: 0 MB released
scvg: inuse: 18, idle: 43, sys: 62, released: 36, consumed: 25 (MB)
scvg: 0 MB released
scvg: inuse: 18, idle: 43, sys: 62, released: 36, consumed: 25 (MB)
scvg: 0 MB released
scvg: inuse: 18, idle: 43, sys: 62, released: 36, consumed: 25 (MB)
scvg: 0 MB released
scvg: inuse: 18, idle: 43, sys: 62, released: 36, consumed: 25 (MB)
scvg: 0 MB released
scvg: inuse: 18, idle: 43, sys: 62, released: 36, consumed: 25 (MB)
scvg: 0 MB released
scvg: inuse: 18, idle: 43, sys: 62, released: 36, consumed: 25 (MB)
scvg: 0 MB released
scvg: inuse: 18, idle: 43, sys: 62, released: 36, consumed: 25 (MB)
scvg: 0 MB released
scvg: inuse: 18, idle: 43, sys: 62, released: 36, consumed: 25 (MB)
scvg: 0 MB released
scvg: inuse: 18, idle: 43, sys: 62, released: 36, consumed: 25 (MB)
scvg: 0 MB released
scvg: inuse: 18, idle: 43, sys: 62, released: 36, consumed: 25 (MB)
scvg: 0 MB released
scvg: inuse: 18, idle: 43, sys: 62, released: 36, consumed: 25 (MB)
scvg: 0 MB released
scvg: inuse: 18, idle: 43, sys: 62, released: 36, consumed: 25 (MB)
scvg: 0 MB released
scvg: inuse: 18, idle: 43, sys: 62, released: 36, consumed: 25 (MB)
scvg: 0 MB released
scvg: inuse: 18, idle: 43, sys: 62, released: 36, consumed: 25 (MB)
scvg: 0 MB released
scvg: inuse: 18, idle: 43, sys: 62, released: 36, consumed: 25 (MB)
scvg: 0 MB released
scvg: inuse: 18, idle: 43, sys: 62, released: 36, consumed: 25 (MB)
scvg: 0 MB released
scvg: inuse: 18, idle: 43, sys: 62, released: 36, consumed: 25 (MB)
scvg: 0 MB released
scvg: inuse: 18, idle: 43, sys: 62, released: 36, consumed: 25 (MB)
scvg: 0 MB released
scvg: inuse: 18, idle: 43, sys: 62, released: 36, consumed: 25 (MB)
scvg: 0 MB released
scvg: inuse: 18, idle: 43, sys: 62, released: 36, consumed: 25 (MB)
scvg: 0 MB released
scvg: inuse: 18, idle: 43, sys: 62, released: 36, consumed: 25 (MB)
scvg: 0 MB released
scvg: inuse: 18, idle: 43, sys: 62, released: 36, consumed: 25 (MB)
scvg: 0 MB released
scvg: inuse: 18, idle: 43, sys: 62, released: 36, consumed: 25 (MB)
scvg: 0 MB released
scvg: inuse: 18, idle: 43, sys: 62, released: 36, consumed: 25 (MB)
scvg: 0 MB released
scvg: inuse: 18, idle: 43, sys: 62, released: 36, consumed: 25 (MB)
scvg: 0 MB released
scvg: inuse: 18, idle: 43, sys: 62, released: 36, consumed: 25 (MB)
scvg: 0 MB released
scvg: inuse: 18, idle: 43, sys: 62, released: 36, consumed: 25 (MB)
scvg: 0 MB released
scvg: inuse: 18, idle: 43, sys: 62, released: 36, consumed: 25 (MB)
scvg: 0 MB released
scvg: inuse: 18, idle: 43, sys: 62, released: 36, consumed: 25 (MB)
scvg: 0 MB released
scvg: inuse: 18, idle: 43, sys: 62, released: 36, consumed: 25 (MB)
scvg: 0 MB released
scvg: inuse: 18, idle: 43, sys: 62, released: 36, consumed: 25 (MB)
scvg: 0 MB released
scvg: inuse: 18, idle: 43, sys: 62, released: 36, consumed: 25 (MB)
scvg: 0 MB released
scvg: inuse: 18, idle: 43, sys: 62, released: 36, consumed: 25 (MB)
scvg: 0 MB released
scvg: inuse: 18, idle: 43, sys: 62, released: 36, consumed: 25 (MB)
scvg: 0 MB released
scvg: inuse: 18, idle: 43, sys: 62, released: 36, consumed: 25 (MB)
scvg: 0 MB released
scvg: inuse: 18, idle: 43, sys: 62, released: 36, consumed: 25 (MB)
scvg: 0 MB released
scvg: inuse: 18, idle: 43, sys: 62, released: 36, consumed: 25 (MB)
scvg: 0 MB released
scvg: inuse: 18, idle: 43, sys: 62, released: 36, consumed: 25 (MB)
scvg: 0 MB released
scvg: inuse: 18, idle: 43, sys: 62, released: 36, consumed: 25 (MB)
scvg: 0 MB released
scvg: inuse: 18, idle: 43, sys: 62, released: 37, consumed: 25 (MB)
scvg: 0 MB released
scvg: inuse: 18, idle: 43, sys: 62, released: 37, consumed: 25 (MB)
scvg: 0 MB released
scvg: inuse: 18, idle: 43, sys: 62, released: 37, consumed: 25 (MB)
scvg: 0 MB released
scvg: inuse: 18, idle: 43, sys: 62, released: 37, consumed: 25 (MB)
scvg: 0 MB released
scvg: inuse: 18, idle: 43, sys: 62, released: 37, consumed: 25 (MB)
scvg: 0 MB released
scvg: inuse: 18, idle: 43, sys: 62, released: 37, consumed: 25 (MB)
scvg: 0 MB released
scvg: inuse: 18, idle: 43, sys: 62, released: 37, consumed: 25 (MB)
scvg: 0 MB released
scvg: inuse: 18, idle: 43, sys: 62, released: 37, consumed: 25 (MB)
scvg: 0 MB released
scvg: inuse: 18, idle: 43, sys: 62, released: 37, consumed: 25 (MB)
scvg: 0 MB released
scvg: inuse: 18, idle: 43, sys: 62, released: 37, consumed: 25 (MB)
scvg: 0 MB released
scvg: inuse: 18, idle: 43, sys: 62, released: 37, consumed: 25 (MB)
scvg: 0 MB released
scvg: inuse: 18, idle: 43, sys: 62, released: 37, consumed: 25 (MB)
scvg: 0 MB released
scvg: inuse: 18, idle: 43, sys: 62, released: 37, consumed: 25 (MB)
scvg: 0 MB released
scvg: inuse: 18, idle: 43, sys: 62, released: 37, consumed: 25 (MB)
scvg: 0 MB released
scvg: inuse: 18, idle: 43, sys: 62, released: 37, consumed: 25 (MB)
scvg: 0 MB released
scvg: inuse: 18, idle: 43, sys: 62, released: 37, consumed: 25 (MB)
scvg: 0 MB released
scvg: inuse: 18, idle: 43, sys: 62, released: 37, consumed: 25 (MB)
scvg: 0 MB released
scvg: inuse: 18, idle: 43, sys: 62, released: 37, consumed: 25 (MB)
scvg: 0 MB released
scvg: inuse: 18, idle: 43, sys: 62, released: 37, consumed: 25 (MB)
scvg: 0 MB released
scvg: inuse: 18, idle: 43, sys: 62, released: 37, consumed: 25 (MB)
scvg: 0 MB released
scvg: inuse: 18, idle: 43, sys: 62, released: 37, consumed: 25 (MB)
scvg: 0 MB released
scvg: inuse: 18, idle: 43, sys: 62, released: 37, consumed: 25 (MB)
scvg: 0 MB released
scvg: inuse: 18, idle: 43, sys: 62, released: 37, consumed: 25 (MB)
scvg: 0 MB released
scvg: inuse: 18, idle: 43, sys: 62, released: 37, consumed: 25 (MB)
scvg: 0 MB released
scvg: inuse: 18, idle: 43, sys: 62, released: 37, consumed: 25 (MB)
scvg: 0 MB released
scvg: inuse: 18, idle: 43, sys: 62, released: 37, consumed: 25 (MB)
scvg: 0 MB released
scvg: inuse: 18, idle: 43, sys: 62, released: 37, consumed: 25 (MB)
scvg: 0 MB released
scvg: inuse: 18, idle: 43, sys: 62, released: 37, consumed: 25 (MB)
scvg: 0 MB released
scvg: inuse: 18, idle: 43, sys: 62, released: 37, consumed: 25 (MB)
scvg: 0 MB released
scvg: inuse: 18, idle: 43, sys: 62, released: 37, consumed: 25 (MB)
scvg: 0 MB released
scvg: inuse: 18, idle: 43, sys: 62, released: 37, consumed: 25 (MB)
scvg: 0 MB released
scvg: inuse: 18, idle: 43, sys: 62, released: 37, consumed: 25 (MB)
scvg: 0 MB released
scvg: inuse: 18, idle: 43, sys: 62, released: 37, consumed: 25 (MB)
scvg: 0 MB released
scvg: inuse: 18, idle: 43, sys: 62, released: 37, consumed: 25 (MB)
scvg: 0 MB released
scvg: inuse: 18, idle: 43, sys: 62, released: 37, consumed: 25 (MB)
scvg: 0 MB released
scvg: inuse: 18, idle: 43, sys: 62, released: 37, consumed: 25 (MB)
scvg: 0 MB released
scvg: inuse: 18, idle: 43, sys: 62, released: 37, consumed: 25 (MB)
scvg: 0 MB released
scvg: inuse: 18, idle: 43, sys: 62, released: 37, consumed: 25 (MB)
scvg: 0 MB released
scvg: inuse: 18, idle: 43, sys: 62, released: 37, consumed: 25 (MB)
scvg: 0 MB released
scvg: inuse: 18, idle: 43, sys: 62, released: 37, consumed: 25 (MB)
scvg: 0 MB released
scvg: inuse: 18, idle: 43, sys: 62, released: 37, consumed: 25 (MB)
scvg: 0 MB released
scvg: inuse: 18, idle: 43, sys: 62, released: 37, consumed: 24 (MB)
scvg: 0 MB released
scvg: inuse: 18, idle: 43, sys: 62, released: 37, consumed: 24 (MB)
scvg: 0 MB released
scvg: inuse: 18, idle: 43, sys: 62, released: 37, consumed: 24 (MB)
scvg: 0 MB released
scvg: inuse: 18, idle: 43, sys: 62, released: 37, consumed: 24 (MB)
scvg: 0 MB released
scvg: inuse: 18, idle: 43, sys: 62, released: 37, consumed: 24 (MB)
scvg: 0 MB released
scvg: inuse: 18, idle: 43, sys: 62, released: 37, consumed: 24 (MB)
scvg: 0 MB released
scvg: inuse: 18, idle: 43, sys: 62, released: 37, consumed: 24 (MB)
scvg: 0 MB released
scvg: inuse: 18, idle: 43, sys: 62, released: 37, consumed: 24 (MB)
scvg: 0 MB released
scvg: inuse: 18, idle: 43, sys: 62, released: 37, consumed: 24 (MB)
scvg: 0 MB released
scvg: inuse: 18, idle: 43, sys: 62, released: 37, consumed: 24 (MB)
scvg: 0 MB released
scvg: inuse: 18, idle: 43, sys: 62, released: 37, consumed: 24 (MB)
scvg: 0 MB released
scvg: inuse: 18, idle: 43, sys: 62, released: 37, consumed: 24 (MB)
scvg: 0 MB released
scvg: inuse: 18, idle: 43, sys: 62, released: 37, consumed: 24 (MB)
scvg: 0 MB released
scvg: inuse: 18, idle: 43, sys: 62, released: 37, consumed: 24 (MB)
scvg: 0 MB released
scvg: inuse: 18, idle: 43, sys: 62, released: 37, consumed: 24 (MB)
scvg: 0 MB released
scvg: inuse: 18, idle: 43, sys: 62, released: 37, consumed: 24 (MB)
scvg: 0 MB released
scvg: inuse: 18, idle: 43, sys: 62, released: 37, consumed: 24 (MB)
scvg: 0 MB released
scvg: inuse: 18, idle: 43, sys: 62, released: 37, consumed: 24 (MB)
scvg: 0 MB released
scvg: inuse: 18, idle: 43, sys: 62, released: 37, consumed: 24 (MB)
scvg: 0 MB released
scvg: inuse: 18, idle: 43, sys: 62, released: 37, consumed: 24 (MB)
scvg: 0 MB released
scvg: inuse: 18, idle: 43, sys: 62, released: 37, consumed: 24 (MB)
scvg: 0 MB released
scvg: inuse: 18, idle: 43, sys: 62, released: 37, consumed: 24 (MB)
scvg: 0 MB released
scvg: inuse: 18, idle: 43, sys: 62, released: 37, consumed: 24 (MB)
scvg: 0 MB released
scvg: inuse: 18, idle: 43, sys: 62, released: 37, consumed: 24 (MB)
scvg: 0 MB released
scvg: inuse: 18, idle: 43, sys: 62, released: 37, consumed: 24 (MB)
scvg: 0 MB released
scvg: inuse: 18, idle: 43, sys: 62, released: 37, consumed: 24 (MB)
scvg: 0 MB released
scvg: inuse: 18, idle: 43, sys: 62, released: 37, consumed: 24 (MB)
scvg: 0 MB released
scvg: inuse: 18, idle: 43, sys: 62, released: 37, consumed: 24 (MB)
scvg: 0 MB released
scvg: inuse: 18, idle: 43, sys: 62, released: 37, consumed: 24 (MB)
scvg: 0 MB released
scvg: inuse: 18, idle: 43, sys: 62, released: 37, consumed: 24 (MB)
scvg: 0 MB released
scvg: inuse: 18, idle: 43, sys: 62, released: 37, consumed: 24 (MB)
scvg: 0 MB released
scvg: inuse: 18, idle: 43, sys: 62, released: 37, consumed: 24 (MB)
scvg: 0 MB released
scvg: inuse: 18, idle: 43, sys: 62, released: 37, consumed: 24 (MB)
scvg: 0 MB released
scvg: inuse: 18, idle: 43, sys: 62, released: 37, consumed: 24 (MB)
scvg: 0 MB released
scvg: inuse: 18, idle: 43, sys: 62, released: 37, consumed: 24 (MB)
scvg: 0 MB released
scvg: inuse: 18, idle: 43, sys: 62, released: 37, consumed: 24 (MB)
scvg: 0 MB released
scvg: inuse: 18, idle: 43, sys: 62, released: 37, consumed: 24 (MB)
scvg: 0 MB released
scvg: inuse: 18, idle: 43, sys: 62, released: 37, consumed: 24 (MB)
scvg: 0 MB released
scvg: inuse: 18, idle: 43, sys: 62, released: 37, consumed: 24 (MB)
scvg: 0 MB released
scvg: inuse: 18, idle: 43, sys: 62, released: 37, consumed: 24 (MB)
scvg: 0 MB released
scvg: inuse: 18, idle: 43, sys: 62, released: 37, consumed: 24 (MB)
scvg: 0 MB released
scvg: inuse: 18, idle: 43, sys: 62, released: 37, consumed: 24 (MB)
scvg: 0 MB released
scvg: inuse: 18, idle: 43, sys: 62, released: 37, consumed: 24 (MB)
scvg: 0 MB released
scvg: inuse: 18, idle: 43, sys: 62, released: 37, consumed: 24 (MB)
scvg: 0 MB released
scvg: inuse: 18, idle: 43, sys: 62, released: 37, consumed: 24 (MB)
scvg: 0 MB released
scvg: inuse: 18, idle: 43, sys: 62, released: 37, consumed: 24 (MB)
scvg: 0 MB released
scvg: inuse: 18, idle: 43, sys: 62, released: 37, consumed: 24 (MB)
scvg: 0 MB released
scvg: inuse: 18, idle: 43, sys: 62, released: 37, consumed: 24 (MB)
scvg: 0 MB released
scvg: inuse: 18, idle: 43, sys: 62, released: 37, consumed: 24 (MB)
scvg: 0 MB released
scvg: inuse: 18, idle: 43, sys: 62, released: 37, consumed: 24 (MB)
scvg: 0 MB released
scvg: inuse: 18, idle: 43, sys: 62, released: 37, consumed: 24 (MB)
scvg: 0 MB released
scvg: inuse: 18, idle: 43, sys: 62, released: 37, consumed: 24 (MB)
scvg: 0 MB released
scvg: inuse: 18, idle: 43, sys: 62, released: 37, consumed: 24 (MB)
scvg: 0 MB released
scvg: inuse: 18, idle: 43, sys: 62, released: 37, consumed: 24 (MB)
scvg: 0 MB released
scvg: inuse: 18, idle: 43, sys: 62, released: 37, consumed: 24 (MB)
scvg: 0 MB released
scvg: inuse: 18, idle: 43, sys: 62, released: 37, consumed: 24 (MB)
scvg: 0 MB released
scvg: inuse: 18, idle: 43, sys: 62, released: 37, consumed: 24 (MB)
scvg: 0 MB released
scvg: inuse: 18, idle: 43, sys: 62, released: 37, consumed: 24 (MB)
scvg: 0 MB released
scvg: inuse: 18, idle: 43, sys: 62, released: 37, consumed: 24 (MB)
scvg: 0 MB released
scvg: inuse: 18, idle: 43, sys: 62, released: 37, consumed: 24 (MB)
scvg: 0 MB released
scvg: inuse: 18, idle: 43, sys: 62, released: 37, consumed: 24 (MB)
scvg: 0 MB released
scvg: inuse: 18, idle: 43, sys: 62, released: 37, consumed: 24 (MB)
scvg: 0 MB released
scvg: inuse: 18, idle: 43, sys: 62, released: 37, consumed: 24 (MB)
scvg: 0 MB released
scvg: inuse: 18, idle: 43, sys: 62, released: 37, consumed: 24 (MB)
scvg: 0 MB released
scvg: inuse: 18, idle: 43, sys: 62, released: 37, consumed: 24 (MB)
scvg: 0 MB released
scvg: inuse: 18, idle: 43, sys: 62, released: 37, consumed: 24 (MB)
scvg: 0 MB released
scvg: inuse: 18, idle: 43, sys: 62, released: 37, consumed: 24 (MB)
scvg: 0 MB released
scvg: inuse: 18, idle: 43, sys: 62, released: 37, consumed: 24 (MB)
scvg: 0 MB released
scvg: inuse: 18, idle: 43, sys: 62, released: 37, consumed: 24 (MB)
scvg: 0 MB released
scvg: inuse: 18, idle: 43, sys: 62, released: 37, consumed: 24 (MB)
scvg: 0 MB released
scvg: inuse: 18, idle: 43, sys: 62, released: 37, consumed: 24 (MB)
scvg: 0 MB released
scvg: inuse: 18, idle: 43, sys: 62, released: 37, consumed: 24 (MB)
scvg: 0 MB released
scvg: inuse: 18, idle: 43, sys: 62, released: 37, consumed: 24 (MB)
scvg: 0 MB released
scvg: inuse: 18, idle: 43, sys: 62, released: 37, consumed: 24 (MB)
scvg: 0 MB released
scvg: inuse: 18, idle: 43, sys: 62, released: 37, consumed: 24 (MB)
scvg: 0 MB released
scvg: inuse: 18, idle: 43, sys: 62, released: 37, consumed: 24 (MB)
scvg: 0 MB released
scvg: inuse: 18, idle: 43, sys: 62, released: 37, consumed: 24 (MB)
scvg: 0 MB released
scvg: inuse: 18, idle: 43, sys: 62, released: 37, consumed: 24 (MB)
scvg: 0 MB released
scvg: inuse: 18, idle: 43, sys: 62, released: 37, consumed: 24 (MB)
scvg: 0 MB released
scvg: inuse: 18, idle: 43, sys: 62, released: 37, consumed: 24 (MB)
scvg: 0 MB released
scvg: inuse: 18, idle: 43, sys: 62, released: 37, consumed: 24 (MB)
scvg: 0 MB released
scvg: inuse: 18, idle: 43, sys: 62, released: 37, consumed: 24 (MB)
scvg: 0 MB released
scvg: inuse: 18, idle: 43, sys: 62, released: 37, consumed: 24 (MB)
scvg: 0 MB released
scvg: inuse: 18, idle: 43, sys: 62, released: 37, consumed: 24 (MB)
scvg: 0 MB released
scvg: inuse: 18, idle: 43, sys: 62, released: 37, consumed: 24 (MB)
scvg: 0 MB released
scvg: inuse: 18, idle: 43, sys: 62, released: 37, consumed: 24 (MB)
scvg: 0 MB released
scvg: inuse: 18, idle: 43, sys: 62, released: 37, consumed: 24 (MB)
scvg: 0 MB released
scvg: inuse: 18, idle: 43, sys: 62, released: 38, consumed: 24 (MB)
scvg: 0 MB released
scvg: inuse: 18, idle: 43, sys: 62, released: 38, consumed: 24 (MB)
scvg: 0 MB released
scvg: inuse: 18, idle: 43, sys: 62, released: 38, consumed: 24 (MB)
scvg: 0 MB released
scvg: inuse: 18, idle: 43, sys: 62, released: 38, consumed: 24 (MB)
scvg: 0 MB released
scvg: inuse: 18, idle: 43, sys: 62, released: 38, consumed: 24 (MB)
scvg: 0 MB released
scvg: inuse: 18, idle: 43, sys: 62, released: 38, consumed: 24 (MB)
scvg: 0 MB released
scvg: inuse: 18, idle: 43, sys: 62, released: 38, consumed: 24 (MB)
scvg: 0 MB released
scvg: inuse: 18, idle: 43, sys: 62, released: 38, consumed: 24 (MB)
scvg: 0 MB released
scvg: inuse: 18, idle: 43, sys: 62, released: 38, consumed: 24 (MB)
scvg: 0 MB released
scvg: inuse: 18, idle: 43, sys: 62, released: 38, consumed: 24 (MB)
scvg: 0 MB released
scvg: inuse: 18, idle: 43, sys: 62, released: 38, consumed: 24 (MB)
scvg: 0 MB released
scvg: inuse: 18, idle: 43, sys: 62, released: 38, consumed: 24 (MB)
scvg: 0 MB released
scvg: inuse: 18, idle: 43, sys: 62, released: 38, consumed: 24 (MB)
scvg: 0 MB released
scvg: inuse: 18, idle: 43, sys: 62, released: 38, consumed: 24 (MB)
scvg: 0 MB released
scvg: inuse: 18, idle: 43, sys: 62, released: 38, consumed: 24 (MB)
scvg: 0 MB released
scvg: inuse: 18, idle: 43, sys: 62, released: 38, consumed: 24 (MB)
scvg: 0 MB released
scvg: inuse: 18, idle: 43, sys: 62, released: 38, consumed: 24 (MB)
scvg: 0 MB released
scvg: inuse: 18, idle: 43, sys: 62, released: 38, consumed: 24 (MB)
scvg: 0 MB released
scvg: inuse: 18, idle: 43, sys: 62, released: 38, consumed: 24 (MB)
scvg: 0 MB released
scvg: inuse: 18, idle: 43, sys: 62, released: 38, consumed: 24 (MB)
scvg: 0 MB released
scvg: inuse: 18, idle: 43, sys: 62, released: 38, consumed: 24 (MB)
scvg: 0 MB released
scvg: inuse: 18, idle: 43, sys: 62, released: 38, consumed: 24 (MB)
scvg: 0 MB released
scvg: inuse: 18, idle: 43, sys: 62, released: 38, consumed: 24 (MB)
scvg: 0 MB released
scvg: inuse: 18, idle: 43, sys: 62, released: 38, consumed: 24 (MB)
scvg: 0 MB released
scvg: inuse: 18, idle: 43, sys: 62, released: 38, consumed: 24 (MB)
scvg: 0 MB released
scvg: inuse: 18, idle: 43, sys: 62, released: 38, consumed: 24 (MB)
scvg: 0 MB released
scvg: inuse: 18, idle: 43, sys: 62, released: 38, consumed: 24 (MB)
scvg: 0 MB released
scvg: inuse: 18, idle: 43, sys: 62, released: 38, consumed: 24 (MB)
scvg: 0 MB released
scvg: inuse: 18, idle: 43, sys: 62, released: 38, consumed: 24 (MB)
scvg: 0 MB released
scvg: inuse: 18, idle: 43, sys: 62, released: 38, consumed: 24 (MB)
scvg: 0 MB released
scvg: inuse: 18, idle: 43, sys: 62, released: 38, consumed: 24 (MB)
scvg: 0 MB released
scvg: inuse: 18, idle: 43, sys: 62, released: 38, consumed: 24 (MB)
scvg: 0 MB released
scvg: inuse: 18, idle: 43, sys: 62, released: 38, consumed: 24 (MB)
scvg: 0 MB released
scvg: inuse: 18, idle: 43, sys: 62, released: 38, consumed: 24 (MB)
scvg: 0 MB released
scvg: inuse: 18, idle: 43, sys: 62, released: 38, consumed: 24 (MB)
scvg: 0 MB released
scvg: inuse: 18, idle: 43, sys: 62, released: 38, consumed: 24 (MB)
scvg: 0 MB released
scvg: inuse: 18, idle: 43, sys: 62, released: 38, consumed: 24 (MB)
scvg: 0 MB released
scvg: inuse: 18, idle: 43, sys: 62, released: 38, consumed: 24 (MB)
scvg: 0 MB released
scvg: inuse: 18, idle: 43, sys: 62, released: 38, consumed: 24 (MB)
scvg: 0 MB released
scvg: inuse: 18, idle: 43, sys: 62, released: 38, consumed: 24 (MB)
scvg: 0 MB released
scvg: inuse: 18, idle: 43, sys: 62, released: 38, consumed: 24 (MB)
scvg: 0 MB released
scvg: inuse: 18, idle: 43, sys: 62, released: 38, consumed: 23 (MB)
scvg: 0 MB released
scvg: inuse: 18, idle: 43, sys: 62, released: 38, consumed: 23 (MB)
scvg: 0 MB released
scvg: inuse: 18, idle: 43, sys: 62, released: 38, consumed: 23 (MB)
scvg: 0 MB released
scvg: inuse: 18, idle: 43, sys: 62, released: 38, consumed: 23 (MB)
scvg: 0 MB released
scvg: inuse: 18, idle: 43, sys: 62, released: 38, consumed: 23 (MB)
scvg: 0 MB released
scvg: inuse: 18, idle: 43, sys: 62, released: 38, consumed: 23 (MB)
scvg: 0 MB released
scvg: inuse: 18, idle: 43, sys: 62, released: 38, consumed: 23 (MB)
scvg: 0 MB released
scvg: inuse: 18, idle: 43, sys: 62, released: 38, consumed: 23 (MB)
scvg: 0 MB released
scvg: inuse: 18, idle: 43, sys: 62, released: 38, consumed: 23 (MB)
scvg: 0 MB released
scvg: inuse: 18, idle: 43, sys: 62, released: 38, consumed: 23 (MB)
scvg: 0 MB released
scvg: inuse: 18, idle: 43, sys: 62, released: 38, consumed: 23 (MB)
scvg: 0 MB released
scvg: inuse: 18, idle: 43, sys: 62, released: 38, consumed: 23 (MB)
scvg: 0 MB released
scvg: inuse: 18, idle: 43, sys: 62, released: 38, consumed: 23 (MB)
scvg: 0 MB released
scvg: inuse: 18, idle: 43, sys: 62, released: 38, consumed: 23 (MB)
scvg: 0 MB released
scvg: inuse: 18, idle: 43, sys: 62, released: 38, consumed: 23 (MB)
scvg: 0 MB released
scvg: inuse: 18, idle: 43, sys: 62, released: 38, consumed: 23 (MB)
scvg: 0 MB released
scvg: inuse: 18, idle: 43, sys: 62, released: 38, consumed: 23 (MB)
scvg: 0 MB released
scvg: inuse: 18, idle: 43, sys: 62, released: 38, consumed: 23 (MB)
scvg: 0 MB released
scvg: inuse: 18, idle: 43, sys: 62, released: 38, consumed: 23 (MB)
scvg: 0 MB released
scvg: inuse: 18, idle: 43, sys: 62, released: 38, consumed: 23 (MB)
scvg: 0 MB released
scvg: inuse: 18, idle: 43, sys: 62, released: 38, consumed: 23 (MB)
scvg: 0 MB released
scvg: inuse: 18, idle: 43, sys: 62, released: 38, consumed: 23 (MB)
scvg: 0 MB released
scvg: inuse: 18, idle: 43, sys: 62, released: 38, consumed: 23 (MB)
scvg: 0 MB released
scvg: inuse: 18, idle: 43, sys: 62, released: 38, consumed: 23 (MB)
scvg: 0 MB released
scvg: inuse: 18, idle: 43, sys: 62, released: 38, consumed: 23 (MB)
scvg: 0 MB released
scvg: inuse: 18, idle: 43, sys: 62, released: 38, consumed: 23 (MB)
scvg: 0 MB released
scvg: inuse: 18, idle: 43, sys: 62, released: 38, consumed: 23 (MB)
scvg: 0 MB released
scvg: inuse: 18, idle: 43, sys: 62, released: 38, consumed: 23 (MB)
scvg: 0 MB released
scvg: inuse: 18, idle: 43, sys: 62, released: 38, consumed: 23 (MB)
scvg: 0 MB released
scvg: inuse: 18, idle: 43, sys: 62, released: 38, consumed: 23 (MB)
scvg: 0 MB released
scvg: inuse: 18, idle: 43, sys: 62, released: 38, consumed: 23 (MB)
scvg: 0 MB released
scvg: inuse: 18, idle: 43, sys: 62, released: 38, consumed: 23 (MB)
scvg: 0 MB released
scvg: inuse: 18, idle: 43, sys: 62, released: 38, consumed: 23 (MB)
scvg: 0 MB released
scvg: inuse: 18, idle: 43, sys: 62, released: 38, consumed: 23 (MB)
scvg: 0 MB released
scvg: inuse: 18, idle: 43, sys: 62, released: 38, consumed: 23 (MB)
scvg: 0 MB released
scvg: inuse: 18, idle: 43, sys: 62, released: 38, consumed: 23 (MB)
scvg: 0 MB released
scvg: inuse: 18, idle: 43, sys: 62, released: 38, consumed: 23 (MB)
scvg: 0 MB released
scvg: inuse: 18, idle: 43, sys: 62, released: 38, consumed: 23 (MB)
scvg: 0 MB released
scvg: inuse: 18, idle: 43, sys: 62, released: 38, consumed: 23 (MB)
scvg: 0 MB released
scvg: inuse: 18, idle: 43, sys: 62, released: 38, consumed: 23 (MB)
scvg: 0 MB released
scvg: inuse: 18, idle: 43, sys: 62, released: 38, consumed: 23 (MB)
scvg: 0 MB released
scvg: inuse: 18, idle: 43, sys: 62, released: 38, consumed: 23 (MB)
scvg: 0 MB released
scvg: inuse: 18, idle: 43, sys: 62, released: 38, consumed: 23 (MB)
scvg: 0 MB released
scvg: inuse: 18, idle: 43, sys: 62, released: 38, consumed: 23 (MB)
scvg: 0 MB released
scvg: inuse: 18, idle: 43, sys: 62, released: 38, consumed: 23 (MB)
scvg: 0 MB released
scvg: inuse: 18, idle: 43, sys: 62, released: 38, consumed: 23 (MB)
scvg: 0 MB released
scvg: inuse: 18, idle: 43, sys: 62, released: 38, consumed: 23 (MB)
scvg: 0 MB released
scvg: inuse: 18, idle: 43, sys: 62, released: 38, consumed: 23 (MB)
scvg: 0 MB released
scvg: inuse: 18, idle: 43, sys: 62, released: 38, consumed: 23 (MB)
scvg: 0 MB released
scvg: inuse: 18, idle: 43, sys: 62, released: 38, consumed: 23 (MB)
scvg: 0 MB released
scvg: inuse: 18, idle: 43, sys: 62, released: 38, consumed: 23 (MB)
GC forced
gc 655 @74665.415s 0%: 0.009+2.9+0.006 ms clock, 0.072+0/4.2/2.9+0.051 ms cpu, 20->20->15 MB, 31 MB goal, 8 P
scvg: 0 MB released
scvg: inuse: 19, idle: 42, sys: 62, released: 38, consumed: 23 (MB)
scvg: 0 MB released
scvg: inuse: 18, idle: 44, sys: 62, released: 38, consumed: 23 (MB)
scvg: 0 MB released
scvg: inuse: 18, idle: 44, sys: 62, released: 38, consumed: 23 (MB)
scvg: 0 MB released
scvg: inuse: 18, idle: 44, sys: 62, released: 38, consumed: 23 (MB)
scvg: 0 MB released
scvg: inuse: 18, idle: 44, sys: 62, released: 38, consumed: 23 (MB)
scvg: 0 MB released
scvg: inuse: 18, idle: 44, sys: 62, released: 38, consumed: 23 (MB)
scvg: 0 MB released
scvg: inuse: 18, idle: 44, sys: 62, released: 38, consumed: 23 (MB)
scvg: 0 MB released
scvg: inuse: 18, idle: 44, sys: 62, released: 38, consumed: 23 (MB)
scvg: 0 MB released
scvg: inuse: 18, idle: 44, sys: 62, released: 38, consumed: 23 (MB)
scvg: 0 MB released
scvg: inuse: 18, idle: 44, sys: 62, released: 38, consumed: 23 (MB)
scvg: 0 MB released
scvg: inuse: 18, idle: 44, sys: 62, released: 38, consumed: 23 (MB)
scvg: 0 MB released
scvg: inuse: 18, idle: 44, sys: 62, released: 38, consumed: 23 (MB)
scvg: 0 MB released
scvg: inuse: 18, idle: 44, sys: 62, released: 38, consumed: 23 (MB)
scvg: 0 MB released
scvg: inuse: 18, idle: 44, sys: 62, released: 38, consumed: 23 (MB)
scvg: 0 MB released
scvg: inuse: 18, idle: 44, sys: 62, released: 38, consumed: 23 (MB)
scvg: 0 MB released
scvg: inuse: 18, idle: 44, sys: 62, released: 38, consumed: 23 (MB)
scvg: 0 MB released
scvg: inuse: 18, idle: 44, sys: 62, released: 38, consumed: 23 (MB)
scvg: 0 MB released
scvg: inuse: 18, idle: 44, sys: 62, released: 38, consumed: 23 (MB)
scvg: 0 MB released
scvg: inuse: 18, idle: 44, sys: 62, released: 38, consumed: 23 (MB)
scvg: 0 MB released
scvg: inuse: 18, idle: 44, sys: 62, released: 38, consumed: 23 (MB)
scvg: 0 MB released
scvg: inuse: 18, idle: 44, sys: 62, released: 38, consumed: 23 (MB)
scvg: 0 MB released
scvg: inuse: 18, idle: 44, sys: 62, released: 38, consumed: 23 (MB)
scvg: 0 MB released
scvg: inuse: 18, idle: 44, sys: 62, released: 38, consumed: 23 (MB)
scvg: 0 MB released
scvg: inuse: 18, idle: 44, sys: 62, released: 38, consumed: 23 (MB)
scvg: 0 MB released
scvg: inuse: 18, idle: 44, sys: 62, released: 39, consumed: 23 (MB)
scvg: 0 MB released
scvg: inuse: 18, idle: 44, sys: 62, released: 39, consumed: 23 (MB)
scvg: 0 MB released
scvg: inuse: 18, idle: 44, sys: 62, released: 39, consumed: 23 (MB)
scvg: 0 MB released
scvg: inuse: 18, idle: 44, sys: 62, released: 39, consumed: 23 (MB)
scvg: 0 MB released
scvg: inuse: 18, idle: 44, sys: 62, released: 39, consumed: 23 (MB)
scvg: 0 MB released
scvg: inuse: 18, idle: 44, sys: 62, released: 39, consumed: 23 (MB)
scvg: 0 MB released
scvg: inuse: 18, idle: 44, sys: 62, released: 39, consumed: 23 (MB)
gc 656 @74711.139s 0%: 0.016+8.6+0.008 ms clock, 0.13+0.50/9.3/1.7+0.067 ms cpu, 30->30->15 MB, 31 MB goal, 8 P
gc 657 @74716.206s 0%: 0.085+3.6+0.005 ms clock, 0.68+0.42/7.0/1.4+0.045 ms cpu, 30->30->15 MB, 31 MB goal, 8 P
gc 658 @74721.130s 0%: 0.007+3.0+0.007 ms clock, 0.058+0.25/4.2/2.6+0.058 ms cpu, 30->30->15 MB, 31 MB goal, 8 P
gc 659 @74726.121s 0%: 0.009+2.3+0.005 ms clock, 0.074+0.77/3.2/2.9+0.044 ms cpu, 30->30->15 MB, 31 MB goal, 8 P
gc 660 @74731.059s 0%: 0.036+4.3+0.006 ms clock, 0.29+0.25/5.7/1.0+0.051 ms cpu, 30->30->15 MB, 31 MB goal, 8 P
gc 661 @74736.190s 0%: 0.009+2.9+0.005 ms clock, 0.074+0.93/2.9/3.1+0.044 ms cpu, 30->30->15 MB, 31 MB goal, 8 P
gc 662 @74741.358s 0%: 0.038+3.4+0.005 ms clock, 0.30+0.96/5.1/2.3+0.044 ms cpu, 30->30->15 MB, 31 MB goal, 8 P
gc 663 @74746.297s 0%: 0.008+3.0+0.005 ms clock, 0.065+0.33/3.6/2.7+0.044 ms cpu, 30->30->15 MB, 31 MB goal, 8 P
gc 664 @74751.258s 0%: 0.019+3.7+0.006 ms clock, 0.15+0.55/2.6/4.8+0.048 ms cpu, 30->30->15 MB, 31 MB goal, 8 P
gc 665 @74756.204s 0%: 0.011+4.1+0.007 ms clock, 0.093+0.51/3.9/4.0+0.058 ms cpu, 30->30->15 MB, 31 MB goal, 8 P
gc 666 @74761.248s 0%: 0.006+4.4+0.014 ms clock, 0.051+1.8/4.1/3.5+0.11 ms cpu, 30->30->15 MB, 31 MB goal, 8 P
gc 667 @74789.897s 0%: 0.006+2.9+0.005 ms clock, 0.055+0.31/3.8/3.1+0.047 ms cpu, 30->30->15 MB, 31 MB goal, 8 P
GC forced
gc 668 @74909.916s 0%: 0.011+2.9+0.006 ms clock, 0.093+0/3.4/7.1+0.050 ms cpu, 28->28->15 MB, 31 MB goal, 8 P
GC forced
scvg: 0 MB released
scvg: inuse: 20, idle: 41, sys: 62, released: 30, consumed: 31 (MB)
gc 669 @75029.925s 0%: 0.008+4.3+0.007 ms clock, 0.067+0/4.9/2.3+0.061 ms cpu, 20->20->15 MB, 31 MB goal, 8 P
scvg: 0 MB released
scvg: inuse: 18, idle: 43, sys: 62, released: 30, consumed: 31 (MB)
scvg: 0 MB released
scvg: inuse: 18, idle: 43, sys: 62, released: 30, consumed: 31 (MB)
scvg: 0 MB released
scvg: inuse: 18, idle: 43, sys: 62, released: 30, consumed: 31 (MB)
scvg: 0 MB released
scvg: inuse: 18, idle: 43, sys: 62, released: 30, consumed: 31 (MB)
scvg: 0 MB released
scvg: inuse: 18, idle: 43, sys: 62, released: 30, consumed: 31 (MB)
scvg: 0 MB released
scvg: inuse: 18, idle: 43, sys: 62, released: 30, consumed: 31 (MB)
scvg: 0 MB released
scvg: inuse: 18, idle: 43, sys: 62, released: 30, consumed: 31 (MB)
scvg: 0 MB released
scvg: inuse: 18, idle: 43, sys: 62, released: 30, consumed: 31 (MB)
scvg: 0 MB released
scvg: inuse: 18, idle: 43, sys: 62, released: 30, consumed: 31 (MB)
scvg: 0 MB released
scvg: inuse: 18, idle: 43, sys: 62, released: 30, consumed: 31 (MB)
scvg: 0 MB released
scvg: inuse: 18, idle: 43, sys: 62, released: 30, consumed: 31 (MB)
scvg: 0 MB released
scvg: inuse: 18, idle: 43, sys: 62, released: 30, consumed: 31 (MB)
scvg: 0 MB released
scvg: inuse: 18, idle: 43, sys: 62, released: 30, consumed: 31 (MB)
scvg: 0 MB released
scvg: inuse: 18, idle: 43, sys: 62, released: 30, consumed: 31 (MB)
scvg: 0 MB released
scvg: inuse: 18, idle: 43, sys: 62, released: 30, consumed: 31 (MB)
scvg: 0 MB released
scvg: inuse: 18, idle: 43, sys: 62, released: 30, consumed: 31 (MB)
scvg: 0 MB released
scvg: inuse: 18, idle: 43, sys: 62, released: 30, consumed: 31 (MB)
scvg: 0 MB released
scvg: inuse: 18, idle: 43, sys: 62, released: 30, consumed: 31 (MB)
scvg: 0 MB released
scvg: inuse: 18, idle: 43, sys: 62, released: 30, consumed: 31 (MB)
scvg: 0 MB released
scvg: inuse: 18, idle: 43, sys: 62, released: 30, consumed: 31 (MB)
scvg: 0 MB released
scvg: inuse: 18, idle: 43, sys: 62, released: 30, consumed: 31 (MB)
scvg: 0 MB released
scvg: inuse: 18, idle: 43, sys: 62, released: 30, consumed: 31 (MB)
scvg: 0 MB released
scvg: inuse: 18, idle: 43, sys: 62, released: 30, consumed: 31 (MB)
scvg: 0 MB released
scvg: inuse: 18, idle: 43, sys: 62, released: 30, consumed: 31 (MB)
scvg: 0 MB released
scvg: inuse: 18, idle: 43, sys: 62, released: 30, consumed: 31 (MB)
scvg: 0 MB released
scvg: inuse: 18, idle: 43, sys: 62, released: 30, consumed: 31 (MB)
scvg: 0 MB released
scvg: inuse: 18, idle: 43, sys: 62, released: 30, consumed: 31 (MB)
scvg: 0 MB released
scvg: inuse: 18, idle: 43, sys: 62, released: 30, consumed: 31 (MB)
scvg: 0 MB released
scvg: inuse: 18, idle: 43, sys: 62, released: 30, consumed: 31 (MB)
scvg: 0 MB released
scvg: inuse: 18, idle: 43, sys: 62, released: 30, consumed: 31 (MB)
scvg: 0 MB released
scvg: inuse: 18, idle: 43, sys: 62, released: 30, consumed: 31 (MB)
scvg: 0 MB released
scvg: inuse: 18, idle: 43, sys: 62, released: 30, consumed: 31 (MB)
scvg: 0 MB released
scvg: inuse: 18, idle: 43, sys: 62, released: 30, consumed: 31 (MB)
scvg: 0 MB released
scvg: inuse: 18, idle: 43, sys: 62, released: 30, consumed: 31 (MB)
scvg: 0 MB released
scvg: inuse: 18, idle: 43, sys: 62, released: 30, consumed: 31 (MB)
scvg: 0 MB released
scvg: inuse: 18, idle: 43, sys: 62, released: 30, consumed: 31 (MB)
scvg: 0 MB released
scvg: inuse: 18, idle: 43, sys: 62, released: 30, consumed: 31 (MB)
scvg: 0 MB released
scvg: inuse: 18, idle: 43, sys: 62, released: 30, consumed: 31 (MB)
scvg: 0 MB released
scvg: inuse: 18, idle: 43, sys: 62, released: 30, consumed: 31 (MB)
scvg: 0 MB released
scvg: inuse: 18, idle: 43, sys: 62, released: 30, consumed: 31 (MB)
scvg: 0 MB released
scvg: inuse: 18, idle: 43, sys: 62, released: 30, consumed: 31 (MB)
scvg: 0 MB released
scvg: inuse: 18, idle: 43, sys: 62, released: 30, consumed: 31 (MB)
scvg: 0 MB released
scvg: inuse: 18, idle: 43, sys: 62, released: 30, consumed: 31 (MB)
scvg: 0 MB released
scvg: inuse: 18, idle: 43, sys: 62, released: 30, consumed: 31 (MB)
scvg: 0 MB released
scvg: inuse: 18, idle: 43, sys: 62, released: 30, consumed: 31 (MB)
scvg: 0 MB released
scvg: inuse: 18, idle: 43, sys: 62, released: 30, consumed: 31 (MB)
scvg: 0 MB released
scvg: inuse: 18, idle: 43, sys: 62, released: 30, consumed: 31 (MB)
scvg: 0 MB released
scvg: inuse: 18, idle: 43, sys: 62, released: 30, consumed: 31 (MB)
scvg: 0 MB released
scvg: inuse: 18, idle: 43, sys: 62, released: 30, consumed: 31 (MB)
scvg: 0 MB released
scvg: inuse: 18, idle: 43, sys: 62, released: 30, consumed: 31 (MB)
scvg: 0 MB released
scvg: inuse: 18, idle: 43, sys: 62, released: 30, consumed: 31 (MB)
scvg: 0 MB released
scvg: inuse: 18, idle: 43, sys: 62, released: 30, consumed: 31 (MB)
scvg: 0 MB released
scvg: inuse: 18, idle: 43, sys: 62, released: 30, consumed: 31 (MB)
scvg: 0 MB released
scvg: inuse: 18, idle: 43, sys: 62, released: 30, consumed: 31 (MB)
scvg: 0 MB released
scvg: inuse: 18, idle: 43, sys: 62, released: 30, consumed: 31 (MB)
scvg: 0 MB released
scvg: inuse: 18, idle: 43, sys: 62, released: 30, consumed: 31 (MB)
scvg: 0 MB released
scvg: inuse: 18, idle: 43, sys: 62, released: 30, consumed: 31 (MB)
scvg: 0 MB released
scvg: inuse: 18, idle: 43, sys: 62, released: 30, consumed: 31 (MB)
scvg: 0 MB released
scvg: inuse: 18, idle: 43, sys: 62, released: 30, consumed: 31 (MB)
scvg: 0 MB released
scvg: inuse: 18, idle: 43, sys: 62, released: 30, consumed: 31 (MB)
scvg: 0 MB released
scvg: inuse: 18, idle: 43, sys: 62, released: 30, consumed: 31 (MB)
scvg: 0 MB released
scvg: inuse: 18, idle: 43, sys: 62, released: 30, consumed: 31 (MB)
scvg: 0 MB released
scvg: inuse: 18, idle: 43, sys: 62, released: 30, consumed: 31 (MB)
scvg: 0 MB released
scvg: inuse: 18, idle: 43, sys: 62, released: 30, consumed: 31 (MB)
scvg: 0 MB released
scvg: inuse: 18, idle: 43, sys: 62, released: 30, consumed: 31 (MB)
scvg: 0 MB released
scvg: inuse: 18, idle: 43, sys: 62, released: 30, consumed: 31 (MB)
scvg: 0 MB released
scvg: inuse: 18, idle: 43, sys: 62, released: 30, consumed: 31 (MB)
scvg: 0 MB released
scvg: inuse: 18, idle: 43, sys: 62, released: 30, consumed: 31 (MB)
scvg: 0 MB released
scvg: inuse: 18, idle: 43, sys: 62, released: 30, consumed: 31 (MB)
scvg: 0 MB released
scvg: inuse: 18, idle: 43, sys: 62, released: 30, consumed: 31 (MB)
scvg: 0 MB released
scvg: inuse: 18, idle: 43, sys: 62, released: 30, consumed: 31 (MB)
scvg: 0 MB released
scvg: inuse: 18, idle: 43, sys: 62, released: 30, consumed: 31 (MB)
scvg: 0 MB released
scvg: inuse: 18, idle: 43, sys: 62, released: 30, consumed: 31 (MB)
scvg: 0 MB released
scvg: inuse: 18, idle: 43, sys: 62, released: 30, consumed: 31 (MB)
scvg: 0 MB released
scvg: inuse: 18, idle: 43, sys: 62, released: 30, consumed: 31 (MB)
scvg: 0 MB released
scvg: inuse: 18, idle: 43, sys: 62, released: 31, consumed: 31 (MB)
scvg: 0 MB released
scvg: inuse: 18, idle: 43, sys: 62, released: 31, consumed: 31 (MB)
scvg: 0 MB released
scvg: inuse: 18, idle: 43, sys: 62, released: 31, consumed: 31 (MB)
scvg: 0 MB released
scvg: inuse: 18, idle: 43, sys: 62, released: 31, consumed: 31 (MB)
scvg: 0 MB released
scvg: inuse: 18, idle: 43, sys: 62, released: 31, consumed: 31 (MB)
scvg: 0 MB released
scvg: inuse: 18, idle: 43, sys: 62, released: 31, consumed: 31 (MB)
scvg: 0 MB released
scvg: inuse: 18, idle: 43, sys: 62, released: 31, consumed: 31 (MB)
scvg: 0 MB released
scvg: inuse: 18, idle: 43, sys: 62, released: 31, consumed: 31 (MB)
scvg: 0 MB released
scvg: inuse: 18, idle: 43, sys: 62, released: 31, consumed: 31 (MB)
scvg: 0 MB released
scvg: inuse: 18, idle: 43, sys: 62, released: 31, consumed: 31 (MB)
scvg: 0 MB released
scvg: inuse: 18, idle: 43, sys: 62, released: 31, consumed: 31 (MB)
scvg: 0 MB released
scvg: inuse: 18, idle: 43, sys: 62, released: 31, consumed: 31 (MB)
scvg: 0 MB released
scvg: inuse: 18, idle: 43, sys: 62, released: 31, consumed: 31 (MB)
scvg: 0 MB released
scvg: inuse: 18, idle: 43, sys: 62, released: 31, consumed: 31 (MB)
scvg: 0 MB released
scvg: inuse: 18, idle: 43, sys: 62, released: 31, consumed: 31 (MB)
scvg: 0 MB released
scvg: inuse: 18, idle: 43, sys: 62, released: 31, consumed: 31 (MB)
scvg: 0 MB released
scvg: inuse: 18, idle: 43, sys: 62, released: 31, consumed: 31 (MB)
scvg: 0 MB released
scvg: inuse: 18, idle: 43, sys: 62, released: 31, consumed: 31 (MB)
scvg: 0 MB released
scvg: inuse: 18, idle: 43, sys: 62, released: 31, consumed: 31 (MB)
scvg: 0 MB released
scvg: inuse: 18, idle: 43, sys: 62, released: 31, consumed: 31 (MB)
scvg: 0 MB released
scvg: inuse: 18, idle: 43, sys: 62, released: 31, consumed: 31 (MB)
scvg: 0 MB released
scvg: inuse: 18, idle: 43, sys: 62, released: 31, consumed: 31 (MB)
scvg: 0 MB released
scvg: inuse: 18, idle: 43, sys: 62, released: 31, consumed: 31 (MB)
scvg: 0 MB released
scvg: inuse: 18, idle: 43, sys: 62, released: 31, consumed: 31 (MB)
scvg: 0 MB released
scvg: inuse: 18, idle: 43, sys: 62, released: 31, consumed: 31 (MB)
scvg: 0 MB released
scvg: inuse: 18, idle: 43, sys: 62, released: 31, consumed: 31 (MB)
scvg: 0 MB released
scvg: inuse: 18, idle: 43, sys: 62, released: 31, consumed: 31 (MB)
scvg: 0 MB released
scvg: inuse: 18, idle: 43, sys: 62, released: 31, consumed: 31 (MB)
scvg: 0 MB released
scvg: inuse: 18, idle: 43, sys: 62, released: 31, consumed: 31 (MB)
scvg: 0 MB released
scvg: inuse: 18, idle: 43, sys: 62, released: 31, consumed: 31 (MB)
scvg: 0 MB released
scvg: inuse: 18, idle: 43, sys: 62, released: 31, consumed: 31 (MB)
scvg: 0 MB released
scvg: inuse: 18, idle: 43, sys: 62, released: 31, consumed: 31 (MB)
scvg: 0 MB released
scvg: inuse: 18, idle: 43, sys: 62, released: 31, consumed: 31 (MB)
scvg: 0 MB released
scvg: inuse: 18, idle: 43, sys: 62, released: 31, consumed: 31 (MB)
scvg: 0 MB released
scvg: inuse: 18, idle: 43, sys: 62, released: 31, consumed: 31 (MB)
scvg: 0 MB released
scvg: inuse: 18, idle: 43, sys: 62, released: 31, consumed: 31 (MB)
scvg: 0 MB released
scvg: inuse: 18, idle: 43, sys: 62, released: 31, consumed: 31 (MB)
scvg: 0 MB released
scvg: inuse: 18, idle: 43, sys: 62, released: 31, consumed: 31 (MB)
scvg: 0 MB released
scvg: inuse: 18, idle: 43, sys: 62, released: 31, consumed: 31 (MB)
scvg: 0 MB released
scvg: inuse: 18, idle: 43, sys: 62, released: 31, consumed: 31 (MB)
scvg: 0 MB released
scvg: inuse: 18, idle: 43, sys: 62, released: 31, consumed: 31 (MB)
scvg: 0 MB released
scvg: inuse: 18, idle: 43, sys: 62, released: 31, consumed: 30 (MB)
scvg: 0 MB released
scvg: inuse: 18, idle: 43, sys: 62, released: 31, consumed: 30 (MB)
scvg: 0 MB released
scvg: inuse: 18, idle: 43, sys: 62, released: 31, consumed: 30 (MB)
scvg: 0 MB released
scvg: inuse: 18, idle: 43, sys: 62, released: 31, consumed: 30 (MB)
scvg: 0 MB released
scvg: inuse: 18, idle: 43, sys: 62, released: 31, consumed: 30 (MB)
scvg: 0 MB released
scvg: inuse: 18, idle: 43, sys: 62, released: 31, consumed: 30 (MB)
scvg: 0 MB released
scvg: inuse: 18, idle: 43, sys: 62, released: 31, consumed: 30 (MB)
scvg: 0 MB released
scvg: inuse: 18, idle: 43, sys: 62, released: 31, consumed: 30 (MB)
scvg: 0 MB released
scvg: inuse: 18, idle: 43, sys: 62, released: 31, consumed: 30 (MB)
scvg: 0 MB released
scvg: inuse: 18, idle: 43, sys: 62, released: 31, consumed: 30 (MB)
scvg: 0 MB released
scvg: inuse: 18, idle: 43, sys: 62, released: 31, consumed: 30 (MB)
scvg: 0 MB released
scvg: inuse: 18, idle: 43, sys: 62, released: 31, consumed: 30 (MB)
scvg: 0 MB released
scvg: inuse: 18, idle: 43, sys: 62, released: 31, consumed: 30 (MB)
scvg: 0 MB released
scvg: inuse: 18, idle: 43, sys: 62, released: 31, consumed: 30 (MB)
scvg: 0 MB released
scvg: inuse: 18, idle: 43, sys: 62, released: 31, consumed: 30 (MB)
scvg: 0 MB released
scvg: inuse: 18, idle: 43, sys: 62, released: 31, consumed: 30 (MB)
scvg: 0 MB released
scvg: inuse: 18, idle: 43, sys: 62, released: 31, consumed: 30 (MB)
scvg: 0 MB released
scvg: inuse: 18, idle: 43, sys: 62, released: 31, consumed: 30 (MB)
scvg: 0 MB released
scvg: inuse: 18, idle: 43, sys: 62, released: 31, consumed: 30 (MB)
scvg: 0 MB released
scvg: inuse: 18, idle: 43, sys: 62, released: 31, consumed: 30 (MB)
scvg: 0 MB released
scvg: inuse: 18, idle: 43, sys: 62, released: 31, consumed: 30 (MB)
scvg: 0 MB released
scvg: inuse: 18, idle: 43, sys: 62, released: 31, consumed: 30 (MB)
scvg: 0 MB released
scvg: inuse: 18, idle: 43, sys: 62, released: 31, consumed: 30 (MB)
scvg: 0 MB released
scvg: inuse: 18, idle: 43, sys: 62, released: 31, consumed: 30 (MB)
scvg: 0 MB released
scvg: inuse: 18, idle: 43, sys: 62, released: 31, consumed: 30 (MB)
scvg: 0 MB released
scvg: inuse: 18, idle: 43, sys: 62, released: 31, consumed: 30 (MB)
scvg: 0 MB released
scvg: inuse: 18, idle: 43, sys: 62, released: 31, consumed: 30 (MB)
scvg: 0 MB released
scvg: inuse: 18, idle: 43, sys: 62, released: 31, consumed: 30 (MB)
scvg: 0 MB released
scvg: inuse: 18, idle: 43, sys: 62, released: 31, consumed: 30 (MB)
scvg: 0 MB released
scvg: inuse: 18, idle: 43, sys: 62, released: 31, consumed: 30 (MB)
scvg: 0 MB released
scvg: inuse: 18, idle: 43, sys: 62, released: 31, consumed: 30 (MB)
scvg: 0 MB released
scvg: inuse: 18, idle: 43, sys: 62, released: 31, consumed: 30 (MB)
scvg: 0 MB released
scvg: inuse: 18, idle: 43, sys: 62, released: 31, consumed: 30 (MB)
scvg: 0 MB released
scvg: inuse: 18, idle: 43, sys: 62, released: 31, consumed: 30 (MB)
scvg: 0 MB released
scvg: inuse: 18, idle: 43, sys: 62, released: 31, consumed: 30 (MB)
scvg: 0 MB released
scvg: inuse: 18, idle: 43, sys: 62, released: 31, consumed: 30 (MB)
scvg: 0 MB released
scvg: inuse: 18, idle: 43, sys: 62, released: 31, consumed: 30 (MB)
scvg: 0 MB released
scvg: inuse: 18, idle: 43, sys: 62, released: 31, consumed: 30 (MB)
scvg: 0 MB released
scvg: inuse: 18, idle: 43, sys: 62, released: 31, consumed: 30 (MB)
scvg: 0 MB released
scvg: inuse: 18, idle: 43, sys: 62, released: 31, consumed: 30 (MB)
scvg: 0 MB released
scvg: inuse: 18, idle: 43, sys: 62, released: 31, consumed: 30 (MB)
scvg: 0 MB released
scvg: inuse: 18, idle: 43, sys: 62, released: 31, consumed: 30 (MB)
scvg: 0 MB released
scvg: inuse: 18, idle: 43, sys: 62, released: 31, consumed: 30 (MB)
scvg: 0 MB released
scvg: inuse: 18, idle: 43, sys: 62, released: 31, consumed: 30 (MB)
scvg: 0 MB released
scvg: inuse: 18, idle: 43, sys: 62, released: 31, consumed: 30 (MB)
scvg: 0 MB released
scvg: inuse: 18, idle: 43, sys: 62, released: 31, consumed: 30 (MB)
scvg: 0 MB released
scvg: inuse: 18, idle: 43, sys: 62, released: 31, consumed: 30 (MB)
scvg: 0 MB released
scvg: inuse: 18, idle: 43, sys: 62, released: 31, consumed: 30 (MB)
scvg: 0 MB released
scvg: inuse: 18, idle: 43, sys: 62, released: 31, consumed: 30 (MB)
scvg: 0 MB released
scvg: inuse: 18, idle: 43, sys: 62, released: 31, consumed: 30 (MB)
scvg: 0 MB released
scvg: inuse: 18, idle: 43, sys: 62, released: 31, consumed: 30 (MB)
scvg: 0 MB released
scvg: inuse: 18, idle: 43, sys: 62, released: 31, consumed: 30 (MB)
scvg: 0 MB released
scvg: inuse: 18, idle: 43, sys: 62, released: 31, consumed: 30 (MB)
scvg: 0 MB released
scvg: inuse: 18, idle: 43, sys: 62, released: 31, consumed: 30 (MB)
scvg: 0 MB released
scvg: inuse: 18, idle: 43, sys: 62, released: 31, consumed: 30 (MB)
scvg: 0 MB released
scvg: inuse: 18, idle: 43, sys: 62, released: 31, consumed: 30 (MB)
scvg: 0 MB released
scvg: inuse: 18, idle: 43, sys: 62, released: 31, consumed: 30 (MB)
scvg: 0 MB released
scvg: inuse: 18, idle: 43, sys: 62, released: 31, consumed: 30 (MB)
scvg: 0 MB released
scvg: inuse: 18, idle: 43, sys: 62, released: 31, consumed: 30 (MB)
scvg: 0 MB released
scvg: inuse: 18, idle: 43, sys: 62, released: 31, consumed: 30 (MB)
scvg: 0 MB released
scvg: inuse: 18, idle: 43, sys: 62, released: 31, consumed: 30 (MB)
scvg: 0 MB released
scvg: inuse: 18, idle: 43, sys: 62, released: 31, consumed: 30 (MB)
scvg: 0 MB released
scvg: inuse: 18, idle: 43, sys: 62, released: 31, consumed: 30 (MB)
scvg: 0 MB released
scvg: inuse: 18, idle: 43, sys: 62, released: 31, consumed: 30 (MB)
scvg: 0 MB released
scvg: inuse: 18, idle: 43, sys: 62, released: 31, consumed: 30 (MB)
scvg: 0 MB released
scvg: inuse: 18, idle: 43, sys: 62, released: 31, consumed: 30 (MB)
scvg: 0 MB released
scvg: inuse: 18, idle: 43, sys: 62, released: 31, consumed: 30 (MB)
scvg: 0 MB released
scvg: inuse: 18, idle: 43, sys: 62, released: 31, consumed: 30 (MB)
scvg: 0 MB released
scvg: inuse: 18, idle: 43, sys: 62, released: 31, consumed: 30 (MB)
scvg: 0 MB released
scvg: inuse: 18, idle: 43, sys: 62, released: 31, consumed: 30 (MB)
scvg: 0 MB released
scvg: inuse: 18, idle: 43, sys: 62, released: 31, consumed: 30 (MB)
scvg: 0 MB released
scvg: inuse: 18, idle: 43, sys: 62, released: 31, consumed: 30 (MB)
scvg: 0 MB released
scvg: inuse: 18, idle: 43, sys: 62, released: 31, consumed: 30 (MB)
scvg: 0 MB released
scvg: inuse: 18, idle: 43, sys: 62, released: 31, consumed: 30 (MB)
scvg: 0 MB released
scvg: inuse: 18, idle: 43, sys: 62, released: 31, consumed: 30 (MB)
scvg: 0 MB released
scvg: inuse: 18, idle: 43, sys: 62, released: 31, consumed: 30 (MB)
scvg: 0 MB released
scvg: inuse: 18, idle: 43, sys: 62, released: 31, consumed: 30 (MB)
scvg: 0 MB released
scvg: inuse: 18, idle: 43, sys: 62, released: 31, consumed: 30 (MB)
scvg: 0 MB released
scvg: inuse: 18, idle: 43, sys: 62, released: 31, consumed: 30 (MB)
scvg: 0 MB released
scvg: inuse: 18, idle: 43, sys: 62, released: 31, consumed: 30 (MB)
scvg: 0 MB released
scvg: inuse: 18, idle: 43, sys: 62, released: 31, consumed: 30 (MB)
scvg: 0 MB released
scvg: inuse: 18, idle: 43, sys: 62, released: 31, consumed: 30 (MB)
scvg: 0 MB released
scvg: inuse: 18, idle: 43, sys: 62, released: 31, consumed: 30 (MB)
scvg: 0 MB released
scvg: inuse: 18, idle: 43, sys: 62, released: 31, consumed: 30 (MB)
scvg: 0 MB released
scvg: inuse: 18, idle: 43, sys: 62, released: 31, consumed: 30 (MB)
scvg: 0 MB released
scvg: inuse: 18, idle: 43, sys: 62, released: 31, consumed: 30 (MB)
scvg: 0 MB released
scvg: inuse: 18, idle: 43, sys: 62, released: 31, consumed: 30 (MB)
scvg: 0 MB released
scvg: inuse: 18, idle: 43, sys: 62, released: 32, consumed: 30 (MB)
scvg: 0 MB released
scvg: inuse: 18, idle: 43, sys: 62, released: 32, consumed: 30 (MB)
scvg: 0 MB released
scvg: inuse: 18, idle: 43, sys: 62, released: 32, consumed: 30 (MB)
scvg: 0 MB released
scvg: inuse: 18, idle: 43, sys: 62, released: 32, consumed: 30 (MB)
scvg: 0 MB released
scvg: inuse: 18, idle: 43, sys: 62, released: 32, consumed: 30 (MB)
scvg: 0 MB released
scvg: inuse: 18, idle: 43, sys: 62, released: 32, consumed: 30 (MB)
scvg: 0 MB released
scvg: inuse: 18, idle: 43, sys: 62, released: 32, consumed: 30 (MB)
scvg: 0 MB released
scvg: inuse: 18, idle: 43, sys: 62, released: 32, consumed: 30 (MB)
scvg: 0 MB released
scvg: inuse: 18, idle: 43, sys: 62, released: 32, consumed: 30 (MB)
scvg: 0 MB released
scvg: inuse: 18, idle: 43, sys: 62, released: 32, consumed: 30 (MB)
scvg: 0 MB released
scvg: inuse: 18, idle: 43, sys: 62, released: 32, consumed: 30 (MB)
scvg: 0 MB released
scvg: inuse: 18, idle: 43, sys: 62, released: 32, consumed: 30 (MB)
scvg: 0 MB released
scvg: inuse: 18, idle: 43, sys: 62, released: 32, consumed: 30 (MB)
scvg: 0 MB released
scvg: inuse: 18, idle: 43, sys: 62, released: 32, consumed: 30 (MB)
scvg: 0 MB released
scvg: inuse: 18, idle: 43, sys: 62, released: 32, consumed: 30 (MB)
scvg: 0 MB released
scvg: inuse: 18, idle: 43, sys: 62, released: 32, consumed: 30 (MB)
scvg: 0 MB released
scvg: inuse: 18, idle: 43, sys: 62, released: 32, consumed: 30 (MB)
scvg: 0 MB released
scvg: inuse: 18, idle: 43, sys: 62, released: 32, consumed: 30 (MB)
scvg: 0 MB released
scvg: inuse: 18, idle: 43, sys: 62, released: 32, consumed: 30 (MB)
scvg: 0 MB released
scvg: inuse: 18, idle: 43, sys: 62, released: 32, consumed: 30 (MB)
scvg: 0 MB released
scvg: inuse: 18, idle: 43, sys: 62, released: 32, consumed: 30 (MB)
scvg: 0 MB released
scvg: inuse: 18, idle: 43, sys: 62, released: 32, consumed: 30 (MB)
scvg: 0 MB released
scvg: inuse: 18, idle: 43, sys: 62, released: 32, consumed: 30 (MB)
scvg: 0 MB released
scvg: inuse: 18, idle: 43, sys: 62, released: 32, consumed: 30 (MB)
scvg: 0 MB released
scvg: inuse: 18, idle: 43, sys: 62, released: 32, consumed: 30 (MB)
scvg: 0 MB released
scvg: inuse: 18, idle: 43, sys: 62, released: 32, consumed: 30 (MB)
scvg: 0 MB released
scvg: inuse: 18, idle: 43, sys: 62, released: 32, consumed: 30 (MB)
scvg: 0 MB released
scvg: inuse: 18, idle: 43, sys: 62, released: 32, consumed: 30 (MB)
scvg: 0 MB released
scvg: inuse: 18, idle: 43, sys: 62, released: 32, consumed: 30 (MB)
scvg: 0 MB released
scvg: inuse: 18, idle: 43, sys: 62, released: 32, consumed: 30 (MB)
scvg: 0 MB released
scvg: inuse: 18, idle: 43, sys: 62, released: 32, consumed: 30 (MB)
scvg: 0 MB released
scvg: inuse: 18, idle: 43, sys: 62, released: 32, consumed: 30 (MB)
scvg: 0 MB released
scvg: inuse: 18, idle: 43, sys: 62, released: 32, consumed: 30 (MB)
scvg: 0 MB released
scvg: inuse: 18, idle: 43, sys: 62, released: 32, consumed: 30 (MB)
scvg: 0 MB released
scvg: inuse: 18, idle: 43, sys: 62, released: 32, consumed: 30 (MB)
scvg: 0 MB released
scvg: inuse: 18, idle: 43, sys: 62, released: 32, consumed: 30 (MB)
scvg: 0 MB released
scvg: inuse: 18, idle: 43, sys: 62, released: 32, consumed: 30 (MB)
scvg: 0 MB released
scvg: inuse: 18, idle: 43, sys: 62, released: 32, consumed: 30 (MB)
scvg: 0 MB released
scvg: inuse: 18, idle: 43, sys: 62, released: 32, consumed: 30 (MB)
scvg: 0 MB released
scvg: inuse: 18, idle: 43, sys: 62, released: 32, consumed: 30 (MB)
scvg: 0 MB released
scvg: inuse: 18, idle: 43, sys: 62, released: 32, consumed: 30 (MB)
scvg: 0 MB released
scvg: inuse: 18, idle: 43, sys: 62, released: 32, consumed: 29 (MB)
scvg: 0 MB released
scvg: inuse: 18, idle: 43, sys: 62, released: 32, consumed: 29 (MB)
scvg: 0 MB released
scvg: inuse: 18, idle: 43, sys: 62, released: 32, consumed: 29 (MB)
scvg: 0 MB released
scvg: inuse: 18, idle: 43, sys: 62, released: 32, consumed: 29 (MB)
scvg: 0 MB released
scvg: inuse: 18, idle: 43, sys: 62, released: 32, consumed: 29 (MB)
scvg: 0 MB released
scvg: inuse: 18, idle: 43, sys: 62, released: 32, consumed: 29 (MB)
scvg: 0 MB released
scvg: inuse: 18, idle: 43, sys: 62, released: 32, consumed: 29 (MB)
scvg: 0 MB released
scvg: inuse: 18, idle: 43, sys: 62, released: 32, consumed: 29 (MB)
scvg: 0 MB released
scvg: inuse: 18, idle: 43, sys: 62, released: 32, consumed: 29 (MB)
scvg: 0 MB released
scvg: inuse: 18, idle: 43, sys: 62, released: 32, consumed: 29 (MB)
scvg: 0 MB released
scvg: inuse: 18, idle: 43, sys: 62, released: 32, consumed: 29 (MB)
scvg: 0 MB released
scvg: inuse: 18, idle: 43, sys: 62, released: 32, consumed: 29 (MB)
scvg: 0 MB released
scvg: inuse: 18, idle: 43, sys: 62, released: 32, consumed: 29 (MB)
scvg: 0 MB released
scvg: inuse: 18, idle: 43, sys: 62, released: 32, consumed: 29 (MB)
scvg: 0 MB released
scvg: inuse: 18, idle: 43, sys: 62, released: 32, consumed: 29 (MB)
scvg: 0 MB released
scvg: inuse: 18, idle: 43, sys: 62, released: 32, consumed: 29 (MB)
scvg: 0 MB released
scvg: inuse: 18, idle: 43, sys: 62, released: 32, consumed: 29 (MB)
scvg: 0 MB released
scvg: inuse: 18, idle: 43, sys: 62, released: 32, consumed: 29 (MB)
scvg: 0 MB released
scvg: inuse: 18, idle: 43, sys: 62, released: 32, consumed: 29 (MB)
scvg: 0 MB released
scvg: inuse: 18, idle: 43, sys: 62, released: 32, consumed: 29 (MB)
scvg: 0 MB released
scvg: inuse: 18, idle: 43, sys: 62, released: 32, consumed: 29 (MB)
scvg: 0 MB released
scvg: inuse: 18, idle: 43, sys: 62, released: 32, consumed: 29 (MB)
scvg: 0 MB released
scvg: inuse: 18, idle: 43, sys: 62, released: 32, consumed: 29 (MB)
scvg: 0 MB released
scvg: inuse: 18, idle: 43, sys: 62, released: 32, consumed: 29 (MB)
scvg: 0 MB released
scvg: inuse: 18, idle: 43, sys: 62, released: 32, consumed: 29 (MB)
scvg: 0 MB released
scvg: inuse: 18, idle: 43, sys: 62, released: 32, consumed: 29 (MB)
scvg: 0 MB released
scvg: inuse: 18, idle: 43, sys: 62, released: 32, consumed: 29 (MB)
scvg: 0 MB released
scvg: inuse: 18, idle: 43, sys: 62, released: 32, consumed: 29 (MB)
scvg: 0 MB released
scvg: inuse: 18, idle: 43, sys: 62, released: 32, consumed: 29 (MB)
scvg: 0 MB released
scvg: inuse: 18, idle: 43, sys: 62, released: 32, consumed: 29 (MB)
scvg: 0 MB released
scvg: inuse: 18, idle: 43, sys: 62, released: 32, consumed: 29 (MB)
scvg: 0 MB released
scvg: inuse: 18, idle: 43, sys: 62, released: 32, consumed: 29 (MB)
scvg: 0 MB released
scvg: inuse: 18, idle: 43, sys: 62, released: 32, consumed: 29 (MB)
scvg: 0 MB released
scvg: inuse: 18, idle: 43, sys: 62, released: 32, consumed: 29 (MB)
scvg: 0 MB released
scvg: inuse: 18, idle: 43, sys: 62, released: 32, consumed: 29 (MB)
scvg: 0 MB released
scvg: inuse: 18, idle: 43, sys: 62, released: 32, consumed: 29 (MB)
scvg: 0 MB released
scvg: inuse: 18, idle: 43, sys: 62, released: 32, consumed: 29 (MB)
scvg: 0 MB released
scvg: inuse: 18, idle: 43, sys: 62, released: 32, consumed: 29 (MB)
scvg: 0 MB released
scvg: inuse: 18, idle: 43, sys: 62, released: 32, consumed: 29 (MB)
scvg: 0 MB released
scvg: inuse: 18, idle: 43, sys: 62, released: 32, consumed: 29 (MB)
scvg: 0 MB released
scvg: inuse: 18, idle: 43, sys: 62, released: 32, consumed: 29 (MB)
scvg: 0 MB released
scvg: inuse: 18, idle: 43, sys: 62, released: 32, consumed: 29 (MB)
scvg: 0 MB released
scvg: inuse: 18, idle: 43, sys: 62, released: 32, consumed: 29 (MB)
scvg: 0 MB released
scvg: inuse: 18, idle: 43, sys: 62, released: 32, consumed: 29 (MB)
scvg: 0 MB released
scvg: inuse: 18, idle: 43, sys: 62, released: 32, consumed: 29 (MB)
scvg: 0 MB released
scvg: inuse: 18, idle: 43, sys: 62, released: 32, consumed: 29 (MB)
scvg: 0 MB released
scvg: inuse: 18, idle: 43, sys: 62, released: 32, consumed: 29 (MB)
scvg: 0 MB released
scvg: inuse: 18, idle: 43, sys: 62, released: 32, consumed: 29 (MB)
scvg: 0 MB released
scvg: inuse: 18, idle: 43, sys: 62, released: 32, consumed: 29 (MB)
scvg: 0 MB released
scvg: inuse: 18, idle: 43, sys: 62, released: 32, consumed: 29 (MB)
scvg: 0 MB released
scvg: inuse: 18, idle: 43, sys: 62, released: 32, consumed: 29 (MB)
scvg: 0 MB released
scvg: inuse: 18, idle: 43, sys: 62, released: 32, consumed: 29 (MB)
scvg: 0 MB released
scvg: inuse: 18, idle: 43, sys: 62, released: 32, consumed: 29 (MB)
scvg: 0 MB released
scvg: inuse: 18, idle: 43, sys: 62, released: 32, consumed: 29 (MB)
scvg: 0 MB released
scvg: inuse: 18, idle: 43, sys: 62, released: 32, consumed: 29 (MB)
scvg: 0 MB released
scvg: inuse: 18, idle: 43, sys: 62, released: 32, consumed: 29 (MB)
scvg: 0 MB released
scvg: inuse: 18, idle: 43, sys: 62, released: 32, consumed: 29 (MB)
scvg: 0 MB released
scvg: inuse: 18, idle: 43, sys: 62, released: 32, consumed: 29 (MB)
scvg: 0 MB released
scvg: inuse: 18, idle: 43, sys: 62, released: 32, consumed: 29 (MB)
scvg: 0 MB released
scvg: inuse: 18, idle: 43, sys: 62, released: 32, consumed: 29 (MB)
scvg: 0 MB released
scvg: inuse: 18, idle: 43, sys: 62, released: 32, consumed: 29 (MB)
scvg: 0 MB released
scvg: inuse: 18, idle: 43, sys: 62, released: 32, consumed: 29 (MB)
scvg: 0 MB released
scvg: inuse: 18, idle: 43, sys: 62, released: 32, consumed: 29 (MB)
scvg: 0 MB released
scvg: inuse: 18, idle: 43, sys: 62, released: 32, consumed: 29 (MB)
scvg: 0 MB released
scvg: inuse: 18, idle: 43, sys: 62, released: 32, consumed: 29 (MB)
scvg: 0 MB released
scvg: inuse: 18, idle: 43, sys: 62, released: 32, consumed: 29 (MB)
scvg: 0 MB released
scvg: inuse: 18, idle: 43, sys: 62, released: 32, consumed: 29 (MB)
scvg: 0 MB released
scvg: inuse: 18, idle: 43, sys: 62, released: 32, consumed: 29 (MB)
scvg: 0 MB released
scvg: inuse: 18, idle: 43, sys: 62, released: 32, consumed: 29 (MB)
scvg: 0 MB released
scvg: inuse: 18, idle: 43, sys: 62, released: 32, consumed: 29 (MB)
scvg: 0 MB released
scvg: inuse: 18, idle: 43, sys: 62, released: 32, consumed: 29 (MB)
scvg: 0 MB released
scvg: inuse: 18, idle: 43, sys: 62, released: 32, consumed: 29 (MB)
scvg: 0 MB released
scvg: inuse: 18, idle: 43, sys: 62, released: 32, consumed: 29 (MB)
scvg: 0 MB released
scvg: inuse: 18, idle: 43, sys: 62, released: 32, consumed: 29 (MB)
scvg: 0 MB released
scvg: inuse: 18, idle: 43, sys: 62, released: 32, consumed: 29 (MB)
scvg: 0 MB released
scvg: inuse: 18, idle: 43, sys: 62, released: 32, consumed: 29 (MB)
scvg: 0 MB released
scvg: inuse: 18, idle: 43, sys: 62, released: 32, consumed: 29 (MB)
scvg: 0 MB released
scvg: inuse: 18, idle: 43, sys: 62, released: 32, consumed: 29 (MB)
scvg: 0 MB released
scvg: inuse: 18, idle: 43, sys: 62, released: 32, consumed: 29 (MB)
scvg: 0 MB released
scvg: inuse: 18, idle: 43, sys: 62, released: 32, consumed: 29 (MB)
scvg: 0 MB released
scvg: inuse: 18, idle: 43, sys: 62, released: 32, consumed: 29 (MB)
scvg: 0 MB released
scvg: inuse: 18, idle: 43, sys: 62, released: 32, consumed: 29 (MB)
scvg: 0 MB released
scvg: inuse: 18, idle: 43, sys: 62, released: 32, consumed: 29 (MB)
scvg: 0 MB released
scvg: inuse: 18, idle: 43, sys: 62, released: 32, consumed: 29 (MB)
scvg: 0 MB released
scvg: inuse: 18, idle: 43, sys: 62, released: 32, consumed: 29 (MB)
scvg: 0 MB released
scvg: inuse: 18, idle: 43, sys: 62, released: 32, consumed: 29 (MB)
scvg: 0 MB released
scvg: inuse: 18, idle: 43, sys: 62, released: 32, consumed: 29 (MB)
scvg: 0 MB released
scvg: inuse: 18, idle: 43, sys: 62, released: 33, consumed: 29 (MB)
scvg: 0 MB released
scvg: inuse: 18, idle: 43, sys: 62, released: 33, consumed: 29 (MB)
scvg: 0 MB released
scvg: inuse: 18, idle: 43, sys: 62, released: 33, consumed: 29 (MB)
scvg: 0 MB released
scvg: inuse: 18, idle: 43, sys: 62, released: 33, consumed: 29 (MB)
scvg: 0 MB released
scvg: inuse: 18, idle: 43, sys: 62, released: 33, consumed: 29 (MB)
scvg: 0 MB released
scvg: inuse: 18, idle: 43, sys: 62, released: 33, consumed: 29 (MB)
scvg: 0 MB released
scvg: inuse: 18, idle: 43, sys: 62, released: 33, consumed: 29 (MB)
scvg: 0 MB released
scvg: inuse: 18, idle: 43, sys: 62, released: 33, consumed: 29 (MB)
scvg: 0 MB released
scvg: inuse: 18, idle: 43, sys: 62, released: 33, consumed: 29 (MB)
scvg: 0 MB released
scvg: inuse: 18, idle: 43, sys: 62, released: 33, consumed: 29 (MB)
scvg: 0 MB released
scvg: inuse: 18, idle: 43, sys: 62, released: 33, consumed: 29 (MB)
scvg: 0 MB released
scvg: inuse: 18, idle: 43, sys: 62, released: 33, consumed: 29 (MB)
scvg: 0 MB released
scvg: inuse: 18, idle: 43, sys: 62, released: 33, consumed: 29 (MB)
scvg: 0 MB released
scvg: inuse: 18, idle: 43, sys: 62, released: 33, consumed: 29 (MB)
scvg: 0 MB released
scvg: inuse: 18, idle: 43, sys: 62, released: 33, consumed: 29 (MB)
scvg: 0 MB released
scvg: inuse: 18, idle: 43, sys: 62, released: 33, consumed: 29 (MB)
scvg: 0 MB released
scvg: inuse: 18, idle: 43, sys: 62, released: 33, consumed: 29 (MB)
scvg: 0 MB released
scvg: inuse: 18, idle: 43, sys: 62, released: 33, consumed: 29 (MB)
scvg: 0 MB released
scvg: inuse: 18, idle: 43, sys: 62, released: 33, consumed: 29 (MB)
scvg: 0 MB released
scvg: inuse: 18, idle: 43, sys: 62, released: 33, consumed: 29 (MB)
scvg: 0 MB released
scvg: inuse: 18, idle: 43, sys: 62, released: 33, consumed: 29 (MB)
scvg: 0 MB released
scvg: inuse: 18, idle: 43, sys: 62, released: 33, consumed: 29 (MB)
scvg: 0 MB released
scvg: inuse: 18, idle: 43, sys: 62, released: 33, consumed: 29 (MB)
scvg: 0 MB released
scvg: inuse: 18, idle: 43, sys: 62, released: 33, consumed: 29 (MB)
scvg: 0 MB released
scvg: inuse: 18, idle: 43, sys: 62, released: 33, consumed: 29 (MB)
scvg: 0 MB released
scvg: inuse: 18, idle: 43, sys: 62, released: 33, consumed: 29 (MB)
scvg: 0 MB released
scvg: inuse: 18, idle: 43, sys: 62, released: 33, consumed: 29 (MB)
scvg: 0 MB released
scvg: inuse: 18, idle: 43, sys: 62, released: 33, consumed: 29 (MB)
scvg: 0 MB released
scvg: inuse: 18, idle: 43, sys: 62, released: 33, consumed: 29 (MB)
scvg: 0 MB released
scvg: inuse: 18, idle: 43, sys: 62, released: 33, consumed: 29 (MB)
scvg: 0 MB released
scvg: inuse: 18, idle: 43, sys: 62, released: 33, consumed: 29 (MB)
scvg: 0 MB released
scvg: inuse: 18, idle: 43, sys: 62, released: 33, consumed: 29 (MB)
scvg: 0 MB released
scvg: inuse: 18, idle: 43, sys: 62, released: 33, consumed: 29 (MB)
scvg: 0 MB released
scvg: inuse: 18, idle: 43, sys: 62, released: 33, consumed: 29 (MB)
scvg: 0 MB released
scvg: inuse: 18, idle: 43, sys: 62, released: 33, consumed: 29 (MB)
scvg: 0 MB released
scvg: inuse: 18, idle: 43, sys: 62, released: 33, consumed: 29 (MB)
scvg: 0 MB released
scvg: inuse: 18, idle: 43, sys: 62, released: 33, consumed: 29 (MB)
scvg: 0 MB released
scvg: inuse: 18, idle: 43, sys: 62, released: 33, consumed: 29 (MB)
scvg: 0 MB released
scvg: inuse: 18, idle: 43, sys: 62, released: 33, consumed: 29 (MB)
scvg: 0 MB released
scvg: inuse: 18, idle: 43, sys: 62, released: 33, consumed: 29 (MB)
scvg: 0 MB released
scvg: inuse: 18, idle: 43, sys: 62, released: 33, consumed: 29 (MB)
scvg: 0 MB released
scvg: inuse: 18, idle: 43, sys: 62, released: 33, consumed: 28 (MB)
scvg: 0 MB released
scvg: inuse: 18, idle: 43, sys: 62, released: 33, consumed: 28 (MB)
scvg: 0 MB released
scvg: inuse: 18, idle: 43, sys: 62, released: 33, consumed: 28 (MB)
scvg: 0 MB released
scvg: inuse: 18, idle: 43, sys: 62, released: 33, consumed: 28 (MB)
scvg: 0 MB released
scvg: inuse: 18, idle: 43, sys: 62, released: 33, consumed: 28 (MB)
scvg: 0 MB released
scvg: inuse: 18, idle: 43, sys: 62, released: 33, consumed: 28 (MB)
scvg: 0 MB released
scvg: inuse: 18, idle: 43, sys: 62, released: 33, consumed: 28 (MB)
scvg: 0 MB released
scvg: inuse: 18, idle: 43, sys: 62, released: 33, consumed: 28 (MB)
scvg: 0 MB released
scvg: inuse: 18, idle: 43, sys: 62, released: 33, consumed: 28 (MB)
scvg: 0 MB released
scvg: inuse: 18, idle: 43, sys: 62, released: 33, consumed: 28 (MB)
scvg: 0 MB released
scvg: inuse: 18, idle: 43, sys: 62, released: 33, consumed: 28 (MB)
scvg: 0 MB released
scvg: inuse: 18, idle: 43, sys: 62, released: 33, consumed: 28 (MB)
scvg: 0 MB released
scvg: inuse: 18, idle: 43, sys: 62, released: 33, consumed: 28 (MB)
scvg: 0 MB released
scvg: inuse: 18, idle: 43, sys: 62, released: 33, consumed: 28 (MB)
scvg: 0 MB released
scvg: inuse: 18, idle: 43, sys: 62, released: 33, consumed: 28 (MB)
scvg: 0 MB released
scvg: inuse: 18, idle: 43, sys: 62, released: 33, consumed: 28 (MB)
scvg: 0 MB released
scvg: inuse: 18, idle: 43, sys: 62, released: 33, consumed: 28 (MB)
scvg: 0 MB released
scvg: inuse: 18, idle: 43, sys: 62, released: 33, consumed: 28 (MB)
scvg: 0 MB released
scvg: inuse: 18, idle: 43, sys: 62, released: 33, consumed: 28 (MB)
scvg: 0 MB released
scvg: inuse: 18, idle: 43, sys: 62, released: 33, consumed: 28 (MB)
scvg: 0 MB released
scvg: inuse: 18, idle: 43, sys: 62, released: 33, consumed: 28 (MB)
scvg: 0 MB released
scvg: inuse: 18, idle: 43, sys: 62, released: 33, consumed: 28 (MB)
scvg: 0 MB released
scvg: inuse: 18, idle: 43, sys: 62, released: 33, consumed: 28 (MB)
scvg: 0 MB released
scvg: inuse: 18, idle: 43, sys: 62, released: 33, consumed: 28 (MB)
scvg: 0 MB released
scvg: inuse: 18, idle: 43, sys: 62, released: 33, consumed: 28 (MB)
scvg: 0 MB released
scvg: inuse: 18, idle: 43, sys: 62, released: 33, consumed: 28 (MB)
scvg: 0 MB released
scvg: inuse: 18, idle: 43, sys: 62, released: 33, consumed: 28 (MB)
scvg: 0 MB released
scvg: inuse: 18, idle: 43, sys: 62, released: 33, consumed: 28 (MB)
scvg: 0 MB released
scvg: inuse: 18, idle: 43, sys: 62, released: 33, consumed: 28 (MB)
scvg: 0 MB released
scvg: inuse: 18, idle: 43, sys: 62, released: 33, consumed: 28 (MB)
scvg: 0 MB released
scvg: inuse: 18, idle: 43, sys: 62, released: 33, consumed: 28 (MB)
scvg: 0 MB released
scvg: inuse: 18, idle: 43, sys: 62, released: 33, consumed: 28 (MB)
scvg: 0 MB released
scvg: inuse: 18, idle: 43, sys: 62, released: 33, consumed: 28 (MB)
scvg: 0 MB released
scvg: inuse: 18, idle: 43, sys: 62, released: 33, consumed: 28 (MB)
scvg: 0 MB released
scvg: inuse: 18, idle: 43, sys: 62, released: 33, consumed: 28 (MB)
scvg: 0 MB released
scvg: inuse: 18, idle: 43, sys: 62, released: 33, consumed: 28 (MB)
scvg: 0 MB released
scvg: inuse: 18, idle: 43, sys: 62, released: 33, consumed: 28 (MB)
scvg: 0 MB released
scvg: inuse: 18, idle: 43, sys: 62, released: 33, consumed: 28 (MB)
scvg: 0 MB released
scvg: inuse: 18, idle: 43, sys: 62, released: 33, consumed: 28 (MB)
scvg: 0 MB released
scvg: inuse: 18, idle: 43, sys: 62, released: 33, consumed: 28 (MB)
scvg: 0 MB released
scvg: inuse: 18, idle: 43, sys: 62, released: 33, consumed: 28 (MB)
scvg: 0 MB released
scvg: inuse: 18, idle: 43, sys: 62, released: 33, consumed: 28 (MB)
scvg: 0 MB released
scvg: inuse: 18, idle: 43, sys: 62, released: 33, consumed: 28 (MB)
scvg: 0 MB released
scvg: inuse: 18, idle: 43, sys: 62, released: 33, consumed: 28 (MB)
scvg: 0 MB released
scvg: inuse: 18, idle: 43, sys: 62, released: 33, consumed: 28 (MB)
scvg: 0 MB released
scvg: inuse: 18, idle: 43, sys: 62, released: 33, consumed: 28 (MB)
scvg: 0 MB released
scvg: inuse: 18, idle: 43, sys: 62, released: 33, consumed: 28 (MB)
scvg: 0 MB released
scvg: inuse: 18, idle: 43, sys: 62, released: 33, consumed: 28 (MB)
scvg: 0 MB released
scvg: inuse: 18, idle: 43, sys: 62, released: 33, consumed: 28 (MB)
scvg: 0 MB released
scvg: inuse: 18, idle: 43, sys: 62, released: 33, consumed: 28 (MB)
scvg: 0 MB released
scvg: inuse: 18, idle: 43, sys: 62, released: 33, consumed: 28 (MB)
scvg: 0 MB released
scvg: inuse: 18, idle: 43, sys: 62, released: 33, consumed: 28 (MB)
scvg: 0 MB released
scvg: inuse: 18, idle: 43, sys: 62, released: 33, consumed: 28 (MB)
scvg: 0 MB released
scvg: inuse: 18, idle: 43, sys: 62, released: 33, consumed: 28 (MB)
scvg: 0 MB released
scvg: inuse: 18, idle: 43, sys: 62, released: 33, consumed: 28 (MB)
scvg: 0 MB released
scvg: inuse: 18, idle: 43, sys: 62, released: 33, consumed: 28 (MB)
scvg: 0 MB released
scvg: inuse: 18, idle: 43, sys: 62, released: 33, consumed: 28 (MB)
scvg: 0 MB released
scvg: inuse: 18, idle: 43, sys: 62, released: 33, consumed: 28 (MB)
scvg: 0 MB released
scvg: inuse: 18, idle: 43, sys: 62, released: 33, consumed: 28 (MB)
scvg: 0 MB released
scvg: inuse: 18, idle: 43, sys: 62, released: 33, consumed: 28 (MB)
scvg: 0 MB released
scvg: inuse: 18, idle: 43, sys: 62, released: 33, consumed: 28 (MB)
scvg: 0 MB released
scvg: inuse: 18, idle: 43, sys: 62, released: 33, consumed: 28 (MB)
scvg: 0 MB released
scvg: inuse: 18, idle: 43, sys: 62, released: 33, consumed: 28 (MB)
scvg: 0 MB released
scvg: inuse: 18, idle: 43, sys: 62, released: 33, consumed: 28 (MB)
scvg: 0 MB released
scvg: inuse: 18, idle: 43, sys: 62, released: 33, consumed: 28 (MB)
scvg: 0 MB released
scvg: inuse: 18, idle: 43, sys: 62, released: 33, consumed: 28 (MB)
scvg: 0 MB released
scvg: inuse: 18, idle: 43, sys: 62, released: 33, consumed: 28 (MB)
scvg: 0 MB released
scvg: inuse: 18, idle: 43, sys: 62, released: 33, consumed: 28 (MB)
scvg: 0 MB released
scvg: inuse: 18, idle: 43, sys: 62, released: 33, consumed: 28 (MB)
scvg: 0 MB released
scvg: inuse: 18, idle: 43, sys: 62, released: 33, consumed: 28 (MB)
scvg: 0 MB released
scvg: inuse: 18, idle: 43, sys: 62, released: 33, consumed: 28 (MB)
scvg: 0 MB released
scvg: inuse: 18, idle: 43, sys: 62, released: 33, consumed: 28 (MB)
scvg: 0 MB released
scvg: inuse: 18, idle: 43, sys: 62, released: 33, consumed: 28 (MB)
scvg: 0 MB released
scvg: inuse: 18, idle: 43, sys: 62, released: 33, consumed: 28 (MB)
scvg: 0 MB released
scvg: inuse: 18, idle: 43, sys: 62, released: 33, consumed: 28 (MB)
scvg: 0 MB released
scvg: inuse: 18, idle: 43, sys: 62, released: 33, consumed: 28 (MB)
scvg: 0 MB released
scvg: inuse: 18, idle: 43, sys: 62, released: 33, consumed: 28 (MB)
scvg: 0 MB released
scvg: inuse: 18, idle: 43, sys: 62, released: 33, consumed: 28 (MB)
scvg: 0 MB released
scvg: inuse: 18, idle: 43, sys: 62, released: 33, consumed: 28 (MB)
scvg: 0 MB released
scvg: inuse: 18, idle: 43, sys: 62, released: 33, consumed: 28 (MB)
scvg: 0 MB released
scvg: inuse: 18, idle: 43, sys: 62, released: 33, consumed: 28 (MB)
scvg: 0 MB released
scvg: inuse: 18, idle: 43, sys: 62, released: 33, consumed: 28 (MB)
scvg: 0 MB released
scvg: inuse: 18, idle: 43, sys: 62, released: 33, consumed: 28 (MB)
scvg: 0 MB released
scvg: inuse: 18, idle: 43, sys: 62, released: 33, consumed: 28 (MB)
scvg: 0 MB released
scvg: inuse: 18, idle: 43, sys: 62, released: 33, consumed: 28 (MB)
scvg: 0 MB released
scvg: inuse: 18, idle: 43, sys: 62, released: 33, consumed: 28 (MB)
scvg: 0 MB released
scvg: inuse: 18, idle: 43, sys: 62, released: 33, consumed: 28 (MB)
scvg: 0 MB released
scvg: inuse: 18, idle: 43, sys: 62, released: 34, consumed: 28 (MB)
scvg: 0 MB released
scvg: inuse: 18, idle: 43, sys: 62, released: 34, consumed: 28 (MB)
scvg: 0 MB released
scvg: inuse: 18, idle: 43, sys: 62, released: 34, consumed: 28 (MB)
scvg: 0 MB released
scvg: inuse: 18, idle: 43, sys: 62, released: 34, consumed: 28 (MB)
scvg: 0 MB released
scvg: inuse: 18, idle: 43, sys: 62, released: 34, consumed: 28 (MB)
scvg: 0 MB released
scvg: inuse: 18, idle: 43, sys: 62, released: 34, consumed: 28 (MB)
scvg: 0 MB released
scvg: inuse: 18, idle: 43, sys: 62, released: 34, consumed: 28 (MB)
scvg: 0 MB released
scvg: inuse: 18, idle: 43, sys: 62, released: 34, consumed: 28 (MB)
scvg: 0 MB released
scvg: inuse: 18, idle: 43, sys: 62, released: 34, consumed: 28 (MB)
scvg: 0 MB released
scvg: inuse: 18, idle: 43, sys: 62, released: 34, consumed: 28 (MB)
scvg: 0 MB released
scvg: inuse: 18, idle: 43, sys: 62, released: 34, consumed: 28 (MB)
scvg: 0 MB released
scvg: inuse: 18, idle: 43, sys: 62, released: 34, consumed: 28 (MB)
scvg: 0 MB released
scvg: inuse: 18, idle: 43, sys: 62, released: 34, consumed: 28 (MB)
scvg: 0 MB released
scvg: inuse: 18, idle: 43, sys: 62, released: 34, consumed: 28 (MB)
scvg: 0 MB released
scvg: inuse: 18, idle: 43, sys: 62, released: 34, consumed: 28 (MB)
scvg: 0 MB released
scvg: inuse: 18, idle: 43, sys: 62, released: 34, consumed: 28 (MB)
scvg: 0 MB released
scvg: inuse: 18, idle: 43, sys: 62, released: 34, consumed: 28 (MB)
scvg: 0 MB released
scvg: inuse: 18, idle: 43, sys: 62, released: 34, consumed: 28 (MB)
scvg: 0 MB released
scvg: inuse: 18, idle: 43, sys: 62, released: 34, consumed: 28 (MB)
scvg: 0 MB released
scvg: inuse: 18, idle: 43, sys: 62, released: 34, consumed: 28 (MB)
scvg: 0 MB released
scvg: inuse: 18, idle: 43, sys: 62, released: 34, consumed: 28 (MB)
scvg: 0 MB released
scvg: inuse: 18, idle: 43, sys: 62, released: 34, consumed: 28 (MB)
scvg: 0 MB released
scvg: inuse: 18, idle: 43, sys: 62, released: 34, consumed: 28 (MB)
scvg: 0 MB released
scvg: inuse: 18, idle: 43, sys: 62, released: 34, consumed: 28 (MB)
scvg: 0 MB released
scvg: inuse: 18, idle: 43, sys: 62, released: 34, consumed: 28 (MB)
scvg: 0 MB released
scvg: inuse: 18, idle: 43, sys: 62, released: 34, consumed: 28 (MB)
scvg: 0 MB released
scvg: inuse: 18, idle: 43, sys: 62, released: 34, consumed: 28 (MB)
scvg: 0 MB released
scvg: inuse: 18, idle: 43, sys: 62, released: 34, consumed: 28 (MB)
scvg: 0 MB released
scvg: inuse: 18, idle: 43, sys: 62, released: 34, consumed: 28 (MB)
scvg: 0 MB released
scvg: inuse: 18, idle: 43, sys: 62, released: 34, consumed: 28 (MB)
scvg: 0 MB released
scvg: inuse: 18, idle: 43, sys: 62, released: 34, consumed: 28 (MB)
scvg: 0 MB released
scvg: inuse: 18, idle: 43, sys: 62, released: 34, consumed: 28 (MB)
scvg: 0 MB released
scvg: inuse: 18, idle: 43, sys: 62, released: 34, consumed: 28 (MB)
scvg: 0 MB released
scvg: inuse: 18, idle: 43, sys: 62, released: 34, consumed: 28 (MB)
scvg: 0 MB released
scvg: inuse: 18, idle: 43, sys: 62, released: 34, consumed: 28 (MB)
scvg: 0 MB released
scvg: inuse: 18, idle: 43, sys: 62, released: 34, consumed: 28 (MB)
scvg: 0 MB released
scvg: inuse: 18, idle: 43, sys: 62, released: 34, consumed: 28 (MB)
scvg: 0 MB released
scvg: inuse: 18, idle: 43, sys: 62, released: 34, consumed: 28 (MB)
scvg: 0 MB released
scvg: inuse: 18, idle: 43, sys: 62, released: 34, consumed: 28 (MB)
scvg: 0 MB released
scvg: inuse: 18, idle: 43, sys: 62, released: 34, consumed: 28 (MB)
scvg: 0 MB released
scvg: inuse: 18, idle: 43, sys: 62, released: 34, consumed: 28 (MB)
scvg: 0 MB released
scvg: inuse: 18, idle: 43, sys: 62, released: 34, consumed: 27 (MB)
scvg: 0 MB released
scvg: inuse: 18, idle: 43, sys: 62, released: 34, consumed: 27 (MB)
scvg: 0 MB released
scvg: inuse: 18, idle: 43, sys: 62, released: 34, consumed: 27 (MB)
scvg: 0 MB released
scvg: inuse: 18, idle: 43, sys: 62, released: 34, consumed: 27 (MB)
scvg: 0 MB released
scvg: inuse: 18, idle: 43, sys: 62, released: 34, consumed: 27 (MB)
scvg: 0 MB released
scvg: inuse: 18, idle: 43, sys: 62, released: 34, consumed: 27 (MB)
scvg: 0 MB released
scvg: inuse: 18, idle: 43, sys: 62, released: 34, consumed: 27 (MB)
scvg: 0 MB released
scvg: inuse: 18, idle: 43, sys: 62, released: 34, consumed: 27 (MB)
scvg: 0 MB released
scvg: inuse: 18, idle: 43, sys: 62, released: 34, consumed: 27 (MB)
scvg: 0 MB released
scvg: inuse: 18, idle: 43, sys: 62, released: 34, consumed: 27 (MB)
scvg: 0 MB released
scvg: inuse: 18, idle: 43, sys: 62, released: 34, consumed: 27 (MB)
scvg: 0 MB released
scvg: inuse: 18, idle: 43, sys: 62, released: 34, consumed: 27 (MB)
scvg: 0 MB released
scvg: inuse: 18, idle: 43, sys: 62, released: 34, consumed: 27 (MB)
scvg: 0 MB released
scvg: inuse: 18, idle: 43, sys: 62, released: 34, consumed: 27 (MB)
scvg: 0 MB released
scvg: inuse: 18, idle: 43, sys: 62, released: 34, consumed: 27 (MB)
scvg: 0 MB released
scvg: inuse: 18, idle: 43, sys: 62, released: 34, consumed: 27 (MB)
scvg: 0 MB released
scvg: inuse: 18, idle: 43, sys: 62, released: 34, consumed: 27 (MB)
scvg: 0 MB released
scvg: inuse: 18, idle: 43, sys: 62, released: 34, consumed: 27 (MB)
scvg: 0 MB released
scvg: inuse: 18, idle: 43, sys: 62, released: 34, consumed: 27 (MB)
scvg: 0 MB released
scvg: inuse: 18, idle: 43, sys: 62, released: 34, consumed: 27 (MB)
scvg: 0 MB released
scvg: inuse: 18, idle: 43, sys: 62, released: 34, consumed: 27 (MB)
scvg: 0 MB released
scvg: inuse: 18, idle: 43, sys: 62, released: 34, consumed: 27 (MB)
scvg: 0 MB released
scvg: inuse: 18, idle: 43, sys: 62, released: 34, consumed: 27 (MB)
scvg: 0 MB released
scvg: inuse: 18, idle: 43, sys: 62, released: 34, consumed: 27 (MB)
scvg: 0 MB released
scvg: inuse: 18, idle: 43, sys: 62, released: 34, consumed: 27 (MB)
scvg: 0 MB released
scvg: inuse: 18, idle: 43, sys: 62, released: 34, consumed: 27 (MB)
scvg: 0 MB released
scvg: inuse: 18, idle: 43, sys: 62, released: 34, consumed: 27 (MB)
scvg: 0 MB released
scvg: inuse: 18, idle: 43, sys: 62, released: 34, consumed: 27 (MB)
scvg: 0 MB released
scvg: inuse: 18, idle: 43, sys: 62, released: 34, consumed: 27 (MB)
scvg: 0 MB released
scvg: inuse: 18, idle: 43, sys: 62, released: 34, consumed: 27 (MB)
scvg: 0 MB released
scvg: inuse: 18, idle: 43, sys: 62, released: 34, consumed: 27 (MB)
scvg: 0 MB released
scvg: inuse: 18, idle: 43, sys: 62, released: 34, consumed: 27 (MB)
scvg: 0 MB released
scvg: inuse: 18, idle: 43, sys: 62, released: 34, consumed: 27 (MB)
scvg: 0 MB released
scvg: inuse: 18, idle: 43, sys: 62, released: 34, consumed: 27 (MB)
scvg: 0 MB released
scvg: inuse: 18, idle: 43, sys: 62, released: 34, consumed: 27 (MB)
scvg: 0 MB released
scvg: inuse: 18, idle: 43, sys: 62, released: 34, consumed: 27 (MB)
scvg: 0 MB released
scvg: inuse: 18, idle: 43, sys: 62, released: 34, consumed: 27 (MB)
scvg: 0 MB released
scvg: inuse: 18, idle: 43, sys: 62, released: 34, consumed: 27 (MB)
scvg: 0 MB released
scvg: inuse: 18, idle: 43, sys: 62, released: 34, consumed: 27 (MB)
scvg: 0 MB released
scvg: inuse: 18, idle: 43, sys: 62, released: 34, consumed: 27 (MB)
scvg: 0 MB released
scvg: inuse: 18, idle: 43, sys: 62, released: 34, consumed: 27 (MB)
scvg: 0 MB released
scvg: inuse: 18, idle: 43, sys: 62, released: 34, consumed: 27 (MB)
scvg: 0 MB released
scvg: inuse: 18, idle: 43, sys: 62, released: 34, consumed: 27 (MB)
scvg: 0 MB released
scvg: inuse: 18, idle: 43, sys: 62, released: 34, consumed: 27 (MB)
scvg: 0 MB released
scvg: inuse: 18, idle: 43, sys: 62, released: 34, consumed: 27 (MB)
scvg: 0 MB released
scvg: inuse: 18, idle: 43, sys: 62, released: 34, consumed: 27 (MB)
scvg: 0 MB released
scvg: inuse: 18, idle: 43, sys: 62, released: 34, consumed: 27 (MB)
scvg: 0 MB released
scvg: inuse: 18, idle: 43, sys: 62, released: 34, consumed: 27 (MB)
scvg: 0 MB released
scvg: inuse: 18, idle: 43, sys: 62, released: 34, consumed: 27 (MB)
scvg: 0 MB released
scvg: inuse: 18, idle: 43, sys: 62, released: 34, consumed: 27 (MB)
scvg: 0 MB released
scvg: inuse: 18, idle: 43, sys: 62, released: 34, consumed: 27 (MB)
scvg: 0 MB released
scvg: inuse: 18, idle: 43, sys: 62, released: 34, consumed: 27 (MB)
scvg: 0 MB released
scvg: inuse: 18, idle: 43, sys: 62, released: 34, consumed: 27 (MB)
scvg: 0 MB released
scvg: inuse: 18, idle: 43, sys: 62, released: 34, consumed: 27 (MB)
scvg: 0 MB released
scvg: inuse: 18, idle: 43, sys: 62, released: 34, consumed: 27 (MB)
scvg: 0 MB released
scvg: inuse: 18, idle: 43, sys: 62, released: 34, consumed: 27 (MB)
scvg: 0 MB released
scvg: inuse: 18, idle: 43, sys: 62, released: 34, consumed: 27 (MB)
scvg: 0 MB released
scvg: inuse: 18, idle: 43, sys: 62, released: 34, consumed: 27 (MB)
scvg: 0 MB released
scvg: inuse: 18, idle: 43, sys: 62, released: 34, consumed: 27 (MB)
scvg: 0 MB released
scvg: inuse: 18, idle: 43, sys: 62, released: 34, consumed: 27 (MB)
scvg: 0 MB released
scvg: inuse: 18, idle: 43, sys: 62, released: 34, consumed: 27 (MB)
scvg: 0 MB released
scvg: inuse: 18, idle: 43, sys: 62, released: 34, consumed: 27 (MB)
scvg: 0 MB released
scvg: inuse: 18, idle: 43, sys: 62, released: 34, consumed: 27 (MB)
scvg: 0 MB released
scvg: inuse: 18, idle: 43, sys: 62, released: 34, consumed: 27 (MB)
scvg: 0 MB released
scvg: inuse: 18, idle: 43, sys: 62, released: 34, consumed: 27 (MB)
scvg: 0 MB released
scvg: inuse: 18, idle: 43, sys: 62, released: 34, consumed: 27 (MB)
scvg: 0 MB released
scvg: inuse: 18, idle: 43, sys: 62, released: 34, consumed: 27 (MB)
scvg: 0 MB released
scvg: inuse: 18, idle: 43, sys: 62, released: 34, consumed: 27 (MB)
scvg: 0 MB released
scvg: inuse: 18, idle: 43, sys: 62, released: 34, consumed: 27 (MB)
scvg: 0 MB released
scvg: inuse: 18, idle: 43, sys: 62, released: 34, consumed: 27 (MB)
scvg: 0 MB released
scvg: inuse: 18, idle: 43, sys: 62, released: 34, consumed: 27 (MB)
scvg: 0 MB released
scvg: inuse: 18, idle: 43, sys: 62, released: 34, consumed: 27 (MB)
scvg: 0 MB released
scvg: inuse: 18, idle: 43, sys: 62, released: 34, consumed: 27 (MB)
scvg: 0 MB released
scvg: inuse: 18, idle: 43, sys: 62, released: 34, consumed: 27 (MB)
scvg: 0 MB released
scvg: inuse: 18, idle: 43, sys: 62, released: 34, consumed: 27 (MB)
scvg: 0 MB released
scvg: inuse: 18, idle: 43, sys: 62, released: 34, consumed: 27 (MB)
scvg: 0 MB released
scvg: inuse: 18, idle: 43, sys: 62, released: 34, consumed: 27 (MB)
scvg: 0 MB released
scvg: inuse: 18, idle: 43, sys: 62, released: 34, consumed: 27 (MB)
scvg: 0 MB released
scvg: inuse: 18, idle: 43, sys: 62, released: 34, consumed: 27 (MB)
scvg: 0 MB released
scvg: inuse: 18, idle: 43, sys: 62, released: 34, consumed: 27 (MB)
scvg: 0 MB released
scvg: inuse: 18, idle: 43, sys: 62, released: 34, consumed: 27 (MB)
scvg: 0 MB released
scvg: inuse: 18, idle: 43, sys: 62, released: 34, consumed: 27 (MB)
scvg: 0 MB released
scvg: inuse: 18, idle: 43, sys: 62, released: 34, consumed: 27 (MB)
scvg: 0 MB released
scvg: inuse: 18, idle: 43, sys: 62, released: 34, consumed: 27 (MB)
scvg: 0 MB released
scvg: inuse: 18, idle: 43, sys: 62, released: 34, consumed: 27 (MB)
scvg: 0 MB released
scvg: inuse: 18, idle: 43, sys: 62, released: 34, consumed: 27 (MB)
scvg: 0 MB released
scvg: inuse: 18, idle: 43, sys: 62, released: 34, consumed: 27 (MB)
scvg: 0 MB released
scvg: inuse: 18, idle: 43, sys: 62, released: 35, consumed: 27 (MB)
scvg: 0 MB released
scvg: inuse: 18, idle: 43, sys: 62, released: 35, consumed: 27 (MB)
scvg: 0 MB released
scvg: inuse: 18, idle: 43, sys: 62, released: 35, consumed: 27 (MB)
scvg: 0 MB released
scvg: inuse: 18, idle: 43, sys: 62, released: 35, consumed: 27 (MB)
scvg: 0 MB released
scvg: inuse: 18, idle: 43, sys: 62, released: 35, consumed: 27 (MB)
scvg: 0 MB released
scvg: inuse: 18, idle: 43, sys: 62, released: 35, consumed: 27 (MB)
scvg: 0 MB released
scvg: inuse: 18, idle: 43, sys: 62, released: 35, consumed: 27 (MB)
scvg: 0 MB released
scvg: inuse: 18, idle: 43, sys: 62, released: 35, consumed: 27 (MB)
scvg: 0 MB released
scvg: inuse: 18, idle: 43, sys: 62, released: 35, consumed: 27 (MB)
scvg: 0 MB released
scvg: inuse: 18, idle: 43, sys: 62, released: 35, consumed: 27 (MB)
scvg: 0 MB released
scvg: inuse: 18, idle: 43, sys: 62, released: 35, consumed: 27 (MB)
scvg: 0 MB released
scvg: inuse: 18, idle: 43, sys: 62, released: 35, consumed: 27 (MB)
scvg: 0 MB released
scvg: inuse: 18, idle: 43, sys: 62, released: 35, consumed: 27 (MB)
scvg: 0 MB released
scvg: inuse: 18, idle: 43, sys: 62, released: 35, consumed: 27 (MB)
scvg: 0 MB released
scvg: inuse: 18, idle: 43, sys: 62, released: 35, consumed: 27 (MB)
scvg: 0 MB released
scvg: inuse: 18, idle: 43, sys: 62, released: 35, consumed: 27 (MB)
scvg: 0 MB released
scvg: inuse: 18, idle: 43, sys: 62, released: 35, consumed: 27 (MB)
scvg: 0 MB released
scvg: inuse: 18, idle: 43, sys: 62, released: 35, consumed: 27 (MB)
scvg: 0 MB released
scvg: inuse: 18, idle: 43, sys: 62, released: 35, consumed: 27 (MB)
scvg: 0 MB released
scvg: inuse: 18, idle: 43, sys: 62, released: 35, consumed: 27 (MB)
scvg: 0 MB released
scvg: inuse: 18, idle: 43, sys: 62, released: 35, consumed: 27 (MB)
scvg: 0 MB released
scvg: inuse: 18, idle: 43, sys: 62, released: 35, consumed: 27 (MB)
scvg: 0 MB released
scvg: inuse: 18, idle: 43, sys: 62, released: 35, consumed: 27 (MB)
scvg: 0 MB released
scvg: inuse: 18, idle: 43, sys: 62, released: 35, consumed: 27 (MB)
scvg: 0 MB released
scvg: inuse: 18, idle: 43, sys: 62, released: 35, consumed: 27 (MB)
scvg: 0 MB released
scvg: inuse: 18, idle: 43, sys: 62, released: 35, consumed: 27 (MB)
scvg: 0 MB released
scvg: inuse: 18, idle: 43, sys: 62, released: 35, consumed: 27 (MB)
scvg: 0 MB released
scvg: inuse: 18, idle: 43, sys: 62, released: 35, consumed: 27 (MB)
scvg: 0 MB released
scvg: inuse: 18, idle: 43, sys: 62, released: 35, consumed: 27 (MB)
scvg: 0 MB released
scvg: inuse: 18, idle: 43, sys: 62, released: 35, consumed: 27 (MB)
scvg: 0 MB released
scvg: inuse: 18, idle: 43, sys: 62, released: 35, consumed: 27 (MB)
scvg: 0 MB released
scvg: inuse: 18, idle: 43, sys: 62, released: 35, consumed: 27 (MB)
scvg: 0 MB released
scvg: inuse: 18, idle: 43, sys: 62, released: 35, consumed: 27 (MB)
scvg: 0 MB released
scvg: inuse: 18, idle: 43, sys: 62, released: 35, consumed: 27 (MB)
scvg: 0 MB released
scvg: inuse: 18, idle: 43, sys: 62, released: 35, consumed: 27 (MB)
scvg: 0 MB released
scvg: inuse: 18, idle: 43, sys: 62, released: 35, consumed: 27 (MB)
scvg: 0 MB released
scvg: inuse: 18, idle: 43, sys: 62, released: 35, consumed: 27 (MB)
scvg: 0 MB released
scvg: inuse: 18, idle: 43, sys: 62, released: 35, consumed: 27 (MB)
scvg: 0 MB released
scvg: inuse: 18, idle: 43, sys: 62, released: 35, consumed: 27 (MB)
scvg: 0 MB released
scvg: inuse: 18, idle: 43, sys: 62, released: 35, consumed: 27 (MB)
scvg: 0 MB released
scvg: inuse: 18, idle: 43, sys: 62, released: 35, consumed: 27 (MB)
scvg: 0 MB released
scvg: inuse: 18, idle: 43, sys: 62, released: 35, consumed: 26 (MB)
scvg: 0 MB released
scvg: inuse: 18, idle: 43, sys: 62, released: 35, consumed: 26 (MB)
scvg: 0 MB released
scvg: inuse: 18, idle: 43, sys: 62, released: 35, consumed: 26 (MB)
scvg: 0 MB released
scvg: inuse: 18, idle: 43, sys: 62, released: 35, consumed: 26 (MB)
scvg: 0 MB released
scvg: inuse: 18, idle: 43, sys: 62, released: 35, consumed: 26 (MB)
scvg: 0 MB released
scvg: inuse: 18, idle: 43, sys: 62, released: 35, consumed: 26 (MB)
scvg: 0 MB released
scvg: inuse: 18, idle: 43, sys: 62, released: 35, consumed: 26 (MB)
scvg: 0 MB released
scvg: inuse: 18, idle: 43, sys: 62, released: 35, consumed: 26 (MB)
scvg: 0 MB released
scvg: inuse: 18, idle: 43, sys: 62, released: 35, consumed: 26 (MB)
scvg: 0 MB released
scvg: inuse: 18, idle: 43, sys: 62, released: 35, consumed: 26 (MB)
scvg: 0 MB released
scvg: inuse: 18, idle: 43, sys: 62, released: 35, consumed: 26 (MB)
scvg: 0 MB released
scvg: inuse: 18, idle: 43, sys: 62, released: 35, consumed: 26 (MB)
scvg: 0 MB released
scvg: inuse: 18, idle: 43, sys: 62, released: 35, consumed: 26 (MB)
scvg: 0 MB released
scvg: inuse: 18, idle: 43, sys: 62, released: 35, consumed: 26 (MB)
scvg: 0 MB released
scvg: inuse: 18, idle: 43, sys: 62, released: 35, consumed: 26 (MB)
scvg: 0 MB released
scvg: inuse: 18, idle: 43, sys: 62, released: 35, consumed: 26 (MB)
scvg: 0 MB released
scvg: inuse: 18, idle: 43, sys: 62, released: 35, consumed: 26 (MB)
scvg: 0 MB released
scvg: inuse: 18, idle: 43, sys: 62, released: 35, consumed: 26 (MB)
scvg: 0 MB released
scvg: inuse: 18, idle: 43, sys: 62, released: 35, consumed: 26 (MB)
scvg: 0 MB released
scvg: inuse: 18, idle: 43, sys: 62, released: 35, consumed: 26 (MB)
scvg: 0 MB released
scvg: inuse: 18, idle: 43, sys: 62, released: 35, consumed: 26 (MB)
scvg: 0 MB released
scvg: inuse: 18, idle: 43, sys: 62, released: 35, consumed: 26 (MB)
scvg: 0 MB released
scvg: inuse: 18, idle: 43, sys: 62, released: 35, consumed: 26 (MB)
scvg: 0 MB released
scvg: inuse: 18, idle: 43, sys: 62, released: 35, consumed: 26 (MB)
scvg: 0 MB released
scvg: inuse: 18, idle: 43, sys: 62, released: 35, consumed: 26 (MB)
scvg: 0 MB released
scvg: inuse: 18, idle: 43, sys: 62, released: 35, consumed: 26 (MB)
scvg: 0 MB released
scvg: inuse: 18, idle: 43, sys: 62, released: 35, consumed: 26 (MB)
scvg: 0 MB released
scvg: inuse: 18, idle: 43, sys: 62, released: 35, consumed: 26 (MB)
scvg: 0 MB released
scvg: inuse: 18, idle: 43, sys: 62, released: 35, consumed: 26 (MB)
scvg: 0 MB released
scvg: inuse: 18, idle: 43, sys: 62, released: 35, consumed: 26 (MB)
scvg: 0 MB released
scvg: inuse: 18, idle: 43, sys: 62, released: 35, consumed: 26 (MB)
scvg: 0 MB released
scvg: inuse: 18, idle: 43, sys: 62, released: 35, consumed: 26 (MB)
scvg: 0 MB released
scvg: inuse: 18, idle: 43, sys: 62, released: 35, consumed: 26 (MB)
scvg: 0 MB released
scvg: inuse: 18, idle: 43, sys: 62, released: 35, consumed: 26 (MB)
scvg: 0 MB released
scvg: inuse: 18, idle: 43, sys: 62, released: 35, consumed: 26 (MB)
scvg: 0 MB released
scvg: inuse: 18, idle: 43, sys: 62, released: 35, consumed: 26 (MB)
scvg: 0 MB released
scvg: inuse: 18, idle: 43, sys: 62, released: 35, consumed: 26 (MB)
scvg: 0 MB released
scvg: inuse: 18, idle: 43, sys: 62, released: 35, consumed: 26 (MB)
scvg: 0 MB released
scvg: inuse: 18, idle: 43, sys: 62, released: 35, consumed: 26 (MB)
scvg: 0 MB released
scvg: inuse: 18, idle: 43, sys: 62, released: 35, consumed: 26 (MB)
scvg: 0 MB released
scvg: inuse: 18, idle: 43, sys: 62, released: 35, consumed: 26 (MB)
scvg: 0 MB released
scvg: inuse: 18, idle: 43, sys: 62, released: 35, consumed: 26 (MB)
scvg: 0 MB released
scvg: inuse: 18, idle: 43, sys: 62, released: 35, consumed: 26 (MB)
scvg: 0 MB released
scvg: inuse: 18, idle: 43, sys: 62, released: 35, consumed: 26 (MB)
scvg: 0 MB released
scvg: inuse: 18, idle: 43, sys: 62, released: 35, consumed: 26 (MB)
scvg: 0 MB released
scvg: inuse: 18, idle: 43, sys: 62, released: 35, consumed: 26 (MB)
scvg: 0 MB released
scvg: inuse: 18, idle: 43, sys: 62, released: 35, consumed: 26 (MB)
scvg: 0 MB released
scvg: inuse: 18, idle: 43, sys: 62, released: 35, consumed: 26 (MB)
scvg: 0 MB released
scvg: inuse: 18, idle: 43, sys: 62, released: 35, consumed: 26 (MB)
scvg: 0 MB released
scvg: inuse: 18, idle: 43, sys: 62, released: 35, consumed: 26 (MB)
scvg: 0 MB released
scvg: inuse: 18, idle: 43, sys: 62, released: 35, consumed: 26 (MB)
scvg: 0 MB released
scvg: inuse: 18, idle: 43, sys: 62, released: 35, consumed: 26 (MB)
scvg: 0 MB released
scvg: inuse: 18, idle: 43, sys: 62, released: 35, consumed: 26 (MB)
scvg: 0 MB released
scvg: inuse: 18, idle: 43, sys: 62, released: 35, consumed: 26 (MB)
scvg: 0 MB released
scvg: inuse: 18, idle: 43, sys: 62, released: 35, consumed: 26 (MB)
scvg: 0 MB released
scvg: inuse: 18, idle: 43, sys: 62, released: 35, consumed: 26 (MB)
scvg: 0 MB released
scvg: inuse: 18, idle: 43, sys: 62, released: 35, consumed: 26 (MB)
scvg: 0 MB released
scvg: inuse: 18, idle: 43, sys: 62, released: 35, consumed: 26 (MB)
scvg: 0 MB released
scvg: inuse: 18, idle: 43, sys: 62, released: 35, consumed: 26 (MB)
scvg: 0 MB released
scvg: inuse: 18, idle: 43, sys: 62, released: 35, consumed: 26 (MB)
scvg: 0 MB released
scvg: inuse: 18, idle: 43, sys: 62, released: 35, consumed: 26 (MB)
scvg: 0 MB released
scvg: inuse: 18, idle: 43, sys: 62, released: 35, consumed: 26 (MB)
scvg: 0 MB released
scvg: inuse: 18, idle: 43, sys: 62, released: 35, consumed: 26 (MB)
scvg: 0 MB released
scvg: inuse: 18, idle: 43, sys: 62, released: 35, consumed: 26 (MB)
scvg: 0 MB released
scvg: inuse: 18, idle: 43, sys: 62, released: 35, consumed: 26 (MB)
scvg: 0 MB released
scvg: inuse: 18, idle: 43, sys: 62, released: 35, consumed: 26 (MB)
scvg: 0 MB released
scvg: inuse: 18, idle: 43, sys: 62, released: 35, consumed: 26 (MB)
scvg: 0 MB released
scvg: inuse: 18, idle: 43, sys: 62, released: 35, consumed: 26 (MB)
scvg: 0 MB released
scvg: inuse: 18, idle: 43, sys: 62, released: 35, consumed: 26 (MB)
scvg: 0 MB released
scvg: inuse: 18, idle: 43, sys: 62, released: 35, consumed: 26 (MB)
scvg: 0 MB released
scvg: inuse: 18, idle: 43, sys: 62, released: 35, consumed: 26 (MB)
scvg: 0 MB released
scvg: inuse: 18, idle: 43, sys: 62, released: 35, consumed: 26 (MB)
scvg: 0 MB released
scvg: inuse: 18, idle: 43, sys: 62, released: 35, consumed: 26 (MB)
scvg: 0 MB released
scvg: inuse: 18, idle: 43, sys: 62, released: 35, consumed: 26 (MB)
scvg: 0 MB released
scvg: inuse: 18, idle: 43, sys: 62, released: 35, consumed: 26 (MB)
scvg: 0 MB released
scvg: inuse: 18, idle: 43, sys: 62, released: 35, consumed: 26 (MB)
scvg: 0 MB released
scvg: inuse: 18, idle: 43, sys: 62, released: 35, consumed: 26 (MB)
scvg: 0 MB released
scvg: inuse: 18, idle: 43, sys: 62, released: 35, consumed: 26 (MB)
scvg: 0 MB released
scvg: inuse: 18, idle: 43, sys: 62, released: 35, consumed: 26 (MB)
scvg: 0 MB released
scvg: inuse: 18, idle: 43, sys: 62, released: 35, consumed: 26 (MB)
scvg: 0 MB released
scvg: inuse: 18, idle: 43, sys: 62, released: 35, consumed: 26 (MB)
scvg: 0 MB released
scvg: inuse: 18, idle: 43, sys: 62, released: 35, consumed: 26 (MB)
scvg: 0 MB released
scvg: inuse: 18, idle: 43, sys: 62, released: 35, consumed: 26 (MB)
scvg: 0 MB released
scvg: inuse: 18, idle: 43, sys: 62, released: 35, consumed: 26 (MB)
scvg: 0 MB released
scvg: inuse: 18, idle: 43, sys: 62, released: 35, consumed: 26 (MB)
scvg: 0 MB released
scvg: inuse: 18, idle: 43, sys: 62, released: 35, consumed: 26 (MB)
scvg: 0 MB released
scvg: inuse: 18, idle: 43, sys: 62, released: 35, consumed: 26 (MB)
scvg: 0 MB released
scvg: inuse: 18, idle: 43, sys: 62, released: 36, consumed: 26 (MB)
scvg: 0 MB released
scvg: inuse: 18, idle: 43, sys: 62, released: 36, consumed: 26 (MB)
scvg: 0 MB released
scvg: inuse: 18, idle: 43, sys: 62, released: 36, consumed: 26 (MB)
scvg: 0 MB released
scvg: inuse: 18, idle: 43, sys: 62, released: 36, consumed: 26 (MB)
scvg: 0 MB released
scvg: inuse: 18, idle: 43, sys: 62, released: 36, consumed: 26 (MB)
scvg: 0 MB released
scvg: inuse: 18, idle: 43, sys: 62, released: 36, consumed: 26 (MB)
scvg: 0 MB released
scvg: inuse: 18, idle: 43, sys: 62, released: 36, consumed: 26 (MB)
scvg: 0 MB released
scvg: inuse: 18, idle: 43, sys: 62, released: 36, consumed: 26 (MB)
scvg: 0 MB released
scvg: inuse: 18, idle: 43, sys: 62, released: 36, consumed: 26 (MB)
scvg: 0 MB released
scvg: inuse: 18, idle: 43, sys: 62, released: 36, consumed: 26 (MB)
scvg: 0 MB released
scvg: inuse: 18, idle: 43, sys: 62, released: 36, consumed: 26 (MB)
scvg: 0 MB released
scvg: inuse: 18, idle: 43, sys: 62, released: 36, consumed: 26 (MB)
scvg: 0 MB released
scvg: inuse: 18, idle: 43, sys: 62, released: 36, consumed: 26 (MB)
scvg: 0 MB released
scvg: inuse: 18, idle: 43, sys: 62, released: 36, consumed: 26 (MB)
scvg: 0 MB released
scvg: inuse: 18, idle: 43, sys: 62, released: 36, consumed: 26 (MB)
scvg: 0 MB released
scvg: inuse: 18, idle: 43, sys: 62, released: 36, consumed: 26 (MB)
scvg: 0 MB released
scvg: inuse: 18, idle: 43, sys: 62, released: 36, consumed: 26 (MB)
scvg: 0 MB released
scvg: inuse: 18, idle: 43, sys: 62, released: 36, consumed: 26 (MB)
scvg: 0 MB released
scvg: inuse: 18, idle: 43, sys: 62, released: 36, consumed: 26 (MB)
scvg: 0 MB released
scvg: inuse: 18, idle: 43, sys: 62, released: 36, consumed: 26 (MB)
scvg: 0 MB released
scvg: inuse: 18, idle: 43, sys: 62, released: 36, consumed: 26 (MB)
scvg: 0 MB released
scvg: inuse: 18, idle: 43, sys: 62, released: 36, consumed: 26 (MB)
scvg: 0 MB released
scvg: inuse: 18, idle: 43, sys: 62, released: 36, consumed: 26 (MB)
scvg: 0 MB released
scvg: inuse: 18, idle: 43, sys: 62, released: 36, consumed: 26 (MB)
scvg: 0 MB released
scvg: inuse: 18, idle: 43, sys: 62, released: 36, consumed: 26 (MB)
scvg: 0 MB released
scvg: inuse: 18, idle: 43, sys: 62, released: 36, consumed: 26 (MB)
scvg: 0 MB released
scvg: inuse: 18, idle: 43, sys: 62, released: 36, consumed: 26 (MB)
scvg: 0 MB released
scvg: inuse: 18, idle: 43, sys: 62, released: 36, consumed: 26 (MB)
scvg: 0 MB released
scvg: inuse: 18, idle: 43, sys: 62, released: 36, consumed: 26 (MB)
scvg: 0 MB released
scvg: inuse: 18, idle: 43, sys: 62, released: 36, consumed: 26 (MB)
scvg: 0 MB released
scvg: inuse: 18, idle: 43, sys: 62, released: 36, consumed: 26 (MB)
scvg: 0 MB released
scvg: inuse: 18, idle: 43, sys: 62, released: 36, consumed: 26 (MB)
scvg: 0 MB released
scvg: inuse: 18, idle: 43, sys: 62, released: 36, consumed: 26 (MB)
scvg: 0 MB released
scvg: inuse: 18, idle: 43, sys: 62, released: 36, consumed: 26 (MB)
scvg: 0 MB released
scvg: inuse: 18, idle: 43, sys: 62, released: 36, consumed: 26 (MB)
scvg: 0 MB released
scvg: inuse: 18, idle: 43, sys: 62, released: 36, consumed: 26 (MB)
scvg: 0 MB released
scvg: inuse: 18, idle: 43, sys: 62, released: 36, consumed: 26 (MB)
scvg: 0 MB released
scvg: inuse: 18, idle: 43, sys: 62, released: 36, consumed: 26 (MB)
scvg: 0 MB released
scvg: inuse: 18, idle: 43, sys: 62, released: 36, consumed: 26 (MB)
scvg: 0 MB released
scvg: inuse: 18, idle: 43, sys: 62, released: 36, consumed: 26 (MB)
scvg: 0 MB released
scvg: inuse: 18, idle: 43, sys: 62, released: 36, consumed: 26 (MB)
scvg: 0 MB released
scvg: inuse: 18, idle: 43, sys: 62, released: 36, consumed: 25 (MB)
scvg: 0 MB released
scvg: inuse: 18, idle: 43, sys: 62, released: 36, consumed: 25 (MB)
scvg: 0 MB released
scvg: inuse: 18, idle: 43, sys: 62, released: 36, consumed: 25 (MB)
scvg: 0 MB released
scvg: inuse: 18, idle: 43, sys: 62, released: 36, consumed: 25 (MB)
scvg: 0 MB released
scvg: inuse: 18, idle: 43, sys: 62, released: 36, consumed: 25 (MB)
scvg: 0 MB released
scvg: inuse: 18, idle: 43, sys: 62, released: 36, consumed: 25 (MB)
scvg: 0 MB released
scvg: inuse: 18, idle: 43, sys: 62, released: 36, consumed: 25 (MB)
scvg: 0 MB released
scvg: inuse: 18, idle: 43, sys: 62, released: 36, consumed: 25 (MB)
scvg: 0 MB released
scvg: inuse: 18, idle: 43, sys: 62, released: 36, consumed: 25 (MB)
scvg: 0 MB released
scvg: inuse: 18, idle: 43, sys: 62, released: 36, consumed: 25 (MB)
scvg: 0 MB released
scvg: inuse: 18, idle: 43, sys: 62, released: 36, consumed: 25 (MB)
scvg: 0 MB released
scvg: inuse: 18, idle: 43, sys: 62, released: 36, consumed: 25 (MB)
scvg: 0 MB released
scvg: inuse: 18, idle: 43, sys: 62, released: 36, consumed: 25 (MB)
scvg: 0 MB released
scvg: inuse: 18, idle: 43, sys: 62, released: 36, consumed: 25 (MB)
scvg: 0 MB released
scvg: inuse: 18, idle: 43, sys: 62, released: 36, consumed: 25 (MB)
scvg: 0 MB released
scvg: inuse: 18, idle: 43, sys: 62, released: 36, consumed: 25 (MB)
scvg: 0 MB released
scvg: inuse: 18, idle: 43, sys: 62, released: 36, consumed: 25 (MB)
scvg: 0 MB released
scvg: inuse: 18, idle: 43, sys: 62, released: 36, consumed: 25 (MB)
scvg: 0 MB released
scvg: inuse: 18, idle: 43, sys: 62, released: 36, consumed: 25 (MB)
scvg: 0 MB released
scvg: inuse: 18, idle: 43, sys: 62, released: 36, consumed: 25 (MB)
scvg: 0 MB released
scvg: inuse: 18, idle: 43, sys: 62, released: 36, consumed: 25 (MB)
scvg: 0 MB released
scvg: inuse: 18, idle: 43, sys: 62, released: 36, consumed: 25 (MB)
scvg: 0 MB released
scvg: inuse: 18, idle: 43, sys: 62, released: 36, consumed: 25 (MB)
scvg: 0 MB released
scvg: inuse: 18, idle: 43, sys: 62, released: 36, consumed: 25 (MB)
scvg: 0 MB released
scvg: inuse: 18, idle: 43, sys: 62, released: 36, consumed: 25 (MB)
scvg: 0 MB released
scvg: inuse: 18, idle: 43, sys: 62, released: 36, consumed: 25 (MB)
scvg: 0 MB released
scvg: inuse: 18, idle: 43, sys: 62, released: 36, consumed: 25 (MB)
scvg: 0 MB released
scvg: inuse: 18, idle: 43, sys: 62, released: 36, consumed: 25 (MB)
scvg: 0 MB released
scvg: inuse: 18, idle: 43, sys: 62, released: 36, consumed: 25 (MB)
scvg: 0 MB released
scvg: inuse: 18, idle: 43, sys: 62, released: 36, consumed: 25 (MB)
scvg: 0 MB released
scvg: inuse: 18, idle: 43, sys: 62, released: 36, consumed: 25 (MB)
scvg: 0 MB released
scvg: inuse: 18, idle: 43, sys: 62, released: 36, consumed: 25 (MB)
scvg: 0 MB released
scvg: inuse: 18, idle: 43, sys: 62, released: 36, consumed: 25 (MB)
scvg: 0 MB released
scvg: inuse: 18, idle: 43, sys: 62, released: 36, consumed: 25 (MB)
scvg: 0 MB released
scvg: inuse: 18, idle: 43, sys: 62, released: 36, consumed: 25 (MB)
scvg: 0 MB released
scvg: inuse: 18, idle: 43, sys: 62, released: 36, consumed: 25 (MB)
scvg: 0 MB released
scvg: inuse: 18, idle: 43, sys: 62, released: 36, consumed: 25 (MB)
scvg: 0 MB released
scvg: inuse: 18, idle: 43, sys: 62, released: 36, consumed: 25 (MB)
scvg: 0 MB released
scvg: inuse: 18, idle: 43, sys: 62, released: 36, consumed: 25 (MB)
scvg: 0 MB released
scvg: inuse: 18, idle: 43, sys: 62, released: 36, consumed: 25 (MB)
scvg: 0 MB released
scvg: inuse: 18, idle: 43, sys: 62, released: 36, consumed: 25 (MB)
scvg: 0 MB released
scvg: inuse: 18, idle: 43, sys: 62, released: 36, consumed: 25 (MB)
scvg: 0 MB released
scvg: inuse: 18, idle: 43, sys: 62, released: 36, consumed: 25 (MB)
scvg: 0 MB released
scvg: inuse: 18, idle: 43, sys: 62, released: 36, consumed: 25 (MB)
scvg: 0 MB released
scvg: inuse: 18, idle: 43, sys: 62, released: 36, consumed: 25 (MB)
scvg: 0 MB released
scvg: inuse: 18, idle: 43, sys: 62, released: 36, consumed: 25 (MB)
scvg: 0 MB released
scvg: inuse: 18, idle: 43, sys: 62, released: 36, consumed: 25 (MB)
scvg: 0 MB released
scvg: inuse: 18, idle: 43, sys: 62, released: 36, consumed: 25 (MB)
scvg: 0 MB released
scvg: inuse: 18, idle: 43, sys: 62, released: 36, consumed: 25 (MB)
scvg: 0 MB released
scvg: inuse: 18, idle: 43, sys: 62, released: 36, consumed: 25 (MB)
scvg: 0 MB released
scvg: inuse: 18, idle: 43, sys: 62, released: 36, consumed: 25 (MB)
scvg: 0 MB released
scvg: inuse: 18, idle: 43, sys: 62, released: 36, consumed: 25 (MB)
scvg: 0 MB released
scvg: inuse: 18, idle: 43, sys: 62, released: 36, consumed: 25 (MB)
scvg: 0 MB released
scvg: inuse: 18, idle: 43, sys: 62, released: 36, consumed: 25 (MB)
scvg: 0 MB released
scvg: inuse: 18, idle: 43, sys: 62, released: 36, consumed: 25 (MB)
scvg: 0 MB released
scvg: inuse: 18, idle: 43, sys: 62, released: 36, consumed: 25 (MB)
scvg: 0 MB released
scvg: inuse: 18, idle: 43, sys: 62, released: 36, consumed: 25 (MB)
scvg: 0 MB released
scvg: inuse: 18, idle: 43, sys: 62, released: 36, consumed: 25 (MB)
scvg: 0 MB released
scvg: inuse: 18, idle: 43, sys: 62, released: 36, consumed: 25 (MB)
scvg: 0 MB released
scvg: inuse: 18, idle: 43, sys: 62, released: 36, consumed: 25 (MB)
scvg: 0 MB released
scvg: inuse: 18, idle: 43, sys: 62, released: 36, consumed: 25 (MB)
scvg: 0 MB released
scvg: inuse: 18, idle: 43, sys: 62, released: 36, consumed: 25 (MB)
scvg: 0 MB released
scvg: inuse: 18, idle: 43, sys: 62, released: 36, consumed: 25 (MB)
scvg: 0 MB released
scvg: inuse: 18, idle: 43, sys: 62, released: 36, consumed: 25 (MB)
scvg: 0 MB released
scvg: inuse: 18, idle: 43, sys: 62, released: 36, consumed: 25 (MB)
scvg: 0 MB released
scvg: inuse: 18, idle: 43, sys: 62, released: 36, consumed: 25 (MB)
scvg: 0 MB released
scvg: inuse: 18, idle: 43, sys: 62, released: 36, consumed: 25 (MB)
scvg: 0 MB released
scvg: inuse: 18, idle: 43, sys: 62, released: 36, consumed: 25 (MB)
scvg: 0 MB released
scvg: inuse: 18, idle: 43, sys: 62, released: 36, consumed: 25 (MB)
scvg: 0 MB released
scvg: inuse: 18, idle: 43, sys: 62, released: 36, consumed: 25 (MB)
scvg: 0 MB released
scvg: inuse: 18, idle: 43, sys: 62, released: 36, consumed: 25 (MB)
scvg: 0 MB released
scvg: inuse: 18, idle: 43, sys: 62, released: 36, consumed: 25 (MB)
scvg: 0 MB released
scvg: inuse: 18, idle: 43, sys: 62, released: 36, consumed: 25 (MB)
scvg: 0 MB released
scvg: inuse: 18, idle: 43, sys: 62, released: 36, consumed: 25 (MB)
scvg: 0 MB released
scvg: inuse: 18, idle: 43, sys: 62, released: 36, consumed: 25 (MB)
scvg: 0 MB released
scvg: inuse: 18, idle: 43, sys: 62, released: 36, consumed: 25 (MB)
scvg: 0 MB released
scvg: inuse: 18, idle: 43, sys: 62, released: 36, consumed: 25 (MB)
scvg: 0 MB released
scvg: inuse: 18, idle: 43, sys: 62, released: 36, consumed: 25 (MB)
scvg: 0 MB released
scvg: inuse: 18, idle: 43, sys: 62, released: 36, consumed: 25 (MB)
scvg: 0 MB released
scvg: inuse: 18, idle: 43, sys: 62, released: 36, consumed: 25 (MB)
scvg: 0 MB released
scvg: inuse: 18, idle: 43, sys: 62, released: 36, consumed: 25 (MB)
scvg: 0 MB released
scvg: inuse: 18, idle: 43, sys: 62, released: 36, consumed: 25 (MB)
scvg: 0 MB released
scvg: inuse: 18, idle: 43, sys: 62, released: 36, consumed: 25 (MB)
scvg: 0 MB released
scvg: inuse: 18, idle: 43, sys: 62, released: 36, consumed: 25 (MB)
scvg: 0 MB released
scvg: inuse: 18, idle: 43, sys: 62, released: 36, consumed: 25 (MB)
scvg: 0 MB released
scvg: inuse: 18, idle: 43, sys: 62, released: 36, consumed: 25 (MB)
scvg: 0 MB released
scvg: inuse: 18, idle: 43, sys: 62, released: 36, consumed: 25 (MB)
scvg: 0 MB released
scvg: inuse: 18, idle: 43, sys: 62, released: 37, consumed: 25 (MB)
scvg: 0 MB released
scvg: inuse: 18, idle: 43, sys: 62, released: 37, consumed: 25 (MB)
scvg: 0 MB released
scvg: inuse: 18, idle: 43, sys: 62, released: 37, consumed: 25 (MB)
scvg: 0 MB released
scvg: inuse: 18, idle: 43, sys: 62, released: 37, consumed: 25 (MB)
scvg: 0 MB released
scvg: inuse: 18, idle: 43, sys: 62, released: 37, consumed: 25 (MB)
scvg: 0 MB released
scvg: inuse: 18, idle: 43, sys: 62, released: 37, consumed: 25 (MB)
scvg: 0 MB released
scvg: inuse: 18, idle: 43, sys: 62, released: 37, consumed: 25 (MB)
scvg: 0 MB released
scvg: inuse: 18, idle: 43, sys: 62, released: 37, consumed: 25 (MB)
scvg: 0 MB released
scvg: inuse: 18, idle: 43, sys: 62, released: 37, consumed: 25 (MB)
scvg: 0 MB released
scvg: inuse: 18, idle: 43, sys: 62, released: 37, consumed: 25 (MB)
scvg: 0 MB released
scvg: inuse: 18, idle: 43, sys: 62, released: 37, consumed: 25 (MB)
scvg: 0 MB released
scvg: inuse: 18, idle: 43, sys: 62, released: 37, consumed: 25 (MB)
scvg: 0 MB released
scvg: inuse: 18, idle: 43, sys: 62, released: 37, consumed: 25 (MB)
scvg: 0 MB released
scvg: inuse: 18, idle: 43, sys: 62, released: 37, consumed: 25 (MB)
scvg: 0 MB released
scvg: inuse: 18, idle: 43, sys: 62, released: 37, consumed: 25 (MB)
scvg: 0 MB released
scvg: inuse: 18, idle: 43, sys: 62, released: 37, consumed: 25 (MB)
scvg: 0 MB released
scvg: inuse: 18, idle: 43, sys: 62, released: 37, consumed: 25 (MB)
scvg: 0 MB released
scvg: inuse: 18, idle: 43, sys: 62, released: 37, consumed: 25 (MB)
scvg: 0 MB released
scvg: inuse: 18, idle: 43, sys: 62, released: 37, consumed: 25 (MB)
scvg: 0 MB released
scvg: inuse: 18, idle: 43, sys: 62, released: 37, consumed: 25 (MB)
scvg: 0 MB released
scvg: inuse: 18, idle: 43, sys: 62, released: 37, consumed: 25 (MB)
scvg: 0 MB released
scvg: inuse: 18, idle: 43, sys: 62, released: 37, consumed: 25 (MB)
scvg: 0 MB released
scvg: inuse: 18, idle: 43, sys: 62, released: 37, consumed: 25 (MB)
scvg: 0 MB released
scvg: inuse: 18, idle: 43, sys: 62, released: 37, consumed: 25 (MB)
scvg: 0 MB released
scvg: inuse: 18, idle: 43, sys: 62, released: 37, consumed: 25 (MB)
scvg: 0 MB released
scvg: inuse: 18, idle: 43, sys: 62, released: 37, consumed: 25 (MB)
scvg: 0 MB released
scvg: inuse: 18, idle: 43, sys: 62, released: 37, consumed: 25 (MB)
scvg: 0 MB released
scvg: inuse: 18, idle: 43, sys: 62, released: 37, consumed: 25 (MB)
scvg: 0 MB released
scvg: inuse: 18, idle: 43, sys: 62, released: 37, consumed: 25 (MB)
scvg: 0 MB released
scvg: inuse: 18, idle: 43, sys: 62, released: 37, consumed: 25 (MB)
scvg: 0 MB released
scvg: inuse: 18, idle: 43, sys: 62, released: 37, consumed: 25 (MB)
scvg: 0 MB released
scvg: inuse: 18, idle: 43, sys: 62, released: 37, consumed: 25 (MB)
scvg: 0 MB released
scvg: inuse: 18, idle: 43, sys: 62, released: 37, consumed: 25 (MB)
scvg: 0 MB released
scvg: inuse: 18, idle: 43, sys: 62, released: 37, consumed: 25 (MB)
scvg: 0 MB released
scvg: inuse: 18, idle: 43, sys: 62, released: 37, consumed: 25 (MB)
scvg: 0 MB released
scvg: inuse: 18, idle: 43, sys: 62, released: 37, consumed: 25 (MB)
scvg: 0 MB released
scvg: inuse: 18, idle: 43, sys: 62, released: 37, consumed: 25 (MB)
scvg: 0 MB released
scvg: inuse: 18, idle: 43, sys: 62, released: 37, consumed: 25 (MB)
scvg: 0 MB released
scvg: inuse: 18, idle: 43, sys: 62, released: 37, consumed: 25 (MB)
scvg: 0 MB released
scvg: inuse: 18, idle: 43, sys: 62, released: 37, consumed: 25 (MB)
scvg: 0 MB released
scvg: inuse: 18, idle: 43, sys: 62, released: 37, consumed: 25 (MB)
scvg: 0 MB released
scvg: inuse: 18, idle: 43, sys: 62, released: 37, consumed: 24 (MB)
scvg: 0 MB released
scvg: inuse: 18, idle: 43, sys: 62, released: 37, consumed: 24 (MB)
scvg: 0 MB released
scvg: inuse: 18, idle: 43, sys: 62, released: 37, consumed: 24 (MB)
scvg: 0 MB released
scvg: inuse: 18, idle: 43, sys: 62, released: 37, consumed: 24 (MB)
scvg: 0 MB released
scvg: inuse: 18, idle: 43, sys: 62, released: 37, consumed: 24 (MB)
scvg: 0 MB released
scvg: inuse: 18, idle: 43, sys: 62, released: 37, consumed: 24 (MB)
scvg: 0 MB released
scvg: inuse: 18, idle: 43, sys: 62, released: 37, consumed: 24 (MB)
scvg: 0 MB released
scvg: inuse: 18, idle: 43, sys: 62, released: 37, consumed: 24 (MB)
scvg: 0 MB released
scvg: inuse: 18, idle: 43, sys: 62, released: 37, consumed: 24 (MB)
scvg: 0 MB released
scvg: inuse: 18, idle: 43, sys: 62, released: 37, consumed: 24 (MB)
scvg: 0 MB released
scvg: inuse: 18, idle: 43, sys: 62, released: 37, consumed: 24 (MB)
scvg: 0 MB released
scvg: inuse: 18, idle: 43, sys: 62, released: 37, consumed: 24 (MB)
scvg: 0 MB released
scvg: inuse: 18, idle: 43, sys: 62, released: 37, consumed: 24 (MB)
scvg: 0 MB released
scvg: inuse: 18, idle: 43, sys: 62, released: 37, consumed: 24 (MB)
scvg: 0 MB released
scvg: inuse: 18, idle: 43, sys: 62, released: 37, consumed: 24 (MB)
scvg: 0 MB released
scvg: inuse: 18, idle: 43, sys: 62, released: 37, consumed: 24 (MB)
scvg: 0 MB released
scvg: inuse: 18, idle: 43, sys: 62, released: 37, consumed: 24 (MB)
scvg: 0 MB released
scvg: inuse: 18, idle: 43, sys: 62, released: 37, consumed: 24 (MB)
scvg: 0 MB released
scvg: inuse: 18, idle: 43, sys: 62, released: 37, consumed: 24 (MB)
scvg: 0 MB released
scvg: inuse: 18, idle: 43, sys: 62, released: 37, consumed: 24 (MB)
scvg: 0 MB released
scvg: inuse: 18, idle: 43, sys: 62, released: 37, consumed: 24 (MB)
scvg: 0 MB released
scvg: inuse: 18, idle: 43, sys: 62, released: 37, consumed: 24 (MB)
scvg: 0 MB released
scvg: inuse: 18, idle: 43, sys: 62, released: 37, consumed: 24 (MB)
scvg: 0 MB released
scvg: inuse: 18, idle: 43, sys: 62, released: 37, consumed: 24 (MB)
scvg: 0 MB released
scvg: inuse: 18, idle: 43, sys: 62, released: 37, consumed: 24 (MB)
scvg: 0 MB released
scvg: inuse: 18, idle: 43, sys: 62, released: 37, consumed: 24 (MB)
scvg: 0 MB released
scvg: inuse: 18, idle: 43, sys: 62, released: 37, consumed: 24 (MB)
scvg: 0 MB released
scvg: inuse: 18, idle: 43, sys: 62, released: 37, consumed: 24 (MB)
scvg: 0 MB released
scvg: inuse: 18, idle: 43, sys: 62, released: 37, consumed: 24 (MB)
scvg: 0 MB released
scvg: inuse: 18, idle: 43, sys: 62, released: 37, consumed: 24 (MB)
scvg: 0 MB released
scvg: inuse: 18, idle: 43, sys: 62, released: 37, consumed: 24 (MB)
scvg: 0 MB released
scvg: inuse: 18, idle: 43, sys: 62, released: 37, consumed: 24 (MB)
scvg: 0 MB released
scvg: inuse: 18, idle: 43, sys: 62, released: 37, consumed: 24 (MB)
scvg: 0 MB released
scvg: inuse: 18, idle: 43, sys: 62, released: 37, consumed: 24 (MB)
scvg: 0 MB released
scvg: inuse: 18, idle: 43, sys: 62, released: 37, consumed: 24 (MB)
scvg: 0 MB released
scvg: inuse: 18, idle: 43, sys: 62, released: 37, consumed: 24 (MB)
scvg: 0 MB released
scvg: inuse: 18, idle: 43, sys: 62, released: 37, consumed: 24 (MB)
scvg: 0 MB released
scvg: inuse: 18, idle: 43, sys: 62, released: 37, consumed: 24 (MB)
scvg: 0 MB released
scvg: inuse: 18, idle: 43, sys: 62, released: 37, consumed: 24 (MB)
scvg: 0 MB released
scvg: inuse: 18, idle: 43, sys: 62, released: 37, consumed: 24 (MB)
scvg: 0 MB released
scvg: inuse: 18, idle: 43, sys: 62, released: 37, consumed: 24 (MB)
scvg: 0 MB released
scvg: inuse: 18, idle: 43, sys: 62, released: 37, consumed: 24 (MB)
scvg: 0 MB released
scvg: inuse: 18, idle: 43, sys: 62, released: 37, consumed: 24 (MB)
scvg: 0 MB released
scvg: inuse: 18, idle: 43, sys: 62, released: 37, consumed: 24 (MB)
scvg: 0 MB released
scvg: inuse: 18, idle: 43, sys: 62, released: 37, consumed: 24 (MB)
scvg: 0 MB released
scvg: inuse: 18, idle: 43, sys: 62, released: 37, consumed: 24 (MB)
scvg: 0 MB released
scvg: inuse: 18, idle: 43, sys: 62, released: 37, consumed: 24 (MB)
scvg: 0 MB released
scvg: inuse: 18, idle: 43, sys: 62, released: 37, consumed: 24 (MB)
scvg: 0 MB released
scvg: inuse: 18, idle: 43, sys: 62, released: 37, consumed: 24 (MB)
scvg: 0 MB released
scvg: inuse: 18, idle: 43, sys: 62, released: 37, consumed: 24 (MB)
scvg: 0 MB released
scvg: inuse: 18, idle: 43, sys: 62, released: 37, consumed: 24 (MB)
scvg: 0 MB released
scvg: inuse: 18, idle: 43, sys: 62, released: 37, consumed: 24 (MB)
scvg: 0 MB released
scvg: inuse: 18, idle: 43, sys: 62, released: 37, consumed: 24 (MB)
scvg: 0 MB released
scvg: inuse: 18, idle: 43, sys: 62, released: 37, consumed: 24 (MB)
scvg: 0 MB released
scvg: inuse: 18, idle: 43, sys: 62, released: 37, consumed: 24 (MB)
scvg: 0 MB released
scvg: inuse: 18, idle: 43, sys: 62, released: 37, consumed: 24 (MB)
scvg: 0 MB released
scvg: inuse: 18, idle: 43, sys: 62, released: 37, consumed: 24 (MB)
scvg: 0 MB released
scvg: inuse: 18, idle: 43, sys: 62, released: 37, consumed: 24 (MB)
scvg: 0 MB released
scvg: inuse: 18, idle: 43, sys: 62, released: 37, consumed: 24 (MB)
scvg: 0 MB released
scvg: inuse: 18, idle: 43, sys: 62, released: 37, consumed: 24 (MB)
scvg: 0 MB released
scvg: inuse: 18, idle: 43, sys: 62, released: 37, consumed: 24 (MB)
scvg: 0 MB released
scvg: inuse: 18, idle: 43, sys: 62, released: 37, consumed: 24 (MB)
scvg: 0 MB released
scvg: inuse: 18, idle: 43, sys: 62, released: 37, consumed: 24 (MB)
scvg: 0 MB released
scvg: inuse: 18, idle: 43, sys: 62, released: 37, consumed: 24 (MB)
scvg: 0 MB released
scvg: inuse: 18, idle: 43, sys: 62, released: 37, consumed: 24 (MB)
scvg: 0 MB released
scvg: inuse: 18, idle: 43, sys: 62, released: 37, consumed: 24 (MB)
scvg: 0 MB released
scvg: inuse: 18, idle: 43, sys: 62, released: 37, consumed: 24 (MB)
scvg: 0 MB released
scvg: inuse: 18, idle: 43, sys: 62, released: 37, consumed: 24 (MB)
scvg: 0 MB released
scvg: inuse: 18, idle: 43, sys: 62, released: 37, consumed: 24 (MB)
scvg: 0 MB released
scvg: inuse: 18, idle: 43, sys: 62, released: 37, consumed: 24 (MB)
scvg: 0 MB released
scvg: inuse: 18, idle: 43, sys: 62, released: 37, consumed: 24 (MB)
scvg: 0 MB released
scvg: inuse: 18, idle: 43, sys: 62, released: 37, consumed: 24 (MB)
scvg: 0 MB released
scvg: inuse: 18, idle: 43, sys: 62, released: 37, consumed: 24 (MB)
scvg: 0 MB released
scvg: inuse: 18, idle: 43, sys: 62, released: 37, consumed: 24 (MB)
scvg: 0 MB released
scvg: inuse: 18, idle: 43, sys: 62, released: 37, consumed: 24 (MB)
scvg: 0 MB released
scvg: inuse: 18, idle: 43, sys: 62, released: 37, consumed: 24 (MB)
scvg: 0 MB released
scvg: inuse: 18, idle: 43, sys: 62, released: 37, consumed: 24 (MB)
scvg: 0 MB released
scvg: inuse: 18, idle: 43, sys: 62, released: 37, consumed: 24 (MB)
scvg: 0 MB released
scvg: inuse: 18, idle: 43, sys: 62, released: 37, consumed: 24 (MB)
scvg: 0 MB released
scvg: inuse: 18, idle: 43, sys: 62, released: 37, consumed: 24 (MB)
scvg: 0 MB released
scvg: inuse: 18, idle: 43, sys: 62, released: 37, consumed: 24 (MB)
scvg: 0 MB released
scvg: inuse: 18, idle: 43, sys: 62, released: 37, consumed: 24 (MB)
scvg: 0 MB released
scvg: inuse: 18, idle: 43, sys: 62, released: 37, consumed: 24 (MB)
scvg: 0 MB released
scvg: inuse: 18, idle: 43, sys: 62, released: 37, consumed: 24 (MB)
scvg: 0 MB released
scvg: inuse: 18, idle: 43, sys: 62, released: 37, consumed: 24 (MB)
scvg: 0 MB released
scvg: inuse: 18, idle: 43, sys: 62, released: 37, consumed: 24 (MB)
scvg: 0 MB released
scvg: inuse: 18, idle: 43, sys: 62, released: 37, consumed: 24 (MB)
scvg: 0 MB released
scvg: inuse: 18, idle: 43, sys: 62, released: 38, consumed: 24 (MB)
scvg: 0 MB released
scvg: inuse: 18, idle: 43, sys: 62, released: 38, consumed: 24 (MB)
scvg: 0 MB released
scvg: inuse: 18, idle: 43, sys: 62, released: 38, consumed: 24 (MB)
scvg: 0 MB released
scvg: inuse: 18, idle: 43, sys: 62, released: 38, consumed: 24 (MB)
scvg: 0 MB released
scvg: inuse: 18, idle: 43, sys: 62, released: 38, consumed: 24 (MB)
scvg: 0 MB released
scvg: inuse: 18, idle: 43, sys: 62, released: 38, consumed: 24 (MB)
scvg: 0 MB released
scvg: inuse: 18, idle: 43, sys: 62, released: 38, consumed: 24 (MB)
scvg: 0 MB released
scvg: inuse: 18, idle: 43, sys: 62, released: 38, consumed: 24 (MB)
scvg: 0 MB released
scvg: inuse: 18, idle: 43, sys: 62, released: 38, consumed: 24 (MB)
scvg: 0 MB released
scvg: inuse: 18, idle: 43, sys: 62, released: 38, consumed: 24 (MB)
scvg: 0 MB released
scvg: inuse: 18, idle: 43, sys: 62, released: 38, consumed: 24 (MB)
scvg: 0 MB released
scvg: inuse: 18, idle: 43, sys: 62, released: 38, consumed: 24 (MB)
scvg: 0 MB released
scvg: inuse: 18, idle: 43, sys: 62, released: 38, consumed: 24 (MB)
scvg: 0 MB released
scvg: inuse: 18, idle: 43, sys: 62, released: 38, consumed: 24 (MB)
scvg: 0 MB released
scvg: inuse: 18, idle: 43, sys: 62, released: 38, consumed: 24 (MB)
scvg: 0 MB released
scvg: inuse: 18, idle: 43, sys: 62, released: 38, consumed: 24 (MB)
scvg: 0 MB released
scvg: inuse: 18, idle: 43, sys: 62, released: 38, consumed: 24 (MB)
scvg: 0 MB released
scvg: inuse: 18, idle: 43, sys: 62, released: 38, consumed: 24 (MB)
scvg: 0 MB released
scvg: inuse: 18, idle: 43, sys: 62, released: 38, consumed: 24 (MB)
scvg: 0 MB released
scvg: inuse: 18, idle: 43, sys: 62, released: 38, consumed: 24 (MB)
scvg: 0 MB released
scvg: inuse: 18, idle: 43, sys: 62, released: 38, consumed: 24 (MB)
scvg: 0 MB released
scvg: inuse: 18, idle: 43, sys: 62, released: 38, consumed: 24 (MB)
scvg: 0 MB released
scvg: inuse: 18, idle: 43, sys: 62, released: 38, consumed: 24 (MB)
scvg: 0 MB released
scvg: inuse: 18, idle: 43, sys: 62, released: 38, consumed: 24 (MB)
scvg: 0 MB released
scvg: inuse: 18, idle: 43, sys: 62, released: 38, consumed: 24 (MB)
scvg: 0 MB released
scvg: inuse: 18, idle: 43, sys: 62, released: 38, consumed: 24 (MB)
scvg: 0 MB released
scvg: inuse: 18, idle: 43, sys: 62, released: 38, consumed: 24 (MB)
scvg: 0 MB released
scvg: inuse: 18, idle: 43, sys: 62, released: 38, consumed: 24 (MB)
scvg: 0 MB released
scvg: inuse: 18, idle: 43, sys: 62, released: 38, consumed: 24 (MB)
scvg: 0 MB released
scvg: inuse: 18, idle: 43, sys: 62, released: 38, consumed: 24 (MB)
scvg: 0 MB released
scvg: inuse: 18, idle: 43, sys: 62, released: 38, consumed: 24 (MB)
scvg: 0 MB released
scvg: inuse: 18, idle: 43, sys: 62, released: 38, consumed: 24 (MB)
scvg: 0 MB released
scvg: inuse: 18, idle: 43, sys: 62, released: 38, consumed: 24 (MB)
scvg: 0 MB released
scvg: inuse: 18, idle: 43, sys: 62, released: 38, consumed: 24 (MB)
scvg: 0 MB released
scvg: inuse: 18, idle: 43, sys: 62, released: 38, consumed: 24 (MB)
scvg: 0 MB released
scvg: inuse: 18, idle: 43, sys: 62, released: 38, consumed: 24 (MB)
scvg: 0 MB released
scvg: inuse: 18, idle: 43, sys: 62, released: 38, consumed: 24 (MB)
scvg: 0 MB released
scvg: inuse: 18, idle: 43, sys: 62, released: 38, consumed: 24 (MB)
scvg: 0 MB released
scvg: inuse: 18, idle: 43, sys: 62, released: 38, consumed: 24 (MB)
scvg: 0 MB released
scvg: inuse: 18, idle: 43, sys: 62, released: 38, consumed: 24 (MB)
scvg: 0 MB released
scvg: inuse: 18, idle: 43, sys: 62, released: 38, consumed: 24 (MB)
scvg: 0 MB released
scvg: inuse: 18, idle: 43, sys: 62, released: 38, consumed: 23 (MB)
scvg: 0 MB released
scvg: inuse: 18, idle: 43, sys: 62, released: 38, consumed: 23 (MB)
scvg: 0 MB released
scvg: inuse: 18, idle: 43, sys: 62, released: 38, consumed: 23 (MB)
scvg: 0 MB released
scvg: inuse: 18, idle: 43, sys: 62, released: 38, consumed: 23 (MB)
scvg: 0 MB released
scvg: inuse: 18, idle: 43, sys: 62, released: 38, consumed: 23 (MB)
scvg: 0 MB released
scvg: inuse: 18, idle: 43, sys: 62, released: 38, consumed: 23 (MB)
scvg: 0 MB released
scvg: inuse: 18, idle: 43, sys: 62, released: 38, consumed: 23 (MB)
scvg: 0 MB released
scvg: inuse: 18, idle: 43, sys: 62, released: 38, consumed: 23 (MB)
scvg: 0 MB released
scvg: inuse: 18, idle: 43, sys: 62, released: 38, consumed: 23 (MB)
scvg: 0 MB released
scvg: inuse: 18, idle: 43, sys: 62, released: 38, consumed: 23 (MB)
scvg: 0 MB released
scvg: inuse: 18, idle: 43, sys: 62, released: 38, consumed: 23 (MB)
scvg: 0 MB released
scvg: inuse: 18, idle: 43, sys: 62, released: 38, consumed: 23 (MB)
scvg: 0 MB released
scvg: inuse: 18, idle: 43, sys: 62, released: 38, consumed: 23 (MB)
scvg: 0 MB released
scvg: inuse: 18, idle: 43, sys: 62, released: 38, consumed: 23 (MB)
scvg: 0 MB released
scvg: inuse: 18, idle: 43, sys: 62, released: 38, consumed: 23 (MB)
scvg: 0 MB released
scvg: inuse: 18, idle: 43, sys: 62, released: 38, consumed: 23 (MB)
scvg: 0 MB released
scvg: inuse: 18, idle: 43, sys: 62, released: 38, consumed: 23 (MB)
scvg: 0 MB released
scvg: inuse: 18, idle: 43, sys: 62, released: 38, consumed: 23 (MB)
scvg: 0 MB released
scvg: inuse: 18, idle: 43, sys: 62, released: 38, consumed: 23 (MB)
scvg: 0 MB released
scvg: inuse: 18, idle: 43, sys: 62, released: 38, consumed: 23 (MB)
scvg: 0 MB released
scvg: inuse: 18, idle: 43, sys: 62, released: 38, consumed: 23 (MB)
scvg: 0 MB released
scvg: inuse: 18, idle: 43, sys: 62, released: 38, consumed: 23 (MB)
scvg: 0 MB released
scvg: inuse: 18, idle: 43, sys: 62, released: 38, consumed: 23 (MB)
scvg: 0 MB released
scvg: inuse: 18, idle: 43, sys: 62, released: 38, consumed: 23 (MB)
scvg: 0 MB released
scvg: inuse: 18, idle: 43, sys: 62, released: 38, consumed: 23 (MB)
scvg: 0 MB released
scvg: inuse: 18, idle: 43, sys: 62, released: 38, consumed: 23 (MB)
scvg: 0 MB released
scvg: inuse: 18, idle: 43, sys: 62, released: 38, consumed: 23 (MB)
scvg: 0 MB released
scvg: inuse: 18, idle: 43, sys: 62, released: 38, consumed: 23 (MB)
scvg: 0 MB released
scvg: inuse: 18, idle: 43, sys: 62, released: 38, consumed: 23 (MB)
scvg: 0 MB released
scvg: inuse: 18, idle: 43, sys: 62, released: 38, consumed: 23 (MB)
scvg: 0 MB released
scvg: inuse: 18, idle: 43, sys: 62, released: 38, consumed: 23 (MB)
scvg: 0 MB released
scvg: inuse: 18, idle: 43, sys: 62, released: 38, consumed: 23 (MB)
scvg: 0 MB released
scvg: inuse: 18, idle: 43, sys: 62, released: 38, consumed: 23 (MB)
scvg: 0 MB released
scvg: inuse: 18, idle: 43, sys: 62, released: 38, consumed: 23 (MB)
scvg: 0 MB released
scvg: inuse: 18, idle: 43, sys: 62, released: 38, consumed: 23 (MB)
scvg: 0 MB released
scvg: inuse: 18, idle: 43, sys: 62, released: 38, consumed: 23 (MB)
scvg: 0 MB released
scvg: inuse: 18, idle: 43, sys: 62, released: 38, consumed: 23 (MB)
scvg: 0 MB released
scvg: inuse: 18, idle: 43, sys: 62, released: 38, consumed: 23 (MB)
scvg: 0 MB released
scvg: inuse: 18, idle: 43, sys: 62, released: 38, consumed: 23 (MB)
scvg: 0 MB released
scvg: inuse: 18, idle: 43, sys: 62, released: 38, consumed: 23 (MB)
scvg: 0 MB released
scvg: inuse: 18, idle: 43, sys: 62, released: 38, consumed: 23 (MB)
scvg: 0 MB released
scvg: inuse: 18, idle: 43, sys: 62, released: 38, consumed: 23 (MB)
scvg: 0 MB released
scvg: inuse: 18, idle: 43, sys: 62, released: 38, consumed: 23 (MB)
scvg: 0 MB released
scvg: inuse: 18, idle: 43, sys: 62, released: 38, consumed: 23 (MB)
scvg: 0 MB released
scvg: inuse: 18, idle: 43, sys: 62, released: 38, consumed: 23 (MB)
scvg: 0 MB released
scvg: inuse: 18, idle: 43, sys: 62, released: 38, consumed: 23 (MB)
scvg: 0 MB released
scvg: inuse: 18, idle: 43, sys: 62, released: 38, consumed: 23 (MB)
scvg: 0 MB released
scvg: inuse: 18, idle: 43, sys: 62, released: 38, consumed: 23 (MB)
scvg: 0 MB released
scvg: inuse: 18, idle: 43, sys: 62, released: 38, consumed: 23 (MB)
scvg: 0 MB released
scvg: inuse: 18, idle: 43, sys: 62, released: 38, consumed: 23 (MB)
scvg: 0 MB released
scvg: inuse: 18, idle: 43, sys: 62, released: 38, consumed: 23 (MB)
scvg: 0 MB released
scvg: inuse: 18, idle: 43, sys: 62, released: 38, consumed: 23 (MB)
scvg: 0 MB released
scvg: inuse: 18, idle: 43, sys: 62, released: 38, consumed: 23 (MB)
scvg: 0 MB released
scvg: inuse: 18, idle: 43, sys: 62, released: 38, consumed: 23 (MB)
scvg: 0 MB released
scvg: inuse: 18, idle: 43, sys: 62, released: 38, consumed: 23 (MB)
GC forced
gc 670 @75149.941s 0%: 0.010+3.2+0.006 ms clock, 0.083+0/3.1/2.4+0.054 ms cpu, 21->21->15 MB, 31 MB goal, 8 P
GC forced
gc 671 @75269.952s 0%: 0.008+4.0+0.007 ms clock, 0.065+0/4.5/2.7+0.058 ms cpu, 23->23->15 MB, 31 MB goal, 8 P
GC forced
gc 672 @75390.005s 0%: 0.010+2.7+0.005 ms clock, 0.080+0/3.4/3.8+0.046 ms cpu, 23->23->15 MB, 31 MB goal, 8 P
GC forced
gc 673 @75510.014s 0%: 0.009+3.1+0.006 ms clock, 0.078+0/4.1/2.1+0.052 ms cpu, 20->20->15 MB, 31 MB goal, 8 P
scvg: 0 MB released
scvg: inuse: 20, idle: 42, sys: 62, released: 37, consumed: 24 (MB)
scvg: 0 MB released
scvg: inuse: 18, idle: 43, sys: 62, released: 37, consumed: 24 (MB)
scvg: 0 MB released
scvg: inuse: 18, idle: 43, sys: 62, released: 37, consumed: 24 (MB)
scvg: 0 MB released
scvg: inuse: 18, idle: 43, sys: 62, released: 37, consumed: 24 (MB)
scvg: 0 MB released
scvg: inuse: 18, idle: 43, sys: 62, released: 37, consumed: 24 (MB)
scvg: 0 MB released
scvg: inuse: 18, idle: 43, sys: 62, released: 37, consumed: 24 (MB)
scvg: 0 MB released
scvg: inuse: 18, idle: 43, sys: 62, released: 37, consumed: 24 (MB)
scvg: 0 MB released
scvg: inuse: 18, idle: 43, sys: 62, released: 37, consumed: 24 (MB)
scvg: 0 MB released
scvg: inuse: 18, idle: 43, sys: 62, released: 37, consumed: 24 (MB)
scvg: 0 MB released
scvg: inuse: 18, idle: 43, sys: 62, released: 37, consumed: 24 (MB)
scvg: 0 MB released
scvg: inuse: 18, idle: 43, sys: 62, released: 37, consumed: 24 (MB)
scvg: 0 MB released
scvg: inuse: 18, idle: 43, sys: 62, released: 37, consumed: 24 (MB)
scvg: 0 MB released
scvg: inuse: 18, idle: 43, sys: 62, released: 37, consumed: 24 (MB)
scvg: 0 MB released
scvg: inuse: 18, idle: 43, sys: 62, released: 37, consumed: 24 (MB)
scvg: 0 MB released
scvg: inuse: 18, idle: 43, sys: 62, released: 37, consumed: 24 (MB)
scvg: 0 MB released
scvg: inuse: 18, idle: 43, sys: 62, released: 37, consumed: 24 (MB)
scvg: 0 MB released
scvg: inuse: 18, idle: 43, sys: 62, released: 37, consumed: 24 (MB)
scvg: 0 MB released
scvg: inuse: 18, idle: 43, sys: 62, released: 37, consumed: 24 (MB)
scvg: 0 MB released
scvg: inuse: 18, idle: 43, sys: 62, released: 37, consumed: 24 (MB)
scvg: 0 MB released
scvg: inuse: 18, idle: 43, sys: 62, released: 37, consumed: 24 (MB)
scvg: 0 MB released
scvg: inuse: 18, idle: 43, sys: 62, released: 37, consumed: 24 (MB)
scvg: 0 MB released
scvg: inuse: 18, idle: 43, sys: 62, released: 37, consumed: 24 (MB)
scvg: 0 MB released
scvg: inuse: 18, idle: 43, sys: 62, released: 37, consumed: 24 (MB)
scvg: 0 MB released
scvg: inuse: 18, idle: 43, sys: 62, released: 37, consumed: 24 (MB)
scvg: 0 MB released
scvg: inuse: 18, idle: 43, sys: 62, released: 37, consumed: 24 (MB)
scvg: 0 MB released
scvg: inuse: 18, idle: 43, sys: 62, released: 37, consumed: 24 (MB)
scvg: 0 MB released
scvg: inuse: 18, idle: 43, sys: 62, released: 37, consumed: 24 (MB)
scvg: 0 MB released
scvg: inuse: 18, idle: 43, sys: 62, released: 37, consumed: 24 (MB)
scvg: 0 MB released
scvg: inuse: 18, idle: 43, sys: 62, released: 37, consumed: 24 (MB)
scvg: 0 MB released
scvg: inuse: 18, idle: 43, sys: 62, released: 37, consumed: 24 (MB)
scvg: 0 MB released
scvg: inuse: 18, idle: 43, sys: 62, released: 37, consumed: 24 (MB)
scvg: 0 MB released
scvg: inuse: 18, idle: 43, sys: 62, released: 37, consumed: 24 (MB)
scvg: 0 MB released
scvg: inuse: 18, idle: 43, sys: 62, released: 37, consumed: 24 (MB)
scvg: 0 MB released
scvg: inuse: 18, idle: 43, sys: 62, released: 37, consumed: 24 (MB)
scvg: 0 MB released
scvg: inuse: 18, idle: 43, sys: 62, released: 37, consumed: 24 (MB)
scvg: 0 MB released
scvg: inuse: 18, idle: 43, sys: 62, released: 37, consumed: 24 (MB)
scvg: 0 MB released
scvg: inuse: 18, idle: 43, sys: 62, released: 37, consumed: 24 (MB)
scvg: 0 MB released
scvg: inuse: 18, idle: 43, sys: 62, released: 37, consumed: 24 (MB)
scvg: 0 MB released
scvg: inuse: 18, idle: 43, sys: 62, released: 37, consumed: 24 (MB)
scvg: 0 MB released
scvg: inuse: 18, idle: 43, sys: 62, released: 37, consumed: 24 (MB)
scvg: 0 MB released
scvg: inuse: 18, idle: 43, sys: 62, released: 37, consumed: 24 (MB)
scvg: 0 MB released
scvg: inuse: 18, idle: 43, sys: 62, released: 37, consumed: 24 (MB)
scvg: 0 MB released
scvg: inuse: 18, idle: 43, sys: 62, released: 37, consumed: 24 (MB)
scvg: 0 MB released
scvg: inuse: 18, idle: 43, sys: 62, released: 37, consumed: 24 (MB)
scvg: 0 MB released
scvg: inuse: 18, idle: 43, sys: 62, released: 37, consumed: 24 (MB)
scvg: 0 MB released
scvg: inuse: 18, idle: 43, sys: 62, released: 37, consumed: 24 (MB)
scvg: 0 MB released
scvg: inuse: 18, idle: 43, sys: 62, released: 37, consumed: 24 (MB)
scvg: 0 MB released
scvg: inuse: 18, idle: 43, sys: 62, released: 37, consumed: 24 (MB)
scvg: 0 MB released
scvg: inuse: 18, idle: 43, sys: 62, released: 37, consumed: 24 (MB)
scvg: 0 MB released
scvg: inuse: 18, idle: 43, sys: 62, released: 37, consumed: 24 (MB)
scvg: 0 MB released
scvg: inuse: 18, idle: 43, sys: 62, released: 37, consumed: 24 (MB)
scvg: 0 MB released
scvg: inuse: 18, idle: 43, sys: 62, released: 37, consumed: 24 (MB)
scvg: 0 MB released
scvg: inuse: 18, idle: 43, sys: 62, released: 37, consumed: 24 (MB)
scvg: 0 MB released
scvg: inuse: 18, idle: 43, sys: 62, released: 38, consumed: 24 (MB)
scvg: 0 MB released
scvg: inuse: 18, idle: 43, sys: 62, released: 38, consumed: 24 (MB)
scvg: 0 MB released
scvg: inuse: 18, idle: 43, sys: 62, released: 38, consumed: 24 (MB)
scvg: 0 MB released
scvg: inuse: 18, idle: 43, sys: 62, released: 38, consumed: 24 (MB)
scvg: 0 MB released
scvg: inuse: 18, idle: 43, sys: 62, released: 38, consumed: 24 (MB)
scvg: 0 MB released
scvg: inuse: 18, idle: 43, sys: 62, released: 38, consumed: 24 (MB)
scvg: 0 MB released
scvg: inuse: 18, idle: 43, sys: 62, released: 38, consumed: 24 (MB)
scvg: 0 MB released
scvg: inuse: 18, idle: 43, sys: 62, released: 38, consumed: 24 (MB)
scvg: 0 MB released
scvg: inuse: 18, idle: 43, sys: 62, released: 38, consumed: 24 (MB)
scvg: 0 MB released
scvg: inuse: 18, idle: 43, sys: 62, released: 38, consumed: 24 (MB)
scvg: 0 MB released
scvg: inuse: 18, idle: 43, sys: 62, released: 38, consumed: 24 (MB)
scvg: 0 MB released
scvg: inuse: 18, idle: 43, sys: 62, released: 38, consumed: 24 (MB)
scvg: 0 MB released
scvg: inuse: 18, idle: 43, sys: 62, released: 38, consumed: 24 (MB)
scvg: 0 MB released
scvg: inuse: 18, idle: 43, sys: 62, released: 38, consumed: 24 (MB)
scvg: 0 MB released
scvg: inuse: 18, idle: 43, sys: 62, released: 38, consumed: 24 (MB)
scvg: 0 MB released
scvg: inuse: 18, idle: 43, sys: 62, released: 38, consumed: 24 (MB)
scvg: 0 MB released
scvg: inuse: 18, idle: 43, sys: 62, released: 38, consumed: 24 (MB)
scvg: 0 MB released
scvg: inuse: 18, idle: 43, sys: 62, released: 38, consumed: 24 (MB)
scvg: 0 MB released
scvg: inuse: 18, idle: 43, sys: 62, released: 38, consumed: 24 (MB)
scvg: 0 MB released
scvg: inuse: 18, idle: 43, sys: 62, released: 38, consumed: 24 (MB)
scvg: 0 MB released
scvg: inuse: 18, idle: 43, sys: 62, released: 38, consumed: 24 (MB)
scvg: 0 MB released
scvg: inuse: 18, idle: 43, sys: 62, released: 38, consumed: 24 (MB)
scvg: 0 MB released
scvg: inuse: 18, idle: 43, sys: 62, released: 38, consumed: 24 (MB)
scvg: 0 MB released
scvg: inuse: 18, idle: 43, sys: 62, released: 38, consumed: 24 (MB)
scvg: 0 MB released
scvg: inuse: 18, idle: 43, sys: 62, released: 38, consumed: 24 (MB)
scvg: 0 MB released
scvg: inuse: 18, idle: 43, sys: 62, released: 38, consumed: 24 (MB)
scvg: 0 MB released
scvg: inuse: 18, idle: 43, sys: 62, released: 38, consumed: 24 (MB)
scvg: 0 MB released
scvg: inuse: 18, idle: 43, sys: 62, released: 38, consumed: 24 (MB)
scvg: 0 MB released
scvg: inuse: 18, idle: 43, sys: 62, released: 38, consumed: 24 (MB)
scvg: 0 MB released
scvg: inuse: 18, idle: 43, sys: 62, released: 38, consumed: 24 (MB)
scvg: 0 MB released
scvg: inuse: 18, idle: 43, sys: 62, released: 38, consumed: 24 (MB)
scvg: 0 MB released
scvg: inuse: 18, idle: 43, sys: 62, released: 38, consumed: 24 (MB)
scvg: 0 MB released
scvg: inuse: 18, idle: 43, sys: 62, released: 38, consumed: 24 (MB)
scvg: 0 MB released
scvg: inuse: 18, idle: 43, sys: 62, released: 38, consumed: 24 (MB)
scvg: 0 MB released
scvg: inuse: 18, idle: 43, sys: 62, released: 38, consumed: 24 (MB)
scvg: 0 MB released
scvg: inuse: 18, idle: 43, sys: 62, released: 38, consumed: 24 (MB)
scvg: 0 MB released
scvg: inuse: 18, idle: 43, sys: 62, released: 38, consumed: 24 (MB)
scvg: 0 MB released
scvg: inuse: 18, idle: 43, sys: 62, released: 38, consumed: 23 (MB)
scvg: 0 MB released
scvg: inuse: 18, idle: 43, sys: 62, released: 38, consumed: 23 (MB)
scvg: 0 MB released
scvg: inuse: 18, idle: 43, sys: 62, released: 38, consumed: 23 (MB)
scvg: 0 MB released
scvg: inuse: 18, idle: 43, sys: 62, released: 38, consumed: 23 (MB)
scvg: 0 MB released
scvg: inuse: 18, idle: 43, sys: 62, released: 38, consumed: 23 (MB)
scvg: 0 MB released
scvg: inuse: 18, idle: 43, sys: 62, released: 38, consumed: 23 (MB)
scvg: 0 MB released
scvg: inuse: 18, idle: 43, sys: 62, released: 38, consumed: 23 (MB)
scvg: 0 MB released
scvg: inuse: 18, idle: 43, sys: 62, released: 38, consumed: 23 (MB)
scvg: 0 MB released
scvg: inuse: 18, idle: 43, sys: 62, released: 38, consumed: 23 (MB)
scvg: 0 MB released
scvg: inuse: 18, idle: 43, sys: 62, released: 38, consumed: 23 (MB)
scvg: 0 MB released
scvg: inuse: 18, idle: 43, sys: 62, released: 38, consumed: 23 (MB)
scvg: 0 MB released
scvg: inuse: 18, idle: 43, sys: 62, released: 38, consumed: 23 (MB)
scvg: 0 MB released
scvg: inuse: 18, idle: 43, sys: 62, released: 38, consumed: 23 (MB)
scvg: 0 MB released
scvg: inuse: 18, idle: 43, sys: 62, released: 38, consumed: 23 (MB)
scvg: 0 MB released
scvg: inuse: 18, idle: 43, sys: 62, released: 38, consumed: 23 (MB)
scvg: 0 MB released
scvg: inuse: 18, idle: 43, sys: 62, released: 38, consumed: 23 (MB)
scvg: 0 MB released
scvg: inuse: 18, idle: 43, sys: 62, released: 38, consumed: 23 (MB)
scvg: 0 MB released
scvg: inuse: 18, idle: 43, sys: 62, released: 38, consumed: 23 (MB)
scvg: 0 MB released
scvg: inuse: 18, idle: 43, sys: 62, released: 38, consumed: 23 (MB)
scvg: 0 MB released
scvg: inuse: 18, idle: 43, sys: 62, released: 38, consumed: 23 (MB)
scvg: 0 MB released
scvg: inuse: 18, idle: 43, sys: 62, released: 38, consumed: 23 (MB)
scvg: 0 MB released
scvg: inuse: 18, idle: 43, sys: 62, released: 38, consumed: 23 (MB)
scvg: 0 MB released
scvg: inuse: 18, idle: 43, sys: 62, released: 38, consumed: 23 (MB)
scvg: 0 MB released
scvg: inuse: 18, idle: 43, sys: 62, released: 38, consumed: 23 (MB)
scvg: 0 MB released
scvg: inuse: 18, idle: 43, sys: 62, released: 38, consumed: 23 (MB)
scvg: 0 MB released
scvg: inuse: 18, idle: 43, sys: 62, released: 38, consumed: 23 (MB)
scvg: 0 MB released
scvg: inuse: 18, idle: 43, sys: 62, released: 38, consumed: 23 (MB)
scvg: 0 MB released
scvg: inuse: 18, idle: 43, sys: 62, released: 38, consumed: 23 (MB)
scvg: 0 MB released
scvg: inuse: 18, idle: 43, sys: 62, released: 38, consumed: 23 (MB)
scvg: 0 MB released
scvg: inuse: 18, idle: 43, sys: 62, released: 38, consumed: 23 (MB)
scvg: 0 MB released
scvg: inuse: 18, idle: 43, sys: 62, released: 38, consumed: 23 (MB)
scvg: 0 MB released
scvg: inuse: 18, idle: 43, sys: 62, released: 38, consumed: 23 (MB)
scvg: 0 MB released
scvg: inuse: 18, idle: 43, sys: 62, released: 38, consumed: 23 (MB)
scvg: 0 MB released
scvg: inuse: 18, idle: 43, sys: 62, released: 38, consumed: 23 (MB)
scvg: 0 MB released
scvg: inuse: 18, idle: 43, sys: 62, released: 38, consumed: 23 (MB)
scvg: 0 MB released
scvg: inuse: 18, idle: 43, sys: 62, released: 38, consumed: 23 (MB)
scvg: 0 MB released
scvg: inuse: 18, idle: 43, sys: 62, released: 38, consumed: 23 (MB)
scvg: 0 MB released
scvg: inuse: 18, idle: 43, sys: 62, released: 38, consumed: 23 (MB)
scvg: 0 MB released
scvg: inuse: 18, idle: 43, sys: 62, released: 38, consumed: 23 (MB)
scvg: 0 MB released
scvg: inuse: 18, idle: 43, sys: 62, released: 38, consumed: 23 (MB)
scvg: 0 MB released
scvg: inuse: 18, idle: 43, sys: 62, released: 38, consumed: 23 (MB)
scvg: 0 MB released
scvg: inuse: 18, idle: 43, sys: 62, released: 38, consumed: 23 (MB)
scvg: 0 MB released
scvg: inuse: 18, idle: 43, sys: 62, released: 38, consumed: 23 (MB)
scvg: 0 MB released
scvg: inuse: 18, idle: 43, sys: 62, released: 38, consumed: 23 (MB)
scvg: 0 MB released
scvg: inuse: 18, idle: 43, sys: 62, released: 38, consumed: 23 (MB)
scvg: 0 MB released
scvg: inuse: 18, idle: 43, sys: 62, released: 38, consumed: 23 (MB)
scvg: 0 MB released
scvg: inuse: 18, idle: 43, sys: 62, released: 38, consumed: 23 (MB)
scvg: 0 MB released
scvg: inuse: 18, idle: 43, sys: 62, released: 38, consumed: 23 (MB)
scvg: 0 MB released
scvg: inuse: 18, idle: 43, sys: 62, released: 38, consumed: 23 (MB)
scvg: 0 MB released
scvg: inuse: 18, idle: 43, sys: 62, released: 38, consumed: 23 (MB)
scvg: 0 MB released
scvg: inuse: 18, idle: 43, sys: 62, released: 38, consumed: 23 (MB)
scvg: 0 MB released
scvg: inuse: 18, idle: 43, sys: 62, released: 38, consumed: 23 (MB)
scvg: 0 MB released
scvg: inuse: 18, idle: 43, sys: 62, released: 38, consumed: 23 (MB)
scvg: 0 MB released
scvg: inuse: 18, idle: 43, sys: 62, released: 38, consumed: 23 (MB)
scvg: 0 MB released
scvg: inuse: 18, idle: 43, sys: 62, released: 38, consumed: 23 (MB)
scvg: 0 MB released
scvg: inuse: 18, idle: 43, sys: 62, released: 38, consumed: 23 (MB)
scvg: 0 MB released
scvg: inuse: 18, idle: 43, sys: 62, released: 38, consumed: 23 (MB)
scvg: 0 MB released
scvg: inuse: 18, idle: 43, sys: 62, released: 38, consumed: 23 (MB)
GC forced
gc 674 @75630.041s 0%: 0.009+3.0+0.006 ms clock, 0.075+0/1.8/6.5+0.052 ms cpu, 20->20->15 MB, 31 MB goal, 8 P
scvg: 0 MB released
scvg: inuse: 19, idle: 42, sys: 62, released: 38, consumed: 23 (MB)
scvg: 0 MB released
scvg: inuse: 18, idle: 43, sys: 62, released: 38, consumed: 23 (MB)
scvg: 0 MB released
scvg: inuse: 18, idle: 43, sys: 62, released: 38, consumed: 23 (MB)
scvg: 0 MB released
scvg: inuse: 18, idle: 43, sys: 62, released: 38, consumed: 23 (MB)
scvg: 0 MB released
scvg: inuse: 18, idle: 43, sys: 62, released: 38, consumed: 23 (MB)
scvg: 0 MB released
scvg: inuse: 18, idle: 43, sys: 62, released: 38, consumed: 23 (MB)
scvg: 0 MB released
scvg: inuse: 18, idle: 43, sys: 62, released: 38, consumed: 23 (MB)
scvg: 0 MB released
scvg: inuse: 18, idle: 43, sys: 62, released: 38, consumed: 23 (MB)
scvg: 0 MB released
scvg: inuse: 18, idle: 43, sys: 62, released: 38, consumed: 23 (MB)
scvg: 0 MB released
scvg: inuse: 18, idle: 43, sys: 62, released: 38, consumed: 23 (MB)
scvg: 0 MB released
scvg: inuse: 18, idle: 43, sys: 62, released: 38, consumed: 23 (MB)
scvg: 0 MB released
scvg: inuse: 18, idle: 43, sys: 62, released: 38, consumed: 23 (MB)
scvg: 0 MB released
scvg: inuse: 18, idle: 43, sys: 62, released: 38, consumed: 23 (MB)
scvg: 0 MB released
scvg: inuse: 18, idle: 43, sys: 62, released: 38, consumed: 23 (MB)
scvg: 0 MB released
scvg: inuse: 18, idle: 43, sys: 62, released: 38, consumed: 23 (MB)
scvg: 0 MB released
scvg: inuse: 18, idle: 43, sys: 62, released: 38, consumed: 23 (MB)
scvg: 0 MB released
scvg: inuse: 18, idle: 43, sys: 62, released: 38, consumed: 23 (MB)
scvg: 0 MB released
scvg: inuse: 18, idle: 43, sys: 62, released: 38, consumed: 23 (MB)
scvg: 0 MB released
scvg: inuse: 18, idle: 43, sys: 62, released: 38, consumed: 23 (MB)
scvg: 0 MB released
scvg: inuse: 18, idle: 43, sys: 62, released: 38, consumed: 23 (MB)
scvg: 0 MB released
scvg: inuse: 18, idle: 43, sys: 62, released: 38, consumed: 23 (MB)
scvg: 0 MB released
scvg: inuse: 18, idle: 43, sys: 62, released: 38, consumed: 23 (MB)
scvg: 0 MB released
scvg: inuse: 18, idle: 43, sys: 62, released: 38, consumed: 23 (MB)
scvg: 0 MB released
scvg: inuse: 18, idle: 43, sys: 62, released: 38, consumed: 23 (MB)
scvg: 0 MB released
scvg: inuse: 18, idle: 43, sys: 62, released: 38, consumed: 23 (MB)
scvg: 0 MB released
scvg: inuse: 18, idle: 43, sys: 62, released: 38, consumed: 23 (MB)
scvg: 0 MB released
scvg: inuse: 18, idle: 43, sys: 62, released: 38, consumed: 23 (MB)
scvg: 0 MB released
scvg: inuse: 18, idle: 43, sys: 62, released: 38, consumed: 23 (MB)
scvg: 0 MB released
scvg: inuse: 18, idle: 43, sys: 62, released: 38, consumed: 23 (MB)
scvg: 0 MB released
scvg: inuse: 18, idle: 43, sys: 62, released: 39, consumed: 23 (MB)
scvg: 0 MB released
scvg: inuse: 18, idle: 43, sys: 62, released: 39, consumed: 23 (MB)
scvg: 0 MB released
scvg: inuse: 18, idle: 43, sys: 62, released: 39, consumed: 23 (MB)
scvg: 0 MB released
scvg: inuse: 18, idle: 43, sys: 62, released: 39, consumed: 23 (MB)
scvg: 0 MB released
scvg: inuse: 18, idle: 43, sys: 62, released: 39, consumed: 23 (MB)
scvg: 0 MB released
scvg: inuse: 18, idle: 43, sys: 62, released: 39, consumed: 23 (MB)
scvg: 0 MB released
scvg: inuse: 18, idle: 43, sys: 62, released: 39, consumed: 23 (MB)
scvg: 0 MB released
scvg: inuse: 18, idle: 43, sys: 62, released: 39, consumed: 23 (MB)
scvg: 0 MB released
scvg: inuse: 18, idle: 43, sys: 62, released: 39, consumed: 23 (MB)
scvg: 0 MB released
scvg: inuse: 18, idle: 43, sys: 62, released: 39, consumed: 23 (MB)
scvg: 0 MB released
scvg: inuse: 18, idle: 43, sys: 62, released: 39, consumed: 23 (MB)
scvg: 0 MB released
scvg: inuse: 18, idle: 43, sys: 62, released: 39, consumed: 23 (MB)
scvg: 0 MB released
scvg: inuse: 18, idle: 43, sys: 62, released: 39, consumed: 23 (MB)
scvg: 0 MB released
scvg: inuse: 18, idle: 43, sys: 62, released: 39, consumed: 23 (MB)
scvg: 0 MB released
scvg: inuse: 18, idle: 43, sys: 62, released: 39, consumed: 23 (MB)
scvg: 0 MB released
scvg: inuse: 18, idle: 43, sys: 62, released: 39, consumed: 23 (MB)
scvg: 0 MB released
scvg: inuse: 18, idle: 43, sys: 62, released: 39, consumed: 23 (MB)
scvg: 0 MB released
scvg: inuse: 18, idle: 43, sys: 62, released: 39, consumed: 23 (MB)
scvg: 0 MB released
scvg: inuse: 18, idle: 43, sys: 62, released: 39, consumed: 23 (MB)
scvg: 0 MB released
scvg: inuse: 18, idle: 43, sys: 62, released: 39, consumed: 23 (MB)
scvg: 0 MB released
scvg: inuse: 18, idle: 43, sys: 62, released: 39, consumed: 23 (MB)
scvg: 0 MB released
scvg: inuse: 18, idle: 43, sys: 62, released: 39, consumed: 23 (MB)
GC forced
gc 675 @75750.054s 0%: 0.010+2.8+0.006 ms clock, 0.083+0/3.9/2.3+0.051 ms cpu, 20->20->15 MB, 31 MB goal, 8 P
GC forced
gc 676 @75870.122s 0%: 0.008+3.4+0.008 ms clock, 0.068+0/3.9/2.7+0.070 ms cpu, 20->20->15 MB, 31 MB goal, 8 P
GC forced
gc 677 @75990.141s 0%: 0.013+3.8+0.007 ms clock, 0.10+0/4.7/7.7+0.057 ms cpu, 21->21->15 MB, 31 MB goal, 8 P
gc 678 @76024.890s 0%: 0.006+4.3+0.007 ms clock, 0.054+0.31/5.1/7.6+0.062 ms cpu, 30->30->16 MB, 31 MB goal, 8 P
gc 679 @76028.205s 0%: 0.006+3.2+0.016 ms clock, 0.054+2.8/3.3/2.8+0.13 ms cpu, 31->31->16 MB, 32 MB goal, 8 P
gc 680 @76031.535s 0%: 0.058+2.3+0.005 ms clock, 0.46+1.3/4.3/4.6+0.043 ms cpu, 31->31->16 MB, 32 MB goal, 8 P
gc 681 @76034.711s 0%: 0.006+2.8+0.009 ms clock, 0.050+0.25/4.3/3.7+0.075 ms cpu, 31->31->16 MB, 32 MB goal, 8 P
gc 682 @76037.775s 0%: 0.052+2.5+0.007 ms clock, 0.41+0.21/3.9/4.6+0.059 ms cpu, 31->31->16 MB, 32 MB goal, 8 P
gc 683 @76040.938s 0%: 0.006+4.7+0.007 ms clock, 0.051+0.26/7.4/0.43+0.061 ms cpu, 31->31->16 MB, 32 MB goal, 8 P
gc 684 @76044.095s 0%: 0.028+3.0+0.007 ms clock, 0.22+0.22/4.5/3.0+0.056 ms cpu, 31->31->16 MB, 32 MB goal, 8 P
gc 685 @76047.157s 0%: 0.006+3.0+0.008 ms clock, 0.053+0.24/3.8/4.5+0.064 ms cpu, 31->31->16 MB, 32 MB goal, 8 P
gc 686 @76050.213s 0%: 0.005+1.9+0.006 ms clock, 0.042+0.25/2.6/6.7+0.052 ms cpu, 31->31->16 MB, 32 MB goal, 8 P
gc 687 @76053.269s 0%: 0.019+4.8+0.010 ms clock, 0.15+0.51/6.1/2.2+0.085 ms cpu, 31->31->16 MB, 32 MB goal, 8 P
gc 688 @76056.382s 0%: 0.006+4.9+0.006 ms clock, 0.049+0.10/6.0/3.4+0.049 ms cpu, 31->31->16 MB, 32 MB goal, 8 P
gc 689 @76059.436s 0%: 0.040+3.2+0.006 ms clock, 0.32+0.073/4.7/1.5+0.050 ms cpu, 31->31->16 MB, 32 MB goal, 8 P
gc 690 @76062.445s 0%: 0.006+2.9+0.012 ms clock, 0.053+0.44/4.0/2.3+0.10 ms cpu, 31->31->15 MB, 32 MB goal, 8 P
gc 691 @76065.495s 0%: 0.025+2.4+0.006 ms clock, 0.20+0.69/4.0/5.9+0.053 ms cpu, 31->31->15 MB, 32 MB goal, 8 P
gc 692 @76068.445s 0%: 0.010+2.9+0.013 ms clock, 0.080+0.39/3.5/4.6+0.11 ms cpu, 31->31->16 MB, 32 MB goal, 8 P
gc 693 @76071.367s 0%: 0.007+2.5+0.012 ms clock, 0.056+1.3/3.9/3.6+0.098 ms cpu, 31->31->16 MB, 32 MB goal, 8 P
gc 694 @76074.389s 0%: 0.007+2.7+0.014 ms clock, 0.061+0.36/3.8/6.2+0.11 ms cpu, 31->31->15 MB, 32 MB goal, 8 P
gc 695 @76077.326s 0%: 0.022+1.9+0.021 ms clock, 0.18+1.2/2.1/6.2+0.17 ms cpu, 31->31->16 MB, 32 MB goal, 8 P
gc 696 @76080.330s 0%: 0.006+2.6+0.006 ms clock, 0.055+0.070/3.8/5.5+0.055 ms cpu, 31->31->16 MB, 32 MB goal, 8 P
gc 697 @76087.415s 0%: 0.017+3.9+0.013 ms clock, 0.13+0.16/3.2/3.6+0.10 ms cpu, 31->31->16 MB, 32 MB goal, 8 P
gc 698 @76090.412s 0%: 0.027+2.9+0.006 ms clock, 0.22+1.1/4.2/2.5+0.049 ms cpu, 31->31->16 MB, 32 MB goal, 8 P
gc 699 @76093.422s 0%: 0.006+3.1+0.007 ms clock, 0.052+0.36/4.1/4.6+0.060 ms cpu, 31->31->16 MB, 32 MB goal, 8 P
gc 700 @76096.374s 0%: 0.008+5.5+0.006 ms clock, 0.064+0.95/6.6/3.0+0.054 ms cpu, 31->31->16 MB, 32 MB goal, 8 P
gc 701 @76099.322s 0%: 0.020+4.6+0.005 ms clock, 0.16+0.24/5.8/1.7+0.045 ms cpu, 31->31->16 MB, 32 MB goal, 8 P
gc 702 @76102.303s 0%: 0.058+3.7+0.013 ms clock, 0.46+0.22/5.1/1.8+0.10 ms cpu, 31->31->15 MB, 32 MB goal, 8 P
gc 703 @76105.183s 0%: 0.073+2.0+0.006 ms clock, 0.58+0.54/3.1/4.8+0.049 ms cpu, 31->31->16 MB, 32 MB goal, 8 P
gc 704 @76108.174s 0%: 0.006+2.9+0.005 ms clock, 0.048+2.0/1.8/7.2+0.046 ms cpu, 31->31->15 MB, 32 MB goal, 8 P
gc 705 @76111.083s 0%: 0.007+5.6+0.008 ms clock, 0.057+0.13/7.8/1.4+0.064 ms cpu, 31->31->16 MB, 32 MB goal, 8 P
gc 706 @76114.023s 0%: 0.022+2.8+0.005 ms clock, 0.18+0.78/4.7/3.7+0.047 ms cpu, 31->31->15 MB, 32 MB goal, 8 P
gc 707 @76117.003s 0%: 0.057+3.0+0.006 ms clock, 0.45+0.22/4.3/3.7+0.052 ms cpu, 31->31->16 MB, 32 MB goal, 8 P
gc 708 @76119.906s 0%: 0.006+3.3+0.006 ms clock, 0.051+0.97/4.8/3.0+0.049 ms cpu, 31->31->16 MB, 32 MB goal, 8 P
gc 709 @76122.888s 0%: 0.037+2.0+0.005 ms clock, 0.29+1.2/2.8/4.0+0.045 ms cpu, 31->31->15 MB, 32 MB goal, 8 P
gc 710 @76125.864s 0%: 0.011+3.4+0.006 ms clock, 0.093+0.26/3.7/5.9+0.050 ms cpu, 31->31->16 MB, 32 MB goal, 8 P
gc 711 @76128.808s 0%: 0.005+3.3+0.006 ms clock, 0.046+0.19/4.3/4.1+0.052 ms cpu, 31->31->15 MB, 32 MB goal, 8 P
gc 712 @76131.772s 0%: 0.073+2.9+0.008 ms clock, 0.58+0.18/3.3/4.9+0.066 ms cpu, 31->31->16 MB, 32 MB goal, 8 P
gc 713 @76134.710s 0%: 0.007+3.2+0.008 ms clock, 0.056+0.34/5.0/1.5+0.066 ms cpu, 31->31->16 MB, 32 MB goal, 8 P
gc 714 @76137.673s 0%: 0.018+5.6+0.005 ms clock, 0.14+0.47/6.1/1.1+0.044 ms cpu, 31->31->15 MB, 32 MB goal, 8 P
gc 715 @76140.564s 0%: 0.007+3.4+0.006 ms clock, 0.058+0/4.8/3.5+0.049 ms cpu, 31->31->16 MB, 32 MB goal, 8 P
gc 716 @76143.537s 0%: 0.039+3.3+0.006 ms clock, 0.31+0.63/4.7/2.2+0.054 ms cpu, 31->31->16 MB, 32 MB goal, 8 P
gc 717 @76255.317s 0%: 0.11+4.4+0.016 ms clock, 0.95+0.32/8.1/0.48+0.13 ms cpu, 31->31->16 MB, 32 MB goal, 8 P
GC forced
gc 718 @76375.324s 0%: 0.010+2.8+0.006 ms clock, 0.082+0/4.3/4.2+0.052 ms cpu, 20->20->15 MB, 32 MB goal, 8 P
scvg: 0 MB released
scvg: inuse: 20, idle: 41, sys: 62, released: 29, consumed: 32 (MB)
scvg: 0 MB released
scvg: inuse: 18, idle: 43, sys: 62, released: 29, consumed: 32 (MB)
scvg: 0 MB released
scvg: inuse: 18, idle: 43, sys: 62, released: 29, consumed: 32 (MB)
scvg: 0 MB released
scvg: inuse: 18, idle: 43, sys: 62, released: 29, consumed: 32 (MB)
scvg: 0 MB released
scvg: inuse: 18, idle: 43, sys: 62, released: 29, consumed: 32 (MB)
scvg: 0 MB released
scvg: inuse: 18, idle: 43, sys: 62, released: 29, consumed: 32 (MB)
scvg: 0 MB released
scvg: inuse: 18, idle: 43, sys: 62, released: 29, consumed: 32 (MB)
scvg: 0 MB released
scvg: inuse: 18, idle: 43, sys: 62, released: 29, consumed: 32 (MB)
scvg: 0 MB released
scvg: inuse: 18, idle: 43, sys: 62, released: 29, consumed: 32 (MB)
scvg: 0 MB released
scvg: inuse: 18, idle: 43, sys: 62, released: 29, consumed: 32 (MB)
scvg: 0 MB released
scvg: inuse: 18, idle: 43, sys: 62, released: 29, consumed: 32 (MB)
scvg: 0 MB released
scvg: inuse: 18, idle: 43, sys: 62, released: 29, consumed: 32 (MB)
scvg: 0 MB released
scvg: inuse: 18, idle: 43, sys: 62, released: 29, consumed: 32 (MB)
scvg: 0 MB released
scvg: inuse: 18, idle: 43, sys: 62, released: 29, consumed: 32 (MB)
scvg: 0 MB released
scvg: inuse: 18, idle: 43, sys: 62, released: 29, consumed: 32 (MB)
scvg: 0 MB released
scvg: inuse: 18, idle: 43, sys: 62, released: 29, consumed: 32 (MB)
scvg: 0 MB released
scvg: inuse: 18, idle: 43, sys: 62, released: 29, consumed: 32 (MB)
scvg: 0 MB released
scvg: inuse: 18, idle: 43, sys: 62, released: 29, consumed: 32 (MB)
scvg: 0 MB released
scvg: inuse: 18, idle: 43, sys: 62, released: 29, consumed: 32 (MB)
scvg: 0 MB released
scvg: inuse: 18, idle: 43, sys: 62, released: 29, consumed: 32 (MB)
scvg: 0 MB released
scvg: inuse: 18, idle: 43, sys: 62, released: 29, consumed: 32 (MB)
scvg: 0 MB released
scvg: inuse: 18, idle: 43, sys: 62, released: 29, consumed: 32 (MB)
scvg: 0 MB released
scvg: inuse: 18, idle: 43, sys: 62, released: 29, consumed: 32 (MB)
scvg: 0 MB released
scvg: inuse: 18, idle: 43, sys: 62, released: 29, consumed: 32 (MB)
scvg: 0 MB released
scvg: inuse: 18, idle: 43, sys: 62, released: 29, consumed: 32 (MB)
scvg: 0 MB released
scvg: inuse: 18, idle: 43, sys: 62, released: 29, consumed: 32 (MB)
scvg: 0 MB released
scvg: inuse: 18, idle: 43, sys: 62, released: 29, consumed: 32 (MB)
scvg: 0 MB released
scvg: inuse: 18, idle: 43, sys: 62, released: 29, consumed: 32 (MB)
scvg: 0 MB released
scvg: inuse: 18, idle: 43, sys: 62, released: 29, consumed: 32 (MB)
scvg: 0 MB released
scvg: inuse: 18, idle: 43, sys: 62, released: 29, consumed: 32 (MB)
scvg: 0 MB released
scvg: inuse: 18, idle: 43, sys: 62, released: 29, consumed: 32 (MB)
scvg: 0 MB released
scvg: inuse: 18, idle: 43, sys: 62, released: 29, consumed: 32 (MB)
scvg: 0 MB released
scvg: inuse: 18, idle: 43, sys: 62, released: 29, consumed: 32 (MB)
scvg: 0 MB released
scvg: inuse: 18, idle: 43, sys: 62, released: 29, consumed: 32 (MB)
scvg: 0 MB released
scvg: inuse: 18, idle: 43, sys: 62, released: 29, consumed: 32 (MB)
scvg: 0 MB released
scvg: inuse: 18, idle: 43, sys: 62, released: 29, consumed: 32 (MB)
scvg: 0 MB released
scvg: inuse: 18, idle: 43, sys: 62, released: 29, consumed: 32 (MB)
scvg: 0 MB released
scvg: inuse: 18, idle: 43, sys: 62, released: 29, consumed: 32 (MB)
scvg: 0 MB released
scvg: inuse: 18, idle: 43, sys: 62, released: 29, consumed: 32 (MB)
scvg: 0 MB released
scvg: inuse: 18, idle: 43, sys: 62, released: 29, consumed: 32 (MB)
scvg: 0 MB released
scvg: inuse: 18, idle: 43, sys: 62, released: 29, consumed: 32 (MB)
scvg: 0 MB released
scvg: inuse: 18, idle: 43, sys: 62, released: 30, consumed: 32 (MB)
scvg: 0 MB released
scvg: inuse: 18, idle: 43, sys: 62, released: 30, consumed: 32 (MB)
scvg: 0 MB released
scvg: inuse: 18, idle: 43, sys: 62, released: 30, consumed: 32 (MB)
scvg: 0 MB released
scvg: inuse: 18, idle: 43, sys: 62, released: 30, consumed: 32 (MB)
scvg: 0 MB released
scvg: inuse: 18, idle: 43, sys: 62, released: 30, consumed: 32 (MB)
scvg: 0 MB released
scvg: inuse: 18, idle: 43, sys: 62, released: 30, consumed: 32 (MB)
scvg: 0 MB released
scvg: inuse: 18, idle: 43, sys: 62, released: 30, consumed: 32 (MB)
scvg: 0 MB released
scvg: inuse: 18, idle: 43, sys: 62, released: 30, consumed: 32 (MB)
scvg: 0 MB released
scvg: inuse: 18, idle: 43, sys: 62, released: 30, consumed: 32 (MB)
scvg: 0 MB released
scvg: inuse: 18, idle: 43, sys: 62, released: 30, consumed: 32 (MB)
scvg: 0 MB released
scvg: inuse: 18, idle: 43, sys: 62, released: 30, consumed: 32 (MB)
scvg: 0 MB released
scvg: inuse: 18, idle: 43, sys: 62, released: 30, consumed: 32 (MB)
scvg: 0 MB released
scvg: inuse: 18, idle: 43, sys: 62, released: 30, consumed: 32 (MB)
scvg: 0 MB released
scvg: inuse: 18, idle: 43, sys: 62, released: 30, consumed: 32 (MB)
scvg: 0 MB released
scvg: inuse: 18, idle: 43, sys: 62, released: 30, consumed: 32 (MB)
scvg: 0 MB released
scvg: inuse: 18, idle: 43, sys: 62, released: 30, consumed: 32 (MB)
scvg: 0 MB released
scvg: inuse: 18, idle: 43, sys: 62, released: 30, consumed: 32 (MB)
scvg: 0 MB released
scvg: inuse: 18, idle: 43, sys: 62, released: 30, consumed: 32 (MB)
scvg: 0 MB released
scvg: inuse: 18, idle: 43, sys: 62, released: 30, consumed: 32 (MB)
scvg: 0 MB released
scvg: inuse: 18, idle: 43, sys: 62, released: 30, consumed: 32 (MB)
scvg: 0 MB released
scvg: inuse: 18, idle: 43, sys: 62, released: 30, consumed: 32 (MB)
scvg: 0 MB released
scvg: inuse: 18, idle: 43, sys: 62, released: 30, consumed: 32 (MB)
scvg: 0 MB released
scvg: inuse: 18, idle: 43, sys: 62, released: 30, consumed: 32 (MB)
scvg: 0 MB released
scvg: inuse: 18, idle: 43, sys: 62, released: 30, consumed: 32 (MB)
scvg: 0 MB released
scvg: inuse: 18, idle: 43, sys: 62, released: 30, consumed: 32 (MB)
scvg: 0 MB released
scvg: inuse: 18, idle: 43, sys: 62, released: 30, consumed: 32 (MB)
scvg: 0 MB released
scvg: inuse: 18, idle: 43, sys: 62, released: 30, consumed: 32 (MB)
scvg: 0 MB released
scvg: inuse: 18, idle: 43, sys: 62, released: 30, consumed: 32 (MB)
scvg: 0 MB released
scvg: inuse: 18, idle: 43, sys: 62, released: 30, consumed: 32 (MB)
scvg: 0 MB released
scvg: inuse: 18, idle: 43, sys: 62, released: 30, consumed: 31 (MB)
scvg: 0 MB released
scvg: inuse: 18, idle: 43, sys: 62, released: 30, consumed: 31 (MB)
scvg: 0 MB released
scvg: inuse: 18, idle: 43, sys: 62, released: 30, consumed: 31 (MB)
scvg: 0 MB released
scvg: inuse: 18, idle: 43, sys: 62, released: 30, consumed: 31 (MB)
scvg: 0 MB released
scvg: inuse: 18, idle: 43, sys: 62, released: 30, consumed: 31 (MB)
scvg: 0 MB released
scvg: inuse: 18, idle: 43, sys: 62, released: 30, consumed: 31 (MB)
scvg: 0 MB released
scvg: inuse: 18, idle: 43, sys: 62, released: 30, consumed: 31 (MB)
scvg: 0 MB released
scvg: inuse: 18, idle: 43, sys: 62, released: 30, consumed: 31 (MB)
scvg: 0 MB released
scvg: inuse: 18, idle: 43, sys: 62, released: 30, consumed: 31 (MB)
scvg: 0 MB released
scvg: inuse: 18, idle: 43, sys: 62, released: 30, consumed: 31 (MB)
scvg: 0 MB released
scvg: inuse: 18, idle: 43, sys: 62, released: 30, consumed: 31 (MB)
scvg: 0 MB released
scvg: inuse: 18, idle: 43, sys: 62, released: 30, consumed: 31 (MB)
scvg: 0 MB released
scvg: inuse: 18, idle: 43, sys: 62, released: 30, consumed: 31 (MB)
scvg: 0 MB released
scvg: inuse: 18, idle: 43, sys: 62, released: 30, consumed: 31 (MB)
scvg: 0 MB released
scvg: inuse: 18, idle: 43, sys: 62, released: 30, consumed: 31 (MB)
scvg: 0 MB released
scvg: inuse: 18, idle: 43, sys: 62, released: 30, consumed: 31 (MB)
scvg: 0 MB released
scvg: inuse: 18, idle: 43, sys: 62, released: 30, consumed: 31 (MB)
scvg: 0 MB released
scvg: inuse: 18, idle: 43, sys: 62, released: 30, consumed: 31 (MB)
scvg: 0 MB released
scvg: inuse: 18, idle: 43, sys: 62, released: 30, consumed: 31 (MB)
scvg: 0 MB released
scvg: inuse: 18, idle: 43, sys: 62, released: 30, consumed: 31 (MB)
scvg: 0 MB released
scvg: inuse: 18, idle: 43, sys: 62, released: 30, consumed: 31 (MB)
scvg: 0 MB released
scvg: inuse: 18, idle: 43, sys: 62, released: 30, consumed: 31 (MB)
scvg: 0 MB released
scvg: inuse: 18, idle: 43, sys: 62, released: 30, consumed: 31 (MB)
scvg: 0 MB released
scvg: inuse: 18, idle: 43, sys: 62, released: 30, consumed: 31 (MB)
scvg: 0 MB released
scvg: inuse: 18, idle: 43, sys: 62, released: 30, consumed: 31 (MB)
scvg: 0 MB released
scvg: inuse: 18, idle: 43, sys: 62, released: 30, consumed: 31 (MB)
scvg: 0 MB released
scvg: inuse: 18, idle: 43, sys: 62, released: 30, consumed: 31 (MB)
scvg: 0 MB released
scvg: inuse: 18, idle: 43, sys: 62, released: 30, consumed: 31 (MB)
scvg: 0 MB released
scvg: inuse: 18, idle: 43, sys: 62, released: 30, consumed: 31 (MB)
scvg: 0 MB released
scvg: inuse: 18, idle: 43, sys: 62, released: 30, consumed: 31 (MB)
scvg: 0 MB released
scvg: inuse: 18, idle: 43, sys: 62, released: 30, consumed: 31 (MB)
scvg: 0 MB released
scvg: inuse: 18, idle: 43, sys: 62, released: 30, consumed: 31 (MB)
scvg: 0 MB released
scvg: inuse: 18, idle: 43, sys: 62, released: 30, consumed: 31 (MB)
scvg: 0 MB released
scvg: inuse: 18, idle: 43, sys: 62, released: 30, consumed: 31 (MB)
scvg: 0 MB released
scvg: inuse: 18, idle: 43, sys: 62, released: 30, consumed: 31 (MB)
scvg: 0 MB released
scvg: inuse: 18, idle: 43, sys: 62, released: 30, consumed: 31 (MB)
scvg: 0 MB released
scvg: inuse: 18, idle: 43, sys: 62, released: 30, consumed: 31 (MB)
scvg: 0 MB released
scvg: inuse: 18, idle: 43, sys: 62, released: 30, consumed: 31 (MB)
scvg: 0 MB released
scvg: inuse: 18, idle: 43, sys: 62, released: 30, consumed: 31 (MB)
scvg: 0 MB released
scvg: inuse: 18, idle: 43, sys: 62, released: 30, consumed: 31 (MB)
scvg: 0 MB released
scvg: inuse: 18, idle: 43, sys: 62, released: 30, consumed: 31 (MB)
scvg: 0 MB released
scvg: inuse: 18, idle: 43, sys: 62, released: 30, consumed: 31 (MB)
scvg: 0 MB released
scvg: inuse: 18, idle: 43, sys: 62, released: 30, consumed: 31 (MB)
scvg: 0 MB released
scvg: inuse: 18, idle: 43, sys: 62, released: 30, consumed: 31 (MB)
scvg: 0 MB released
scvg: inuse: 18, idle: 43, sys: 62, released: 30, consumed: 31 (MB)
scvg: 0 MB released
scvg: inuse: 18, idle: 43, sys: 62, released: 30, consumed: 31 (MB)
scvg: 0 MB released
scvg: inuse: 18, idle: 43, sys: 62, released: 30, consumed: 31 (MB)
scvg: 0 MB released
scvg: inuse: 18, idle: 43, sys: 62, released: 30, consumed: 31 (MB)
scvg: 0 MB released
scvg: inuse: 18, idle: 43, sys: 62, released: 30, consumed: 31 (MB)
scvg: 0 MB released
scvg: inuse: 18, idle: 43, sys: 62, released: 30, consumed: 31 (MB)
scvg: 0 MB released
scvg: inuse: 18, idle: 43, sys: 62, released: 30, consumed: 31 (MB)
scvg: 0 MB released
scvg: inuse: 18, idle: 43, sys: 62, released: 30, consumed: 31 (MB)
scvg: 0 MB released
scvg: inuse: 18, idle: 43, sys: 62, released: 30, consumed: 31 (MB)
scvg: 0 MB released
scvg: inuse: 18, idle: 43, sys: 62, released: 30, consumed: 31 (MB)
scvg: 0 MB released
scvg: inuse: 18, idle: 43, sys: 62, released: 30, consumed: 31 (MB)
scvg: 0 MB released
scvg: inuse: 18, idle: 43, sys: 62, released: 30, consumed: 31 (MB)
scvg: 0 MB released
scvg: inuse: 18, idle: 43, sys: 62, released: 30, consumed: 31 (MB)
scvg: 0 MB released
scvg: inuse: 18, idle: 43, sys: 62, released: 30, consumed: 31 (MB)
scvg: 0 MB released
scvg: inuse: 18, idle: 43, sys: 62, released: 30, consumed: 31 (MB)
scvg: 0 MB released
scvg: inuse: 18, idle: 43, sys: 62, released: 30, consumed: 31 (MB)
scvg: 0 MB released
scvg: inuse: 18, idle: 43, sys: 62, released: 30, consumed: 31 (MB)
scvg: 0 MB released
scvg: inuse: 18, idle: 43, sys: 62, released: 30, consumed: 31 (MB)
scvg: 0 MB released
scvg: inuse: 18, idle: 43, sys: 62, released: 30, consumed: 31 (MB)
scvg: 0 MB released
scvg: inuse: 18, idle: 43, sys: 62, released: 30, consumed: 31 (MB)
scvg: 0 MB released
scvg: inuse: 18, idle: 43, sys: 62, released: 30, consumed: 31 (MB)
scvg: 0 MB released
scvg: inuse: 18, idle: 43, sys: 62, released: 30, consumed: 31 (MB)
scvg: 0 MB released
scvg: inuse: 18, idle: 43, sys: 62, released: 30, consumed: 31 (MB)
scvg: 0 MB released
scvg: inuse: 18, idle: 43, sys: 62, released: 30, consumed: 31 (MB)
scvg: 0 MB released
scvg: inuse: 18, idle: 43, sys: 62, released: 30, consumed: 31 (MB)
scvg: 0 MB released
scvg: inuse: 18, idle: 43, sys: 62, released: 30, consumed: 31 (MB)
scvg: 0 MB released
scvg: inuse: 18, idle: 43, sys: 62, released: 30, consumed: 31 (MB)
scvg: 0 MB released
scvg: inuse: 18, idle: 43, sys: 62, released: 30, consumed: 31 (MB)
scvg: 0 MB released
scvg: inuse: 18, idle: 43, sys: 62, released: 30, consumed: 31 (MB)
scvg: 0 MB released
scvg: inuse: 18, idle: 43, sys: 62, released: 30, consumed: 31 (MB)
scvg: 0 MB released
scvg: inuse: 18, idle: 43, sys: 62, released: 30, consumed: 31 (MB)
scvg: 0 MB released
scvg: inuse: 18, idle: 43, sys: 62, released: 30, consumed: 31 (MB)
scvg: 0 MB released
scvg: inuse: 18, idle: 43, sys: 62, released: 30, consumed: 31 (MB)
scvg: 0 MB released
scvg: inuse: 18, idle: 43, sys: 62, released: 30, consumed: 31 (MB)
scvg: 0 MB released
scvg: inuse: 18, idle: 43, sys: 62, released: 30, consumed: 31 (MB)
scvg: 0 MB released
scvg: inuse: 18, idle: 43, sys: 62, released: 30, consumed: 31 (MB)
scvg: 0 MB released
scvg: inuse: 18, idle: 43, sys: 62, released: 30, consumed: 31 (MB)
scvg: 0 MB released
scvg: inuse: 18, idle: 43, sys: 62, released: 30, consumed: 31 (MB)
scvg: 0 MB released
scvg: inuse: 18, idle: 43, sys: 62, released: 30, consumed: 31 (MB)
scvg: 0 MB released
scvg: inuse: 18, idle: 43, sys: 62, released: 30, consumed: 31 (MB)
scvg: 0 MB released
scvg: inuse: 18, idle: 43, sys: 62, released: 30, consumed: 31 (MB)
scvg: 0 MB released
scvg: inuse: 18, idle: 43, sys: 62, released: 30, consumed: 31 (MB)
scvg: 0 MB released
scvg: inuse: 18, idle: 43, sys: 62, released: 30, consumed: 31 (MB)
scvg: 0 MB released
scvg: inuse: 18, idle: 43, sys: 62, released: 30, consumed: 31 (MB)
scvg: 0 MB released
scvg: inuse: 18, idle: 43, sys: 62, released: 30, consumed: 31 (MB)
scvg: 0 MB released
scvg: inuse: 18, idle: 43, sys: 62, released: 30, consumed: 31 (MB)
scvg: 0 MB released
scvg: inuse: 18, idle: 43, sys: 62, released: 30, consumed: 31 (MB)
scvg: 0 MB released
scvg: inuse: 18, idle: 43, sys: 62, released: 30, consumed: 31 (MB)
scvg: 0 MB released
scvg: inuse: 18, idle: 43, sys: 62, released: 30, consumed: 31 (MB)
scvg: 0 MB released
scvg: inuse: 18, idle: 43, sys: 62, released: 30, consumed: 31 (MB)
scvg: 0 MB released
scvg: inuse: 18, idle: 43, sys: 62, released: 30, consumed: 31 (MB)
scvg: 0 MB released
scvg: inuse: 18, idle: 43, sys: 62, released: 30, consumed: 31 (MB)
scvg: 0 MB released
scvg: inuse: 18, idle: 43, sys: 62, released: 30, consumed: 31 (MB)
scvg: 0 MB released
scvg: inuse: 18, idle: 43, sys: 62, released: 30, consumed: 31 (MB)
scvg: 0 MB released
scvg: inuse: 18, idle: 43, sys: 62, released: 30, consumed: 31 (MB)
scvg: 0 MB released
scvg: inuse: 18, idle: 43, sys: 62, released: 31, consumed: 31 (MB)
scvg: 0 MB released
scvg: inuse: 18, idle: 43, sys: 62, released: 31, consumed: 31 (MB)
scvg: 0 MB released
scvg: inuse: 18, idle: 43, sys: 62, released: 31, consumed: 31 (MB)
scvg: 0 MB released
scvg: inuse: 18, idle: 43, sys: 62, released: 31, consumed: 31 (MB)
scvg: 0 MB released
scvg: inuse: 18, idle: 43, sys: 62, released: 31, consumed: 31 (MB)
scvg: 0 MB released
scvg: inuse: 18, idle: 43, sys: 62, released: 31, consumed: 31 (MB)
scvg: 0 MB released
scvg: inuse: 18, idle: 43, sys: 62, released: 31, consumed: 31 (MB)
scvg: 0 MB released
scvg: inuse: 18, idle: 43, sys: 62, released: 31, consumed: 31 (MB)
scvg: 0 MB released
scvg: inuse: 18, idle: 43, sys: 62, released: 31, consumed: 31 (MB)
scvg: 0 MB released
scvg: inuse: 18, idle: 43, sys: 62, released: 31, consumed: 31 (MB)
scvg: 0 MB released
scvg: inuse: 18, idle: 43, sys: 62, released: 31, consumed: 31 (MB)
scvg: 0 MB released
scvg: inuse: 18, idle: 43, sys: 62, released: 31, consumed: 31 (MB)
scvg: 0 MB released
scvg: inuse: 18, idle: 43, sys: 62, released: 31, consumed: 31 (MB)
scvg: 0 MB released
scvg: inuse: 18, idle: 43, sys: 62, released: 31, consumed: 31 (MB)
scvg: 0 MB released
scvg: inuse: 18, idle: 43, sys: 62, released: 31, consumed: 31 (MB)
scvg: 0 MB released
scvg: inuse: 18, idle: 43, sys: 62, released: 31, consumed: 31 (MB)
scvg: 0 MB released
scvg: inuse: 18, idle: 43, sys: 62, released: 31, consumed: 31 (MB)
scvg: 0 MB released
scvg: inuse: 18, idle: 43, sys: 62, released: 31, consumed: 31 (MB)
scvg: 0 MB released
scvg: inuse: 18, idle: 43, sys: 62, released: 31, consumed: 31 (MB)
scvg: 0 MB released
scvg: inuse: 18, idle: 43, sys: 62, released: 31, consumed: 31 (MB)
scvg: 0 MB released
scvg: inuse: 18, idle: 43, sys: 62, released: 31, consumed: 31 (MB)
scvg: 0 MB released
scvg: inuse: 18, idle: 43, sys: 62, released: 31, consumed: 31 (MB)
scvg: 0 MB released
scvg: inuse: 18, idle: 43, sys: 62, released: 31, consumed: 31 (MB)
scvg: 0 MB released
scvg: inuse: 18, idle: 43, sys: 62, released: 31, consumed: 31 (MB)
scvg: 0 MB released
scvg: inuse: 18, idle: 43, sys: 62, released: 31, consumed: 31 (MB)
scvg: 0 MB released
scvg: inuse: 18, idle: 43, sys: 62, released: 31, consumed: 31 (MB)
scvg: 0 MB released
scvg: inuse: 18, idle: 43, sys: 62, released: 31, consumed: 31 (MB)
scvg: 0 MB released
scvg: inuse: 18, idle: 43, sys: 62, released: 31, consumed: 31 (MB)
scvg: 0 MB released
scvg: inuse: 18, idle: 43, sys: 62, released: 31, consumed: 31 (MB)
scvg: 0 MB released
scvg: inuse: 18, idle: 43, sys: 62, released: 31, consumed: 30 (MB)
scvg: 0 MB released
scvg: inuse: 18, idle: 43, sys: 62, released: 31, consumed: 30 (MB)
scvg: 0 MB released
scvg: inuse: 18, idle: 43, sys: 62, released: 31, consumed: 30 (MB)
scvg: 0 MB released
scvg: inuse: 18, idle: 43, sys: 62, released: 31, consumed: 30 (MB)
scvg: 0 MB released
scvg: inuse: 18, idle: 43, sys: 62, released: 31, consumed: 30 (MB)
scvg: 0 MB released
scvg: inuse: 18, idle: 43, sys: 62, released: 31, consumed: 30 (MB)
scvg: 0 MB released
scvg: inuse: 18, idle: 43, sys: 62, released: 31, consumed: 30 (MB)
scvg: 0 MB released
scvg: inuse: 18, idle: 43, sys: 62, released: 31, consumed: 30 (MB)
scvg: 0 MB released
scvg: inuse: 18, idle: 43, sys: 62, released: 31, consumed: 30 (MB)
scvg: 0 MB released
scvg: inuse: 18, idle: 43, sys: 62, released: 31, consumed: 30 (MB)
scvg: 0 MB released
scvg: inuse: 18, idle: 43, sys: 62, released: 31, consumed: 30 (MB)
scvg: 0 MB released
scvg: inuse: 18, idle: 43, sys: 62, released: 31, consumed: 30 (MB)
scvg: 0 MB released
scvg: inuse: 18, idle: 43, sys: 62, released: 31, consumed: 30 (MB)
scvg: 0 MB released
scvg: inuse: 18, idle: 43, sys: 62, released: 31, consumed: 30 (MB)
scvg: 0 MB released
scvg: inuse: 18, idle: 43, sys: 62, released: 31, consumed: 30 (MB)
scvg: 0 MB released
scvg: inuse: 18, idle: 43, sys: 62, released: 31, consumed: 30 (MB)
scvg: 0 MB released
scvg: inuse: 18, idle: 43, sys: 62, released: 31, consumed: 30 (MB)
scvg: 0 MB released
scvg: inuse: 18, idle: 43, sys: 62, released: 31, consumed: 30 (MB)
scvg: 0 MB released
scvg: inuse: 18, idle: 43, sys: 62, released: 31, consumed: 30 (MB)
scvg: 0 MB released
scvg: inuse: 18, idle: 43, sys: 62, released: 31, consumed: 30 (MB)
scvg: 0 MB released
scvg: inuse: 18, idle: 43, sys: 62, released: 31, consumed: 30 (MB)
scvg: 0 MB released
scvg: inuse: 18, idle: 43, sys: 62, released: 31, consumed: 30 (MB)
scvg: 0 MB released
scvg: inuse: 18, idle: 43, sys: 62, released: 31, consumed: 30 (MB)
scvg: 0 MB released
scvg: inuse: 18, idle: 43, sys: 62, released: 31, consumed: 30 (MB)
scvg: 0 MB released
scvg: inuse: 18, idle: 43, sys: 62, released: 31, consumed: 30 (MB)
scvg: 0 MB released
scvg: inuse: 18, idle: 43, sys: 62, released: 31, consumed: 30 (MB)
scvg: 0 MB released
scvg: inuse: 18, idle: 43, sys: 62, released: 31, consumed: 30 (MB)
scvg: 0 MB released
scvg: inuse: 18, idle: 43, sys: 62, released: 31, consumed: 30 (MB)
scvg: 0 MB released
scvg: inuse: 18, idle: 43, sys: 62, released: 31, consumed: 30 (MB)
scvg: 0 MB released
scvg: inuse: 18, idle: 43, sys: 62, released: 31, consumed: 30 (MB)
scvg: 0 MB released
scvg: inuse: 18, idle: 43, sys: 62, released: 31, consumed: 30 (MB)
scvg: 0 MB released
scvg: inuse: 18, idle: 43, sys: 62, released: 31, consumed: 30 (MB)
scvg: 0 MB released
scvg: inuse: 18, idle: 43, sys: 62, released: 31, consumed: 30 (MB)
scvg: 0 MB released
scvg: inuse: 18, idle: 43, sys: 62, released: 31, consumed: 30 (MB)
scvg: 0 MB released
scvg: inuse: 18, idle: 43, sys: 62, released: 31, consumed: 30 (MB)
scvg: 0 MB released
scvg: inuse: 18, idle: 43, sys: 62, released: 31, consumed: 30 (MB)
scvg: 0 MB released
scvg: inuse: 18, idle: 43, sys: 62, released: 31, consumed: 30 (MB)
scvg: 0 MB released
scvg: inuse: 18, idle: 43, sys: 62, released: 31, consumed: 30 (MB)
scvg: 0 MB released
scvg: inuse: 18, idle: 43, sys: 62, released: 31, consumed: 30 (MB)
scvg: 0 MB released
scvg: inuse: 18, idle: 43, sys: 62, released: 31, consumed: 30 (MB)
scvg: 0 MB released
scvg: inuse: 18, idle: 43, sys: 62, released: 31, consumed: 30 (MB)
scvg: 0 MB released
scvg: inuse: 18, idle: 43, sys: 62, released: 31, consumed: 30 (MB)
scvg: 0 MB released
scvg: inuse: 18, idle: 43, sys: 62, released: 31, consumed: 30 (MB)
scvg: 0 MB released
scvg: inuse: 18, idle: 43, sys: 62, released: 31, consumed: 30 (MB)
scvg: 0 MB released
scvg: inuse: 18, idle: 43, sys: 62, released: 31, consumed: 30 (MB)
scvg: 0 MB released
scvg: inuse: 18, idle: 43, sys: 62, released: 31, consumed: 30 (MB)
scvg: 0 MB released
scvg: inuse: 18, idle: 43, sys: 62, released: 31, consumed: 30 (MB)
scvg: 0 MB released
scvg: inuse: 18, idle: 43, sys: 62, released: 31, consumed: 30 (MB)
scvg: 0 MB released
scvg: inuse: 18, idle: 43, sys: 62, released: 31, consumed: 30 (MB)
scvg: 0 MB released
scvg: inuse: 18, idle: 43, sys: 62, released: 31, consumed: 30 (MB)
scvg: 0 MB released
scvg: inuse: 18, idle: 43, sys: 62, released: 31, consumed: 30 (MB)
scvg: 0 MB released
scvg: inuse: 18, idle: 43, sys: 62, released: 31, consumed: 30 (MB)
scvg: 0 MB released
scvg: inuse: 18, idle: 43, sys: 62, released: 31, consumed: 30 (MB)
scvg: 0 MB released
scvg: inuse: 18, idle: 43, sys: 62, released: 31, consumed: 30 (MB)
scvg: 0 MB released
scvg: inuse: 18, idle: 43, sys: 62, released: 31, consumed: 30 (MB)
scvg: 0 MB released
scvg: inuse: 18, idle: 43, sys: 62, released: 31, consumed: 30 (MB)
scvg: 0 MB released
scvg: inuse: 18, idle: 43, sys: 62, released: 31, consumed: 30 (MB)
scvg: 0 MB released
scvg: inuse: 18, idle: 43, sys: 62, released: 31, consumed: 30 (MB)
scvg: 0 MB released
scvg: inuse: 18, idle: 43, sys: 62, released: 31, consumed: 30 (MB)
scvg: 0 MB released
scvg: inuse: 18, idle: 43, sys: 62, released: 31, consumed: 30 (MB)
scvg: 0 MB released
scvg: inuse: 18, idle: 43, sys: 62, released: 31, consumed: 30 (MB)
scvg: 0 MB released
scvg: inuse: 18, idle: 43, sys: 62, released: 31, consumed: 30 (MB)
scvg: 0 MB released
scvg: inuse: 18, idle: 43, sys: 62, released: 31, consumed: 30 (MB)
scvg: 0 MB released
scvg: inuse: 18, idle: 43, sys: 62, released: 31, consumed: 30 (MB)
scvg: 0 MB released
scvg: inuse: 18, idle: 43, sys: 62, released: 31, consumed: 30 (MB)
scvg: 0 MB released
scvg: inuse: 18, idle: 43, sys: 62, released: 31, consumed: 30 (MB)
scvg: 0 MB released
scvg: inuse: 18, idle: 43, sys: 62, released: 31, consumed: 30 (MB)
scvg: 0 MB released
scvg: inuse: 18, idle: 43, sys: 62, released: 31, consumed: 30 (MB)
scvg: 0 MB released
scvg: inuse: 18, idle: 43, sys: 62, released: 31, consumed: 30 (MB)
scvg: 0 MB released
scvg: inuse: 18, idle: 43, sys: 62, released: 31, consumed: 30 (MB)
scvg: 0 MB released
scvg: inuse: 18, idle: 43, sys: 62, released: 31, consumed: 30 (MB)
scvg: 0 MB released
scvg: inuse: 18, idle: 43, sys: 62, released: 31, consumed: 30 (MB)
scvg: 0 MB released
scvg: inuse: 18, idle: 43, sys: 62, released: 31, consumed: 30 (MB)
scvg: 0 MB released
scvg: inuse: 18, idle: 43, sys: 62, released: 31, consumed: 30 (MB)
scvg: 0 MB released
scvg: inuse: 18, idle: 43, sys: 62, released: 31, consumed: 30 (MB)
scvg: 0 MB released
scvg: inuse: 18, idle: 43, sys: 62, released: 31, consumed: 30 (MB)
scvg: 0 MB released
scvg: inuse: 18, idle: 43, sys: 62, released: 31, consumed: 30 (MB)
scvg: 0 MB released
scvg: inuse: 18, idle: 43, sys: 62, released: 31, consumed: 30 (MB)
scvg: 0 MB released
scvg: inuse: 18, idle: 43, sys: 62, released: 31, consumed: 30 (MB)
scvg: 0 MB released
scvg: inuse: 18, idle: 43, sys: 62, released: 31, consumed: 30 (MB)
scvg: 0 MB released
scvg: inuse: 18, idle: 43, sys: 62, released: 31, consumed: 30 (MB)
scvg: 0 MB released
scvg: inuse: 18, idle: 43, sys: 62, released: 31, consumed: 30 (MB)
scvg: 0 MB released
scvg: inuse: 18, idle: 43, sys: 62, released: 31, consumed: 30 (MB)
scvg: 0 MB released
scvg: inuse: 18, idle: 43, sys: 62, released: 31, consumed: 30 (MB)
scvg: 0 MB released
scvg: inuse: 18, idle: 43, sys: 62, released: 31, consumed: 30 (MB)
scvg: 0 MB released
scvg: inuse: 18, idle: 43, sys: 62, released: 31, consumed: 30 (MB)
scvg: 0 MB released
scvg: inuse: 18, idle: 43, sys: 62, released: 31, consumed: 30 (MB)
scvg: 0 MB released
scvg: inuse: 18, idle: 43, sys: 62, released: 31, consumed: 30 (MB)
scvg: 0 MB released
scvg: inuse: 18, idle: 43, sys: 62, released: 31, consumed: 30 (MB)
scvg: 0 MB released
scvg: inuse: 18, idle: 43, sys: 62, released: 31, consumed: 30 (MB)
scvg: 0 MB released
scvg: inuse: 18, idle: 43, sys: 62, released: 31, consumed: 30 (MB)
scvg: 0 MB released
scvg: inuse: 18, idle: 43, sys: 62, released: 31, consumed: 30 (MB)
scvg: 0 MB released
scvg: inuse: 18, idle: 43, sys: 62, released: 31, consumed: 30 (MB)
scvg: 0 MB released
scvg: inuse: 18, idle: 43, sys: 62, released: 31, consumed: 30 (MB)
scvg: 0 MB released
scvg: inuse: 18, idle: 43, sys: 62, released: 31, consumed: 30 (MB)
scvg: 0 MB released
scvg: inuse: 18, idle: 43, sys: 62, released: 31, consumed: 30 (MB)
scvg: 0 MB released
scvg: inuse: 18, idle: 43, sys: 62, released: 31, consumed: 30 (MB)
scvg: 0 MB released
scvg: inuse: 18, idle: 43, sys: 62, released: 31, consumed: 30 (MB)
scvg: 0 MB released
scvg: inuse: 18, idle: 43, sys: 62, released: 31, consumed: 30 (MB)
scvg: 0 MB released
scvg: inuse: 18, idle: 43, sys: 62, released: 32, consumed: 30 (MB)
scvg: 0 MB released
scvg: inuse: 18, idle: 43, sys: 62, released: 32, consumed: 30 (MB)
scvg: 0 MB released
scvg: inuse: 18, idle: 43, sys: 62, released: 32, consumed: 30 (MB)
scvg: 0 MB released
scvg: inuse: 18, idle: 43, sys: 62, released: 32, consumed: 30 (MB)
scvg: 0 MB released
scvg: inuse: 18, idle: 43, sys: 62, released: 32, consumed: 30 (MB)
scvg: 0 MB released
scvg: inuse: 18, idle: 43, sys: 62, released: 32, consumed: 30 (MB)
scvg: 0 MB released
scvg: inuse: 18, idle: 43, sys: 62, released: 32, consumed: 30 (MB)
scvg: 0 MB released
scvg: inuse: 18, idle: 43, sys: 62, released: 32, consumed: 30 (MB)
scvg: 0 MB released
scvg: inuse: 18, idle: 43, sys: 62, released: 32, consumed: 30 (MB)
scvg: 0 MB released
scvg: inuse: 18, idle: 43, sys: 62, released: 32, consumed: 30 (MB)
scvg: 0 MB released
scvg: inuse: 18, idle: 43, sys: 62, released: 32, consumed: 30 (MB)
scvg: 0 MB released
scvg: inuse: 18, idle: 43, sys: 62, released: 32, consumed: 30 (MB)
scvg: 0 MB released
scvg: inuse: 18, idle: 43, sys: 62, released: 32, consumed: 30 (MB)
scvg: 0 MB released
scvg: inuse: 18, idle: 43, sys: 62, released: 32, consumed: 30 (MB)
scvg: 0 MB released
scvg: inuse: 18, idle: 43, sys: 62, released: 32, consumed: 30 (MB)
scvg: 0 MB released
scvg: inuse: 18, idle: 43, sys: 62, released: 32, consumed: 30 (MB)
scvg: 0 MB released
scvg: inuse: 18, idle: 43, sys: 62, released: 32, consumed: 30 (MB)
scvg: 0 MB released
scvg: inuse: 18, idle: 43, sys: 62, released: 32, consumed: 30 (MB)
scvg: 0 MB released
scvg: inuse: 18, idle: 43, sys: 62, released: 32, consumed: 30 (MB)
scvg: 0 MB released
scvg: inuse: 18, idle: 43, sys: 62, released: 32, consumed: 30 (MB)
scvg: 0 MB released
scvg: inuse: 18, idle: 43, sys: 62, released: 32, consumed: 30 (MB)
scvg: 0 MB released
scvg: inuse: 18, idle: 43, sys: 62, released: 32, consumed: 30 (MB)
scvg: 0 MB released
scvg: inuse: 18, idle: 43, sys: 62, released: 32, consumed: 30 (MB)
scvg: 0 MB released
scvg: inuse: 18, idle: 43, sys: 62, released: 32, consumed: 30 (MB)
scvg: 0 MB released
scvg: inuse: 18, idle: 43, sys: 62, released: 32, consumed: 30 (MB)
scvg: 0 MB released
scvg: inuse: 18, idle: 43, sys: 62, released: 32, consumed: 30 (MB)
scvg: 0 MB released
scvg: inuse: 18, idle: 43, sys: 62, released: 32, consumed: 30 (MB)
scvg: 0 MB released
scvg: inuse: 18, idle: 43, sys: 62, released: 32, consumed: 30 (MB)
scvg: 0 MB released
scvg: inuse: 18, idle: 43, sys: 62, released: 32, consumed: 30 (MB)
scvg: 0 MB released
scvg: inuse: 18, idle: 43, sys: 62, released: 32, consumed: 29 (MB)
scvg: 0 MB released
scvg: inuse: 18, idle: 43, sys: 62, released: 32, consumed: 29 (MB)
scvg: 0 MB released
scvg: inuse: 18, idle: 43, sys: 62, released: 32, consumed: 29 (MB)
scvg: 0 MB released
scvg: inuse: 18, idle: 43, sys: 62, released: 32, consumed: 29 (MB)
scvg: 0 MB released
scvg: inuse: 18, idle: 43, sys: 62, released: 32, consumed: 29 (MB)
scvg: 0 MB released
scvg: inuse: 18, idle: 43, sys: 62, released: 32, consumed: 29 (MB)
scvg: 0 MB released
scvg: inuse: 18, idle: 43, sys: 62, released: 32, consumed: 29 (MB)
scvg: 0 MB released
scvg: inuse: 18, idle: 43, sys: 62, released: 32, consumed: 29 (MB)
scvg: 0 MB released
scvg: inuse: 18, idle: 43, sys: 62, released: 32, consumed: 29 (MB)
scvg: 0 MB released
scvg: inuse: 18, idle: 43, sys: 62, released: 32, consumed: 29 (MB)
scvg: 0 MB released
scvg: inuse: 18, idle: 43, sys: 62, released: 32, consumed: 29 (MB)
scvg: 0 MB released
scvg: inuse: 18, idle: 43, sys: 62, released: 32, consumed: 29 (MB)
scvg: 0 MB released
scvg: inuse: 18, idle: 43, sys: 62, released: 32, consumed: 29 (MB)
scvg: 0 MB released
scvg: inuse: 18, idle: 43, sys: 62, released: 32, consumed: 29 (MB)
scvg: 0 MB released
scvg: inuse: 18, idle: 43, sys: 62, released: 32, consumed: 29 (MB)
scvg: 0 MB released
scvg: inuse: 18, idle: 43, sys: 62, released: 32, consumed: 29 (MB)
scvg: 0 MB released
scvg: inuse: 18, idle: 43, sys: 62, released: 32, consumed: 29 (MB)
scvg: 0 MB released
scvg: inuse: 18, idle: 43, sys: 62, released: 32, consumed: 29 (MB)
scvg: 0 MB released
scvg: inuse: 18, idle: 43, sys: 62, released: 32, consumed: 29 (MB)
scvg: 0 MB released
scvg: inuse: 18, idle: 43, sys: 62, released: 32, consumed: 29 (MB)
scvg: 0 MB released
scvg: inuse: 18, idle: 43, sys: 62, released: 32, consumed: 29 (MB)
scvg: 0 MB released
scvg: inuse: 18, idle: 43, sys: 62, released: 32, consumed: 29 (MB)
scvg: 0 MB released
scvg: inuse: 18, idle: 43, sys: 62, released: 32, consumed: 29 (MB)
scvg: 0 MB released
scvg: inuse: 18, idle: 43, sys: 62, released: 32, consumed: 29 (MB)
scvg: 0 MB released
scvg: inuse: 18, idle: 43, sys: 62, released: 32, consumed: 29 (MB)
scvg: 0 MB released
scvg: inuse: 18, idle: 43, sys: 62, released: 32, consumed: 29 (MB)
scvg: 0 MB released
scvg: inuse: 18, idle: 43, sys: 62, released: 32, consumed: 29 (MB)
scvg: 0 MB released
scvg: inuse: 18, idle: 43, sys: 62, released: 32, consumed: 29 (MB)
scvg: 0 MB released
scvg: inuse: 18, idle: 43, sys: 62, released: 32, consumed: 29 (MB)
scvg: 0 MB released
scvg: inuse: 18, idle: 43, sys: 62, released: 32, consumed: 29 (MB)
scvg: 0 MB released
scvg: inuse: 18, idle: 43, sys: 62, released: 32, consumed: 29 (MB)
scvg: 0 MB released
scvg: inuse: 18, idle: 43, sys: 62, released: 32, consumed: 29 (MB)
scvg: 0 MB released
scvg: inuse: 18, idle: 43, sys: 62, released: 32, consumed: 29 (MB)
scvg: 0 MB released
scvg: inuse: 18, idle: 43, sys: 62, released: 32, consumed: 29 (MB)
scvg: 0 MB released
scvg: inuse: 18, idle: 43, sys: 62, released: 32, consumed: 29 (MB)
scvg: 0 MB released
scvg: inuse: 18, idle: 43, sys: 62, released: 32, consumed: 29 (MB)
scvg: 0 MB released
scvg: inuse: 18, idle: 43, sys: 62, released: 32, consumed: 29 (MB)
scvg: 0 MB released
scvg: inuse: 18, idle: 43, sys: 62, released: 32, consumed: 29 (MB)
scvg: 0 MB released
scvg: inuse: 18, idle: 43, sys: 62, released: 32, consumed: 29 (MB)
scvg: 0 MB released
scvg: inuse: 18, idle: 43, sys: 62, released: 32, consumed: 29 (MB)
scvg: 0 MB released
scvg: inuse: 18, idle: 43, sys: 62, released: 32, consumed: 29 (MB)
scvg: 0 MB released
scvg: inuse: 18, idle: 43, sys: 62, released: 32, consumed: 29 (MB)
scvg: 0 MB released
scvg: inuse: 18, idle: 43, sys: 62, released: 32, consumed: 29 (MB)
scvg: 0 MB released
scvg: inuse: 18, idle: 43, sys: 62, released: 32, consumed: 29 (MB)
scvg: 0 MB released
scvg: inuse: 18, idle: 43, sys: 62, released: 32, consumed: 29 (MB)
scvg: 0 MB released
scvg: inuse: 18, idle: 43, sys: 62, released: 32, consumed: 29 (MB)
scvg: 0 MB released
scvg: inuse: 18, idle: 43, sys: 62, released: 32, consumed: 29 (MB)
scvg: 0 MB released
scvg: inuse: 18, idle: 43, sys: 62, released: 32, consumed: 29 (MB)
scvg: 0 MB released
scvg: inuse: 18, idle: 43, sys: 62, released: 32, consumed: 29 (MB)
scvg: 0 MB released
scvg: inuse: 18, idle: 43, sys: 62, released: 32, consumed: 29 (MB)
scvg: 0 MB released
scvg: inuse: 18, idle: 43, sys: 62, released: 32, consumed: 29 (MB)
scvg: 0 MB released
scvg: inuse: 18, idle: 43, sys: 62, released: 32, consumed: 29 (MB)
scvg: 0 MB released
scvg: inuse: 18, idle: 43, sys: 62, released: 32, consumed: 29 (MB)
scvg: 0 MB released
scvg: inuse: 18, idle: 43, sys: 62, released: 32, consumed: 29 (MB)
scvg: 0 MB released
scvg: inuse: 18, idle: 43, sys: 62, released: 32, consumed: 29 (MB)
scvg: 0 MB released
scvg: inuse: 18, idle: 43, sys: 62, released: 32, consumed: 29 (MB)
scvg: 0 MB released
scvg: inuse: 18, idle: 43, sys: 62, released: 32, consumed: 29 (MB)
scvg: 0 MB released
scvg: inuse: 18, idle: 43, sys: 62, released: 32, consumed: 29 (MB)
scvg: 0 MB released
scvg: inuse: 18, idle: 43, sys: 62, released: 32, consumed: 29 (MB)
scvg: 0 MB released
scvg: inuse: 18, idle: 43, sys: 62, released: 32, consumed: 29 (MB)
scvg: 0 MB released
scvg: inuse: 18, idle: 43, sys: 62, released: 32, consumed: 29 (MB)
scvg: 0 MB released
scvg: inuse: 18, idle: 43, sys: 62, released: 32, consumed: 29 (MB)
scvg: 0 MB released
scvg: inuse: 18, idle: 43, sys: 62, released: 32, consumed: 29 (MB)
scvg: 0 MB released
scvg: inuse: 18, idle: 43, sys: 62, released: 32, consumed: 29 (MB)
scvg: 0 MB released
scvg: inuse: 18, idle: 43, sys: 62, released: 32, consumed: 29 (MB)
scvg: 0 MB released
scvg: inuse: 18, idle: 43, sys: 62, released: 32, consumed: 29 (MB)
scvg: 0 MB released
scvg: inuse: 18, idle: 43, sys: 62, released: 32, consumed: 29 (MB)
scvg: 0 MB released
scvg: inuse: 18, idle: 43, sys: 62, released: 32, consumed: 29 (MB)
scvg: 0 MB released
scvg: inuse: 18, idle: 43, sys: 62, released: 32, consumed: 29 (MB)
scvg: 0 MB released
scvg: inuse: 18, idle: 43, sys: 62, released: 32, consumed: 29 (MB)
scvg: 0 MB released
scvg: inuse: 18, idle: 43, sys: 62, released: 32, consumed: 29 (MB)
scvg: 0 MB released
scvg: inuse: 18, idle: 43, sys: 62, released: 32, consumed: 29 (MB)
scvg: 0 MB released
scvg: inuse: 18, idle: 43, sys: 62, released: 32, consumed: 29 (MB)
scvg: 0 MB released
scvg: inuse: 18, idle: 43, sys: 62, released: 32, consumed: 29 (MB)
scvg: 0 MB released
scvg: inuse: 18, idle: 43, sys: 62, released: 32, consumed: 29 (MB)
scvg: 0 MB released
scvg: inuse: 18, idle: 43, sys: 62, released: 32, consumed: 29 (MB)
scvg: 0 MB released
scvg: inuse: 18, idle: 43, sys: 62, released: 32, consumed: 29 (MB)
scvg: 0 MB released
scvg: inuse: 18, idle: 43, sys: 62, released: 32, consumed: 29 (MB)
scvg: 0 MB released
scvg: inuse: 18, idle: 43, sys: 62, released: 32, consumed: 29 (MB)
scvg: 0 MB released
scvg: inuse: 18, idle: 43, sys: 62, released: 32, consumed: 29 (MB)
scvg: 0 MB released
scvg: inuse: 18, idle: 43, sys: 62, released: 32, consumed: 29 (MB)
scvg: 0 MB released
scvg: inuse: 18, idle: 43, sys: 62, released: 32, consumed: 29 (MB)
scvg: 0 MB released
scvg: inuse: 18, idle: 43, sys: 62, released: 32, consumed: 29 (MB)
scvg: 0 MB released
scvg: inuse: 18, idle: 43, sys: 62, released: 32, consumed: 29 (MB)
scvg: 0 MB released
scvg: inuse: 18, idle: 43, sys: 62, released: 32, consumed: 29 (MB)
scvg: 0 MB released
scvg: inuse: 18, idle: 43, sys: 62, released: 32, consumed: 29 (MB)
scvg: 0 MB released
scvg: inuse: 18, idle: 43, sys: 62, released: 32, consumed: 29 (MB)
scvg: 0 MB released
scvg: inuse: 18, idle: 43, sys: 62, released: 32, consumed: 29 (MB)
scvg: 0 MB released
scvg: inuse: 18, idle: 43, sys: 62, released: 32, consumed: 29 (MB)
scvg: 0 MB released
scvg: inuse: 18, idle: 43, sys: 62, released: 32, consumed: 29 (MB)
scvg: 0 MB released
scvg: inuse: 18, idle: 43, sys: 62, released: 32, consumed: 29 (MB)
scvg: 0 MB released
scvg: inuse: 18, idle: 43, sys: 62, released: 32, consumed: 29 (MB)
scvg: 0 MB released
scvg: inuse: 18, idle: 43, sys: 62, released: 32, consumed: 29 (MB)
scvg: 0 MB released
scvg: inuse: 18, idle: 43, sys: 62, released: 32, consumed: 29 (MB)
scvg: 0 MB released
scvg: inuse: 18, idle: 43, sys: 62, released: 32, consumed: 29 (MB)
scvg: 0 MB released
scvg: inuse: 18, idle: 43, sys: 62, released: 32, consumed: 29 (MB)
scvg: 0 MB released
scvg: inuse: 18, idle: 43, sys: 62, released: 32, consumed: 29 (MB)
scvg: 0 MB released
scvg: inuse: 18, idle: 43, sys: 62, released: 32, consumed: 29 (MB)
scvg: 0 MB released
scvg: inuse: 18, idle: 43, sys: 62, released: 32, consumed: 29 (MB)
scvg: 0 MB released
scvg: inuse: 18, idle: 43, sys: 62, released: 33, consumed: 29 (MB)
scvg: 0 MB released
scvg: inuse: 18, idle: 43, sys: 62, released: 33, consumed: 29 (MB)
scvg: 0 MB released
scvg: inuse: 18, idle: 43, sys: 62, released: 33, consumed: 29 (MB)
scvg: 0 MB released
scvg: inuse: 18, idle: 43, sys: 62, released: 33, consumed: 29 (MB)
scvg: 0 MB released
scvg: inuse: 18, idle: 43, sys: 62, released: 33, consumed: 29 (MB)
scvg: 0 MB released
scvg: inuse: 18, idle: 43, sys: 62, released: 33, consumed: 29 (MB)
scvg: 0 MB released
scvg: inuse: 18, idle: 43, sys: 62, released: 33, consumed: 29 (MB)
scvg: 0 MB released
scvg: inuse: 18, idle: 43, sys: 62, released: 33, consumed: 29 (MB)
scvg: 0 MB released
scvg: inuse: 18, idle: 43, sys: 62, released: 33, consumed: 29 (MB)
scvg: 0 MB released
scvg: inuse: 18, idle: 43, sys: 62, released: 33, consumed: 29 (MB)
scvg: 0 MB released
scvg: inuse: 18, idle: 43, sys: 62, released: 33, consumed: 29 (MB)
scvg: 0 MB released
scvg: inuse: 18, idle: 43, sys: 62, released: 33, consumed: 29 (MB)
scvg: 0 MB released
scvg: inuse: 18, idle: 43, sys: 62, released: 33, consumed: 29 (MB)
scvg: 0 MB released
scvg: inuse: 18, idle: 43, sys: 62, released: 33, consumed: 29 (MB)
scvg: 0 MB released
scvg: inuse: 18, idle: 43, sys: 62, released: 33, consumed: 29 (MB)
scvg: 0 MB released
scvg: inuse: 18, idle: 43, sys: 62, released: 33, consumed: 29 (MB)
scvg: 0 MB released
scvg: inuse: 18, idle: 43, sys: 62, released: 33, consumed: 29 (MB)
scvg: 0 MB released
scvg: inuse: 18, idle: 43, sys: 62, released: 33, consumed: 29 (MB)
scvg: 0 MB released
scvg: inuse: 18, idle: 43, sys: 62, released: 33, consumed: 29 (MB)
scvg: 0 MB released
scvg: inuse: 18, idle: 43, sys: 62, released: 33, consumed: 29 (MB)
scvg: 0 MB released
scvg: inuse: 18, idle: 43, sys: 62, released: 33, consumed: 29 (MB)
scvg: 0 MB released
scvg: inuse: 18, idle: 43, sys: 62, released: 33, consumed: 29 (MB)
scvg: 0 MB released
scvg: inuse: 18, idle: 43, sys: 62, released: 33, consumed: 29 (MB)
scvg: 0 MB released
scvg: inuse: 18, idle: 43, sys: 62, released: 33, consumed: 29 (MB)
scvg: 0 MB released
scvg: inuse: 18, idle: 43, sys: 62, released: 33, consumed: 29 (MB)
scvg: 0 MB released
scvg: inuse: 18, idle: 43, sys: 62, released: 33, consumed: 29 (MB)
scvg: 0 MB released
scvg: inuse: 18, idle: 43, sys: 62, released: 33, consumed: 29 (MB)
scvg: 0 MB released
scvg: inuse: 18, idle: 43, sys: 62, released: 33, consumed: 29 (MB)
scvg: 0 MB released
scvg: inuse: 18, idle: 43, sys: 62, released: 33, consumed: 29 (MB)
scvg: 0 MB released
scvg: inuse: 18, idle: 43, sys: 62, released: 33, consumed: 28 (MB)
scvg: 0 MB released
scvg: inuse: 18, idle: 43, sys: 62, released: 33, consumed: 28 (MB)
scvg: 0 MB released
scvg: inuse: 18, idle: 43, sys: 62, released: 33, consumed: 28 (MB)
scvg: 0 MB released
scvg: inuse: 18, idle: 43, sys: 62, released: 33, consumed: 28 (MB)
scvg: 0 MB released
scvg: inuse: 18, idle: 43, sys: 62, released: 33, consumed: 28 (MB)
scvg: 0 MB released
scvg: inuse: 18, idle: 43, sys: 62, released: 33, consumed: 28 (MB)
scvg: 0 MB released
scvg: inuse: 18, idle: 43, sys: 62, released: 33, consumed: 28 (MB)
scvg: 0 MB released
scvg: inuse: 18, idle: 43, sys: 62, released: 33, consumed: 28 (MB)
scvg: 0 MB released
scvg: inuse: 18, idle: 43, sys: 62, released: 33, consumed: 28 (MB)
scvg: 0 MB released
scvg: inuse: 18, idle: 43, sys: 62, released: 33, consumed: 28 (MB)
scvg: 0 MB released
scvg: inuse: 18, idle: 43, sys: 62, released: 33, consumed: 28 (MB)
scvg: 0 MB released
scvg: inuse: 18, idle: 43, sys: 62, released: 33, consumed: 28 (MB)
scvg: 0 MB released
scvg: inuse: 18, idle: 43, sys: 62, released: 33, consumed: 28 (MB)
scvg: 0 MB released
scvg: inuse: 18, idle: 43, sys: 62, released: 33, consumed: 28 (MB)
scvg: 0 MB released
scvg: inuse: 18, idle: 43, sys: 62, released: 33, consumed: 28 (MB)
scvg: 0 MB released
scvg: inuse: 18, idle: 43, sys: 62, released: 33, consumed: 28 (MB)
scvg: 0 MB released
scvg: inuse: 18, idle: 43, sys: 62, released: 33, consumed: 28 (MB)
scvg: 0 MB released
scvg: inuse: 18, idle: 43, sys: 62, released: 33, consumed: 28 (MB)
scvg: 0 MB released
scvg: inuse: 18, idle: 43, sys: 62, released: 33, consumed: 28 (MB)
scvg: 0 MB released
scvg: inuse: 18, idle: 43, sys: 62, released: 33, consumed: 28 (MB)
scvg: 0 MB released
scvg: inuse: 18, idle: 43, sys: 62, released: 33, consumed: 28 (MB)
scvg: 0 MB released
scvg: inuse: 18, idle: 43, sys: 62, released: 33, consumed: 28 (MB)
scvg: 0 MB released
scvg: inuse: 18, idle: 43, sys: 62, released: 33, consumed: 28 (MB)
scvg: 0 MB released
scvg: inuse: 18, idle: 43, sys: 62, released: 33, consumed: 28 (MB)
scvg: 0 MB released
scvg: inuse: 18, idle: 43, sys: 62, released: 33, consumed: 28 (MB)
scvg: 0 MB released
scvg: inuse: 18, idle: 43, sys: 62, released: 33, consumed: 28 (MB)
scvg: 0 MB released
scvg: inuse: 18, idle: 43, sys: 62, released: 33, consumed: 28 (MB)
scvg: 0 MB released
scvg: inuse: 18, idle: 43, sys: 62, released: 33, consumed: 28 (MB)
scvg: 0 MB released
scvg: inuse: 18, idle: 43, sys: 62, released: 33, consumed: 28 (MB)
scvg: 0 MB released
scvg: inuse: 18, idle: 43, sys: 62, released: 33, consumed: 28 (MB)
scvg: 0 MB released
scvg: inuse: 18, idle: 43, sys: 62, released: 33, consumed: 28 (MB)
scvg: 0 MB released
scvg: inuse: 18, idle: 43, sys: 62, released: 33, consumed: 28 (MB)
scvg: 0 MB released
scvg: inuse: 18, idle: 43, sys: 62, released: 33, consumed: 28 (MB)
scvg: 0 MB released
scvg: inuse: 18, idle: 43, sys: 62, released: 33, consumed: 28 (MB)
scvg: 0 MB released
scvg: inuse: 18, idle: 43, sys: 62, released: 33, consumed: 28 (MB)
scvg: 0 MB released
scvg: inuse: 18, idle: 43, sys: 62, released: 33, consumed: 28 (MB)
scvg: 0 MB released
scvg: inuse: 18, idle: 43, sys: 62, released: 33, consumed: 28 (MB)
scvg: 0 MB released
scvg: inuse: 18, idle: 43, sys: 62, released: 33, consumed: 28 (MB)
scvg: 0 MB released
scvg: inuse: 18, idle: 43, sys: 62, released: 33, consumed: 28 (MB)
scvg: 0 MB released
scvg: inuse: 18, idle: 43, sys: 62, released: 33, consumed: 28 (MB)
scvg: 0 MB released
scvg: inuse: 18, idle: 43, sys: 62, released: 33, consumed: 28 (MB)
scvg: 0 MB released
scvg: inuse: 18, idle: 43, sys: 62, released: 33, consumed: 28 (MB)
scvg: 0 MB released
scvg: inuse: 18, idle: 43, sys: 62, released: 33, consumed: 28 (MB)
scvg: 0 MB released
scvg: inuse: 18, idle: 43, sys: 62, released: 33, consumed: 28 (MB)
scvg: 0 MB released
scvg: inuse: 18, idle: 43, sys: 62, released: 33, consumed: 28 (MB)
scvg: 0 MB released
scvg: inuse: 18, idle: 43, sys: 62, released: 33, consumed: 28 (MB)
scvg: 0 MB released
scvg: inuse: 18, idle: 43, sys: 62, released: 33, consumed: 28 (MB)
scvg: 0 MB released
scvg: inuse: 18, idle: 43, sys: 62, released: 33, consumed: 28 (MB)
scvg: 0 MB released
scvg: inuse: 18, idle: 43, sys: 62, released: 33, consumed: 28 (MB)
scvg: 0 MB released
scvg: inuse: 18, idle: 43, sys: 62, released: 33, consumed: 28 (MB)
scvg: 0 MB released
scvg: inuse: 18, idle: 43, sys: 62, released: 33, consumed: 28 (MB)
scvg: 0 MB released
scvg: inuse: 18, idle: 43, sys: 62, released: 33, consumed: 28 (MB)
scvg: 0 MB released
scvg: inuse: 18, idle: 43, sys: 62, released: 33, consumed: 28 (MB)
scvg: 0 MB released
scvg: inuse: 18, idle: 43, sys: 62, released: 33, consumed: 28 (MB)
scvg: 0 MB released
scvg: inuse: 18, idle: 43, sys: 62, released: 33, consumed: 28 (MB)
scvg: 0 MB released
scvg: inuse: 18, idle: 43, sys: 62, released: 33, consumed: 28 (MB)
scvg: 0 MB released
scvg: inuse: 18, idle: 43, sys: 62, released: 33, consumed: 28 (MB)
scvg: 0 MB released
scvg: inuse: 18, idle: 43, sys: 62, released: 33, consumed: 28 (MB)
scvg: 0 MB released
scvg: inuse: 18, idle: 43, sys: 62, released: 33, consumed: 28 (MB)
scvg: 0 MB released
scvg: inuse: 18, idle: 43, sys: 62, released: 33, consumed: 28 (MB)
scvg: 0 MB released
scvg: inuse: 18, idle: 43, sys: 62, released: 33, consumed: 28 (MB)
scvg: 0 MB released
scvg: inuse: 18, idle: 43, sys: 62, released: 33, consumed: 28 (MB)
scvg: 0 MB released
scvg: inuse: 18, idle: 43, sys: 62, released: 33, consumed: 28 (MB)
scvg: 0 MB released
scvg: inuse: 18, idle: 43, sys: 62, released: 33, consumed: 28 (MB)
scvg: 0 MB released
scvg: inuse: 18, idle: 43, sys: 62, released: 33, consumed: 28 (MB)
scvg: 0 MB released
scvg: inuse: 18, idle: 43, sys: 62, released: 33, consumed: 28 (MB)
scvg: 0 MB released
scvg: inuse: 18, idle: 43, sys: 62, released: 33, consumed: 28 (MB)
scvg: 0 MB released
scvg: inuse: 18, idle: 43, sys: 62, released: 33, consumed: 28 (MB)
scvg: 0 MB released
scvg: inuse: 18, idle: 43, sys: 62, released: 33, consumed: 28 (MB)
scvg: 0 MB released
scvg: inuse: 18, idle: 43, sys: 62, released: 33, consumed: 28 (MB)
scvg: 0 MB released
scvg: inuse: 18, idle: 43, sys: 62, released: 33, consumed: 28 (MB)
scvg: 0 MB released
scvg: inuse: 18, idle: 43, sys: 62, released: 33, consumed: 28 (MB)
scvg: 0 MB released
scvg: inuse: 18, idle: 43, sys: 62, released: 33, consumed: 28 (MB)
scvg: 0 MB released
scvg: inuse: 18, idle: 43, sys: 62, released: 33, consumed: 28 (MB)
scvg: 0 MB released
scvg: inuse: 18, idle: 43, sys: 62, released: 33, consumed: 28 (MB)
scvg: 0 MB released
scvg: inuse: 18, idle: 43, sys: 62, released: 33, consumed: 28 (MB)
scvg: 0 MB released
scvg: inuse: 18, idle: 43, sys: 62, released: 33, consumed: 28 (MB)
scvg: 0 MB released
scvg: inuse: 18, idle: 43, sys: 62, released: 33, consumed: 28 (MB)
scvg: 0 MB released
scvg: inuse: 18, idle: 43, sys: 62, released: 33, consumed: 28 (MB)
scvg: 0 MB released
scvg: inuse: 18, idle: 43, sys: 62, released: 33, consumed: 28 (MB)
scvg: 0 MB released
scvg: inuse: 18, idle: 43, sys: 62, released: 33, consumed: 28 (MB)
scvg: 0 MB released
scvg: inuse: 18, idle: 43, sys: 62, released: 33, consumed: 28 (MB)
scvg: 0 MB released
scvg: inuse: 18, idle: 43, sys: 62, released: 33, consumed: 28 (MB)
scvg: 0 MB released
scvg: inuse: 18, idle: 43, sys: 62, released: 33, consumed: 28 (MB)
scvg: 0 MB released
scvg: inuse: 18, idle: 43, sys: 62, released: 33, consumed: 28 (MB)
scvg: 0 MB released
scvg: inuse: 18, idle: 43, sys: 62, released: 33, consumed: 28 (MB)
scvg: 0 MB released
scvg: inuse: 18, idle: 43, sys: 62, released: 33, consumed: 28 (MB)
scvg: 0 MB released
scvg: inuse: 18, idle: 43, sys: 62, released: 33, consumed: 28 (MB)
scvg: 0 MB released
scvg: inuse: 18, idle: 43, sys: 62, released: 33, consumed: 28 (MB)
scvg: 0 MB released
scvg: inuse: 18, idle: 43, sys: 62, released: 33, consumed: 28 (MB)
scvg: 0 MB released
scvg: inuse: 18, idle: 43, sys: 62, released: 33, consumed: 28 (MB)
scvg: 0 MB released
scvg: inuse: 18, idle: 43, sys: 62, released: 33, consumed: 28 (MB)
scvg: 0 MB released
scvg: inuse: 18, idle: 43, sys: 62, released: 33, consumed: 28 (MB)
scvg: 0 MB released
scvg: inuse: 18, idle: 43, sys: 62, released: 33, consumed: 28 (MB)
scvg: 0 MB released
scvg: inuse: 18, idle: 43, sys: 62, released: 33, consumed: 28 (MB)
scvg: 0 MB released
scvg: inuse: 18, idle: 43, sys: 62, released: 33, consumed: 28 (MB)
scvg: 0 MB released
scvg: inuse: 18, idle: 43, sys: 62, released: 33, consumed: 28 (MB)
scvg: 0 MB released
scvg: inuse: 18, idle: 43, sys: 62, released: 33, consumed: 28 (MB)
scvg: 0 MB released
scvg: inuse: 18, idle: 43, sys: 62, released: 33, consumed: 28 (MB)
scvg: 0 MB released
scvg: inuse: 18, idle: 43, sys: 62, released: 34, consumed: 28 (MB)
scvg: 0 MB released
scvg: inuse: 18, idle: 43, sys: 62, released: 34, consumed: 28 (MB)
scvg: 0 MB released
scvg: inuse: 18, idle: 43, sys: 62, released: 34, consumed: 28 (MB)
scvg: 0 MB released
scvg: inuse: 18, idle: 43, sys: 62, released: 34, consumed: 28 (MB)
scvg: 0 MB released
scvg: inuse: 18, idle: 43, sys: 62, released: 34, consumed: 28 (MB)
scvg: 0 MB released
scvg: inuse: 18, idle: 43, sys: 62, released: 34, consumed: 28 (MB)
scvg: 0 MB released
scvg: inuse: 18, idle: 43, sys: 62, released: 34, consumed: 28 (MB)
scvg: 0 MB released
scvg: inuse: 18, idle: 43, sys: 62, released: 34, consumed: 28 (MB)
scvg: 0 MB released
scvg: inuse: 18, idle: 43, sys: 62, released: 34, consumed: 28 (MB)
scvg: 0 MB released
scvg: inuse: 18, idle: 43, sys: 62, released: 34, consumed: 28 (MB)
scvg: 0 MB released
scvg: inuse: 18, idle: 43, sys: 62, released: 34, consumed: 28 (MB)
scvg: 0 MB released
scvg: inuse: 18, idle: 43, sys: 62, released: 34, consumed: 28 (MB)
scvg: 0 MB released
scvg: inuse: 18, idle: 43, sys: 62, released: 34, consumed: 28 (MB)
scvg: 0 MB released
scvg: inuse: 18, idle: 43, sys: 62, released: 34, consumed: 28 (MB)
scvg: 0 MB released
scvg: inuse: 18, idle: 43, sys: 62, released: 34, consumed: 28 (MB)
scvg: 0 MB released
scvg: inuse: 18, idle: 43, sys: 62, released: 34, consumed: 28 (MB)
scvg: 0 MB released
scvg: inuse: 18, idle: 43, sys: 62, released: 34, consumed: 28 (MB)
scvg: 0 MB released
scvg: inuse: 18, idle: 43, sys: 62, released: 34, consumed: 28 (MB)
scvg: 0 MB released
scvg: inuse: 18, idle: 43, sys: 62, released: 34, consumed: 28 (MB)
scvg: 0 MB released
scvg: inuse: 18, idle: 43, sys: 62, released: 34, consumed: 28 (MB)
scvg: 0 MB released
scvg: inuse: 18, idle: 43, sys: 62, released: 34, consumed: 28 (MB)
scvg: 0 MB released
scvg: inuse: 18, idle: 43, sys: 62, released: 34, consumed: 28 (MB)
scvg: 0 MB released
scvg: inuse: 18, idle: 43, sys: 62, released: 34, consumed: 28 (MB)
scvg: 0 MB released
scvg: inuse: 18, idle: 43, sys: 62, released: 34, consumed: 28 (MB)
scvg: 0 MB released
scvg: inuse: 18, idle: 43, sys: 62, released: 34, consumed: 28 (MB)
scvg: 0 MB released
scvg: inuse: 18, idle: 43, sys: 62, released: 34, consumed: 28 (MB)
scvg: 0 MB released
scvg: inuse: 18, idle: 43, sys: 62, released: 34, consumed: 28 (MB)
scvg: 0 MB released
scvg: inuse: 18, idle: 43, sys: 62, released: 34, consumed: 28 (MB)
scvg: 0 MB released
scvg: inuse: 18, idle: 43, sys: 62, released: 34, consumed: 28 (MB)
scvg: 0 MB released
scvg: inuse: 18, idle: 43, sys: 62, released: 34, consumed: 27 (MB)
scvg: 0 MB released
scvg: inuse: 18, idle: 43, sys: 62, released: 34, consumed: 27 (MB)
scvg: 0 MB released
scvg: inuse: 18, idle: 43, sys: 62, released: 34, consumed: 27 (MB)
scvg: 0 MB released
scvg: inuse: 18, idle: 43, sys: 62, released: 34, consumed: 27 (MB)
scvg: 0 MB released
scvg: inuse: 18, idle: 43, sys: 62, released: 34, consumed: 27 (MB)
scvg: 0 MB released
scvg: inuse: 18, idle: 43, sys: 62, released: 34, consumed: 27 (MB)
scvg: 0 MB released
scvg: inuse: 18, idle: 43, sys: 62, released: 34, consumed: 27 (MB)
scvg: 0 MB released
scvg: inuse: 18, idle: 43, sys: 62, released: 34, consumed: 27 (MB)
scvg: 0 MB released
scvg: inuse: 18, idle: 43, sys: 62, released: 34, consumed: 27 (MB)
scvg: 0 MB released
scvg: inuse: 18, idle: 43, sys: 62, released: 34, consumed: 27 (MB)
scvg: 0 MB released
scvg: inuse: 18, idle: 43, sys: 62, released: 34, consumed: 27 (MB)
scvg: 0 MB released
scvg: inuse: 18, idle: 43, sys: 62, released: 34, consumed: 27 (MB)
scvg: 0 MB released
scvg: inuse: 18, idle: 43, sys: 62, released: 34, consumed: 27 (MB)
scvg: 0 MB released
scvg: inuse: 18, idle: 43, sys: 62, released: 34, consumed: 27 (MB)
scvg: 0 MB released
scvg: inuse: 18, idle: 43, sys: 62, released: 34, consumed: 27 (MB)
scvg: 0 MB released
scvg: inuse: 18, idle: 43, sys: 62, released: 34, consumed: 27 (MB)
scvg: 0 MB released
scvg: inuse: 18, idle: 43, sys: 62, released: 34, consumed: 27 (MB)
scvg: 0 MB released
scvg: inuse: 18, idle: 43, sys: 62, released: 34, consumed: 27 (MB)
scvg: 0 MB released
scvg: inuse: 18, idle: 43, sys: 62, released: 34, consumed: 27 (MB)
scvg: 0 MB released
scvg: inuse: 18, idle: 43, sys: 62, released: 34, consumed: 27 (MB)
scvg: 0 MB released
scvg: inuse: 18, idle: 43, sys: 62, released: 34, consumed: 27 (MB)
scvg: 0 MB released
scvg: inuse: 18, idle: 43, sys: 62, released: 34, consumed: 27 (MB)
scvg: 0 MB released
scvg: inuse: 18, idle: 43, sys: 62, released: 34, consumed: 27 (MB)
scvg: 0 MB released
scvg: inuse: 18, idle: 43, sys: 62, released: 34, consumed: 27 (MB)
scvg: 0 MB released
scvg: inuse: 18, idle: 43, sys: 62, released: 34, consumed: 27 (MB)
scvg: 0 MB released
scvg: inuse: 18, idle: 43, sys: 62, released: 34, consumed: 27 (MB)
scvg: 0 MB released
scvg: inuse: 18, idle: 43, sys: 62, released: 34, consumed: 27 (MB)
scvg: 0 MB released
scvg: inuse: 18, idle: 43, sys: 62, released: 34, consumed: 27 (MB)
scvg: 0 MB released
scvg: inuse: 18, idle: 43, sys: 62, released: 34, consumed: 27 (MB)
scvg: 0 MB released
scvg: inuse: 18, idle: 43, sys: 62, released: 34, consumed: 27 (MB)
scvg: 0 MB released
scvg: inuse: 18, idle: 43, sys: 62, released: 34, consumed: 27 (MB)
scvg: 0 MB released
scvg: inuse: 18, idle: 43, sys: 62, released: 34, consumed: 27 (MB)
scvg: 0 MB released
scvg: inuse: 18, idle: 43, sys: 62, released: 34, consumed: 27 (MB)
scvg: 0 MB released
scvg: inuse: 18, idle: 43, sys: 62, released: 34, consumed: 27 (MB)
scvg: 0 MB released
scvg: inuse: 18, idle: 43, sys: 62, released: 34, consumed: 27 (MB)
scvg: 0 MB released
scvg: inuse: 18, idle: 43, sys: 62, released: 34, consumed: 27 (MB)
scvg: 0 MB released
scvg: inuse: 18, idle: 43, sys: 62, released: 34, consumed: 27 (MB)
scvg: 0 MB released
scvg: inuse: 18, idle: 43, sys: 62, released: 34, consumed: 27 (MB)
scvg: 0 MB released
scvg: inuse: 18, idle: 43, sys: 62, released: 34, consumed: 27 (MB)
scvg: 0 MB released
scvg: inuse: 18, idle: 43, sys: 62, released: 34, consumed: 27 (MB)
scvg: 0 MB released
scvg: inuse: 18, idle: 43, sys: 62, released: 34, consumed: 27 (MB)
scvg: 0 MB released
scvg: inuse: 18, idle: 43, sys: 62, released: 34, consumed: 27 (MB)
scvg: 0 MB released
scvg: inuse: 18, idle: 43, sys: 62, released: 34, consumed: 27 (MB)
scvg: 0 MB released
scvg: inuse: 18, idle: 43, sys: 62, released: 34, consumed: 27 (MB)
scvg: 0 MB released
scvg: inuse: 18, idle: 43, sys: 62, released: 34, consumed: 27 (MB)
scvg: 0 MB released
scvg: inuse: 18, idle: 43, sys: 62, released: 34, consumed: 27 (MB)
scvg: 0 MB released
scvg: inuse: 18, idle: 43, sys: 62, released: 34, consumed: 27 (MB)
scvg: 0 MB released
scvg: inuse: 18, idle: 43, sys: 62, released: 34, consumed: 27 (MB)
scvg: 0 MB released
scvg: inuse: 18, idle: 43, sys: 62, released: 34, consumed: 27 (MB)
scvg: 0 MB released
scvg: inuse: 18, idle: 43, sys: 62, released: 34, consumed: 27 (MB)
scvg: 0 MB released
scvg: inuse: 18, idle: 43, sys: 62, released: 34, consumed: 27 (MB)
scvg: 0 MB released
scvg: inuse: 18, idle: 43, sys: 62, released: 34, consumed: 27 (MB)
scvg: 0 MB released
scvg: inuse: 18, idle: 43, sys: 62, released: 34, consumed: 27 (MB)
scvg: 0 MB released
scvg: inuse: 18, idle: 43, sys: 62, released: 34, consumed: 27 (MB)
scvg: 0 MB released
scvg: inuse: 18, idle: 43, sys: 62, released: 34, consumed: 27 (MB)
scvg: 0 MB released
scvg: inuse: 18, idle: 43, sys: 62, released: 34, consumed: 27 (MB)
scvg: 0 MB released
scvg: inuse: 18, idle: 43, sys: 62, released: 34, consumed: 27 (MB)
scvg: 0 MB released
scvg: inuse: 18, idle: 43, sys: 62, released: 34, consumed: 27 (MB)
scvg: 0 MB released
scvg: inuse: 18, idle: 43, sys: 62, released: 34, consumed: 27 (MB)
scvg: 0 MB released
scvg: inuse: 18, idle: 43, sys: 62, released: 34, consumed: 27 (MB)
scvg: 0 MB released
scvg: inuse: 18, idle: 43, sys: 62, released: 34, consumed: 27 (MB)
scvg: 0 MB released
scvg: inuse: 18, idle: 43, sys: 62, released: 34, consumed: 27 (MB)
scvg: 0 MB released
scvg: inuse: 18, idle: 43, sys: 62, released: 34, consumed: 27 (MB)
scvg: 0 MB released
scvg: inuse: 18, idle: 43, sys: 62, released: 34, consumed: 27 (MB)
scvg: 0 MB released
scvg: inuse: 18, idle: 43, sys: 62, released: 34, consumed: 27 (MB)
scvg: 0 MB released
scvg: inuse: 18, idle: 43, sys: 62, released: 34, consumed: 27 (MB)
scvg: 0 MB released
scvg: inuse: 18, idle: 43, sys: 62, released: 34, consumed: 27 (MB)
scvg: 0 MB released
scvg: inuse: 18, idle: 43, sys: 62, released: 34, consumed: 27 (MB)
scvg: 0 MB released
scvg: inuse: 18, idle: 43, sys: 62, released: 34, consumed: 27 (MB)
scvg: 0 MB released
scvg: inuse: 18, idle: 43, sys: 62, released: 34, consumed: 27 (MB)
scvg: 0 MB released
scvg: inuse: 18, idle: 43, sys: 62, released: 34, consumed: 27 (MB)
scvg: 0 MB released
scvg: inuse: 18, idle: 43, sys: 62, released: 34, consumed: 27 (MB)
scvg: 0 MB released
scvg: inuse: 18, idle: 43, sys: 62, released: 34, consumed: 27 (MB)
scvg: 0 MB released
scvg: inuse: 18, idle: 43, sys: 62, released: 34, consumed: 27 (MB)
scvg: 0 MB released
scvg: inuse: 18, idle: 43, sys: 62, released: 34, consumed: 27 (MB)
scvg: 0 MB released
scvg: inuse: 18, idle: 43, sys: 62, released: 34, consumed: 27 (MB)
scvg: 0 MB released
scvg: inuse: 18, idle: 43, sys: 62, released: 34, consumed: 27 (MB)
scvg: 0 MB released
scvg: inuse: 18, idle: 43, sys: 62, released: 34, consumed: 27 (MB)
scvg: 0 MB released
scvg: inuse: 18, idle: 43, sys: 62, released: 34, consumed: 27 (MB)
scvg: 0 MB released
scvg: inuse: 18, idle: 43, sys: 62, released: 34, consumed: 27 (MB)
scvg: 0 MB released
scvg: inuse: 18, idle: 43, sys: 62, released: 34, consumed: 27 (MB)
scvg: 0 MB released
scvg: inuse: 18, idle: 43, sys: 62, released: 34, consumed: 27 (MB)
scvg: 0 MB released
scvg: inuse: 18, idle: 43, sys: 62, released: 34, consumed: 27 (MB)
scvg: 0 MB released
scvg: inuse: 18, idle: 43, sys: 62, released: 34, consumed: 27 (MB)
scvg: 0 MB released
scvg: inuse: 18, idle: 43, sys: 62, released: 34, consumed: 27 (MB)
scvg: 0 MB released
scvg: inuse: 18, idle: 43, sys: 62, released: 34, consumed: 27 (MB)
scvg: 0 MB released
scvg: inuse: 18, idle: 43, sys: 62, released: 34, consumed: 27 (MB)
scvg: 0 MB released
scvg: inuse: 18, idle: 43, sys: 62, released: 34, consumed: 27 (MB)
scvg: 0 MB released
scvg: inuse: 18, idle: 43, sys: 62, released: 34, consumed: 27 (MB)
scvg: 0 MB released
scvg: inuse: 18, idle: 43, sys: 62, released: 34, consumed: 27 (MB)
scvg: 0 MB released
scvg: inuse: 18, idle: 43, sys: 62, released: 34, consumed: 27 (MB)
scvg: 0 MB released
scvg: inuse: 18, idle: 43, sys: 62, released: 34, consumed: 27 (MB)
scvg: 0 MB released
scvg: inuse: 18, idle: 43, sys: 62, released: 34, consumed: 27 (MB)
scvg: 0 MB released
scvg: inuse: 18, idle: 43, sys: 62, released: 34, consumed: 27 (MB)
scvg: 0 MB released
scvg: inuse: 18, idle: 43, sys: 62, released: 34, consumed: 27 (MB)
scvg: 0 MB released
scvg: inuse: 18, idle: 43, sys: 62, released: 34, consumed: 27 (MB)
scvg: 0 MB released
scvg: inuse: 18, idle: 43, sys: 62, released: 34, consumed: 27 (MB)
scvg: 0 MB released
scvg: inuse: 18, idle: 43, sys: 62, released: 34, consumed: 27 (MB)
scvg: 0 MB released
scvg: inuse: 18, idle: 43, sys: 62, released: 34, consumed: 27 (MB)
scvg: 0 MB released
scvg: inuse: 18, idle: 43, sys: 62, released: 35, consumed: 27 (MB)
scvg: 0 MB released
scvg: inuse: 18, idle: 43, sys: 62, released: 35, consumed: 27 (MB)
scvg: 0 MB released
scvg: inuse: 18, idle: 43, sys: 62, released: 35, consumed: 27 (MB)
scvg: 0 MB released
scvg: inuse: 18, idle: 43, sys: 62, released: 35, consumed: 27 (MB)
scvg: 0 MB released
scvg: inuse: 18, idle: 43, sys: 62, released: 35, consumed: 27 (MB)
scvg: 0 MB released
scvg: inuse: 18, idle: 43, sys: 62, released: 35, consumed: 27 (MB)
scvg: 0 MB released
scvg: inuse: 18, idle: 43, sys: 62, released: 35, consumed: 27 (MB)
scvg: 0 MB released
scvg: inuse: 18, idle: 43, sys: 62, released: 35, consumed: 27 (MB)
scvg: 0 MB released
scvg: inuse: 18, idle: 43, sys: 62, released: 35, consumed: 27 (MB)
scvg: 0 MB released
scvg: inuse: 18, idle: 43, sys: 62, released: 35, consumed: 27 (MB)
scvg: 0 MB released
scvg: inuse: 18, idle: 43, sys: 62, released: 35, consumed: 27 (MB)
scvg: 0 MB released
scvg: inuse: 18, idle: 43, sys: 62, released: 35, consumed: 27 (MB)
scvg: 0 MB released
scvg: inuse: 18, idle: 43, sys: 62, released: 35, consumed: 27 (MB)
scvg: 0 MB released
scvg: inuse: 18, idle: 43, sys: 62, released: 35, consumed: 27 (MB)
scvg: 0 MB released
scvg: inuse: 18, idle: 43, sys: 62, released: 35, consumed: 27 (MB)
scvg: 0 MB released
scvg: inuse: 18, idle: 43, sys: 62, released: 35, consumed: 27 (MB)
scvg: 0 MB released
scvg: inuse: 18, idle: 43, sys: 62, released: 35, consumed: 27 (MB)
scvg: 0 MB released
scvg: inuse: 18, idle: 43, sys: 62, released: 35, consumed: 27 (MB)
scvg: 0 MB released
scvg: inuse: 18, idle: 43, sys: 62, released: 35, consumed: 27 (MB)
scvg: 0 MB released
scvg: inuse: 18, idle: 43, sys: 62, released: 35, consumed: 27 (MB)
scvg: 0 MB released
scvg: inuse: 18, idle: 43, sys: 62, released: 35, consumed: 27 (MB)
scvg: 0 MB released
scvg: inuse: 18, idle: 43, sys: 62, released: 35, consumed: 27 (MB)
scvg: 0 MB released
scvg: inuse: 18, idle: 43, sys: 62, released: 35, consumed: 27 (MB)
scvg: 0 MB released
scvg: inuse: 18, idle: 43, sys: 62, released: 35, consumed: 27 (MB)
scvg: 0 MB released
scvg: inuse: 18, idle: 43, sys: 62, released: 35, consumed: 27 (MB)
scvg: 0 MB released
scvg: inuse: 18, idle: 43, sys: 62, released: 35, consumed: 27 (MB)
scvg: 0 MB released
scvg: inuse: 18, idle: 43, sys: 62, released: 35, consumed: 27 (MB)
scvg: 0 MB released
scvg: inuse: 18, idle: 43, sys: 62, released: 35, consumed: 27 (MB)
scvg: 0 MB released
scvg: inuse: 18, idle: 43, sys: 62, released: 35, consumed: 27 (MB)
scvg: 0 MB released
scvg: inuse: 18, idle: 43, sys: 62, released: 35, consumed: 26 (MB)
scvg: 0 MB released
scvg: inuse: 18, idle: 43, sys: 62, released: 35, consumed: 26 (MB)
scvg: 0 MB released
scvg: inuse: 18, idle: 43, sys: 62, released: 35, consumed: 26 (MB)
scvg: 0 MB released
scvg: inuse: 18, idle: 43, sys: 62, released: 35, consumed: 26 (MB)
scvg: 0 MB released
scvg: inuse: 18, idle: 43, sys: 62, released: 35, consumed: 26 (MB)
scvg: 0 MB released
scvg: inuse: 18, idle: 43, sys: 62, released: 35, consumed: 26 (MB)
scvg: 0 MB released
scvg: inuse: 18, idle: 43, sys: 62, released: 35, consumed: 26 (MB)
scvg: 0 MB released
scvg: inuse: 18, idle: 43, sys: 62, released: 35, consumed: 26 (MB)
scvg: 0 MB released
scvg: inuse: 18, idle: 43, sys: 62, released: 35, consumed: 26 (MB)
scvg: 0 MB released
scvg: inuse: 18, idle: 43, sys: 62, released: 35, consumed: 26 (MB)
scvg: 0 MB released
scvg: inuse: 18, idle: 43, sys: 62, released: 35, consumed: 26 (MB)
scvg: 0 MB released
scvg: inuse: 18, idle: 43, sys: 62, released: 35, consumed: 26 (MB)
scvg: 0 MB released
scvg: inuse: 18, idle: 43, sys: 62, released: 35, consumed: 26 (MB)
scvg: 0 MB released
scvg: inuse: 18, idle: 43, sys: 62, released: 35, consumed: 26 (MB)
scvg: 0 MB released
scvg: inuse: 18, idle: 43, sys: 62, released: 35, consumed: 26 (MB)
scvg: 0 MB released
scvg: inuse: 18, idle: 43, sys: 62, released: 35, consumed: 26 (MB)
scvg: 0 MB released
scvg: inuse: 18, idle: 43, sys: 62, released: 35, consumed: 26 (MB)
scvg: 0 MB released
scvg: inuse: 18, idle: 43, sys: 62, released: 35, consumed: 26 (MB)
scvg: 0 MB released
scvg: inuse: 18, idle: 43, sys: 62, released: 35, consumed: 26 (MB)
scvg: 0 MB released
scvg: inuse: 18, idle: 43, sys: 62, released: 35, consumed: 26 (MB)
scvg: 0 MB released
scvg: inuse: 18, idle: 43, sys: 62, released: 35, consumed: 26 (MB)
scvg: 0 MB released
scvg: inuse: 18, idle: 43, sys: 62, released: 35, consumed: 26 (MB)
scvg: 0 MB released
scvg: inuse: 18, idle: 43, sys: 62, released: 35, consumed: 26 (MB)
scvg: 0 MB released
scvg: inuse: 18, idle: 43, sys: 62, released: 35, consumed: 26 (MB)
scvg: 0 MB released
scvg: inuse: 18, idle: 43, sys: 62, released: 35, consumed: 26 (MB)
scvg: 0 MB released
scvg: inuse: 18, idle: 43, sys: 62, released: 35, consumed: 26 (MB)
scvg: 0 MB released
scvg: inuse: 18, idle: 43, sys: 62, released: 35, consumed: 26 (MB)
scvg: 0 MB released
scvg: inuse: 18, idle: 43, sys: 62, released: 35, consumed: 26 (MB)
scvg: 0 MB released
scvg: inuse: 18, idle: 43, sys: 62, released: 35, consumed: 26 (MB)
scvg: 0 MB released
scvg: inuse: 18, idle: 43, sys: 62, released: 35, consumed: 26 (MB)
scvg: 0 MB released
scvg: inuse: 18, idle: 43, sys: 62, released: 35, consumed: 26 (MB)
scvg: 0 MB released
scvg: inuse: 18, idle: 43, sys: 62, released: 35, consumed: 26 (MB)
scvg: 0 MB released
scvg: inuse: 18, idle: 43, sys: 62, released: 35, consumed: 26 (MB)
scvg: 0 MB released
scvg: inuse: 18, idle: 43, sys: 62, released: 35, consumed: 26 (MB)
scvg: 0 MB released
scvg: inuse: 18, idle: 43, sys: 62, released: 35, consumed: 26 (MB)
scvg: 0 MB released
scvg: inuse: 18, idle: 43, sys: 62, released: 35, consumed: 26 (MB)
scvg: 0 MB released
scvg: inuse: 18, idle: 43, sys: 62, released: 35, consumed: 26 (MB)
scvg: 0 MB released
scvg: inuse: 18, idle: 43, sys: 62, released: 35, consumed: 26 (MB)
scvg: 0 MB released
scvg: inuse: 18, idle: 43, sys: 62, released: 35, consumed: 26 (MB)
scvg: 0 MB released
scvg: inuse: 18, idle: 43, sys: 62, released: 35, consumed: 26 (MB)
scvg: 0 MB released
scvg: inuse: 18, idle: 43, sys: 62, released: 35, consumed: 26 (MB)
scvg: 0 MB released
scvg: inuse: 18, idle: 43, sys: 62, released: 35, consumed: 26 (MB)
scvg: 0 MB released
scvg: inuse: 18, idle: 43, sys: 62, released: 35, consumed: 26 (MB)
scvg: 0 MB released
scvg: inuse: 18, idle: 43, sys: 62, released: 35, consumed: 26 (MB)
scvg: 0 MB released
scvg: inuse: 18, idle: 43, sys: 62, released: 35, consumed: 26 (MB)
scvg: 0 MB released
scvg: inuse: 18, idle: 43, sys: 62, released: 35, consumed: 26 (MB)
scvg: 0 MB released
scvg: inuse: 18, idle: 43, sys: 62, released: 35, consumed: 26 (MB)
scvg: 0 MB released
scvg: inuse: 18, idle: 43, sys: 62, released: 35, consumed: 26 (MB)
scvg: 0 MB released
scvg: inuse: 18, idle: 43, sys: 62, released: 35, consumed: 26 (MB)
scvg: 0 MB released
scvg: inuse: 18, idle: 43, sys: 62, released: 35, consumed: 26 (MB)
scvg: 0 MB released
scvg: inuse: 18, idle: 43, sys: 62, released: 35, consumed: 26 (MB)
scvg: 0 MB released
scvg: inuse: 18, idle: 43, sys: 62, released: 35, consumed: 26 (MB)
scvg: 0 MB released
scvg: inuse: 18, idle: 43, sys: 62, released: 35, consumed: 26 (MB)
scvg: 0 MB released
scvg: inuse: 18, idle: 43, sys: 62, released: 35, consumed: 26 (MB)
scvg: 0 MB released
scvg: inuse: 18, idle: 43, sys: 62, released: 35, consumed: 26 (MB)
scvg: 0 MB released
scvg: inuse: 18, idle: 43, sys: 62, released: 35, consumed: 26 (MB)
scvg: 0 MB released
scvg: inuse: 18, idle: 43, sys: 62, released: 35, consumed: 26 (MB)
scvg: 0 MB released
scvg: inuse: 18, idle: 43, sys: 62, released: 35, consumed: 26 (MB)
scvg: 0 MB released
scvg: inuse: 18, idle: 43, sys: 62, released: 35, consumed: 26 (MB)
scvg: 0 MB released
scvg: inuse: 18, idle: 43, sys: 62, released: 35, consumed: 26 (MB)
scvg: 0 MB released
scvg: inuse: 18, idle: 43, sys: 62, released: 35, consumed: 26 (MB)
scvg: 0 MB released
scvg: inuse: 18, idle: 43, sys: 62, released: 35, consumed: 26 (MB)
scvg: 0 MB released
scvg: inuse: 18, idle: 43, sys: 62, released: 35, consumed: 26 (MB)
scvg: 0 MB released
scvg: inuse: 18, idle: 43, sys: 62, released: 35, consumed: 26 (MB)
scvg: 0 MB released
scvg: inuse: 18, idle: 43, sys: 62, released: 35, consumed: 26 (MB)
scvg: 0 MB released
scvg: inuse: 18, idle: 43, sys: 62, released: 35, consumed: 26 (MB)
scvg: 0 MB released
scvg: inuse: 18, idle: 43, sys: 62, released: 35, consumed: 26 (MB)
scvg: 0 MB released
scvg: inuse: 18, idle: 43, sys: 62, released: 35, consumed: 26 (MB)
scvg: 0 MB released
scvg: inuse: 18, idle: 43, sys: 62, released: 35, consumed: 26 (MB)
scvg: 0 MB released
scvg: inuse: 18, idle: 43, sys: 62, released: 35, consumed: 26 (MB)
scvg: 0 MB released
scvg: inuse: 18, idle: 43, sys: 62, released: 35, consumed: 26 (MB)
scvg: 0 MB released
scvg: inuse: 18, idle: 43, sys: 62, released: 35, consumed: 26 (MB)
scvg: 0 MB released
scvg: inuse: 18, idle: 43, sys: 62, released: 35, consumed: 26 (MB)
scvg: 0 MB released
scvg: inuse: 18, idle: 43, sys: 62, released: 35, consumed: 26 (MB)
scvg: 0 MB released
scvg: inuse: 18, idle: 43, sys: 62, released: 35, consumed: 26 (MB)
scvg: 0 MB released
scvg: inuse: 18, idle: 43, sys: 62, released: 35, consumed: 26 (MB)
scvg: 0 MB released
scvg: inuse: 18, idle: 43, sys: 62, released: 35, consumed: 26 (MB)
scvg: 0 MB released
scvg: inuse: 18, idle: 43, sys: 62, released: 35, consumed: 26 (MB)
scvg: 0 MB released
scvg: inuse: 18, idle: 43, sys: 62, released: 35, consumed: 26 (MB)
scvg: 0 MB released
scvg: inuse: 18, idle: 43, sys: 62, released: 35, consumed: 26 (MB)
scvg: 0 MB released
scvg: inuse: 18, idle: 43, sys: 62, released: 35, consumed: 26 (MB)
scvg: 0 MB released
scvg: inuse: 18, idle: 43, sys: 62, released: 35, consumed: 26 (MB)
scvg: 0 MB released
scvg: inuse: 18, idle: 43, sys: 62, released: 35, consumed: 26 (MB)
scvg: 0 MB released
scvg: inuse: 18, idle: 43, sys: 62, released: 35, consumed: 26 (MB)
scvg: 0 MB released
scvg: inuse: 18, idle: 43, sys: 62, released: 35, consumed: 26 (MB)
scvg: 0 MB released
scvg: inuse: 18, idle: 43, sys: 62, released: 35, consumed: 26 (MB)
scvg: 0 MB released
scvg: inuse: 18, idle: 43, sys: 62, released: 35, consumed: 26 (MB)
scvg: 0 MB released
scvg: inuse: 18, idle: 43, sys: 62, released: 35, consumed: 26 (MB)
scvg: 0 MB released
scvg: inuse: 18, idle: 43, sys: 62, released: 35, consumed: 26 (MB)
scvg: 0 MB released
scvg: inuse: 18, idle: 43, sys: 62, released: 35, consumed: 26 (MB)
scvg: 0 MB released
scvg: inuse: 18, idle: 43, sys: 62, released: 35, consumed: 26 (MB)
scvg: 0 MB released
scvg: inuse: 18, idle: 43, sys: 62, released: 35, consumed: 26 (MB)
scvg: 0 MB released
scvg: inuse: 18, idle: 43, sys: 62, released: 35, consumed: 26 (MB)
scvg: 0 MB released
scvg: inuse: 18, idle: 43, sys: 62, released: 35, consumed: 26 (MB)
scvg: 0 MB released
scvg: inuse: 18, idle: 43, sys: 62, released: 35, consumed: 26 (MB)
scvg: 0 MB released
scvg: inuse: 18, idle: 43, sys: 62, released: 35, consumed: 26 (MB)
scvg: 0 MB released
scvg: inuse: 18, idle: 43, sys: 62, released: 35, consumed: 26 (MB)
scvg: 0 MB released
scvg: inuse: 18, idle: 43, sys: 62, released: 35, consumed: 26 (MB)
scvg: 0 MB released
scvg: inuse: 18, idle: 43, sys: 62, released: 35, consumed: 26 (MB)
scvg: 0 MB released
scvg: inuse: 18, idle: 43, sys: 62, released: 36, consumed: 26 (MB)
scvg: 0 MB released
scvg: inuse: 18, idle: 43, sys: 62, released: 36, consumed: 26 (MB)
scvg: 0 MB released
scvg: inuse: 18, idle: 43, sys: 62, released: 36, consumed: 26 (MB)
scvg: 0 MB released
scvg: inuse: 18, idle: 43, sys: 62, released: 36, consumed: 26 (MB)
scvg: 0 MB released
scvg: inuse: 18, idle: 43, sys: 62, released: 36, consumed: 26 (MB)
scvg: 0 MB released
scvg: inuse: 18, idle: 43, sys: 62, released: 36, consumed: 26 (MB)
scvg: 0 MB released
scvg: inuse: 18, idle: 43, sys: 62, released: 36, consumed: 26 (MB)
scvg: 0 MB released
scvg: inuse: 18, idle: 43, sys: 62, released: 36, consumed: 26 (MB)
scvg: 0 MB released
scvg: inuse: 18, idle: 43, sys: 62, released: 36, consumed: 26 (MB)
scvg: 0 MB released
scvg: inuse: 18, idle: 43, sys: 62, released: 36, consumed: 26 (MB)
scvg: 0 MB released
scvg: inuse: 18, idle: 43, sys: 62, released: 36, consumed: 26 (MB)
scvg: 0 MB released
scvg: inuse: 18, idle: 43, sys: 62, released: 36, consumed: 26 (MB)
scvg: 0 MB released
scvg: inuse: 18, idle: 43, sys: 62, released: 36, consumed: 26 (MB)
scvg: 0 MB released
scvg: inuse: 18, idle: 43, sys: 62, released: 36, consumed: 26 (MB)
scvg: 0 MB released
scvg: inuse: 18, idle: 43, sys: 62, released: 36, consumed: 26 (MB)
scvg: 0 MB released
scvg: inuse: 18, idle: 43, sys: 62, released: 36, consumed: 26 (MB)
scvg: 0 MB released
scvg: inuse: 18, idle: 43, sys: 62, released: 36, consumed: 26 (MB)
scvg: 0 MB released
scvg: inuse: 18, idle: 43, sys: 62, released: 36, consumed: 26 (MB)
scvg: 0 MB released
scvg: inuse: 18, idle: 43, sys: 62, released: 36, consumed: 26 (MB)
scvg: 0 MB released
scvg: inuse: 18, idle: 43, sys: 62, released: 36, consumed: 26 (MB)
scvg: 0 MB released
scvg: inuse: 18, idle: 43, sys: 62, released: 36, consumed: 26 (MB)
scvg: 0 MB released
scvg: inuse: 18, idle: 43, sys: 62, released: 36, consumed: 26 (MB)
scvg: 0 MB released
scvg: inuse: 18, idle: 43, sys: 62, released: 36, consumed: 26 (MB)
scvg: 0 MB released
scvg: inuse: 18, idle: 43, sys: 62, released: 36, consumed: 26 (MB)
scvg: 0 MB released
scvg: inuse: 18, idle: 43, sys: 62, released: 36, consumed: 26 (MB)
scvg: 0 MB released
scvg: inuse: 18, idle: 43, sys: 62, released: 36, consumed: 26 (MB)
scvg: 0 MB released
scvg: inuse: 18, idle: 43, sys: 62, released: 36, consumed: 26 (MB)
scvg: 0 MB released
scvg: inuse: 18, idle: 43, sys: 62, released: 36, consumed: 26 (MB)
scvg: 0 MB released
scvg: inuse: 18, idle: 43, sys: 62, released: 36, consumed: 26 (MB)
scvg: 0 MB released
scvg: inuse: 18, idle: 43, sys: 62, released: 36, consumed: 25 (MB)
scvg: 0 MB released
scvg: inuse: 18, idle: 43, sys: 62, released: 36, consumed: 25 (MB)
scvg: 0 MB released
scvg: inuse: 18, idle: 43, sys: 62, released: 36, consumed: 25 (MB)
scvg: 0 MB released
scvg: inuse: 18, idle: 43, sys: 62, released: 36, consumed: 25 (MB)
scvg: 0 MB released
scvg: inuse: 18, idle: 43, sys: 62, released: 36, consumed: 25 (MB)
scvg: 0 MB released
scvg: inuse: 18, idle: 43, sys: 62, released: 36, consumed: 25 (MB)
scvg: 0 MB released
scvg: inuse: 18, idle: 43, sys: 62, released: 36, consumed: 25 (MB)
scvg: 0 MB released
scvg: inuse: 18, idle: 43, sys: 62, released: 36, consumed: 25 (MB)
scvg: 0 MB released
scvg: inuse: 18, idle: 43, sys: 62, released: 36, consumed: 25 (MB)
scvg: 0 MB released
scvg: inuse: 18, idle: 43, sys: 62, released: 36, consumed: 25 (MB)
scvg: 0 MB released
scvg: inuse: 18, idle: 43, sys: 62, released: 36, consumed: 25 (MB)
scvg: 0 MB released
scvg: inuse: 18, idle: 43, sys: 62, released: 36, consumed: 25 (MB)
scvg: 0 MB released
scvg: inuse: 18, idle: 43, sys: 62, released: 36, consumed: 25 (MB)
scvg: 0 MB released
scvg: inuse: 18, idle: 43, sys: 62, released: 36, consumed: 25 (MB)
scvg: 0 MB released
scvg: inuse: 18, idle: 43, sys: 62, released: 36, consumed: 25 (MB)
scvg: 0 MB released
scvg: inuse: 18, idle: 43, sys: 62, released: 36, consumed: 25 (MB)
scvg: 0 MB released
scvg: inuse: 18, idle: 43, sys: 62, released: 36, consumed: 25 (MB)
scvg: 0 MB released
scvg: inuse: 18, idle: 43, sys: 62, released: 36, consumed: 25 (MB)
scvg: 0 MB released
scvg: inuse: 18, idle: 43, sys: 62, released: 36, consumed: 25 (MB)
scvg: 0 MB released
scvg: inuse: 18, idle: 43, sys: 62, released: 36, consumed: 25 (MB)
scvg: 0 MB released
scvg: inuse: 18, idle: 43, sys: 62, released: 36, consumed: 25 (MB)
scvg: 0 MB released
scvg: inuse: 18, idle: 43, sys: 62, released: 36, consumed: 25 (MB)
scvg: 0 MB released
scvg: inuse: 18, idle: 43, sys: 62, released: 36, consumed: 25 (MB)
scvg: 0 MB released
scvg: inuse: 18, idle: 43, sys: 62, released: 36, consumed: 25 (MB)
scvg: 0 MB released
scvg: inuse: 18, idle: 43, sys: 62, released: 36, consumed: 25 (MB)
scvg: 0 MB released
scvg: inuse: 18, idle: 43, sys: 62, released: 36, consumed: 25 (MB)
scvg: 0 MB released
scvg: inuse: 18, idle: 43, sys: 62, released: 36, consumed: 25 (MB)
scvg: 0 MB released
scvg: inuse: 18, idle: 43, sys: 62, released: 36, consumed: 25 (MB)
scvg: 0 MB released
scvg: inuse: 18, idle: 43, sys: 62, released: 36, consumed: 25 (MB)
scvg: 0 MB released
scvg: inuse: 18, idle: 43, sys: 62, released: 36, consumed: 25 (MB)
scvg: 0 MB released
scvg: inuse: 18, idle: 43, sys: 62, released: 36, consumed: 25 (MB)
scvg: 0 MB released
scvg: inuse: 18, idle: 43, sys: 62, released: 36, consumed: 25 (MB)
scvg: 0 MB released
scvg: inuse: 18, idle: 43, sys: 62, released: 36, consumed: 25 (MB)
scvg: 0 MB released
scvg: inuse: 18, idle: 43, sys: 62, released: 36, consumed: 25 (MB)
scvg: 0 MB released
scvg: inuse: 18, idle: 43, sys: 62, released: 36, consumed: 25 (MB)
scvg: 0 MB released
scvg: inuse: 18, idle: 43, sys: 62, released: 36, consumed: 25 (MB)
scvg: 0 MB released
scvg: inuse: 18, idle: 43, sys: 62, released: 36, consumed: 25 (MB)
scvg: 0 MB released
scvg: inuse: 18, idle: 43, sys: 62, released: 36, consumed: 25 (MB)
scvg: 0 MB released
scvg: inuse: 18, idle: 43, sys: 62, released: 36, consumed: 25 (MB)
scvg: 0 MB released
scvg: inuse: 18, idle: 43, sys: 62, released: 36, consumed: 25 (MB)
scvg: 0 MB released
scvg: inuse: 18, idle: 43, sys: 62, released: 36, consumed: 25 (MB)
scvg: 0 MB released
scvg: inuse: 18, idle: 43, sys: 62, released: 36, consumed: 25 (MB)
scvg: 0 MB released
scvg: inuse: 18, idle: 43, sys: 62, released: 36, consumed: 25 (MB)
scvg: 0 MB released
scvg: inuse: 18, idle: 43, sys: 62, released: 36, consumed: 25 (MB)
scvg: 0 MB released
scvg: inuse: 18, idle: 43, sys: 62, released: 36, consumed: 25 (MB)
scvg: 0 MB released
scvg: inuse: 18, idle: 43, sys: 62, released: 36, consumed: 25 (MB)
scvg: 0 MB released
scvg: inuse: 18, idle: 43, sys: 62, released: 36, consumed: 25 (MB)
scvg: 0 MB released
scvg: inuse: 18, idle: 43, sys: 62, released: 36, consumed: 25 (MB)
scvg: 0 MB released
scvg: inuse: 18, idle: 43, sys: 62, released: 36, consumed: 25 (MB)
scvg: 0 MB released
scvg: inuse: 18, idle: 43, sys: 62, released: 36, consumed: 25 (MB)
scvg: 0 MB released
scvg: inuse: 18, idle: 43, sys: 62, released: 36, consumed: 25 (MB)
scvg: 0 MB released
scvg: inuse: 18, idle: 43, sys: 62, released: 36, consumed: 25 (MB)
scvg: 0 MB released
scvg: inuse: 18, idle: 43, sys: 62, released: 36, consumed: 25 (MB)
scvg: 0 MB released
scvg: inuse: 18, idle: 43, sys: 62, released: 36, consumed: 25 (MB)
scvg: 0 MB released
scvg: inuse: 18, idle: 43, sys: 62, released: 36, consumed: 25 (MB)
scvg: 0 MB released
scvg: inuse: 18, idle: 43, sys: 62, released: 36, consumed: 25 (MB)
scvg: 0 MB released
scvg: inuse: 18, idle: 43, sys: 62, released: 36, consumed: 25 (MB)
scvg: 0 MB released
scvg: inuse: 18, idle: 43, sys: 62, released: 36, consumed: 25 (MB)
scvg: 0 MB released
scvg: inuse: 18, idle: 43, sys: 62, released: 36, consumed: 25 (MB)
scvg: 0 MB released
scvg: inuse: 18, idle: 43, sys: 62, released: 36, consumed: 25 (MB)
scvg: 0 MB released
scvg: inuse: 18, idle: 43, sys: 62, released: 36, consumed: 25 (MB)
scvg: 0 MB released
scvg: inuse: 18, idle: 43, sys: 62, released: 36, consumed: 25 (MB)
scvg: 0 MB released
scvg: inuse: 18, idle: 43, sys: 62, released: 36, consumed: 25 (MB)
scvg: 0 MB released
scvg: inuse: 18, idle: 43, sys: 62, released: 36, consumed: 25 (MB)
scvg: 0 MB released
scvg: inuse: 18, idle: 43, sys: 62, released: 36, consumed: 25 (MB)
scvg: 0 MB released
scvg: inuse: 18, idle: 43, sys: 62, released: 36, consumed: 25 (MB)
scvg: 0 MB released
scvg: inuse: 18, idle: 43, sys: 62, released: 36, consumed: 25 (MB)
scvg: 0 MB released
scvg: inuse: 18, idle: 43, sys: 62, released: 36, consumed: 25 (MB)
scvg: 0 MB released
scvg: inuse: 18, idle: 43, sys: 62, released: 36, consumed: 25 (MB)
scvg: 0 MB released
scvg: inuse: 18, idle: 43, sys: 62, released: 36, consumed: 25 (MB)
scvg: 0 MB released
scvg: inuse: 18, idle: 43, sys: 62, released: 36, consumed: 25 (MB)
scvg: 0 MB released
scvg: inuse: 18, idle: 43, sys: 62, released: 36, consumed: 25 (MB)
scvg: 0 MB released
scvg: inuse: 18, idle: 43, sys: 62, released: 36, consumed: 25 (MB)
scvg: 0 MB released
scvg: inuse: 18, idle: 43, sys: 62, released: 36, consumed: 25 (MB)
scvg: 0 MB released
scvg: inuse: 18, idle: 43, sys: 62, released: 36, consumed: 25 (MB)
scvg: 0 MB released
scvg: inuse: 18, idle: 43, sys: 62, released: 36, consumed: 25 (MB)
scvg: 0 MB released
scvg: inuse: 18, idle: 43, sys: 62, released: 36, consumed: 25 (MB)
scvg: 0 MB released
scvg: inuse: 18, idle: 43, sys: 62, released: 36, consumed: 25 (MB)
scvg: 0 MB released
scvg: inuse: 18, idle: 43, sys: 62, released: 36, consumed: 25 (MB)
scvg: 0 MB released
scvg: inuse: 18, idle: 43, sys: 62, released: 36, consumed: 25 (MB)
scvg: 0 MB released
scvg: inuse: 18, idle: 43, sys: 62, released: 36, consumed: 25 (MB)
scvg: 0 MB released
scvg: inuse: 18, idle: 43, sys: 62, released: 36, consumed: 25 (MB)
scvg: 0 MB released
scvg: inuse: 18, idle: 43, sys: 62, released: 36, consumed: 25 (MB)
scvg: 0 MB released
scvg: inuse: 18, idle: 43, sys: 62, released: 36, consumed: 25 (MB)
scvg: 0 MB released
scvg: inuse: 18, idle: 43, sys: 62, released: 36, consumed: 25 (MB)
scvg: 0 MB released
scvg: inuse: 18, idle: 43, sys: 62, released: 36, consumed: 25 (MB)
scvg: 0 MB released
scvg: inuse: 18, idle: 43, sys: 62, released: 36, consumed: 25 (MB)
scvg: 0 MB released
scvg: inuse: 18, idle: 43, sys: 62, released: 36, consumed: 25 (MB)
scvg: 0 MB released
scvg: inuse: 18, idle: 43, sys: 62, released: 36, consumed: 25 (MB)
scvg: 0 MB released
scvg: inuse: 18, idle: 43, sys: 62, released: 36, consumed: 25 (MB)
scvg: 0 MB released
scvg: inuse: 18, idle: 43, sys: 62, released: 36, consumed: 25 (MB)
scvg: 0 MB released
scvg: inuse: 18, idle: 43, sys: 62, released: 36, consumed: 25 (MB)
scvg: 0 MB released
scvg: inuse: 18, idle: 43, sys: 62, released: 36, consumed: 25 (MB)
scvg: 0 MB released
scvg: inuse: 18, idle: 43, sys: 62, released: 36, consumed: 25 (MB)
scvg: 0 MB released
scvg: inuse: 18, idle: 43, sys: 62, released: 36, consumed: 25 (MB)
scvg: 0 MB released
scvg: inuse: 18, idle: 43, sys: 62, released: 36, consumed: 25 (MB)
scvg: 0 MB released
scvg: inuse: 18, idle: 43, sys: 62, released: 36, consumed: 25 (MB)
scvg: 0 MB released
scvg: inuse: 18, idle: 43, sys: 62, released: 36, consumed: 25 (MB)
scvg: 0 MB released
scvg: inuse: 18, idle: 43, sys: 62, released: 36, consumed: 25 (MB)
scvg: 0 MB released
scvg: inuse: 18, idle: 43, sys: 62, released: 37, consumed: 25 (MB)
scvg: 0 MB released
scvg: inuse: 18, idle: 43, sys: 62, released: 37, consumed: 25 (MB)
scvg: 0 MB released
scvg: inuse: 18, idle: 43, sys: 62, released: 37, consumed: 25 (MB)
scvg: 0 MB released
scvg: inuse: 18, idle: 43, sys: 62, released: 37, consumed: 25 (MB)
scvg: 0 MB released
scvg: inuse: 18, idle: 43, sys: 62, released: 37, consumed: 25 (MB)
scvg: 0 MB released
scvg: inuse: 18, idle: 43, sys: 62, released: 37, consumed: 25 (MB)
scvg: 0 MB released
scvg: inuse: 18, idle: 43, sys: 62, released: 37, consumed: 25 (MB)
scvg: 0 MB released
scvg: inuse: 18, idle: 43, sys: 62, released: 37, consumed: 25 (MB)
scvg: 0 MB released
scvg: inuse: 18, idle: 43, sys: 62, released: 37, consumed: 25 (MB)
scvg: 0 MB released
scvg: inuse: 18, idle: 43, sys: 62, released: 37, consumed: 25 (MB)
scvg: 0 MB released
scvg: inuse: 18, idle: 43, sys: 62, released: 37, consumed: 25 (MB)
scvg: 0 MB released
scvg: inuse: 18, idle: 43, sys: 62, released: 37, consumed: 25 (MB)
scvg: 0 MB released
scvg: inuse: 18, idle: 43, sys: 62, released: 37, consumed: 25 (MB)
scvg: 0 MB released
scvg: inuse: 18, idle: 43, sys: 62, released: 37, consumed: 25 (MB)
scvg: 0 MB released
scvg: inuse: 18, idle: 43, sys: 62, released: 37, consumed: 25 (MB)
scvg: 0 MB released
scvg: inuse: 18, idle: 43, sys: 62, released: 37, consumed: 25 (MB)
scvg: 0 MB released
scvg: inuse: 18, idle: 43, sys: 62, released: 37, consumed: 25 (MB)
scvg: 0 MB released
scvg: inuse: 18, idle: 43, sys: 62, released: 37, consumed: 25 (MB)
scvg: 0 MB released
scvg: inuse: 18, idle: 43, sys: 62, released: 37, consumed: 25 (MB)
scvg: 0 MB released
scvg: inuse: 18, idle: 43, sys: 62, released: 37, consumed: 25 (MB)
scvg: 0 MB released
scvg: inuse: 18, idle: 43, sys: 62, released: 37, consumed: 25 (MB)
scvg: 0 MB released
scvg: inuse: 18, idle: 43, sys: 62, released: 37, consumed: 25 (MB)
scvg: 0 MB released
scvg: inuse: 18, idle: 43, sys: 62, released: 37, consumed: 25 (MB)
scvg: 0 MB released
scvg: inuse: 18, idle: 43, sys: 62, released: 37, consumed: 25 (MB)
scvg: 0 MB released
scvg: inuse: 18, idle: 43, sys: 62, released: 37, consumed: 25 (MB)
scvg: 0 MB released
scvg: inuse: 18, idle: 43, sys: 62, released: 37, consumed: 25 (MB)
scvg: 0 MB released
scvg: inuse: 18, idle: 43, sys: 62, released: 37, consumed: 25 (MB)
scvg: 0 MB released
scvg: inuse: 18, idle: 43, sys: 62, released: 37, consumed: 25 (MB)
scvg: 0 MB released
scvg: inuse: 18, idle: 43, sys: 62, released: 37, consumed: 25 (MB)
scvg: 0 MB released
scvg: inuse: 18, idle: 43, sys: 62, released: 37, consumed: 24 (MB)
scvg: 0 MB released
scvg: inuse: 18, idle: 43, sys: 62, released: 37, consumed: 24 (MB)
scvg: 0 MB released
scvg: inuse: 18, idle: 43, sys: 62, released: 37, consumed: 24 (MB)
scvg: 0 MB released
scvg: inuse: 18, idle: 43, sys: 62, released: 37, consumed: 24 (MB)
scvg: 0 MB released
scvg: inuse: 18, idle: 43, sys: 62, released: 37, consumed: 24 (MB)
scvg: 0 MB released
scvg: inuse: 18, idle: 43, sys: 62, released: 37, consumed: 24 (MB)
scvg: 0 MB released
scvg: inuse: 18, idle: 43, sys: 62, released: 37, consumed: 24 (MB)
scvg: 0 MB released
scvg: inuse: 18, idle: 43, sys: 62, released: 37, consumed: 24 (MB)
scvg: 0 MB released
scvg: inuse: 18, idle: 43, sys: 62, released: 37, consumed: 24 (MB)
scvg: 0 MB released
scvg: inuse: 18, idle: 43, sys: 62, released: 37, consumed: 24 (MB)
scvg: 0 MB released
scvg: inuse: 18, idle: 43, sys: 62, released: 37, consumed: 24 (MB)
scvg: 0 MB released
scvg: inuse: 18, idle: 43, sys: 62, released: 37, consumed: 24 (MB)
scvg: 0 MB released
scvg: inuse: 18, idle: 43, sys: 62, released: 37, consumed: 24 (MB)
scvg: 0 MB released
scvg: inuse: 18, idle: 43, sys: 62, released: 37, consumed: 24 (MB)
scvg: 0 MB released
scvg: inuse: 18, idle: 43, sys: 62, released: 37, consumed: 24 (MB)
scvg: 0 MB released
scvg: inuse: 18, idle: 43, sys: 62, released: 37, consumed: 24 (MB)
scvg: 0 MB released
scvg: inuse: 18, idle: 43, sys: 62, released: 37, consumed: 24 (MB)
scvg: 0 MB released
scvg: inuse: 18, idle: 43, sys: 62, released: 37, consumed: 24 (MB)
scvg: 0 MB released
scvg: inuse: 18, idle: 43, sys: 62, released: 37, consumed: 24 (MB)
scvg: 0 MB released
scvg: inuse: 18, idle: 43, sys: 62, released: 37, consumed: 24 (MB)
scvg: 0 MB released
scvg: inuse: 18, idle: 43, sys: 62, released: 37, consumed: 24 (MB)
scvg: 0 MB released
scvg: inuse: 18, idle: 43, sys: 62, released: 37, consumed: 24 (MB)
scvg: 0 MB released
scvg: inuse: 18, idle: 43, sys: 62, released: 37, consumed: 24 (MB)
scvg: 0 MB released
scvg: inuse: 18, idle: 43, sys: 62, released: 37, consumed: 24 (MB)
scvg: 0 MB released
scvg: inuse: 18, idle: 43, sys: 62, released: 37, consumed: 24 (MB)
scvg: 0 MB released
scvg: inuse: 18, idle: 43, sys: 62, released: 37, consumed: 24 (MB)
scvg: 0 MB released
scvg: inuse: 18, idle: 43, sys: 62, released: 37, consumed: 24 (MB)
scvg: 0 MB released
scvg: inuse: 18, idle: 43, sys: 62, released: 37, consumed: 24 (MB)
scvg: 0 MB released
scvg: inuse: 18, idle: 43, sys: 62, released: 37, consumed: 24 (MB)
scvg: 0 MB released
scvg: inuse: 18, idle: 43, sys: 62, released: 37, consumed: 24 (MB)
scvg: 0 MB released
scvg: inuse: 18, idle: 43, sys: 62, released: 37, consumed: 24 (MB)
scvg: 0 MB released
scvg: inuse: 18, idle: 43, sys: 62, released: 37, consumed: 24 (MB)
scvg: 0 MB released
scvg: inuse: 18, idle: 43, sys: 62, released: 37, consumed: 24 (MB)
scvg: 0 MB released
scvg: inuse: 18, idle: 43, sys: 62, released: 37, consumed: 24 (MB)
scvg: 0 MB released
scvg: inuse: 18, idle: 43, sys: 62, released: 37, consumed: 24 (MB)
scvg: 0 MB released
scvg: inuse: 18, idle: 43, sys: 62, released: 37, consumed: 24 (MB)
scvg: 0 MB released
scvg: inuse: 18, idle: 43, sys: 62, released: 37, consumed: 24 (MB)
scvg: 0 MB released
scvg: inuse: 18, idle: 43, sys: 62, released: 37, consumed: 24 (MB)
scvg: 0 MB released
scvg: inuse: 18, idle: 43, sys: 62, released: 37, consumed: 24 (MB)
scvg: 0 MB released
scvg: inuse: 18, idle: 43, sys: 62, released: 37, consumed: 24 (MB)
scvg: 0 MB released
scvg: inuse: 18, idle: 43, sys: 62, released: 37, consumed: 24 (MB)
scvg: 0 MB released
scvg: inuse: 18, idle: 43, sys: 62, released: 37, consumed: 24 (MB)
scvg: 0 MB released
scvg: inuse: 18, idle: 43, sys: 62, released: 37, consumed: 24 (MB)
scvg: 0 MB released
scvg: inuse: 18, idle: 43, sys: 62, released: 37, consumed: 24 (MB)
scvg: 0 MB released
scvg: inuse: 18, idle: 43, sys: 62, released: 37, consumed: 24 (MB)
scvg: 0 MB released
scvg: inuse: 18, idle: 43, sys: 62, released: 37, consumed: 24 (MB)
scvg: 0 MB released
scvg: inuse: 18, idle: 43, sys: 62, released: 37, consumed: 24 (MB)
scvg: 0 MB released
scvg: inuse: 18, idle: 43, sys: 62, released: 37, consumed: 24 (MB)
scvg: 0 MB released
scvg: inuse: 18, idle: 43, sys: 62, released: 37, consumed: 24 (MB)
scvg: 0 MB released
scvg: inuse: 18, idle: 43, sys: 62, released: 37, consumed: 24 (MB)
scvg: 0 MB released
scvg: inuse: 18, idle: 43, sys: 62, released: 37, consumed: 24 (MB)
scvg: 0 MB released
scvg: inuse: 18, idle: 43, sys: 62, released: 37, consumed: 24 (MB)
scvg: 0 MB released
scvg: inuse: 18, idle: 43, sys: 62, released: 37, consumed: 24 (MB)
scvg: 0 MB released
scvg: inuse: 18, idle: 43, sys: 62, released: 37, consumed: 24 (MB)
scvg: 0 MB released
scvg: inuse: 18, idle: 43, sys: 62, released: 37, consumed: 24 (MB)
scvg: 0 MB released
scvg: inuse: 18, idle: 43, sys: 62, released: 37, consumed: 24 (MB)
scvg: 0 MB released
scvg: inuse: 18, idle: 43, sys: 62, released: 37, consumed: 24 (MB)
scvg: 0 MB released
scvg: inuse: 18, idle: 43, sys: 62, released: 37, consumed: 24 (MB)
scvg: 0 MB released
scvg: inuse: 18, idle: 43, sys: 62, released: 37, consumed: 24 (MB)
scvg: 0 MB released
scvg: inuse: 18, idle: 43, sys: 62, released: 37, consumed: 24 (MB)
scvg: 0 MB released
scvg: inuse: 18, idle: 43, sys: 62, released: 37, consumed: 24 (MB)
scvg: 0 MB released
scvg: inuse: 18, idle: 43, sys: 62, released: 37, consumed: 24 (MB)
scvg: 0 MB released
scvg: inuse: 18, idle: 43, sys: 62, released: 37, consumed: 24 (MB)
scvg: 0 MB released
scvg: inuse: 18, idle: 43, sys: 62, released: 37, consumed: 24 (MB)
scvg: 0 MB released
scvg: inuse: 18, idle: 43, sys: 62, released: 37, consumed: 24 (MB)
scvg: 0 MB released
scvg: inuse: 18, idle: 43, sys: 62, released: 37, consumed: 24 (MB)
scvg: 0 MB released
scvg: inuse: 18, idle: 43, sys: 62, released: 37, consumed: 24 (MB)
scvg: 0 MB released
scvg: inuse: 18, idle: 43, sys: 62, released: 37, consumed: 24 (MB)
scvg: 0 MB released
scvg: inuse: 18, idle: 43, sys: 62, released: 37, consumed: 24 (MB)
scvg: 0 MB released
scvg: inuse: 18, idle: 43, sys: 62, released: 37, consumed: 24 (MB)
scvg: 0 MB released
scvg: inuse: 18, idle: 43, sys: 62, released: 37, consumed: 24 (MB)
scvg: 0 MB released
scvg: inuse: 18, idle: 43, sys: 62, released: 37, consumed: 24 (MB)
scvg: 0 MB released
scvg: inuse: 18, idle: 43, sys: 62, released: 37, consumed: 24 (MB)
scvg: 0 MB released
scvg: inuse: 18, idle: 43, sys: 62, released: 37, consumed: 24 (MB)
scvg: 0 MB released
scvg: inuse: 18, idle: 43, sys: 62, released: 37, consumed: 24 (MB)
scvg: 0 MB released
scvg: inuse: 18, idle: 43, sys: 62, released: 37, consumed: 24 (MB)
scvg: 0 MB released
scvg: inuse: 18, idle: 43, sys: 62, released: 37, consumed: 24 (MB)
scvg: 0 MB released
scvg: inuse: 18, idle: 43, sys: 62, released: 37, consumed: 24 (MB)
scvg: 0 MB released
scvg: inuse: 18, idle: 43, sys: 62, released: 37, consumed: 24 (MB)
scvg: 0 MB released
scvg: inuse: 18, idle: 43, sys: 62, released: 37, consumed: 24 (MB)
scvg: 0 MB released
scvg: inuse: 18, idle: 43, sys: 62, released: 37, consumed: 24 (MB)
scvg: 0 MB released
scvg: inuse: 18, idle: 43, sys: 62, released: 37, consumed: 24 (MB)
scvg: 0 MB released
scvg: inuse: 18, idle: 43, sys: 62, released: 37, consumed: 24 (MB)
scvg: 0 MB released
scvg: inuse: 18, idle: 43, sys: 62, released: 37, consumed: 24 (MB)
scvg: 0 MB released
scvg: inuse: 18, idle: 43, sys: 62, released: 37, consumed: 24 (MB)
scvg: 0 MB released
scvg: inuse: 18, idle: 43, sys: 62, released: 37, consumed: 24 (MB)
scvg: 0 MB released
scvg: inuse: 18, idle: 43, sys: 62, released: 37, consumed: 24 (MB)
scvg: 0 MB released
scvg: inuse: 18, idle: 43, sys: 62, released: 37, consumed: 24 (MB)
scvg: 0 MB released
scvg: inuse: 18, idle: 43, sys: 62, released: 37, consumed: 24 (MB)
scvg: 0 MB released
scvg: inuse: 18, idle: 43, sys: 62, released: 37, consumed: 24 (MB)
scvg: 0 MB released
scvg: inuse: 18, idle: 43, sys: 62, released: 37, consumed: 24 (MB)
scvg: 0 MB released
scvg: inuse: 18, idle: 43, sys: 62, released: 37, consumed: 24 (MB)
scvg: 0 MB released
scvg: inuse: 18, idle: 43, sys: 62, released: 37, consumed: 24 (MB)
scvg: 0 MB released
scvg: inuse: 18, idle: 43, sys: 62, released: 37, consumed: 24 (MB)
scvg: 0 MB released
scvg: inuse: 18, idle: 43, sys: 62, released: 37, consumed: 24 (MB)
scvg: 0 MB released
scvg: inuse: 18, idle: 43, sys: 62, released: 37, consumed: 24 (MB)
scvg: 0 MB released
scvg: inuse: 18, idle: 43, sys: 62, released: 37, consumed: 24 (MB)
scvg: 0 MB released
scvg: inuse: 18, idle: 43, sys: 62, released: 37, consumed: 24 (MB)
scvg: 0 MB released
scvg: inuse: 18, idle: 43, sys: 62, released: 37, consumed: 24 (MB)
scvg: 0 MB released
scvg: inuse: 18, idle: 43, sys: 62, released: 38, consumed: 24 (MB)
scvg: 0 MB released
scvg: inuse: 18, idle: 43, sys: 62, released: 38, consumed: 24 (MB)
scvg: 0 MB released
scvg: inuse: 18, idle: 43, sys: 62, released: 38, consumed: 24 (MB)
scvg: 0 MB released
scvg: inuse: 18, idle: 43, sys: 62, released: 38, consumed: 24 (MB)
scvg: 0 MB released
scvg: inuse: 18, idle: 43, sys: 62, released: 38, consumed: 24 (MB)
scvg: 0 MB released
scvg: inuse: 18, idle: 43, sys: 62, released: 38, consumed: 24 (MB)
scvg: 0 MB released
scvg: inuse: 18, idle: 43, sys: 62, released: 38, consumed: 24 (MB)
scvg: 0 MB released
scvg: inuse: 18, idle: 43, sys: 62, released: 38, consumed: 24 (MB)
scvg: 0 MB released
scvg: inuse: 18, idle: 43, sys: 62, released: 38, consumed: 24 (MB)
scvg: 0 MB released
scvg: inuse: 18, idle: 43, sys: 62, released: 38, consumed: 24 (MB)
scvg: 0 MB released
scvg: inuse: 18, idle: 43, sys: 62, released: 38, consumed: 24 (MB)
scvg: 0 MB released
scvg: inuse: 18, idle: 43, sys: 62, released: 38, consumed: 24 (MB)
GC forced
gc 719 @76495.341s 0%: 0.014+2.5+0.008 ms clock, 0.11+0/4.2/5.4+0.066 ms cpu, 20->20->15 MB, 31 MB goal, 8 P
scvg: 0 MB released
scvg: inuse: 19, idle: 42, sys: 62, released: 38, consumed: 24 (MB)
scvg: 0 MB released
scvg: inuse: 18, idle: 43, sys: 62, released: 38, consumed: 24 (MB)
scvg: 0 MB released
scvg: inuse: 18, idle: 43, sys: 62, released: 38, consumed: 24 (MB)
scvg: 0 MB released
scvg: inuse: 18, idle: 43, sys: 62, released: 38, consumed: 24 (MB)
scvg: 0 MB released
scvg: inuse: 18, idle: 43, sys: 62, released: 38, consumed: 24 (MB)
scvg: 0 MB released
scvg: inuse: 18, idle: 43, sys: 62, released: 38, consumed: 23 (MB)
scvg: 0 MB released
scvg: inuse: 18, idle: 43, sys: 62, released: 38, consumed: 23 (MB)
scvg: 0 MB released
scvg: inuse: 18, idle: 43, sys: 62, released: 38, consumed: 23 (MB)
scvg: 0 MB released
scvg: inuse: 18, idle: 43, sys: 62, released: 38, consumed: 23 (MB)
scvg: 0 MB released
scvg: inuse: 18, idle: 43, sys: 62, released: 38, consumed: 23 (MB)
scvg: 0 MB released
scvg: inuse: 18, idle: 43, sys: 62, released: 38, consumed: 23 (MB)
scvg: 0 MB released
scvg: inuse: 18, idle: 43, sys: 62, released: 38, consumed: 23 (MB)
scvg: 0 MB released
scvg: inuse: 18, idle: 43, sys: 62, released: 38, consumed: 23 (MB)
scvg: 0 MB released
scvg: inuse: 18, idle: 43, sys: 62, released: 38, consumed: 23 (MB)
scvg: 0 MB released
scvg: inuse: 18, idle: 43, sys: 62, released: 38, consumed: 23 (MB)
scvg: 0 MB released
scvg: inuse: 18, idle: 43, sys: 62, released: 38, consumed: 23 (MB)
scvg: 0 MB released
scvg: inuse: 18, idle: 43, sys: 62, released: 38, consumed: 23 (MB)
gc 720 @76549.235s 0%: 0.015+3.9+0.005 ms clock, 0.12+0.74/5.9/3.3+0.046 ms cpu, 30->30->16 MB, 31 MB goal, 8 P
gc 721 @76553.987s 0%: 0.065+3.1+0.005 ms clock, 0.52+2.0/5.1/1.9+0.046 ms cpu, 31->31->16 MB, 32 MB goal, 8 P
gc 722 @76558.654s 0%: 0.007+4.4+0.008 ms clock, 0.057+1.1/5.4/5.1+0.065 ms cpu, 31->31->16 MB, 32 MB goal, 8 P
gc 723 @76563.359s 0%: 0.007+3.0+0.006 ms clock, 0.056+0.37/4.3/2.7+0.051 ms cpu, 31->31->16 MB, 32 MB goal, 8 P
gc 724 @76567.859s 0%: 0.030+2.8+0.007 ms clock, 0.24+0.26/4.5/4.2+0.057 ms cpu, 31->31->16 MB, 32 MB goal, 8 P
gc 725 @76572.702s 0%: 0.050+3.1+0.007 ms clock, 0.40+1.0/3.3/2.6+0.060 ms cpu, 31->31->16 MB, 32 MB goal, 8 P
gc 726 @76577.350s 0%: 0.073+2.4+0.006 ms clock, 0.58+1.4/4.0/4.8+0.050 ms cpu, 31->31->16 MB, 32 MB goal, 8 P
gc 727 @76582.145s 0%: 0.098+3.6+0.008 ms clock, 0.78+1.7/5.5/2.4+0.064 ms cpu, 31->31->16 MB, 32 MB goal, 8 P
gc 728 @76586.758s 0%: 0.008+2.6+0.007 ms clock, 0.071+1.5/4.1/4.9+0.056 ms cpu, 31->31->16 MB, 32 MB goal, 8 P
gc 729 @76591.354s 0%: 0.008+4.5+0.006 ms clock, 0.071+0.25/6.1/1.9+0.048 ms cpu, 31->31->16 MB, 32 MB goal, 8 P
gc 730 @76596.041s 0%: 0.031+4.0+0.005 ms clock, 0.25+0.60/5.9/3.2+0.040 ms cpu, 31->31->16 MB, 32 MB goal, 8 P
gc 731 @76600.644s 0%: 0.009+3.4+0.005 ms clock, 0.076+1.6/4.7/1.3+0.045 ms cpu, 31->31->16 MB, 32 MB goal, 8 P
gc 732 @76616.034s 0%: 0.008+3.6+0.007 ms clock, 0.069+0.36/6.1/1.5+0.060 ms cpu, 31->31->16 MB, 32 MB goal, 8 P
gc 733 @76620.839s 0%: 0.094+3.5+0.005 ms clock, 0.75+1.9/4.0/3.5+0.045 ms cpu, 31->31->16 MB, 32 MB goal, 8 P
gc 734 @76625.558s 0%: 0.091+4.0+0.005 ms clock, 0.73+0.23/5.0/0.88+0.047 ms cpu, 31->31->16 MB, 32 MB goal, 8 P
gc 735 @76630.284s 0%: 0.029+5.4+0.007 ms clock, 0.23+0.24/6.0/0.47+0.058 ms cpu, 31->31->16 MB, 32 MB goal, 8 P
gc 736 @76634.964s 0%: 0.006+3.1+0.007 ms clock, 0.053+0/4.1/4.3+0.057 ms cpu, 31->31->16 MB, 32 MB goal, 8 P
gc 737 @76639.668s 0%: 0.007+3.4+0.006 ms clock, 0.061+0.42/4.6/1.5+0.051 ms cpu, 31->31->16 MB, 32 MB goal, 8 P
gc 738 @76644.394s 0%: 0.012+3.1+0.007 ms clock, 0.10+0.70/3.6/4.7+0.062 ms cpu, 31->31->16 MB, 32 MB goal, 8 P
gc 739 @76649.002s 0%: 0.065+2.3+0.005 ms clock, 0.52+1.3/3.3/3.5+0.040 ms cpu, 31->31->16 MB, 32 MB goal, 8 P
gc 740 @76653.607s 0%: 0.13+2.9+0.006 ms clock, 1.0+0/3.7/4.1+0.051 ms cpu, 31->31->16 MB, 32 MB goal, 8 P
gc 741 @76658.378s 0%: 0.009+4.1+0.005 ms clock, 0.076+0.30/4.5/3.4+0.046 ms cpu, 31->31->16 MB, 32 MB goal, 8 P
gc 742 @76663.232s 0%: 0.008+4.9+0.007 ms clock, 0.068+0.40/7.0/0.29+0.059 ms cpu, 31->31->16 MB, 32 MB goal, 8 P
gc 743 @76667.832s 0%: 0.007+2.2+0.005 ms clock, 0.057+1.1/2.7/4.1+0.046 ms cpu, 31->31->16 MB, 32 MB goal, 8 P
gc 744 @76672.546s 0%: 0.014+4.4+0.006 ms clock, 0.11+0.33/6.9/1.3+0.051 ms cpu, 31->31->16 MB, 32 MB goal, 8 P
gc 745 @76736.786s 0%: 0.007+2.7+0.007 ms clock, 0.059+2.0/2.6/10+0.057 ms cpu, 31->31->16 MB, 32 MB goal, 8 P
gc 746 @76741.453s 0%: 0.020+2.6+0.005 ms clock, 0.16+0.25/2.0/5.1+0.043 ms cpu, 31->31->16 MB, 32 MB goal, 8 P
gc 747 @76746.154s 0%: 0.072+2.6+0.006 ms clock, 0.57+0.23/4.6/5.9+0.050 ms cpu, 31->31->16 MB, 32 MB goal, 8 P
gc 748 @76750.919s 0%: 0.006+2.7+0.005 ms clock, 0.052+0.90/4.3/4.0+0.042 ms cpu, 31->31->16 MB, 32 MB goal, 8 P
gc 749 @76755.506s 0%: 0.084+4.3+0.005 ms clock, 0.67+0.23/4.8/1.8+0.040 ms cpu, 31->31->16 MB, 32 MB goal, 8 P
gc 750 @76760.270s 0%: 0.022+3.3+0.005 ms clock, 0.18+1.0/4.4/4.3+0.043 ms cpu, 31->31->16 MB, 32 MB goal, 8 P
gc 751 @76764.956s 0%: 0.006+4.0+0.006 ms clock, 0.055+0.13/5.1/6.3+0.048 ms cpu, 31->31->16 MB, 32 MB goal, 8 P
gc 752 @76769.732s 0%: 0.047+3.5+0.005 ms clock, 0.38+0.81/5.1/1.3+0.045 ms cpu, 31->31->16 MB, 32 MB goal, 8 P
gc 753 @76774.462s 0%: 0.007+3.1+0.006 ms clock, 0.056+0.91/5.7/1.4+0.055 ms cpu, 31->31->16 MB, 32 MB goal, 8 P
gc 754 @76779.112s 0%: 0.007+2.2+0.005 ms clock, 0.056+0.29/3.3/6.4+0.041 ms cpu, 31->31->16 MB, 32 MB goal, 8 P
gc 755 @76783.777s 0%: 0.020+3.0+0.006 ms clock, 0.16+0.25/4.3/2.6+0.050 ms cpu, 31->31->16 MB, 32 MB goal, 8 P
gc 756 @76788.593s 0%: 0.016+3.0+0.005 ms clock, 0.12+1.3/3.4/6.5+0.046 ms cpu, 31->31->16 MB, 32 MB goal, 8 P
gc 757 @76897.655s 0%: 0.012+5.0+0.008 ms clock, 0.10+0.22/6.4/1.5+0.068 ms cpu, 31->31->16 MB, 32 MB goal, 8 P
GC forced
gc 758 @77017.690s 0%: 0.047+5.5+0.006 ms clock, 0.38+0/6.5/0.95+0.048 ms cpu, 20->20->15 MB, 32 MB goal, 8 P
scvg: 0 MB released
scvg: inuse: 20, idle: 41, sys: 62, released: 29, consumed: 32 (MB)
scvg: 0 MB released
scvg: inuse: 18, idle: 43, sys: 62, released: 29, consumed: 32 (MB)
scvg: 0 MB released
scvg: inuse: 18, idle: 43, sys: 62, released: 29, consumed: 32 (MB)
scvg: 0 MB released
scvg: inuse: 18, idle: 43, sys: 62, released: 29, consumed: 32 (MB)
scvg: 0 MB released
scvg: inuse: 18, idle: 43, sys: 62, released: 29, consumed: 32 (MB)
scvg: 0 MB released
scvg: inuse: 18, idle: 43, sys: 62, released: 29, consumed: 32 (MB)
scvg: 0 MB released
scvg: inuse: 18, idle: 43, sys: 62, released: 29, consumed: 32 (MB)
scvg: 0 MB released
scvg: inuse: 18, idle: 43, sys: 62, released: 29, consumed: 32 (MB)
scvg: 0 MB released
scvg: inuse: 18, idle: 43, sys: 62, released: 29, consumed: 32 (MB)
scvg: 0 MB released
scvg: inuse: 18, idle: 43, sys: 62, released: 29, consumed: 32 (MB)
scvg: 0 MB released
scvg: inuse: 18, idle: 43, sys: 62, released: 29, consumed: 32 (MB)
scvg: 0 MB released
scvg: inuse: 18, idle: 43, sys: 62, released: 29, consumed: 32 (MB)
scvg: 0 MB released
scvg: inuse: 18, idle: 43, sys: 62, released: 29, consumed: 32 (MB)
scvg: 0 MB released
scvg: inuse: 18, idle: 43, sys: 62, released: 29, consumed: 32 (MB)
scvg: 0 MB released
scvg: inuse: 18, idle: 43, sys: 62, released: 29, consumed: 32 (MB)
scvg: 0 MB released
scvg: inuse: 18, idle: 43, sys: 62, released: 29, consumed: 32 (MB)
scvg: 0 MB released
scvg: inuse: 18, idle: 43, sys: 62, released: 29, consumed: 32 (MB)
scvg: 0 MB released
scvg: inuse: 18, idle: 43, sys: 62, released: 29, consumed: 32 (MB)
scvg: 0 MB released
scvg: inuse: 18, idle: 43, sys: 62, released: 29, consumed: 32 (MB)
scvg: 0 MB released
scvg: inuse: 18, idle: 43, sys: 62, released: 29, consumed: 32 (MB)
scvg: 0 MB released
scvg: inuse: 18, idle: 43, sys: 62, released: 29, consumed: 32 (MB)
scvg: 0 MB released
scvg: inuse: 18, idle: 43, sys: 62, released: 29, consumed: 32 (MB)
scvg: 0 MB released
scvg: inuse: 18, idle: 43, sys: 62, released: 29, consumed: 32 (MB)
scvg: 0 MB released
scvg: inuse: 18, idle: 43, sys: 62, released: 29, consumed: 32 (MB)
scvg: 0 MB released
scvg: inuse: 18, idle: 43, sys: 62, released: 29, consumed: 32 (MB)
scvg: 0 MB released
scvg: inuse: 18, idle: 43, sys: 62, released: 29, consumed: 32 (MB)
scvg: 0 MB released
scvg: inuse: 18, idle: 43, sys: 62, released: 29, consumed: 32 (MB)
scvg: 0 MB released
scvg: inuse: 18, idle: 43, sys: 62, released: 29, consumed: 32 (MB)
scvg: 0 MB released
scvg: inuse: 18, idle: 43, sys: 62, released: 29, consumed: 32 (MB)
scvg: 0 MB released
scvg: inuse: 18, idle: 43, sys: 62, released: 29, consumed: 32 (MB)
scvg: 0 MB released
scvg: inuse: 18, idle: 43, sys: 62, released: 29, consumed: 32 (MB)
scvg: 0 MB released
scvg: inuse: 18, idle: 43, sys: 62, released: 29, consumed: 32 (MB)
scvg: 0 MB released
scvg: inuse: 18, idle: 43, sys: 62, released: 29, consumed: 32 (MB)
scvg: 0 MB released
scvg: inuse: 18, idle: 43, sys: 62, released: 29, consumed: 32 (MB)
scvg: 0 MB released
scvg: inuse: 18, idle: 43, sys: 62, released: 29, consumed: 32 (MB)
scvg: 0 MB released
scvg: inuse: 18, idle: 43, sys: 62, released: 29, consumed: 32 (MB)
scvg: 0 MB released
scvg: inuse: 18, idle: 43, sys: 62, released: 29, consumed: 32 (MB)
scvg: 0 MB released
scvg: inuse: 18, idle: 43, sys: 62, released: 29, consumed: 32 (MB)
scvg: 0 MB released
scvg: inuse: 18, idle: 43, sys: 62, released: 29, consumed: 32 (MB)
scvg: 0 MB released
scvg: inuse: 18, idle: 43, sys: 62, released: 29, consumed: 32 (MB)
scvg: 0 MB released
scvg: inuse: 18, idle: 43, sys: 62, released: 29, consumed: 32 (MB)
scvg: 0 MB released
scvg: inuse: 18, idle: 43, sys: 62, released: 29, consumed: 32 (MB)
scvg: 0 MB released
scvg: inuse: 18, idle: 43, sys: 62, released: 29, consumed: 32 (MB)
scvg: 0 MB released
scvg: inuse: 18, idle: 43, sys: 62, released: 29, consumed: 32 (MB)
scvg: 0 MB released
scvg: inuse: 18, idle: 43, sys: 62, released: 29, consumed: 32 (MB)
scvg: 0 MB released
scvg: inuse: 18, idle: 43, sys: 62, released: 29, consumed: 32 (MB)
scvg: 0 MB released
scvg: inuse: 18, idle: 43, sys: 62, released: 29, consumed: 32 (MB)
scvg: 0 MB released
scvg: inuse: 18, idle: 43, sys: 62, released: 29, consumed: 32 (MB)
scvg: 0 MB released
scvg: inuse: 18, idle: 43, sys: 62, released: 29, consumed: 32 (MB)
scvg: 0 MB released
scvg: inuse: 18, idle: 43, sys: 62, released: 29, consumed: 32 (MB)
scvg: 0 MB released
scvg: inuse: 18, idle: 43, sys: 62, released: 29, consumed: 32 (MB)
scvg: 0 MB released
scvg: inuse: 18, idle: 43, sys: 62, released: 29, consumed: 32 (MB)
scvg: 0 MB released
scvg: inuse: 18, idle: 43, sys: 62, released: 29, consumed: 32 (MB)
scvg: 0 MB released
scvg: inuse: 18, idle: 43, sys: 62, released: 29, consumed: 32 (MB)
scvg: 0 MB released
scvg: inuse: 18, idle: 43, sys: 62, released: 29, consumed: 32 (MB)
scvg: 0 MB released
scvg: inuse: 18, idle: 43, sys: 62, released: 29, consumed: 32 (MB)
scvg: 0 MB released
scvg: inuse: 18, idle: 43, sys: 62, released: 29, consumed: 32 (MB)
scvg: 0 MB released
scvg: inuse: 18, idle: 43, sys: 62, released: 29, consumed: 32 (MB)
scvg: 0 MB released
scvg: inuse: 18, idle: 43, sys: 62, released: 29, consumed: 32 (MB)
scvg: 0 MB released
scvg: inuse: 18, idle: 43, sys: 62, released: 29, consumed: 32 (MB)
scvg: 0 MB released
scvg: inuse: 18, idle: 43, sys: 62, released: 29, consumed: 32 (MB)
scvg: 0 MB released
scvg: inuse: 18, idle: 43, sys: 62, released: 29, consumed: 32 (MB)
scvg: 0 MB released
scvg: inuse: 18, idle: 43, sys: 62, released: 29, consumed: 32 (MB)
scvg: 0 MB released
scvg: inuse: 18, idle: 43, sys: 62, released: 29, consumed: 32 (MB)
scvg: 0 MB released
scvg: inuse: 18, idle: 43, sys: 62, released: 29, consumed: 32 (MB)
scvg: 0 MB released
scvg: inuse: 18, idle: 43, sys: 62, released: 29, consumed: 32 (MB)
scvg: 0 MB released
scvg: inuse: 18, idle: 43, sys: 62, released: 29, consumed: 32 (MB)
scvg: 0 MB released
scvg: inuse: 18, idle: 43, sys: 62, released: 30, consumed: 32 (MB)
scvg: 0 MB released
scvg: inuse: 18, idle: 43, sys: 62, released: 30, consumed: 32 (MB)
scvg: 0 MB released
scvg: inuse: 18, idle: 43, sys: 62, released: 30, consumed: 32 (MB)
scvg: 0 MB released
scvg: inuse: 18, idle: 43, sys: 62, released: 30, consumed: 32 (MB)
scvg: 0 MB released
scvg: inuse: 18, idle: 43, sys: 62, released: 30, consumed: 32 (MB)
scvg: 0 MB released
scvg: inuse: 18, idle: 43, sys: 62, released: 30, consumed: 32 (MB)
scvg: 0 MB released
scvg: inuse: 18, idle: 43, sys: 62, released: 30, consumed: 32 (MB)
scvg: 0 MB released
scvg: inuse: 18, idle: 43, sys: 62, released: 30, consumed: 32 (MB)
scvg: 0 MB released
scvg: inuse: 18, idle: 43, sys: 62, released: 30, consumed: 32 (MB)
scvg: 0 MB released
scvg: inuse: 18, idle: 43, sys: 62, released: 30, consumed: 32 (MB)
scvg: 0 MB released
scvg: inuse: 18, idle: 43, sys: 62, released: 30, consumed: 32 (MB)
scvg: 0 MB released
scvg: inuse: 18, idle: 43, sys: 62, released: 30, consumed: 32 (MB)
scvg: 0 MB released
scvg: inuse: 18, idle: 43, sys: 62, released: 30, consumed: 32 (MB)
scvg: 0 MB released
scvg: inuse: 18, idle: 43, sys: 62, released: 30, consumed: 32 (MB)
scvg: 0 MB released
scvg: inuse: 18, idle: 43, sys: 62, released: 30, consumed: 32 (MB)
scvg: 0 MB released
scvg: inuse: 18, idle: 43, sys: 62, released: 30, consumed: 32 (MB)
scvg: 0 MB released
scvg: inuse: 18, idle: 43, sys: 62, released: 30, consumed: 32 (MB)
scvg: 0 MB released
scvg: inuse: 18, idle: 43, sys: 62, released: 30, consumed: 32 (MB)
scvg: 0 MB released
scvg: inuse: 18, idle: 43, sys: 62, released: 30, consumed: 32 (MB)
scvg: 0 MB released
scvg: inuse: 18, idle: 43, sys: 62, released: 30, consumed: 32 (MB)
scvg: 0 MB released
scvg: inuse: 18, idle: 43, sys: 62, released: 30, consumed: 32 (MB)
scvg: 0 MB released
scvg: inuse: 18, idle: 43, sys: 62, released: 30, consumed: 32 (MB)
scvg: 0 MB released
scvg: inuse: 18, idle: 43, sys: 62, released: 30, consumed: 32 (MB)
scvg: 0 MB released
scvg: inuse: 18, idle: 43, sys: 62, released: 30, consumed: 32 (MB)
scvg: 0 MB released
scvg: inuse: 18, idle: 43, sys: 62, released: 30, consumed: 32 (MB)
scvg: 0 MB released
scvg: inuse: 18, idle: 43, sys: 62, released: 30, consumed: 32 (MB)
scvg: 0 MB released
scvg: inuse: 18, idle: 43, sys: 62, released: 30, consumed: 32 (MB)
scvg: 0 MB released
scvg: inuse: 18, idle: 43, sys: 62, released: 30, consumed: 32 (MB)
scvg: 0 MB released
scvg: inuse: 18, idle: 43, sys: 62, released: 30, consumed: 32 (MB)
scvg: 0 MB released
scvg: inuse: 18, idle: 43, sys: 62, released: 30, consumed: 31 (MB)
scvg: 0 MB released
scvg: inuse: 18, idle: 43, sys: 62, released: 30, consumed: 31 (MB)
scvg: 0 MB released
scvg: inuse: 18, idle: 43, sys: 62, released: 30, consumed: 31 (MB)
scvg: 0 MB released
scvg: inuse: 18, idle: 43, sys: 62, released: 30, consumed: 31 (MB)
scvg: 0 MB released
scvg: inuse: 18, idle: 43, sys: 62, released: 30, consumed: 31 (MB)
scvg: 0 MB released
scvg: inuse: 18, idle: 43, sys: 62, released: 30, consumed: 31 (MB)
scvg: 0 MB released
scvg: inuse: 18, idle: 43, sys: 62, released: 30, consumed: 31 (MB)
scvg: 0 MB released
scvg: inuse: 18, idle: 43, sys: 62, released: 30, consumed: 31 (MB)
scvg: 0 MB released
scvg: inuse: 18, idle: 43, sys: 62, released: 30, consumed: 31 (MB)
scvg: 0 MB released
scvg: inuse: 18, idle: 43, sys: 62, released: 30, consumed: 31 (MB)
scvg: 0 MB released
scvg: inuse: 18, idle: 43, sys: 62, released: 30, consumed: 31 (MB)
scvg: 0 MB released
scvg: inuse: 18, idle: 43, sys: 62, released: 30, consumed: 31 (MB)
scvg: 0 MB released
scvg: inuse: 18, idle: 43, sys: 62, released: 30, consumed: 31 (MB)
scvg: 0 MB released
scvg: inuse: 18, idle: 43, sys: 62, released: 30, consumed: 31 (MB)
scvg: 0 MB released
scvg: inuse: 18, idle: 43, sys: 62, released: 30, consumed: 31 (MB)
scvg: 0 MB released
scvg: inuse: 18, idle: 43, sys: 62, released: 30, consumed: 31 (MB)
scvg: 0 MB released
scvg: inuse: 18, idle: 43, sys: 62, released: 30, consumed: 31 (MB)
scvg: 0 MB released
scvg: inuse: 18, idle: 43, sys: 62, released: 30, consumed: 31 (MB)
scvg: 0 MB released
scvg: inuse: 18, idle: 43, sys: 62, released: 30, consumed: 31 (MB)
scvg: 0 MB released
scvg: inuse: 18, idle: 43, sys: 62, released: 30, consumed: 31 (MB)
scvg: 0 MB released
scvg: inuse: 18, idle: 43, sys: 62, released: 30, consumed: 31 (MB)
scvg: 0 MB released
scvg: inuse: 18, idle: 43, sys: 62, released: 30, consumed: 31 (MB)
scvg: 0 MB released
scvg: inuse: 18, idle: 43, sys: 62, released: 30, consumed: 31 (MB)
scvg: 0 MB released
scvg: inuse: 18, idle: 43, sys: 62, released: 30, consumed: 31 (MB)
scvg: 0 MB released
scvg: inuse: 18, idle: 43, sys: 62, released: 30, consumed: 31 (MB)
scvg: 0 MB released
scvg: inuse: 18, idle: 43, sys: 62, released: 30, consumed: 31 (MB)
scvg: 0 MB released
scvg: inuse: 18, idle: 43, sys: 62, released: 30, consumed: 31 (MB)
scvg: 0 MB released
scvg: inuse: 18, idle: 43, sys: 62, released: 30, consumed: 31 (MB)
scvg: 0 MB released
scvg: inuse: 18, idle: 43, sys: 62, released: 30, consumed: 31 (MB)
scvg: 0 MB released
scvg: inuse: 18, idle: 43, sys: 62, released: 30, consumed: 31 (MB)
scvg: 0 MB released
scvg: inuse: 18, idle: 43, sys: 62, released: 30, consumed: 31 (MB)
scvg: 0 MB released
scvg: inuse: 18, idle: 43, sys: 62, released: 30, consumed: 31 (MB)
scvg: 0 MB released
scvg: inuse: 18, idle: 43, sys: 62, released: 30, consumed: 31 (MB)
scvg: 0 MB released
scvg: inuse: 18, idle: 43, sys: 62, released: 30, consumed: 31 (MB)
scvg: 0 MB released
scvg: inuse: 18, idle: 43, sys: 62, released: 30, consumed: 31 (MB)
scvg: 0 MB released
scvg: inuse: 18, idle: 43, sys: 62, released: 30, consumed: 31 (MB)
scvg: 0 MB released
scvg: inuse: 18, idle: 43, sys: 62, released: 30, consumed: 31 (MB)
scvg: 0 MB released
scvg: inuse: 18, idle: 43, sys: 62, released: 30, consumed: 31 (MB)
scvg: 0 MB released
scvg: inuse: 18, idle: 43, sys: 62, released: 30, consumed: 31 (MB)
scvg: 0 MB released
scvg: inuse: 18, idle: 43, sys: 62, released: 30, consumed: 31 (MB)
scvg: 0 MB released
scvg: inuse: 18, idle: 43, sys: 62, released: 30, consumed: 31 (MB)
scvg: 0 MB released
scvg: inuse: 18, idle: 43, sys: 62, released: 30, consumed: 31 (MB)
scvg: 0 MB released
scvg: inuse: 18, idle: 43, sys: 62, released: 30, consumed: 31 (MB)
scvg: 0 MB released
scvg: inuse: 18, idle: 43, sys: 62, released: 30, consumed: 31 (MB)
scvg: 0 MB released
scvg: inuse: 18, idle: 43, sys: 62, released: 30, consumed: 31 (MB)
scvg: 0 MB released
scvg: inuse: 18, idle: 43, sys: 62, released: 30, consumed: 31 (MB)
scvg: 0 MB released
scvg: inuse: 18, idle: 43, sys: 62, released: 30, consumed: 31 (MB)
scvg: 0 MB released
scvg: inuse: 18, idle: 43, sys: 62, released: 30, consumed: 31 (MB)
scvg: 0 MB released
scvg: inuse: 18, idle: 43, sys: 62, released: 30, consumed: 31 (MB)
scvg: 0 MB released
scvg: inuse: 18, idle: 43, sys: 62, released: 30, consumed: 31 (MB)
scvg: 0 MB released
scvg: inuse: 18, idle: 43, sys: 62, released: 30, consumed: 31 (MB)
scvg: 0 MB released
scvg: inuse: 18, idle: 43, sys: 62, released: 30, consumed: 31 (MB)
scvg: 0 MB released
scvg: inuse: 18, idle: 43, sys: 62, released: 30, consumed: 31 (MB)
scvg: 0 MB released
scvg: inuse: 18, idle: 43, sys: 62, released: 30, consumed: 31 (MB)
scvg: 0 MB released
scvg: inuse: 18, idle: 43, sys: 62, released: 30, consumed: 31 (MB)
scvg: 0 MB released
scvg: inuse: 18, idle: 43, sys: 62, released: 30, consumed: 31 (MB)
scvg: 0 MB released
scvg: inuse: 18, idle: 43, sys: 62, released: 30, consumed: 31 (MB)
scvg: 0 MB released
scvg: inuse: 18, idle: 43, sys: 62, released: 30, consumed: 31 (MB)
scvg: 0 MB released
scvg: inuse: 18, idle: 43, sys: 62, released: 30, consumed: 31 (MB)
scvg: 0 MB released
scvg: inuse: 18, idle: 43, sys: 62, released: 30, consumed: 31 (MB)
scvg: 0 MB released
scvg: inuse: 18, idle: 43, sys: 62, released: 30, consumed: 31 (MB)
scvg: 0 MB released
scvg: inuse: 18, idle: 43, sys: 62, released: 30, consumed: 31 (MB)
scvg: 0 MB released
scvg: inuse: 18, idle: 43, sys: 62, released: 30, consumed: 31 (MB)
scvg: 0 MB released
scvg: inuse: 18, idle: 43, sys: 62, released: 30, consumed: 31 (MB)
scvg: 0 MB released
scvg: inuse: 18, idle: 43, sys: 62, released: 30, consumed: 31 (MB)
scvg: 0 MB released
scvg: inuse: 18, idle: 43, sys: 62, released: 30, consumed: 31 (MB)
scvg: 0 MB released
scvg: inuse: 18, idle: 43, sys: 62, released: 30, consumed: 31 (MB)
scvg: 0 MB released
scvg: inuse: 18, idle: 43, sys: 62, released: 30, consumed: 31 (MB)
scvg: 0 MB released
scvg: inuse: 18, idle: 43, sys: 62, released: 30, consumed: 31 (MB)
scvg: 0 MB released
scvg: inuse: 18, idle: 43, sys: 62, released: 30, consumed: 31 (MB)
scvg: 0 MB released
scvg: inuse: 18, idle: 43, sys: 62, released: 30, consumed: 31 (MB)
scvg: 0 MB released
scvg: inuse: 18, idle: 43, sys: 62, released: 30, consumed: 31 (MB)
scvg: 0 MB released
scvg: inuse: 18, idle: 43, sys: 62, released: 30, consumed: 31 (MB)
scvg: 0 MB released
scvg: inuse: 18, idle: 43, sys: 62, released: 30, consumed: 31 (MB)
scvg: 0 MB released
scvg: inuse: 18, idle: 43, sys: 62, released: 30, consumed: 31 (MB)
scvg: 0 MB released
scvg: inuse: 18, idle: 43, sys: 62, released: 30, consumed: 31 (MB)
scvg: 0 MB released
scvg: inuse: 18, idle: 43, sys: 62, released: 30, consumed: 31 (MB)
scvg: 0 MB released
scvg: inuse: 18, idle: 43, sys: 62, released: 30, consumed: 31 (MB)
scvg: 0 MB released
scvg: inuse: 18, idle: 43, sys: 62, released: 30, consumed: 31 (MB)
scvg: 0 MB released
scvg: inuse: 18, idle: 43, sys: 62, released: 30, consumed: 31 (MB)
scvg: 0 MB released
scvg: inuse: 18, idle: 43, sys: 62, released: 30, consumed: 31 (MB)
scvg: 0 MB released
scvg: inuse: 18, idle: 43, sys: 62, released: 30, consumed: 31 (MB)
scvg: 0 MB released
scvg: inuse: 18, idle: 43, sys: 62, released: 30, consumed: 31 (MB)
scvg: 0 MB released
scvg: inuse: 18, idle: 43, sys: 62, released: 30, consumed: 31 (MB)
scvg: 0 MB released
scvg: inuse: 18, idle: 43, sys: 62, released: 30, consumed: 31 (MB)
scvg: 0 MB released
scvg: inuse: 18, idle: 43, sys: 62, released: 30, consumed: 31 (MB)
scvg: 0 MB released
scvg: inuse: 18, idle: 43, sys: 62, released: 30, consumed: 31 (MB)
scvg: 0 MB released
scvg: inuse: 18, idle: 43, sys: 62, released: 30, consumed: 31 (MB)
scvg: 0 MB released
scvg: inuse: 18, idle: 43, sys: 62, released: 30, consumed: 31 (MB)
scvg: 0 MB released
scvg: inuse: 18, idle: 43, sys: 62, released: 30, consumed: 31 (MB)
scvg: 0 MB released
scvg: inuse: 18, idle: 43, sys: 62, released: 30, consumed: 31 (MB)
scvg: 0 MB released
scvg: inuse: 18, idle: 43, sys: 62, released: 30, consumed: 31 (MB)
scvg: 0 MB released
scvg: inuse: 18, idle: 43, sys: 62, released: 30, consumed: 31 (MB)
scvg: 0 MB released
scvg: inuse: 18, idle: 43, sys: 62, released: 30, consumed: 31 (MB)
scvg: 0 MB released
scvg: inuse: 18, idle: 43, sys: 62, released: 30, consumed: 31 (MB)
scvg: 0 MB released
scvg: inuse: 18, idle: 43, sys: 62, released: 30, consumed: 31 (MB)
scvg: 0 MB released
scvg: inuse: 18, idle: 43, sys: 62, released: 30, consumed: 31 (MB)
scvg: 0 MB released
scvg: inuse: 18, idle: 43, sys: 62, released: 30, consumed: 31 (MB)
scvg: 0 MB released
scvg: inuse: 18, idle: 43, sys: 62, released: 30, consumed: 31 (MB)
scvg: 0 MB released
scvg: inuse: 18, idle: 43, sys: 62, released: 31, consumed: 31 (MB)
scvg: 0 MB released
scvg: inuse: 18, idle: 43, sys: 62, released: 31, consumed: 31 (MB)
scvg: 0 MB released
scvg: inuse: 18, idle: 43, sys: 62, released: 31, consumed: 31 (MB)
scvg: 0 MB released
scvg: inuse: 18, idle: 43, sys: 62, released: 31, consumed: 31 (MB)
scvg: 0 MB released
scvg: inuse: 18, idle: 43, sys: 62, released: 31, consumed: 31 (MB)
scvg: 0 MB released
scvg: inuse: 18, idle: 43, sys: 62, released: 31, consumed: 31 (MB)
scvg: 0 MB released
scvg: inuse: 18, idle: 43, sys: 62, released: 31, consumed: 31 (MB)
scvg: 0 MB released
scvg: inuse: 18, idle: 43, sys: 62, released: 31, consumed: 31 (MB)
scvg: 0 MB released
scvg: inuse: 18, idle: 43, sys: 62, released: 31, consumed: 31 (MB)
scvg: 0 MB released
scvg: inuse: 18, idle: 43, sys: 62, released: 31, consumed: 31 (MB)
scvg: 0 MB released
scvg: inuse: 18, idle: 43, sys: 62, released: 31, consumed: 31 (MB)
scvg: 0 MB released
scvg: inuse: 18, idle: 43, sys: 62, released: 31, consumed: 31 (MB)
scvg: 0 MB released
scvg: inuse: 18, idle: 43, sys: 62, released: 31, consumed: 31 (MB)
scvg: 0 MB released
scvg: inuse: 18, idle: 43, sys: 62, released: 31, consumed: 31 (MB)
scvg: 0 MB released
scvg: inuse: 18, idle: 43, sys: 62, released: 31, consumed: 31 (MB)
scvg: 0 MB released
scvg: inuse: 18, idle: 43, sys: 62, released: 31, consumed: 31 (MB)
scvg: 0 MB released
scvg: inuse: 18, idle: 43, sys: 62, released: 31, consumed: 31 (MB)
scvg: 0 MB released
scvg: inuse: 18, idle: 43, sys: 62, released: 31, consumed: 31 (MB)
scvg: 0 MB released
scvg: inuse: 18, idle: 43, sys: 62, released: 31, consumed: 31 (MB)
scvg: 0 MB released
scvg: inuse: 18, idle: 43, sys: 62, released: 31, consumed: 31 (MB)
scvg: 0 MB released
scvg: inuse: 18, idle: 43, sys: 62, released: 31, consumed: 31 (MB)
scvg: 0 MB released
scvg: inuse: 18, idle: 43, sys: 62, released: 31, consumed: 31 (MB)
scvg: 0 MB released
scvg: inuse: 18, idle: 43, sys: 62, released: 31, consumed: 31 (MB)
scvg: 0 MB released
scvg: inuse: 18, idle: 43, sys: 62, released: 31, consumed: 31 (MB)
scvg: 0 MB released
scvg: inuse: 18, idle: 43, sys: 62, released: 31, consumed: 31 (MB)
scvg: 0 MB released
scvg: inuse: 18, idle: 43, sys: 62, released: 31, consumed: 31 (MB)
scvg: 0 MB released
scvg: inuse: 18, idle: 43, sys: 62, released: 31, consumed: 31 (MB)
scvg: 0 MB released
scvg: inuse: 18, idle: 43, sys: 62, released: 31, consumed: 31 (MB)
scvg: 0 MB released
scvg: inuse: 18, idle: 43, sys: 62, released: 31, consumed: 31 (MB)
scvg: 0 MB released
scvg: inuse: 18, idle: 43, sys: 62, released: 31, consumed: 30 (MB)
scvg: 0 MB released
scvg: inuse: 18, idle: 43, sys: 62, released: 31, consumed: 30 (MB)
scvg: 0 MB released
scvg: inuse: 18, idle: 43, sys: 62, released: 31, consumed: 30 (MB)
scvg: 0 MB released
scvg: inuse: 18, idle: 43, sys: 62, released: 31, consumed: 30 (MB)
scvg: 0 MB released
scvg: inuse: 18, idle: 43, sys: 62, released: 31, consumed: 30 (MB)
scvg: 0 MB released
scvg: inuse: 18, idle: 43, sys: 62, released: 31, consumed: 30 (MB)
scvg: 0 MB released
scvg: inuse: 18, idle: 43, sys: 62, released: 31, consumed: 30 (MB)
scvg: 0 MB released
scvg: inuse: 18, idle: 43, sys: 62, released: 31, consumed: 30 (MB)
scvg: 0 MB released
scvg: inuse: 18, idle: 43, sys: 62, released: 31, consumed: 30 (MB)
scvg: 0 MB released
scvg: inuse: 18, idle: 43, sys: 62, released: 31, consumed: 30 (MB)
scvg: 0 MB released
scvg: inuse: 18, idle: 43, sys: 62, released: 31, consumed: 30 (MB)
scvg: 0 MB released
scvg: inuse: 18, idle: 43, sys: 62, released: 31, consumed: 30 (MB)
scvg: 0 MB released
scvg: inuse: 18, idle: 43, sys: 62, released: 31, consumed: 30 (MB)
scvg: 0 MB released
scvg: inuse: 18, idle: 43, sys: 62, released: 31, consumed: 30 (MB)
scvg: 0 MB released
scvg: inuse: 18, idle: 43, sys: 62, released: 31, consumed: 30 (MB)
scvg: 0 MB released
scvg: inuse: 18, idle: 43, sys: 62, released: 31, consumed: 30 (MB)
scvg: 0 MB released
scvg: inuse: 18, idle: 43, sys: 62, released: 31, consumed: 30 (MB)
scvg: 0 MB released
scvg: inuse: 18, idle: 43, sys: 62, released: 31, consumed: 30 (MB)
scvg: 0 MB released
scvg: inuse: 18, idle: 43, sys: 62, released: 31, consumed: 30 (MB)
scvg: 0 MB released
scvg: inuse: 18, idle: 43, sys: 62, released: 31, consumed: 30 (MB)
scvg: 0 MB released
scvg: inuse: 18, idle: 43, sys: 62, released: 31, consumed: 30 (MB)
scvg: 0 MB released
scvg: inuse: 18, idle: 43, sys: 62, released: 31, consumed: 30 (MB)
scvg: 0 MB released
scvg: inuse: 18, idle: 43, sys: 62, released: 31, consumed: 30 (MB)
scvg: 0 MB released
scvg: inuse: 18, idle: 43, sys: 62, released: 31, consumed: 30 (MB)
scvg: 0 MB released
scvg: inuse: 18, idle: 43, sys: 62, released: 31, consumed: 30 (MB)
scvg: 0 MB released
scvg: inuse: 18, idle: 43, sys: 62, released: 31, consumed: 30 (MB)
scvg: 0 MB released
scvg: inuse: 18, idle: 43, sys: 62, released: 31, consumed: 30 (MB)
scvg: 0 MB released
scvg: inuse: 18, idle: 43, sys: 62, released: 31, consumed: 30 (MB)
scvg: 0 MB released
scvg: inuse: 18, idle: 43, sys: 62, released: 31, consumed: 30 (MB)
scvg: 0 MB released
scvg: inuse: 18, idle: 43, sys: 62, released: 31, consumed: 30 (MB)
scvg: 0 MB released
scvg: inuse: 18, idle: 43, sys: 62, released: 31, consumed: 30 (MB)
scvg: 0 MB released
scvg: inuse: 18, idle: 43, sys: 62, released: 31, consumed: 30 (MB)
scvg: 0 MB released
scvg: inuse: 18, idle: 43, sys: 62, released: 31, consumed: 30 (MB)
scvg: 0 MB released
scvg: inuse: 18, idle: 43, sys: 62, released: 31, consumed: 30 (MB)
scvg: 0 MB released
scvg: inuse: 18, idle: 43, sys: 62, released: 31, consumed: 30 (MB)
scvg: 0 MB released
scvg: inuse: 18, idle: 43, sys: 62, released: 31, consumed: 30 (MB)
scvg: 0 MB released
scvg: inuse: 18, idle: 43, sys: 62, released: 31, consumed: 30 (MB)
scvg: 0 MB released
scvg: inuse: 18, idle: 43, sys: 62, released: 31, consumed: 30 (MB)
scvg: 0 MB released
scvg: inuse: 18, idle: 43, sys: 62, released: 31, consumed: 30 (MB)
scvg: 0 MB released
scvg: inuse: 18, idle: 43, sys: 62, released: 31, consumed: 30 (MB)
scvg: 0 MB released
scvg: inuse: 18, idle: 43, sys: 62, released: 31, consumed: 30 (MB)
scvg: 0 MB released
scvg: inuse: 18, idle: 43, sys: 62, released: 31, consumed: 30 (MB)
scvg: 0 MB released
scvg: inuse: 18, idle: 43, sys: 62, released: 31, consumed: 30 (MB)
scvg: 0 MB released
scvg: inuse: 18, idle: 43, sys: 62, released: 31, consumed: 30 (MB)
scvg: 0 MB released
scvg: inuse: 18, idle: 43, sys: 62, released: 31, consumed: 30 (MB)
scvg: 0 MB released
scvg: inuse: 18, idle: 43, sys: 62, released: 31, consumed: 30 (MB)
scvg: 0 MB released
scvg: inuse: 18, idle: 43, sys: 62, released: 31, consumed: 30 (MB)
scvg: 0 MB released
scvg: inuse: 18, idle: 43, sys: 62, released: 31, consumed: 30 (MB)
scvg: 0 MB released
scvg: inuse: 18, idle: 43, sys: 62, released: 31, consumed: 30 (MB)
scvg: 0 MB released
scvg: inuse: 18, idle: 43, sys: 62, released: 31, consumed: 30 (MB)
scvg: 0 MB released
scvg: inuse: 18, idle: 43, sys: 62, released: 31, consumed: 30 (MB)
scvg: 0 MB released
scvg: inuse: 18, idle: 43, sys: 62, released: 31, consumed: 30 (MB)
scvg: 0 MB released
scvg: inuse: 18, idle: 43, sys: 62, released: 31, consumed: 30 (MB)
scvg: 0 MB released
scvg: inuse: 18, idle: 43, sys: 62, released: 31, consumed: 30 (MB)
scvg: 0 MB released
scvg: inuse: 18, idle: 43, sys: 62, released: 31, consumed: 30 (MB)
scvg: 0 MB released
scvg: inuse: 18, idle: 43, sys: 62, released: 31, consumed: 30 (MB)
scvg: 0 MB released
scvg: inuse: 18, idle: 43, sys: 62, released: 31, consumed: 30 (MB)
scvg: 0 MB released
scvg: inuse: 18, idle: 43, sys: 62, released: 31, consumed: 30 (MB)
scvg: 0 MB released
scvg: inuse: 18, idle: 43, sys: 62, released: 31, consumed: 30 (MB)
scvg: 0 MB released
scvg: inuse: 18, idle: 43, sys: 62, released: 31, consumed: 30 (MB)
scvg: 0 MB released
scvg: inuse: 18, idle: 43, sys: 62, released: 31, consumed: 30 (MB)
scvg: 0 MB released
scvg: inuse: 18, idle: 43, sys: 62, released: 31, consumed: 30 (MB)
scvg: 0 MB released
scvg: inuse: 18, idle: 43, sys: 62, released: 31, consumed: 30 (MB)
scvg: 0 MB released
scvg: inuse: 18, idle: 43, sys: 62, released: 31, consumed: 30 (MB)
scvg: 0 MB released
scvg: inuse: 18, idle: 43, sys: 62, released: 31, consumed: 30 (MB)
scvg: 0 MB released
scvg: inuse: 18, idle: 43, sys: 62, released: 31, consumed: 30 (MB)
scvg: 0 MB released
scvg: inuse: 18, idle: 43, sys: 62, released: 31, consumed: 30 (MB)
scvg: 0 MB released
scvg: inuse: 18, idle: 43, sys: 62, released: 31, consumed: 30 (MB)
scvg: 0 MB released
scvg: inuse: 18, idle: 43, sys: 62, released: 31, consumed: 30 (MB)
scvg: 0 MB released
scvg: inuse: 18, idle: 43, sys: 62, released: 31, consumed: 30 (MB)
scvg: 0 MB released
scvg: inuse: 18, idle: 43, sys: 62, released: 31, consumed: 30 (MB)
scvg: 0 MB released
scvg: inuse: 18, idle: 43, sys: 62, released: 31, consumed: 30 (MB)
scvg: 0 MB released
scvg: inuse: 18, idle: 43, sys: 62, released: 31, consumed: 30 (MB)
scvg: 0 MB released
scvg: inuse: 18, idle: 43, sys: 62, released: 31, consumed: 30 (MB)
scvg: 0 MB released
scvg: inuse: 18, idle: 43, sys: 62, released: 31, consumed: 30 (MB)
scvg: 0 MB released
scvg: inuse: 18, idle: 43, sys: 62, released: 31, consumed: 30 (MB)
scvg: 0 MB released
scvg: inuse: 18, idle: 43, sys: 62, released: 31, consumed: 30 (MB)
scvg: 0 MB released
scvg: inuse: 18, idle: 43, sys: 62, released: 31, consumed: 30 (MB)
scvg: 0 MB released
scvg: inuse: 18, idle: 43, sys: 62, released: 31, consumed: 30 (MB)
scvg: 0 MB released
scvg: inuse: 18, idle: 43, sys: 62, released: 31, consumed: 30 (MB)
scvg: 0 MB released
scvg: inuse: 18, idle: 43, sys: 62, released: 31, consumed: 30 (MB)
scvg: 0 MB released
scvg: inuse: 18, idle: 43, sys: 62, released: 31, consumed: 30 (MB)
scvg: 0 MB released
scvg: inuse: 18, idle: 43, sys: 62, released: 31, consumed: 30 (MB)
scvg: 0 MB released
scvg: inuse: 18, idle: 43, sys: 62, released: 31, consumed: 30 (MB)
scvg: 0 MB released
scvg: inuse: 18, idle: 43, sys: 62, released: 31, consumed: 30 (MB)
scvg: 0 MB released
scvg: inuse: 18, idle: 43, sys: 62, released: 31, consumed: 30 (MB)
scvg: 0 MB released
scvg: inuse: 18, idle: 43, sys: 62, released: 31, consumed: 30 (MB)
scvg: 0 MB released
scvg: inuse: 18, idle: 43, sys: 62, released: 31, consumed: 30 (MB)
scvg: 0 MB released
scvg: inuse: 18, idle: 43, sys: 62, released: 31, consumed: 30 (MB)
scvg: 0 MB released
scvg: inuse: 18, idle: 43, sys: 62, released: 31, consumed: 30 (MB)
scvg: 0 MB released
scvg: inuse: 18, idle: 43, sys: 62, released: 31, consumed: 30 (MB)
scvg: 0 MB released
scvg: inuse: 18, idle: 43, sys: 62, released: 31, consumed: 30 (MB)
scvg: 0 MB released
scvg: inuse: 18, idle: 43, sys: 62, released: 31, consumed: 30 (MB)
scvg: 0 MB released
scvg: inuse: 18, idle: 43, sys: 62, released: 31, consumed: 30 (MB)
scvg: 0 MB released
scvg: inuse: 18, idle: 43, sys: 62, released: 31, consumed: 30 (MB)
scvg: 0 MB released
scvg: inuse: 18, idle: 43, sys: 62, released: 31, consumed: 30 (MB)
scvg: 0 MB released
scvg: inuse: 18, idle: 43, sys: 62, released: 31, consumed: 30 (MB)
scvg: 0 MB released
scvg: inuse: 18, idle: 43, sys: 62, released: 31, consumed: 30 (MB)
scvg: 0 MB released
scvg: inuse: 18, idle: 43, sys: 62, released: 31, consumed: 30 (MB)
scvg: 0 MB released
scvg: inuse: 18, idle: 43, sys: 62, released: 32, consumed: 30 (MB)
scvg: 0 MB released
scvg: inuse: 18, idle: 43, sys: 62, released: 32, consumed: 30 (MB)
scvg: 0 MB released
scvg: inuse: 18, idle: 43, sys: 62, released: 32, consumed: 30 (MB)
scvg: 0 MB released
scvg: inuse: 18, idle: 43, sys: 62, released: 32, consumed: 30 (MB)
scvg: 0 MB released
scvg: inuse: 18, idle: 43, sys: 62, released: 32, consumed: 30 (MB)
scvg: 0 MB released
scvg: inuse: 18, idle: 43, sys: 62, released: 32, consumed: 30 (MB)
scvg: 0 MB released
scvg: inuse: 18, idle: 43, sys: 62, released: 32, consumed: 30 (MB)
scvg: 0 MB released
scvg: inuse: 18, idle: 43, sys: 62, released: 32, consumed: 30 (MB)
scvg: 0 MB released
scvg: inuse: 18, idle: 43, sys: 62, released: 32, consumed: 30 (MB)
scvg: 0 MB released
scvg: inuse: 18, idle: 43, sys: 62, released: 32, consumed: 30 (MB)
scvg: 0 MB released
scvg: inuse: 18, idle: 43, sys: 62, released: 32, consumed: 30 (MB)
scvg: 0 MB released
scvg: inuse: 18, idle: 43, sys: 62, released: 32, consumed: 30 (MB)
scvg: 0 MB released
scvg: inuse: 18, idle: 43, sys: 62, released: 32, consumed: 30 (MB)
scvg: 0 MB released
scvg: inuse: 18, idle: 43, sys: 62, released: 32, consumed: 30 (MB)
scvg: 0 MB released
scvg: inuse: 18, idle: 43, sys: 62, released: 32, consumed: 30 (MB)
scvg: 0 MB released
scvg: inuse: 18, idle: 43, sys: 62, released: 32, consumed: 30 (MB)
scvg: 0 MB released
scvg: inuse: 18, idle: 43, sys: 62, released: 32, consumed: 30 (MB)
scvg: 0 MB released
scvg: inuse: 18, idle: 43, sys: 62, released: 32, consumed: 30 (MB)
scvg: 0 MB released
scvg: inuse: 18, idle: 43, sys: 62, released: 32, consumed: 30 (MB)
scvg: 0 MB released
scvg: inuse: 18, idle: 43, sys: 62, released: 32, consumed: 30 (MB)
scvg: 0 MB released
scvg: inuse: 18, idle: 43, sys: 62, released: 32, consumed: 30 (MB)
scvg: 0 MB released
scvg: inuse: 18, idle: 43, sys: 62, released: 32, consumed: 30 (MB)
scvg: 0 MB released
scvg: inuse: 18, idle: 43, sys: 62, released: 32, consumed: 30 (MB)
scvg: 0 MB released
scvg: inuse: 18, idle: 43, sys: 62, released: 32, consumed: 30 (MB)
scvg: 0 MB released
scvg: inuse: 18, idle: 43, sys: 62, released: 32, consumed: 30 (MB)
scvg: 0 MB released
scvg: inuse: 18, idle: 43, sys: 62, released: 32, consumed: 30 (MB)
scvg: 0 MB released
scvg: inuse: 18, idle: 43, sys: 62, released: 32, consumed: 30 (MB)
scvg: 0 MB released
scvg: inuse: 18, idle: 43, sys: 62, released: 32, consumed: 30 (MB)
scvg: 0 MB released
scvg: inuse: 18, idle: 43, sys: 62, released: 32, consumed: 30 (MB)
scvg: 0 MB released
scvg: inuse: 18, idle: 43, sys: 62, released: 32, consumed: 29 (MB)
scvg: 0 MB released
scvg: inuse: 18, idle: 43, sys: 62, released: 32, consumed: 29 (MB)
scvg: 0 MB released
scvg: inuse: 18, idle: 43, sys: 62, released: 32, consumed: 29 (MB)
scvg: 0 MB released
scvg: inuse: 18, idle: 43, sys: 62, released: 32, consumed: 29 (MB)
scvg: 0 MB released
scvg: inuse: 18, idle: 43, sys: 62, released: 32, consumed: 29 (MB)
scvg: 0 MB released
scvg: inuse: 18, idle: 43, sys: 62, released: 32, consumed: 29 (MB)
scvg: 0 MB released
scvg: inuse: 18, idle: 43, sys: 62, released: 32, consumed: 29 (MB)
scvg: 0 MB released
scvg: inuse: 18, idle: 43, sys: 62, released: 32, consumed: 29 (MB)
scvg: 0 MB released
scvg: inuse: 18, idle: 43, sys: 62, released: 32, consumed: 29 (MB)
scvg: 0 MB released
scvg: inuse: 18, idle: 43, sys: 62, released: 32, consumed: 29 (MB)
scvg: 0 MB released
scvg: inuse: 18, idle: 43, sys: 62, released: 32, consumed: 29 (MB)
scvg: 0 MB released
scvg: inuse: 18, idle: 43, sys: 62, released: 32, consumed: 29 (MB)
scvg: 0 MB released
scvg: inuse: 18, idle: 43, sys: 62, released: 32, consumed: 29 (MB)
scvg: 0 MB released
scvg: inuse: 18, idle: 43, sys: 62, released: 32, consumed: 29 (MB)
scvg: 0 MB released
scvg: inuse: 18, idle: 43, sys: 62, released: 32, consumed: 29 (MB)
scvg: 0 MB released
scvg: inuse: 18, idle: 43, sys: 62, released: 32, consumed: 29 (MB)
scvg: 0 MB released
scvg: inuse: 18, idle: 43, sys: 62, released: 32, consumed: 29 (MB)
scvg: 0 MB released
scvg: inuse: 18, idle: 43, sys: 62, released: 32, consumed: 29 (MB)
scvg: 0 MB released
scvg: inuse: 18, idle: 43, sys: 62, released: 32, consumed: 29 (MB)
scvg: 0 MB released
scvg: inuse: 18, idle: 43, sys: 62, released: 32, consumed: 29 (MB)
scvg: 0 MB released
scvg: inuse: 18, idle: 43, sys: 62, released: 32, consumed: 29 (MB)
scvg: 0 MB released
scvg: inuse: 18, idle: 43, sys: 62, released: 32, consumed: 29 (MB)
scvg: 0 MB released
scvg: inuse: 18, idle: 43, sys: 62, released: 32, consumed: 29 (MB)
scvg: 0 MB released
scvg: inuse: 18, idle: 43, sys: 62, released: 32, consumed: 29 (MB)
scvg: 0 MB released
scvg: inuse: 18, idle: 43, sys: 62, released: 32, consumed: 29 (MB)
scvg: 0 MB released
scvg: inuse: 18, idle: 43, sys: 62, released: 32, consumed: 29 (MB)
scvg: 0 MB released
scvg: inuse: 18, idle: 43, sys: 62, released: 32, consumed: 29 (MB)
scvg: 0 MB released
scvg: inuse: 18, idle: 43, sys: 62, released: 32, consumed: 29 (MB)
scvg: 0 MB released
scvg: inuse: 18, idle: 43, sys: 62, released: 32, consumed: 29 (MB)
scvg: 0 MB released
scvg: inuse: 18, idle: 43, sys: 62, released: 32, consumed: 29 (MB)
scvg: 0 MB released
scvg: inuse: 18, idle: 43, sys: 62, released: 32, consumed: 29 (MB)
scvg: 0 MB released
scvg: inuse: 18, idle: 43, sys: 62, released: 32, consumed: 29 (MB)
scvg: 0 MB released
scvg: inuse: 18, idle: 43, sys: 62, released: 32, consumed: 29 (MB)
scvg: 0 MB released
scvg: inuse: 18, idle: 43, sys: 62, released: 32, consumed: 29 (MB)
scvg: 0 MB released
scvg: inuse: 18, idle: 43, sys: 62, released: 32, consumed: 29 (MB)
scvg: 0 MB released
scvg: inuse: 18, idle: 43, sys: 62, released: 32, consumed: 29 (MB)
scvg: 0 MB released
scvg: inuse: 18, idle: 43, sys: 62, released: 32, consumed: 29 (MB)
scvg: 0 MB released
scvg: inuse: 18, idle: 43, sys: 62, released: 32, consumed: 29 (MB)
scvg: 0 MB released
scvg: inuse: 18, idle: 43, sys: 62, released: 32, consumed: 29 (MB)
scvg: 0 MB released
scvg: inuse: 18, idle: 43, sys: 62, released: 32, consumed: 29 (MB)
scvg: 0 MB released
scvg: inuse: 18, idle: 43, sys: 62, released: 32, consumed: 29 (MB)
scvg: 0 MB released
scvg: inuse: 18, idle: 43, sys: 62, released: 32, consumed: 29 (MB)
scvg: 0 MB released
scvg: inuse: 18, idle: 43, sys: 62, released: 32, consumed: 29 (MB)
scvg: 0 MB released
scvg: inuse: 18, idle: 43, sys: 62, released: 32, consumed: 29 (MB)
scvg: 0 MB released
scvg: inuse: 18, idle: 43, sys: 62, released: 32, consumed: 29 (MB)
scvg: 0 MB released
scvg: inuse: 18, idle: 43, sys: 62, released: 32, consumed: 29 (MB)
scvg: 0 MB released
scvg: inuse: 18, idle: 43, sys: 62, released: 32, consumed: 29 (MB)
scvg: 0 MB released
scvg: inuse: 18, idle: 43, sys: 62, released: 32, consumed: 29 (MB)
scvg: 0 MB released
scvg: inuse: 18, idle: 43, sys: 62, released: 32, consumed: 29 (MB)
scvg: 0 MB released
scvg: inuse: 18, idle: 43, sys: 62, released: 32, consumed: 29 (MB)
scvg: 0 MB released
scvg: inuse: 18, idle: 43, sys: 62, released: 32, consumed: 29 (MB)
scvg: 0 MB released
scvg: inuse: 18, idle: 43, sys: 62, released: 32, consumed: 29 (MB)
scvg: 0 MB released
scvg: inuse: 18, idle: 43, sys: 62, released: 32, consumed: 29 (MB)
scvg: 0 MB released
scvg: inuse: 18, idle: 43, sys: 62, released: 32, consumed: 29 (MB)
scvg: 0 MB released
scvg: inuse: 18, idle: 43, sys: 62, released: 32, consumed: 29 (MB)
scvg: 0 MB released
scvg: inuse: 18, idle: 43, sys: 62, released: 32, consumed: 29 (MB)
scvg: 0 MB released
scvg: inuse: 18, idle: 43, sys: 62, released: 32, consumed: 29 (MB)
scvg: 0 MB released
scvg: inuse: 18, idle: 43, sys: 62, released: 32, consumed: 29 (MB)
scvg: 0 MB released
scvg: inuse: 18, idle: 43, sys: 62, released: 32, consumed: 29 (MB)
scvg: 0 MB released
scvg: inuse: 18, idle: 43, sys: 62, released: 32, consumed: 29 (MB)
scvg: 0 MB released
scvg: inuse: 18, idle: 43, sys: 62, released: 32, consumed: 29 (MB)
scvg: 0 MB released
scvg: inuse: 18, idle: 43, sys: 62, released: 32, consumed: 29 (MB)
scvg: 0 MB released
scvg: inuse: 18, idle: 43, sys: 62, released: 32, consumed: 29 (MB)
scvg: 0 MB released
scvg: inuse: 18, idle: 43, sys: 62, released: 32, consumed: 29 (MB)
scvg: 0 MB released
scvg: inuse: 18, idle: 43, sys: 62, released: 32, consumed: 29 (MB)
scvg: 0 MB released
scvg: inuse: 18, idle: 43, sys: 62, released: 32, consumed: 29 (MB)
scvg: 0 MB released
scvg: inuse: 18, idle: 43, sys: 62, released: 32, consumed: 29 (MB)
scvg: 0 MB released
scvg: inuse: 18, idle: 43, sys: 62, released: 32, consumed: 29 (MB)
scvg: 0 MB released
scvg: inuse: 18, idle: 43, sys: 62, released: 32, consumed: 29 (MB)
scvg: 0 MB released
scvg: inuse: 18, idle: 43, sys: 62, released: 32, consumed: 29 (MB)
scvg: 0 MB released
scvg: inuse: 18, idle: 43, sys: 62, released: 32, consumed: 29 (MB)
scvg: 0 MB released
scvg: inuse: 18, idle: 43, sys: 62, released: 32, consumed: 29 (MB)
scvg: 0 MB released
scvg: inuse: 18, idle: 43, sys: 62, released: 32, consumed: 29 (MB)
scvg: 0 MB released
scvg: inuse: 18, idle: 43, sys: 62, released: 32, consumed: 29 (MB)
scvg: 0 MB released
scvg: inuse: 18, idle: 43, sys: 62, released: 32, consumed: 29 (MB)
scvg: 0 MB released
scvg: inuse: 18, idle: 43, sys: 62, released: 32, consumed: 29 (MB)
scvg: 0 MB released
scvg: inuse: 18, idle: 43, sys: 62, released: 32, consumed: 29 (MB)
scvg: 0 MB released
scvg: inuse: 18, idle: 43, sys: 62, released: 32, consumed: 29 (MB)
scvg: 0 MB released
scvg: inuse: 18, idle: 43, sys: 62, released: 32, consumed: 29 (MB)
scvg: 0 MB released
scvg: inuse: 18, idle: 43, sys: 62, released: 32, consumed: 29 (MB)
scvg: 0 MB released
scvg: inuse: 18, idle: 43, sys: 62, released: 32, consumed: 29 (MB)
scvg: 0 MB released
scvg: inuse: 18, idle: 43, sys: 62, released: 32, consumed: 29 (MB)
scvg: 0 MB released
scvg: inuse: 18, idle: 43, sys: 62, released: 32, consumed: 29 (MB)
scvg: 0 MB released
scvg: inuse: 18, idle: 43, sys: 62, released: 32, consumed: 29 (MB)
scvg: 0 MB released
scvg: inuse: 18, idle: 43, sys: 62, released: 32, consumed: 29 (MB)
scvg: 0 MB released
scvg: inuse: 18, idle: 43, sys: 62, released: 32, consumed: 29 (MB)
scvg: 0 MB released
scvg: inuse: 18, idle: 43, sys: 62, released: 32, consumed: 29 (MB)
scvg: 0 MB released
scvg: inuse: 18, idle: 43, sys: 62, released: 32, consumed: 29 (MB)
scvg: 0 MB released
scvg: inuse: 18, idle: 43, sys: 62, released: 32, consumed: 29 (MB)
scvg: 0 MB released
scvg: inuse: 18, idle: 43, sys: 62, released: 32, consumed: 29 (MB)
scvg: 0 MB released
scvg: inuse: 18, idle: 43, sys: 62, released: 32, consumed: 29 (MB)
scvg: 0 MB released
scvg: inuse: 18, idle: 43, sys: 62, released: 32, consumed: 29 (MB)
scvg: 0 MB released
scvg: inuse: 18, idle: 43, sys: 62, released: 32, consumed: 29 (MB)
scvg: 0 MB released
scvg: inuse: 18, idle: 43, sys: 62, released: 32, consumed: 29 (MB)
scvg: 0 MB released
scvg: inuse: 18, idle: 43, sys: 62, released: 32, consumed: 29 (MB)
scvg: 0 MB released
scvg: inuse: 18, idle: 43, sys: 62, released: 32, consumed: 29 (MB)
scvg: 0 MB released
scvg: inuse: 18, idle: 43, sys: 62, released: 32, consumed: 29 (MB)
scvg: 0 MB released
scvg: inuse: 18, idle: 43, sys: 62, released: 32, consumed: 29 (MB)
scvg: 0 MB released
scvg: inuse: 18, idle: 43, sys: 62, released: 32, consumed: 29 (MB)
scvg: 0 MB released
scvg: inuse: 18, idle: 43, sys: 62, released: 33, consumed: 29 (MB)
scvg: 0 MB released
scvg: inuse: 18, idle: 43, sys: 62, released: 33, consumed: 29 (MB)
scvg: 0 MB released
scvg: inuse: 18, idle: 43, sys: 62, released: 33, consumed: 29 (MB)
scvg: 0 MB released
scvg: inuse: 18, idle: 43, sys: 62, released: 33, consumed: 29 (MB)
scvg: 0 MB released
scvg: inuse: 18, idle: 43, sys: 62, released: 33, consumed: 29 (MB)
scvg: 0 MB released
scvg: inuse: 18, idle: 43, sys: 62, released: 33, consumed: 29 (MB)
scvg: 0 MB released
scvg: inuse: 18, idle: 43, sys: 62, released: 33, consumed: 29 (MB)
scvg: 0 MB released
scvg: inuse: 18, idle: 43, sys: 62, released: 33, consumed: 29 (MB)
scvg: 0 MB released
scvg: inuse: 18, idle: 43, sys: 62, released: 33, consumed: 29 (MB)
scvg: 0 MB released
scvg: inuse: 18, idle: 43, sys: 62, released: 33, consumed: 29 (MB)
scvg: 0 MB released
scvg: inuse: 18, idle: 43, sys: 62, released: 33, consumed: 29 (MB)
scvg: 0 MB released
scvg: inuse: 18, idle: 43, sys: 62, released: 33, consumed: 29 (MB)
scvg: 0 MB released
scvg: inuse: 18, idle: 43, sys: 62, released: 33, consumed: 29 (MB)
scvg: 0 MB released
scvg: inuse: 18, idle: 43, sys: 62, released: 33, consumed: 29 (MB)
scvg: 0 MB released
scvg: inuse: 18, idle: 43, sys: 62, released: 33, consumed: 29 (MB)
scvg: 0 MB released
scvg: inuse: 18, idle: 43, sys: 62, released: 33, consumed: 29 (MB)
scvg: 0 MB released
scvg: inuse: 18, idle: 43, sys: 62, released: 33, consumed: 29 (MB)
scvg: 0 MB released
scvg: inuse: 18, idle: 43, sys: 62, released: 33, consumed: 29 (MB)
scvg: 0 MB released
scvg: inuse: 18, idle: 43, sys: 62, released: 33, consumed: 29 (MB)
scvg: 0 MB released
scvg: inuse: 18, idle: 43, sys: 62, released: 33, consumed: 29 (MB)
scvg: 0 MB released
scvg: inuse: 18, idle: 43, sys: 62, released: 33, consumed: 29 (MB)
scvg: 0 MB released
scvg: inuse: 18, idle: 43, sys: 62, released: 33, consumed: 29 (MB)
scvg: 0 MB released
scvg: inuse: 18, idle: 43, sys: 62, released: 33, consumed: 29 (MB)
scvg: 0 MB released
scvg: inuse: 18, idle: 43, sys: 62, released: 33, consumed: 29 (MB)
scvg: 0 MB released
scvg: inuse: 18, idle: 43, sys: 62, released: 33, consumed: 29 (MB)
scvg: 0 MB released
scvg: inuse: 18, idle: 43, sys: 62, released: 33, consumed: 29 (MB)
scvg: 0 MB released
scvg: inuse: 18, idle: 43, sys: 62, released: 33, consumed: 29 (MB)
scvg: 0 MB released
scvg: inuse: 18, idle: 43, sys: 62, released: 33, consumed: 29 (MB)
scvg: 0 MB released
scvg: inuse: 18, idle: 43, sys: 62, released: 33, consumed: 29 (MB)
scvg: 0 MB released
scvg: inuse: 18, idle: 43, sys: 62, released: 33, consumed: 28 (MB)
scvg: 0 MB released
scvg: inuse: 18, idle: 43, sys: 62, released: 33, consumed: 28 (MB)
scvg: 0 MB released
scvg: inuse: 18, idle: 43, sys: 62, released: 33, consumed: 28 (MB)
scvg: 0 MB released
scvg: inuse: 18, idle: 43, sys: 62, released: 33, consumed: 28 (MB)
scvg: 0 MB released
scvg: inuse: 18, idle: 43, sys: 62, released: 33, consumed: 28 (MB)
scvg: 0 MB released
scvg: inuse: 18, idle: 43, sys: 62, released: 33, consumed: 28 (MB)
scvg: 0 MB released
scvg: inuse: 18, idle: 43, sys: 62, released: 33, consumed: 28 (MB)
scvg: 0 MB released
scvg: inuse: 18, idle: 43, sys: 62, released: 33, consumed: 28 (MB)
scvg: 0 MB released
scvg: inuse: 18, idle: 43, sys: 62, released: 33, consumed: 28 (MB)
scvg: 0 MB released
scvg: inuse: 18, idle: 43, sys: 62, released: 33, consumed: 28 (MB)
scvg: 0 MB released
scvg: inuse: 18, idle: 43, sys: 62, released: 33, consumed: 28 (MB)
scvg: 0 MB released
scvg: inuse: 18, idle: 43, sys: 62, released: 33, consumed: 28 (MB)
scvg: 0 MB released
scvg: inuse: 18, idle: 43, sys: 62, released: 33, consumed: 28 (MB)
scvg: 0 MB released
scvg: inuse: 18, idle: 43, sys: 62, released: 33, consumed: 28 (MB)
scvg: 0 MB released
scvg: inuse: 18, idle: 43, sys: 62, released: 33, consumed: 28 (MB)
scvg: 0 MB released
scvg: inuse: 18, idle: 43, sys: 62, released: 33, consumed: 28 (MB)
scvg: 0 MB released
scvg: inuse: 18, idle: 43, sys: 62, released: 33, consumed: 28 (MB)
scvg: 0 MB released
scvg: inuse: 18, idle: 43, sys: 62, released: 33, consumed: 28 (MB)
scvg: 0 MB released
scvg: inuse: 18, idle: 43, sys: 62, released: 33, consumed: 28 (MB)
scvg: 0 MB released
scvg: inuse: 18, idle: 43, sys: 62, released: 33, consumed: 28 (MB)
scvg: 0 MB released
scvg: inuse: 18, idle: 43, sys: 62, released: 33, consumed: 28 (MB)
scvg: 0 MB released
scvg: inuse: 18, idle: 43, sys: 62, released: 33, consumed: 28 (MB)
scvg: 0 MB released
scvg: inuse: 18, idle: 43, sys: 62, released: 33, consumed: 28 (MB)
scvg: 0 MB released
scvg: inuse: 18, idle: 43, sys: 62, released: 33, consumed: 28 (MB)
scvg: 0 MB released
scvg: inuse: 18, idle: 43, sys: 62, released: 33, consumed: 28 (MB)
scvg: 0 MB released
scvg: inuse: 18, idle: 43, sys: 62, released: 33, consumed: 28 (MB)
scvg: 0 MB released
scvg: inuse: 18, idle: 43, sys: 62, released: 33, consumed: 28 (MB)
scvg: 0 MB released
scvg: inuse: 18, idle: 43, sys: 62, released: 33, consumed: 28 (MB)
scvg: 0 MB released
scvg: inuse: 18, idle: 43, sys: 62, released: 33, consumed: 28 (MB)
scvg: 0 MB released
scvg: inuse: 18, idle: 43, sys: 62, released: 33, consumed: 28 (MB)
scvg: 0 MB released
scvg: inuse: 18, idle: 43, sys: 62, released: 33, consumed: 28 (MB)
scvg: 0 MB released
scvg: inuse: 18, idle: 43, sys: 62, released: 33, consumed: 28 (MB)
scvg: 0 MB released
scvg: inuse: 18, idle: 43, sys: 62, released: 33, consumed: 28 (MB)
scvg: 0 MB released
scvg: inuse: 18, idle: 43, sys: 62, released: 33, consumed: 28 (MB)
scvg: 0 MB released
scvg: inuse: 18, idle: 43, sys: 62, released: 33, consumed: 28 (MB)
scvg: 0 MB released
scvg: inuse: 18, idle: 43, sys: 62, released: 33, consumed: 28 (MB)
scvg: 0 MB released
scvg: inuse: 18, idle: 43, sys: 62, released: 33, consumed: 28 (MB)
scvg: 0 MB released
scvg: inuse: 18, idle: 43, sys: 62, released: 33, consumed: 28 (MB)
scvg: 0 MB released
scvg: inuse: 18, idle: 43, sys: 62, released: 33, consumed: 28 (MB)
scvg: 0 MB released
scvg: inuse: 18, idle: 43, sys: 62, released: 33, consumed: 28 (MB)
scvg: 0 MB released
scvg: inuse: 18, idle: 43, sys: 62, released: 33, consumed: 28 (MB)
scvg: 0 MB released
scvg: inuse: 18, idle: 43, sys: 62, released: 33, consumed: 28 (MB)
scvg: 0 MB released
scvg: inuse: 18, idle: 43, sys: 62, released: 33, consumed: 28 (MB)
scvg: 0 MB released
scvg: inuse: 18, idle: 43, sys: 62, released: 33, consumed: 28 (MB)
scvg: 0 MB released
scvg: inuse: 18, idle: 43, sys: 62, released: 33, consumed: 28 (MB)
scvg: 0 MB released
scvg: inuse: 18, idle: 43, sys: 62, released: 33, consumed: 28 (MB)
scvg: 0 MB released
scvg: inuse: 18, idle: 43, sys: 62, released: 33, consumed: 28 (MB)
scvg: 0 MB released
scvg: inuse: 18, idle: 43, sys: 62, released: 33, consumed: 28 (MB)
scvg: 0 MB released
scvg: inuse: 18, idle: 43, sys: 62, released: 33, consumed: 28 (MB)
scvg: 0 MB released
scvg: inuse: 18, idle: 43, sys: 62, released: 33, consumed: 28 (MB)
scvg: 0 MB released
scvg: inuse: 18, idle: 43, sys: 62, released: 33, consumed: 28 (MB)
scvg: 0 MB released
scvg: inuse: 18, idle: 43, sys: 62, released: 33, consumed: 28 (MB)
scvg: 0 MB released
scvg: inuse: 18, idle: 43, sys: 62, released: 33, consumed: 28 (MB)
scvg: 0 MB released
scvg: inuse: 18, idle: 43, sys: 62, released: 33, consumed: 28 (MB)
scvg: 0 MB released
scvg: inuse: 18, idle: 43, sys: 62, released: 33, consumed: 28 (MB)
scvg: 0 MB released
scvg: inuse: 18, idle: 43, sys: 62, released: 33, consumed: 28 (MB)
scvg: 0 MB released
scvg: inuse: 18, idle: 43, sys: 62, released: 33, consumed: 28 (MB)
scvg: 0 MB released
scvg: inuse: 18, idle: 43, sys: 62, released: 33, consumed: 28 (MB)
scvg: 0 MB released
scvg: inuse: 18, idle: 43, sys: 62, released: 33, consumed: 28 (MB)
scvg: 0 MB released
scvg: inuse: 18, idle: 43, sys: 62, released: 33, consumed: 28 (MB)
scvg: 0 MB released
scvg: inuse: 18, idle: 43, sys: 62, released: 33, consumed: 28 (MB)
scvg: 0 MB released
scvg: inuse: 18, idle: 43, sys: 62, released: 33, consumed: 28 (MB)
scvg: 0 MB released
scvg: inuse: 18, idle: 43, sys: 62, released: 33, consumed: 28 (MB)
scvg: 0 MB released
scvg: inuse: 18, idle: 43, sys: 62, released: 33, consumed: 28 (MB)
scvg: 0 MB released
scvg: inuse: 18, idle: 43, sys: 62, released: 33, consumed: 28 (MB)
scvg: 0 MB released
scvg: inuse: 18, idle: 43, sys: 62, released: 33, consumed: 28 (MB)
scvg: 0 MB released
scvg: inuse: 18, idle: 43, sys: 62, released: 33, consumed: 28 (MB)
scvg: 0 MB released
scvg: inuse: 18, idle: 43, sys: 62, released: 33, consumed: 28 (MB)
scvg: 0 MB released
scvg: inuse: 18, idle: 43, sys: 62, released: 33, consumed: 28 (MB)
scvg: 0 MB released
scvg: inuse: 18, idle: 43, sys: 62, released: 33, consumed: 28 (MB)
scvg: 0 MB released
scvg: inuse: 18, idle: 43, sys: 62, released: 33, consumed: 28 (MB)
scvg: 0 MB released
scvg: inuse: 18, idle: 43, sys: 62, released: 33, consumed: 28 (MB)
scvg: 0 MB released
scvg: inuse: 18, idle: 43, sys: 62, released: 33, consumed: 28 (MB)
scvg: 0 MB released
scvg: inuse: 18, idle: 43, sys: 62, released: 33, consumed: 28 (MB)
scvg: 0 MB released
scvg: inuse: 18, idle: 43, sys: 62, released: 33, consumed: 28 (MB)
scvg: 0 MB released
scvg: inuse: 18, idle: 43, sys: 62, released: 33, consumed: 28 (MB)
scvg: 0 MB released
scvg: inuse: 18, idle: 43, sys: 62, released: 33, consumed: 28 (MB)
scvg: 0 MB released
scvg: inuse: 18, idle: 43, sys: 62, released: 33, consumed: 28 (MB)
scvg: 0 MB released
scvg: inuse: 18, idle: 43, sys: 62, released: 33, consumed: 28 (MB)
scvg: 0 MB released
scvg: inuse: 18, idle: 43, sys: 62, released: 33, consumed: 28 (MB)
scvg: 0 MB released
scvg: inuse: 18, idle: 43, sys: 62, released: 33, consumed: 28 (MB)
scvg: 0 MB released
scvg: inuse: 18, idle: 43, sys: 62, released: 33, consumed: 28 (MB)
scvg: 0 MB released
scvg: inuse: 18, idle: 43, sys: 62, released: 33, consumed: 28 (MB)
scvg: 0 MB released
scvg: inuse: 18, idle: 43, sys: 62, released: 33, consumed: 28 (MB)
scvg: 0 MB released
scvg: inuse: 18, idle: 43, sys: 62, released: 33, consumed: 28 (MB)
scvg: 0 MB released
scvg: inuse: 18, idle: 43, sys: 62, released: 33, consumed: 28 (MB)
scvg: 0 MB released
scvg: inuse: 18, idle: 43, sys: 62, released: 33, consumed: 28 (MB)
scvg: 0 MB released
scvg: inuse: 18, idle: 43, sys: 62, released: 33, consumed: 28 (MB)
scvg: 0 MB released
scvg: inuse: 18, idle: 43, sys: 62, released: 33, consumed: 28 (MB)
scvg: 0 MB released
scvg: inuse: 18, idle: 43, sys: 62, released: 33, consumed: 28 (MB)
scvg: 0 MB released
scvg: inuse: 18, idle: 43, sys: 62, released: 33, consumed: 28 (MB)
scvg: 0 MB released
scvg: inuse: 18, idle: 43, sys: 62, released: 33, consumed: 28 (MB)
scvg: 0 MB released
scvg: inuse: 18, idle: 43, sys: 62, released: 33, consumed: 28 (MB)
scvg: 0 MB released
scvg: inuse: 18, idle: 43, sys: 62, released: 33, consumed: 28 (MB)
scvg: 0 MB released
scvg: inuse: 18, idle: 43, sys: 62, released: 33, consumed: 28 (MB)
scvg: 0 MB released
scvg: inuse: 18, idle: 43, sys: 62, released: 33, consumed: 28 (MB)
scvg: 0 MB released
scvg: inuse: 18, idle: 43, sys: 62, released: 33, consumed: 28 (MB)
scvg: 0 MB released
scvg: inuse: 18, idle: 43, sys: 62, released: 33, consumed: 28 (MB)
scvg: 0 MB released
scvg: inuse: 18, idle: 43, sys: 62, released: 33, consumed: 28 (MB)
scvg: 0 MB released
scvg: inuse: 18, idle: 43, sys: 62, released: 34, consumed: 28 (MB)
scvg: 0 MB released
scvg: inuse: 18, idle: 43, sys: 62, released: 34, consumed: 28 (MB)
scvg: 0 MB released
scvg: inuse: 18, idle: 43, sys: 62, released: 34, consumed: 28 (MB)
scvg: 0 MB released
scvg: inuse: 18, idle: 43, sys: 62, released: 34, consumed: 28 (MB)
scvg: 0 MB released
scvg: inuse: 18, idle: 43, sys: 62, released: 34, consumed: 28 (MB)
scvg: 0 MB released
scvg: inuse: 18, idle: 43, sys: 62, released: 34, consumed: 28 (MB)
scvg: 0 MB released
scvg: inuse: 18, idle: 43, sys: 62, released: 34, consumed: 28 (MB)
scvg: 0 MB released
scvg: inuse: 18, idle: 43, sys: 62, released: 34, consumed: 28 (MB)
scvg: 0 MB released
scvg: inuse: 18, idle: 43, sys: 62, released: 34, consumed: 28 (MB)
scvg: 0 MB released
scvg: inuse: 18, idle: 43, sys: 62, released: 34, consumed: 28 (MB)
scvg: 0 MB released
scvg: inuse: 18, idle: 43, sys: 62, released: 34, consumed: 28 (MB)
scvg: 0 MB released
scvg: inuse: 18, idle: 43, sys: 62, released: 34, consumed: 28 (MB)
scvg: 0 MB released
scvg: inuse: 18, idle: 43, sys: 62, released: 34, consumed: 28 (MB)
scvg: 0 MB released
scvg: inuse: 18, idle: 43, sys: 62, released: 34, consumed: 28 (MB)
scvg: 0 MB released
scvg: inuse: 18, idle: 43, sys: 62, released: 34, consumed: 28 (MB)
scvg: 0 MB released
scvg: inuse: 18, idle: 43, sys: 62, released: 34, consumed: 28 (MB)
scvg: 0 MB released
scvg: inuse: 18, idle: 43, sys: 62, released: 34, consumed: 28 (MB)
scvg: 0 MB released
scvg: inuse: 18, idle: 43, sys: 62, released: 34, consumed: 28 (MB)
scvg: 0 MB released
scvg: inuse: 18, idle: 43, sys: 62, released: 34, consumed: 28 (MB)
scvg: 0 MB released
scvg: inuse: 18, idle: 43, sys: 62, released: 34, consumed: 28 (MB)
scvg: 0 MB released
scvg: inuse: 18, idle: 43, sys: 62, released: 34, consumed: 28 (MB)
scvg: 0 MB released
scvg: inuse: 18, idle: 43, sys: 62, released: 34, consumed: 28 (MB)
scvg: 0 MB released
scvg: inuse: 18, idle: 43, sys: 62, released: 34, consumed: 28 (MB)
scvg: 0 MB released
scvg: inuse: 18, idle: 43, sys: 62, released: 34, consumed: 28 (MB)
scvg: 0 MB released
scvg: inuse: 18, idle: 43, sys: 62, released: 34, consumed: 28 (MB)
scvg: 0 MB released
scvg: inuse: 18, idle: 43, sys: 62, released: 34, consumed: 28 (MB)
scvg: 0 MB released
scvg: inuse: 18, idle: 43, sys: 62, released: 34, consumed: 28 (MB)
scvg: 0 MB released
scvg: inuse: 18, idle: 43, sys: 62, released: 34, consumed: 28 (MB)
scvg: 0 MB released
scvg: inuse: 18, idle: 43, sys: 62, released: 34, consumed: 28 (MB)
scvg: 0 MB released
scvg: inuse: 18, idle: 43, sys: 62, released: 34, consumed: 27 (MB)
scvg: 0 MB released
scvg: inuse: 18, idle: 43, sys: 62, released: 34, consumed: 27 (MB)
scvg: 0 MB released
scvg: inuse: 18, idle: 43, sys: 62, released: 34, consumed: 27 (MB)
scvg: 0 MB released
scvg: inuse: 18, idle: 43, sys: 62, released: 34, consumed: 27 (MB)
scvg: 0 MB released
scvg: inuse: 18, idle: 43, sys: 62, released: 34, consumed: 27 (MB)
scvg: 0 MB released
scvg: inuse: 18, idle: 43, sys: 62, released: 34, consumed: 27 (MB)
scvg: 0 MB released
scvg: inuse: 18, idle: 43, sys: 62, released: 34, consumed: 27 (MB)
scvg: 0 MB released
scvg: inuse: 18, idle: 43, sys: 62, released: 34, consumed: 27 (MB)
scvg: 0 MB released
scvg: inuse: 18, idle: 43, sys: 62, released: 34, consumed: 27 (MB)
scvg: 0 MB released
scvg: inuse: 18, idle: 43, sys: 62, released: 34, consumed: 27 (MB)
scvg: 0 MB released
scvg: inuse: 18, idle: 43, sys: 62, released: 34, consumed: 27 (MB)
scvg: 0 MB released
scvg: inuse: 18, idle: 43, sys: 62, released: 34, consumed: 27 (MB)
scvg: 0 MB released
scvg: inuse: 18, idle: 43, sys: 62, released: 34, consumed: 27 (MB)
scvg: 0 MB released
scvg: inuse: 18, idle: 43, sys: 62, released: 34, consumed: 27 (MB)
scvg: 0 MB released
scvg: inuse: 18, idle: 43, sys: 62, released: 34, consumed: 27 (MB)
scvg: 0 MB released
scvg: inuse: 18, idle: 43, sys: 62, released: 34, consumed: 27 (MB)
scvg: 0 MB released
scvg: inuse: 18, idle: 43, sys: 62, released: 34, consumed: 27 (MB)
scvg: 0 MB released
scvg: inuse: 18, idle: 43, sys: 62, released: 34, consumed: 27 (MB)
scvg: 0 MB released
scvg: inuse: 18, idle: 43, sys: 62, released: 34, consumed: 27 (MB)
scvg: 0 MB released
scvg: inuse: 18, idle: 43, sys: 62, released: 34, consumed: 27 (MB)
scvg: 0 MB released
scvg: inuse: 18, idle: 43, sys: 62, released: 34, consumed: 27 (MB)
scvg: 0 MB released
scvg: inuse: 18, idle: 43, sys: 62, released: 34, consumed: 27 (MB)
scvg: 0 MB released
scvg: inuse: 18, idle: 43, sys: 62, released: 34, consumed: 27 (MB)
scvg: 0 MB released
scvg: inuse: 18, idle: 43, sys: 62, released: 34, consumed: 27 (MB)
scvg: 0 MB released
scvg: inuse: 18, idle: 43, sys: 62, released: 34, consumed: 27 (MB)
scvg: 0 MB released
scvg: inuse: 18, idle: 43, sys: 62, released: 34, consumed: 27 (MB)
scvg: 0 MB released
scvg: inuse: 18, idle: 43, sys: 62, released: 34, consumed: 27 (MB)
scvg: 0 MB released
scvg: inuse: 18, idle: 43, sys: 62, released: 34, consumed: 27 (MB)
scvg: 0 MB released
scvg: inuse: 18, idle: 43, sys: 62, released: 34, consumed: 27 (MB)
scvg: 0 MB released
scvg: inuse: 18, idle: 43, sys: 62, released: 34, consumed: 27 (MB)
scvg: 0 MB released
scvg: inuse: 18, idle: 43, sys: 62, released: 34, consumed: 27 (MB)
scvg: 0 MB released
scvg: inuse: 18, idle: 43, sys: 62, released: 34, consumed: 27 (MB)
scvg: 0 MB released
scvg: inuse: 18, idle: 43, sys: 62, released: 34, consumed: 27 (MB)
scvg: 0 MB released
scvg: inuse: 18, idle: 43, sys: 62, released: 34, consumed: 27 (MB)
scvg: 0 MB released
scvg: inuse: 18, idle: 43, sys: 62, released: 34, consumed: 27 (MB)
scvg: 0 MB released
scvg: inuse: 18, idle: 43, sys: 62, released: 34, consumed: 27 (MB)
scvg: 0 MB released
scvg: inuse: 18, idle: 43, sys: 62, released: 34, consumed: 27 (MB)
scvg: 0 MB released
scvg: inuse: 18, idle: 43, sys: 62, released: 34, consumed: 27 (MB)
scvg: 0 MB released
scvg: inuse: 18, idle: 43, sys: 62, released: 34, consumed: 27 (MB)
scvg: 0 MB released
scvg: inuse: 18, idle: 43, sys: 62, released: 34, consumed: 27 (MB)
scvg: 0 MB released
scvg: inuse: 18, idle: 43, sys: 62, released: 34, consumed: 27 (MB)
scvg: 0 MB released
scvg: inuse: 18, idle: 43, sys: 62, released: 34, consumed: 27 (MB)
scvg: 0 MB released
scvg: inuse: 18, idle: 43, sys: 62, released: 34, consumed: 27 (MB)
scvg: 0 MB released
scvg: inuse: 18, idle: 43, sys: 62, released: 34, consumed: 27 (MB)
scvg: 0 MB released
scvg: inuse: 18, idle: 43, sys: 62, released: 34, consumed: 27 (MB)
scvg: 0 MB released
scvg: inuse: 18, idle: 43, sys: 62, released: 34, consumed: 27 (MB)
scvg: 0 MB released
scvg: inuse: 18, idle: 43, sys: 62, released: 34, consumed: 27 (MB)
scvg: 0 MB released
scvg: inuse: 18, idle: 43, sys: 62, released: 34, consumed: 27 (MB)
scvg: 0 MB released
scvg: inuse: 18, idle: 43, sys: 62, released: 34, consumed: 27 (MB)
scvg: 0 MB released
scvg: inuse: 18, idle: 43, sys: 62, released: 34, consumed: 27 (MB)
scvg: 0 MB released
scvg: inuse: 18, idle: 43, sys: 62, released: 34, consumed: 27 (MB)
scvg: 0 MB released
scvg: inuse: 18, idle: 43, sys: 62, released: 34, consumed: 27 (MB)
scvg: 0 MB released
scvg: inuse: 18, idle: 43, sys: 62, released: 34, consumed: 27 (MB)
scvg: 0 MB released
scvg: inuse: 18, idle: 43, sys: 62, released: 34, consumed: 27 (MB)
scvg: 0 MB released
scvg: inuse: 18, idle: 43, sys: 62, released: 34, consumed: 27 (MB)
scvg: 0 MB released
scvg: inuse: 18, idle: 43, sys: 62, released: 34, consumed: 27 (MB)
scvg: 0 MB released
scvg: inuse: 18, idle: 43, sys: 62, released: 34, consumed: 27 (MB)
scvg: 0 MB released
scvg: inuse: 18, idle: 43, sys: 62, released: 34, consumed: 27 (MB)
scvg: 0 MB released
scvg: inuse: 18, idle: 43, sys: 62, released: 34, consumed: 27 (MB)
scvg: 0 MB released
scvg: inuse: 18, idle: 43, sys: 62, released: 34, consumed: 27 (MB)
scvg: 0 MB released
scvg: inuse: 18, idle: 43, sys: 62, released: 34, consumed: 27 (MB)
scvg: 0 MB released
scvg: inuse: 18, idle: 43, sys: 62, released: 34, consumed: 27 (MB)
scvg: 0 MB released
scvg: inuse: 18, idle: 43, sys: 62, released: 34, consumed: 27 (MB)
scvg: 0 MB released
scvg: inuse: 18, idle: 43, sys: 62, released: 34, consumed: 27 (MB)
scvg: 0 MB released
scvg: inuse: 18, idle: 43, sys: 62, released: 34, consumed: 27 (MB)
scvg: 0 MB released
scvg: inuse: 18, idle: 43, sys: 62, released: 34, consumed: 27 (MB)
scvg: 0 MB released
scvg: inuse: 18, idle: 43, sys: 62, released: 34, consumed: 27 (MB)
scvg: 0 MB released
scvg: inuse: 18, idle: 43, sys: 62, released: 34, consumed: 27 (MB)
scvg: 0 MB released
scvg: inuse: 18, idle: 43, sys: 62, released: 34, consumed: 27 (MB)
scvg: 0 MB released
scvg: inuse: 18, idle: 43, sys: 62, released: 34, consumed: 27 (MB)
scvg: 0 MB released
scvg: inuse: 18, idle: 43, sys: 62, released: 34, consumed: 27 (MB)
scvg: 0 MB released
scvg: inuse: 18, idle: 43, sys: 62, released: 34, consumed: 27 (MB)
scvg: 0 MB released
scvg: inuse: 18, idle: 43, sys: 62, released: 34, consumed: 27 (MB)
scvg: 0 MB released
scvg: inuse: 18, idle: 43, sys: 62, released: 34, consumed: 27 (MB)
scvg: 0 MB released
scvg: inuse: 18, idle: 43, sys: 62, released: 34, consumed: 27 (MB)
scvg: 0 MB released
scvg: inuse: 18, idle: 43, sys: 62, released: 34, consumed: 27 (MB)
scvg: 0 MB released
scvg: inuse: 18, idle: 43, sys: 62, released: 34, consumed: 27 (MB)
scvg: 0 MB released
scvg: inuse: 18, idle: 43, sys: 62, released: 34, consumed: 27 (MB)
scvg: 0 MB released
scvg: inuse: 18, idle: 43, sys: 62, released: 34, consumed: 27 (MB)
scvg: 0 MB released
scvg: inuse: 18, idle: 43, sys: 62, released: 34, consumed: 27 (MB)
scvg: 0 MB released
scvg: inuse: 18, idle: 43, sys: 62, released: 34, consumed: 27 (MB)
scvg: 0 MB released
scvg: inuse: 18, idle: 43, sys: 62, released: 34, consumed: 27 (MB)
scvg: 0 MB released
scvg: inuse: 18, idle: 43, sys: 62, released: 34, consumed: 27 (MB)
scvg: 0 MB released
scvg: inuse: 18, idle: 43, sys: 62, released: 34, consumed: 27 (MB)
scvg: 0 MB released
scvg: inuse: 18, idle: 43, sys: 62, released: 34, consumed: 27 (MB)
scvg: 0 MB released
scvg: inuse: 18, idle: 43, sys: 62, released: 34, consumed: 27 (MB)
scvg: 0 MB released
scvg: inuse: 18, idle: 43, sys: 62, released: 34, consumed: 27 (MB)
scvg: 0 MB released
scvg: inuse: 18, idle: 43, sys: 62, released: 34, consumed: 27 (MB)
scvg: 0 MB released
scvg: inuse: 18, idle: 43, sys: 62, released: 34, consumed: 27 (MB)
scvg: 0 MB released
scvg: inuse: 18, idle: 43, sys: 62, released: 34, consumed: 27 (MB)
scvg: 0 MB released
scvg: inuse: 18, idle: 43, sys: 62, released: 34, consumed: 27 (MB)
scvg: 0 MB released
scvg: inuse: 18, idle: 43, sys: 62, released: 34, consumed: 27 (MB)
scvg: 0 MB released
scvg: inuse: 18, idle: 43, sys: 62, released: 34, consumed: 27 (MB)
scvg: 0 MB released
scvg: inuse: 18, idle: 43, sys: 62, released: 34, consumed: 27 (MB)
scvg: 0 MB released
scvg: inuse: 18, idle: 43, sys: 62, released: 34, consumed: 27 (MB)
scvg: 0 MB released
scvg: inuse: 18, idle: 43, sys: 62, released: 34, consumed: 27 (MB)
scvg: 0 MB released
scvg: inuse: 18, idle: 43, sys: 62, released: 34, consumed: 27 (MB)
scvg: 0 MB released
scvg: inuse: 18, idle: 43, sys: 62, released: 34, consumed: 27 (MB)
scvg: 0 MB released
scvg: inuse: 18, idle: 43, sys: 62, released: 34, consumed: 27 (MB)
scvg: 0 MB released
scvg: inuse: 18, idle: 43, sys: 62, released: 35, consumed: 27 (MB)
scvg: 0 MB released
scvg: inuse: 18, idle: 43, sys: 62, released: 35, consumed: 27 (MB)
scvg: 0 MB released
scvg: inuse: 18, idle: 43, sys: 62, released: 35, consumed: 27 (MB)
scvg: 0 MB released
scvg: inuse: 18, idle: 43, sys: 62, released: 35, consumed: 27 (MB)
scvg: 0 MB released
scvg: inuse: 18, idle: 43, sys: 62, released: 35, consumed: 27 (MB)
scvg: 0 MB released
scvg: inuse: 18, idle: 43, sys: 62, released: 35, consumed: 27 (MB)
scvg: 0 MB released
scvg: inuse: 18, idle: 43, sys: 62, released: 35, consumed: 27 (MB)
scvg: 0 MB released
scvg: inuse: 18, idle: 43, sys: 62, released: 35, consumed: 27 (MB)
scvg: 0 MB released
scvg: inuse: 18, idle: 43, sys: 62, released: 35, consumed: 27 (MB)
scvg: 0 MB released
scvg: inuse: 18, idle: 43, sys: 62, released: 35, consumed: 27 (MB)
scvg: 0 MB released
scvg: inuse: 18, idle: 43, sys: 62, released: 35, consumed: 27 (MB)
scvg: 0 MB released
scvg: inuse: 18, idle: 43, sys: 62, released: 35, consumed: 27 (MB)
scvg: 0 MB released
scvg: inuse: 18, idle: 43, sys: 62, released: 35, consumed: 27 (MB)
scvg: 0 MB released
scvg: inuse: 18, idle: 43, sys: 62, released: 35, consumed: 27 (MB)
scvg: 0 MB released
scvg: inuse: 18, idle: 43, sys: 62, released: 35, consumed: 27 (MB)
scvg: 0 MB released
scvg: inuse: 18, idle: 43, sys: 62, released: 35, consumed: 27 (MB)
scvg: 0 MB released
scvg: inuse: 18, idle: 43, sys: 62, released: 35, consumed: 27 (MB)
scvg: 0 MB released
scvg: inuse: 18, idle: 43, sys: 62, released: 35, consumed: 27 (MB)
scvg: 0 MB released
scvg: inuse: 18, idle: 43, sys: 62, released: 35, consumed: 27 (MB)
scvg: 0 MB released
scvg: inuse: 18, idle: 43, sys: 62, released: 35, consumed: 27 (MB)
scvg: 0 MB released
scvg: inuse: 18, idle: 43, sys: 62, released: 35, consumed: 27 (MB)
scvg: 0 MB released
scvg: inuse: 18, idle: 43, sys: 62, released: 35, consumed: 27 (MB)
scvg: 0 MB released
scvg: inuse: 18, idle: 43, sys: 62, released: 35, consumed: 27 (MB)
scvg: 0 MB released
scvg: inuse: 18, idle: 43, sys: 62, released: 35, consumed: 27 (MB)
scvg: 0 MB released
scvg: inuse: 18, idle: 43, sys: 62, released: 35, consumed: 27 (MB)
scvg: 0 MB released
scvg: inuse: 18, idle: 43, sys: 62, released: 35, consumed: 27 (MB)
scvg: 0 MB released
scvg: inuse: 18, idle: 43, sys: 62, released: 35, consumed: 27 (MB)
scvg: 0 MB released
scvg: inuse: 18, idle: 43, sys: 62, released: 35, consumed: 27 (MB)
scvg: 0 MB released
scvg: inuse: 18, idle: 43, sys: 62, released: 35, consumed: 27 (MB)
scvg: 0 MB released
scvg: inuse: 18, idle: 43, sys: 62, released: 35, consumed: 26 (MB)
scvg: 0 MB released
scvg: inuse: 18, idle: 43, sys: 62, released: 35, consumed: 26 (MB)
scvg: 0 MB released
scvg: inuse: 18, idle: 43, sys: 62, released: 35, consumed: 26 (MB)
scvg: 0 MB released
scvg: inuse: 18, idle: 43, sys: 62, released: 35, consumed: 26 (MB)
scvg: 0 MB released
scvg: inuse: 18, idle: 43, sys: 62, released: 35, consumed: 26 (MB)
scvg: 0 MB released
scvg: inuse: 18, idle: 43, sys: 62, released: 35, consumed: 26 (MB)
scvg: 0 MB released
scvg: inuse: 18, idle: 43, sys: 62, released: 35, consumed: 26 (MB)
scvg: 0 MB released
scvg: inuse: 18, idle: 43, sys: 62, released: 35, consumed: 26 (MB)
scvg: 0 MB released
scvg: inuse: 18, idle: 43, sys: 62, released: 35, consumed: 26 (MB)
scvg: 0 MB released
scvg: inuse: 18, idle: 43, sys: 62, released: 35, consumed: 26 (MB)
scvg: 0 MB released
scvg: inuse: 18, idle: 43, sys: 62, released: 35, consumed: 26 (MB)
scvg: 0 MB released
scvg: inuse: 18, idle: 43, sys: 62, released: 35, consumed: 26 (MB)
scvg: 0 MB released
scvg: inuse: 18, idle: 43, sys: 62, released: 35, consumed: 26 (MB)
scvg: 0 MB released
scvg: inuse: 18, idle: 43, sys: 62, released: 35, consumed: 26 (MB)
scvg: 0 MB released
scvg: inuse: 18, idle: 43, sys: 62, released: 35, consumed: 26 (MB)
scvg: 0 MB released
scvg: inuse: 18, idle: 43, sys: 62, released: 35, consumed: 26 (MB)
scvg: 0 MB released
scvg: inuse: 18, idle: 43, sys: 62, released: 35, consumed: 26 (MB)
scvg: 0 MB released
scvg: inuse: 18, idle: 43, sys: 62, released: 35, consumed: 26 (MB)
scvg: 0 MB released
scvg: inuse: 18, idle: 43, sys: 62, released: 35, consumed: 26 (MB)
scvg: 0 MB released
scvg: inuse: 18, idle: 43, sys: 62, released: 35, consumed: 26 (MB)
scvg: 0 MB released
scvg: inuse: 18, idle: 43, sys: 62, released: 35, consumed: 26 (MB)
scvg: 0 MB released
scvg: inuse: 18, idle: 43, sys: 62, released: 35, consumed: 26 (MB)
scvg: 0 MB released
scvg: inuse: 18, idle: 43, sys: 62, released: 35, consumed: 26 (MB)
scvg: 0 MB released
scvg: inuse: 18, idle: 43, sys: 62, released: 35, consumed: 26 (MB)
scvg: 0 MB released
scvg: inuse: 18, idle: 43, sys: 62, released: 35, consumed: 26 (MB)
scvg: 0 MB released
scvg: inuse: 18, idle: 43, sys: 62, released: 35, consumed: 26 (MB)
scvg: 0 MB released
scvg: inuse: 18, idle: 43, sys: 62, released: 35, consumed: 26 (MB)
scvg: 0 MB released
scvg: inuse: 18, idle: 43, sys: 62, released: 35, consumed: 26 (MB)
scvg: 0 MB released
scvg: inuse: 18, idle: 43, sys: 62, released: 35, consumed: 26 (MB)
scvg: 0 MB released
scvg: inuse: 18, idle: 43, sys: 62, released: 35, consumed: 26 (MB)
scvg: 0 MB released
scvg: inuse: 18, idle: 43, sys: 62, released: 35, consumed: 26 (MB)
scvg: 0 MB released
scvg: inuse: 18, idle: 43, sys: 62, released: 35, consumed: 26 (MB)
scvg: 0 MB released
scvg: inuse: 18, idle: 43, sys: 62, released: 35, consumed: 26 (MB)
scvg: 0 MB released
scvg: inuse: 18, idle: 43, sys: 62, released: 35, consumed: 26 (MB)
scvg: 0 MB released
scvg: inuse: 18, idle: 43, sys: 62, released: 35, consumed: 26 (MB)
scvg: 0 MB released
scvg: inuse: 18, idle: 43, sys: 62, released: 35, consumed: 26 (MB)
scvg: 0 MB released
scvg: inuse: 18, idle: 43, sys: 62, released: 35, consumed: 26 (MB)
scvg: 0 MB released
scvg: inuse: 18, idle: 43, sys: 62, released: 35, consumed: 26 (MB)
scvg: 0 MB released
scvg: inuse: 18, idle: 43, sys: 62, released: 35, consumed: 26 (MB)
scvg: 0 MB released
scvg: inuse: 18, idle: 43, sys: 62, released: 35, consumed: 26 (MB)
scvg: 0 MB released
scvg: inuse: 18, idle: 43, sys: 62, released: 35, consumed: 26 (MB)
scvg: 0 MB released
scvg: inuse: 18, idle: 43, sys: 62, released: 35, consumed: 26 (MB)
scvg: 0 MB released
scvg: inuse: 18, idle: 43, sys: 62, released: 35, consumed: 26 (MB)
scvg: 0 MB released
scvg: inuse: 18, idle: 43, sys: 62, released: 35, consumed: 26 (MB)
scvg: 0 MB released
scvg: inuse: 18, idle: 43, sys: 62, released: 35, consumed: 26 (MB)
scvg: 0 MB released
scvg: inuse: 18, idle: 43, sys: 62, released: 35, consumed: 26 (MB)
scvg: 0 MB released
scvg: inuse: 18, idle: 43, sys: 62, released: 35, consumed: 26 (MB)
scvg: 0 MB released
scvg: inuse: 18, idle: 43, sys: 62, released: 35, consumed: 26 (MB)
scvg: 0 MB released
scvg: inuse: 18, idle: 43, sys: 62, released: 35, consumed: 26 (MB)
scvg: 0 MB released
scvg: inuse: 18, idle: 43, sys: 62, released: 35, consumed: 26 (MB)
scvg: 0 MB released
scvg: inuse: 18, idle: 43, sys: 62, released: 35, consumed: 26 (MB)
scvg: 0 MB released
scvg: inuse: 18, idle: 43, sys: 62, released: 35, consumed: 26 (MB)
scvg: 0 MB released
scvg: inuse: 18, idle: 43, sys: 62, released: 35, consumed: 26 (MB)
scvg: 0 MB released
scvg: inuse: 18, idle: 43, sys: 62, released: 35, consumed: 26 (MB)
scvg: 0 MB released
scvg: inuse: 18, idle: 43, sys: 62, released: 35, consumed: 26 (MB)
scvg: 0 MB released
scvg: inuse: 18, idle: 43, sys: 62, released: 35, consumed: 26 (MB)
scvg: 0 MB released
scvg: inuse: 18, idle: 43, sys: 62, released: 35, consumed: 26 (MB)
scvg: 0 MB released
scvg: inuse: 18, idle: 43, sys: 62, released: 35, consumed: 26 (MB)
scvg: 0 MB released
scvg: inuse: 18, idle: 43, sys: 62, released: 35, consumed: 26 (MB)
scvg: 0 MB released
scvg: inuse: 18, idle: 43, sys: 62, released: 35, consumed: 26 (MB)
scvg: 0 MB released
scvg: inuse: 18, idle: 43, sys: 62, released: 35, consumed: 26 (MB)
scvg: 0 MB released
scvg: inuse: 18, idle: 43, sys: 62, released: 35, consumed: 26 (MB)
scvg: 0 MB released
scvg: inuse: 18, idle: 43, sys: 62, released: 35, consumed: 26 (MB)
scvg: 0 MB released
scvg: inuse: 18, idle: 43, sys: 62, released: 35, consumed: 26 (MB)
scvg: 0 MB released
scvg: inuse: 18, idle: 43, sys: 62, released: 35, consumed: 26 (MB)
scvg: 0 MB released
scvg: inuse: 18, idle: 43, sys: 62, released: 35, consumed: 26 (MB)
scvg: 0 MB released
scvg: inuse: 18, idle: 43, sys: 62, released: 35, consumed: 26 (MB)
scvg: 0 MB released
scvg: inuse: 18, idle: 43, sys: 62, released: 35, consumed: 26 (MB)
scvg: 0 MB released
scvg: inuse: 18, idle: 43, sys: 62, released: 35, consumed: 26 (MB)
scvg: 0 MB released
scvg: inuse: 18, idle: 43, sys: 62, released: 35, consumed: 26 (MB)
scvg: 0 MB released
scvg: inuse: 18, idle: 43, sys: 62, released: 35, consumed: 26 (MB)
scvg: 0 MB released
scvg: inuse: 18, idle: 43, sys: 62, released: 35, consumed: 26 (MB)
scvg: 0 MB released
scvg: inuse: 18, idle: 43, sys: 62, released: 35, consumed: 26 (MB)
scvg: 0 MB released
scvg: inuse: 18, idle: 43, sys: 62, released: 35, consumed: 26 (MB)
scvg: 0 MB released
scvg: inuse: 18, idle: 43, sys: 62, released: 35, consumed: 26 (MB)
scvg: 0 MB released
scvg: inuse: 18, idle: 43, sys: 62, released: 35, consumed: 26 (MB)
scvg: 0 MB released
scvg: inuse: 18, idle: 43, sys: 62, released: 35, consumed: 26 (MB)
scvg: 0 MB released
scvg: inuse: 18, idle: 43, sys: 62, released: 35, consumed: 26 (MB)
scvg: 0 MB released
scvg: inuse: 18, idle: 43, sys: 62, released: 35, consumed: 26 (MB)
scvg: 0 MB released
scvg: inuse: 18, idle: 43, sys: 62, released: 35, consumed: 26 (MB)
scvg: 0 MB released
scvg: inuse: 18, idle: 43, sys: 62, released: 35, consumed: 26 (MB)
scvg: 0 MB released
scvg: inuse: 18, idle: 43, sys: 62, released: 35, consumed: 26 (MB)
scvg: 0 MB released
scvg: inuse: 18, idle: 43, sys: 62, released: 35, consumed: 26 (MB)
scvg: 0 MB released
scvg: inuse: 18, idle: 43, sys: 62, released: 35, consumed: 26 (MB)
scvg: 0 MB released
scvg: inuse: 18, idle: 43, sys: 62, released: 35, consumed: 26 (MB)
scvg: 0 MB released
scvg: inuse: 18, idle: 43, sys: 62, released: 35, consumed: 26 (MB)
scvg: 0 MB released
scvg: inuse: 18, idle: 43, sys: 62, released: 35, consumed: 26 (MB)
scvg: 0 MB released
scvg: inuse: 18, idle: 43, sys: 62, released: 35, consumed: 26 (MB)
scvg: 0 MB released
scvg: inuse: 18, idle: 43, sys: 62, released: 35, consumed: 26 (MB)
scvg: 0 MB released
scvg: inuse: 18, idle: 43, sys: 62, released: 35, consumed: 26 (MB)
scvg: 0 MB released
scvg: inuse: 18, idle: 43, sys: 62, released: 35, consumed: 26 (MB)
scvg: 0 MB released
scvg: inuse: 18, idle: 43, sys: 62, released: 35, consumed: 26 (MB)
scvg: 0 MB released
scvg: inuse: 18, idle: 43, sys: 62, released: 35, consumed: 26 (MB)
scvg: 0 MB released
scvg: inuse: 18, idle: 43, sys: 62, released: 35, consumed: 26 (MB)
scvg: 0 MB released
scvg: inuse: 18, idle: 43, sys: 62, released: 35, consumed: 26 (MB)
scvg: 0 MB released
scvg: inuse: 18, idle: 43, sys: 62, released: 35, consumed: 26 (MB)
scvg: 0 MB released
scvg: inuse: 18, idle: 43, sys: 62, released: 35, consumed: 26 (MB)
scvg: 0 MB released
scvg: inuse: 18, idle: 43, sys: 62, released: 35, consumed: 26 (MB)
scvg: 0 MB released
scvg: inuse: 18, idle: 43, sys: 62, released: 35, consumed: 26 (MB)
scvg: 0 MB released
scvg: inuse: 18, idle: 43, sys: 62, released: 36, consumed: 26 (MB)
scvg: 0 MB released
scvg: inuse: 18, idle: 43, sys: 62, released: 36, consumed: 26 (MB)
scvg: 0 MB released
scvg: inuse: 18, idle: 43, sys: 62, released: 36, consumed: 26 (MB)
scvg: 0 MB released
scvg: inuse: 18, idle: 43, sys: 62, released: 36, consumed: 26 (MB)
scvg: 0 MB released
scvg: inuse: 18, idle: 43, sys: 62, released: 36, consumed: 26 (MB)
scvg: 0 MB released
scvg: inuse: 18, idle: 43, sys: 62, released: 36, consumed: 26 (MB)
scvg: 0 MB released
scvg: inuse: 18, idle: 43, sys: 62, released: 36, consumed: 26 (MB)
scvg: 0 MB released
scvg: inuse: 18, idle: 43, sys: 62, released: 36, consumed: 26 (MB)
scvg: 0 MB released
scvg: inuse: 18, idle: 43, sys: 62, released: 36, consumed: 26 (MB)
scvg: 0 MB released
scvg: inuse: 18, idle: 43, sys: 62, released: 36, consumed: 26 (MB)
scvg: 0 MB released
scvg: inuse: 18, idle: 43, sys: 62, released: 36, consumed: 26 (MB)
scvg: 0 MB released
scvg: inuse: 18, idle: 43, sys: 62, released: 36, consumed: 26 (MB)
scvg: 0 MB released
scvg: inuse: 18, idle: 43, sys: 62, released: 36, consumed: 26 (MB)
scvg: 0 MB released
scvg: inuse: 18, idle: 43, sys: 62, released: 36, consumed: 26 (MB)
scvg: 0 MB released
scvg: inuse: 18, idle: 43, sys: 62, released: 36, consumed: 26 (MB)
scvg: 0 MB released
scvg: inuse: 18, idle: 43, sys: 62, released: 36, consumed: 26 (MB)
scvg: 0 MB released
scvg: inuse: 18, idle: 43, sys: 62, released: 36, consumed: 26 (MB)
scvg: 0 MB released
scvg: inuse: 18, idle: 43, sys: 62, released: 36, consumed: 26 (MB)
scvg: 0 MB released
scvg: inuse: 18, idle: 43, sys: 62, released: 36, consumed: 26 (MB)
scvg: 0 MB released
scvg: inuse: 18, idle: 43, sys: 62, released: 36, consumed: 26 (MB)
scvg: 0 MB released
scvg: inuse: 18, idle: 43, sys: 62, released: 36, consumed: 26 (MB)
scvg: 0 MB released
scvg: inuse: 18, idle: 43, sys: 62, released: 36, consumed: 26 (MB)
scvg: 0 MB released
scvg: inuse: 18, idle: 43, sys: 62, released: 36, consumed: 26 (MB)
scvg: 0 MB released
scvg: inuse: 18, idle: 43, sys: 62, released: 36, consumed: 26 (MB)
scvg: 0 MB released
scvg: inuse: 18, idle: 43, sys: 62, released: 36, consumed: 26 (MB)
scvg: 0 MB released
scvg: inuse: 18, idle: 43, sys: 62, released: 36, consumed: 26 (MB)
scvg: 0 MB released
scvg: inuse: 18, idle: 43, sys: 62, released: 36, consumed: 26 (MB)
scvg: 0 MB released
scvg: inuse: 18, idle: 43, sys: 62, released: 36, consumed: 26 (MB)
scvg: 0 MB released
scvg: inuse: 18, idle: 43, sys: 62, released: 36, consumed: 26 (MB)
scvg: 0 MB released
scvg: inuse: 18, idle: 43, sys: 62, released: 36, consumed: 25 (MB)
scvg: 0 MB released
scvg: inuse: 18, idle: 43, sys: 62, released: 36, consumed: 25 (MB)
scvg: 0 MB released
scvg: inuse: 18, idle: 43, sys: 62, released: 36, consumed: 25 (MB)
scvg: 0 MB released
scvg: inuse: 18, idle: 43, sys: 62, released: 36, consumed: 25 (MB)
scvg: 0 MB released
scvg: inuse: 18, idle: 43, sys: 62, released: 36, consumed: 25 (MB)
scvg: 0 MB released
scvg: inuse: 18, idle: 43, sys: 62, released: 36, consumed: 25 (MB)
scvg: 0 MB released
scvg: inuse: 18, idle: 43, sys: 62, released: 36, consumed: 25 (MB)
scvg: 0 MB released
scvg: inuse: 18, idle: 43, sys: 62, released: 36, consumed: 25 (MB)
scvg: 0 MB released
scvg: inuse: 18, idle: 43, sys: 62, released: 36, consumed: 25 (MB)
scvg: 0 MB released
scvg: inuse: 18, idle: 43, sys: 62, released: 36, consumed: 25 (MB)
scvg: 0 MB released
scvg: inuse: 18, idle: 43, sys: 62, released: 36, consumed: 25 (MB)
scvg: 0 MB released
scvg: inuse: 18, idle: 43, sys: 62, released: 36, consumed: 25 (MB)
scvg: 0 MB released
scvg: inuse: 18, idle: 43, sys: 62, released: 36, consumed: 25 (MB)
scvg: 0 MB released
scvg: inuse: 18, idle: 43, sys: 62, released: 36, consumed: 25 (MB)
scvg: 0 MB released
scvg: inuse: 18, idle: 43, sys: 62, released: 36, consumed: 25 (MB)
scvg: 0 MB released
scvg: inuse: 18, idle: 43, sys: 62, released: 36, consumed: 25 (MB)
scvg: 0 MB released
scvg: inuse: 18, idle: 43, sys: 62, released: 36, consumed: 25 (MB)
scvg: 0 MB released
scvg: inuse: 18, idle: 43, sys: 62, released: 36, consumed: 25 (MB)
scvg: 0 MB released
scvg: inuse: 18, idle: 43, sys: 62, released: 36, consumed: 25 (MB)
scvg: 0 MB released
scvg: inuse: 18, idle: 43, sys: 62, released: 36, consumed: 25 (MB)
scvg: 0 MB released
scvg: inuse: 18, idle: 43, sys: 62, released: 36, consumed: 25 (MB)
scvg: 0 MB released
scvg: inuse: 18, idle: 43, sys: 62, released: 36, consumed: 25 (MB)
scvg: 0 MB released
scvg: inuse: 18, idle: 43, sys: 62, released: 36, consumed: 25 (MB)
scvg: 0 MB released
scvg: inuse: 18, idle: 43, sys: 62, released: 36, consumed: 25 (MB)
scvg: 0 MB released
scvg: inuse: 18, idle: 43, sys: 62, released: 36, consumed: 25 (MB)
scvg: 0 MB released
scvg: inuse: 18, idle: 43, sys: 62, released: 36, consumed: 25 (MB)
scvg: 0 MB released
scvg: inuse: 18, idle: 43, sys: 62, released: 36, consumed: 25 (MB)
scvg: 0 MB released
scvg: inuse: 18, idle: 43, sys: 62, released: 36, consumed: 25 (MB)
scvg: 0 MB released
scvg: inuse: 18, idle: 43, sys: 62, released: 36, consumed: 25 (MB)
scvg: 0 MB released
scvg: inuse: 18, idle: 43, sys: 62, released: 36, consumed: 25 (MB)
scvg: 0 MB released
scvg: inuse: 18, idle: 43, sys: 62, released: 36, consumed: 25 (MB)
scvg: 0 MB released
scvg: inuse: 18, idle: 43, sys: 62, released: 36, consumed: 25 (MB)
scvg: 0 MB released
scvg: inuse: 18, idle: 43, sys: 62, released: 36, consumed: 25 (MB)
scvg: 0 MB released
scvg: inuse: 18, idle: 43, sys: 62, released: 36, consumed: 25 (MB)
scvg: 0 MB released
scvg: inuse: 18, idle: 43, sys: 62, released: 36, consumed: 25 (MB)
scvg: 0 MB released
scvg: inuse: 18, idle: 43, sys: 62, released: 36, consumed: 25 (MB)
scvg: 0 MB released
scvg: inuse: 18, idle: 43, sys: 62, released: 36, consumed: 25 (MB)
scvg: 0 MB released
scvg: inuse: 18, idle: 43, sys: 62, released: 36, consumed: 25 (MB)
scvg: 0 MB released
scvg: inuse: 18, idle: 43, sys: 62, released: 36, consumed: 25 (MB)
scvg: 0 MB released
scvg: inuse: 18, idle: 43, sys: 62, released: 36, consumed: 25 (MB)
scvg: 0 MB released
scvg: inuse: 18, idle: 43, sys: 62, released: 36, consumed: 25 (MB)
scvg: 0 MB released
scvg: inuse: 18, idle: 43, sys: 62, released: 36, consumed: 25 (MB)
scvg: 0 MB released
scvg: inuse: 18, idle: 43, sys: 62, released: 36, consumed: 25 (MB)
scvg: 0 MB released
scvg: inuse: 18, idle: 43, sys: 62, released: 36, consumed: 25 (MB)
scvg: 0 MB released
scvg: inuse: 18, idle: 43, sys: 62, released: 36, consumed: 25 (MB)
scvg: 0 MB released
scvg: inuse: 18, idle: 43, sys: 62, released: 36, consumed: 25 (MB)
scvg: 0 MB released
scvg: inuse: 18, idle: 43, sys: 62, released: 36, consumed: 25 (MB)
scvg: 0 MB released
scvg: inuse: 18, idle: 43, sys: 62, released: 36, consumed: 25 (MB)
scvg: 0 MB released
scvg: inuse: 18, idle: 43, sys: 62, released: 36, consumed: 25 (MB)
scvg: 0 MB released
scvg: inuse: 18, idle: 43, sys: 62, released: 36, consumed: 25 (MB)
scvg: 0 MB released
scvg: inuse: 18, idle: 43, sys: 62, released: 36, consumed: 25 (MB)
scvg: 0 MB released
scvg: inuse: 18, idle: 43, sys: 62, released: 36, consumed: 25 (MB)
scvg: 0 MB released
scvg: inuse: 18, idle: 43, sys: 62, released: 36, consumed: 25 (MB)
scvg: 0 MB released
scvg: inuse: 18, idle: 43, sys: 62, released: 36, consumed: 25 (MB)
scvg: 0 MB released
scvg: inuse: 18, idle: 43, sys: 62, released: 36, consumed: 25 (MB)
scvg: 0 MB released
scvg: inuse: 18, idle: 43, sys: 62, released: 36, consumed: 25 (MB)
scvg: 0 MB released
scvg: inuse: 18, idle: 43, sys: 62, released: 36, consumed: 25 (MB)
scvg: 0 MB released
scvg: inuse: 18, idle: 43, sys: 62, released: 36, consumed: 25 (MB)
scvg: 0 MB released
scvg: inuse: 18, idle: 43, sys: 62, released: 36, consumed: 25 (MB)
scvg: 0 MB released
scvg: inuse: 18, idle: 43, sys: 62, released: 36, consumed: 25 (MB)
scvg: 0 MB released
scvg: inuse: 18, idle: 43, sys: 62, released: 36, consumed: 25 (MB)
scvg: 0 MB released
scvg: inuse: 18, idle: 43, sys: 62, released: 36, consumed: 25 (MB)
scvg: 0 MB released
scvg: inuse: 18, idle: 43, sys: 62, released: 36, consumed: 25 (MB)
scvg: 0 MB released
scvg: inuse: 18, idle: 43, sys: 62, released: 36, consumed: 25 (MB)
scvg: 0 MB released
scvg: inuse: 18, idle: 43, sys: 62, released: 36, consumed: 25 (MB)
scvg: 0 MB released
scvg: inuse: 18, idle: 43, sys: 62, released: 36, consumed: 25 (MB)
scvg: 0 MB released
scvg: inuse: 18, idle: 43, sys: 62, released: 36, consumed: 25 (MB)
scvg: 0 MB released
scvg: inuse: 18, idle: 43, sys: 62, released: 36, consumed: 25 (MB)
scvg: 0 MB released
scvg: inuse: 18, idle: 43, sys: 62, released: 36, consumed: 25 (MB)
scvg: 0 MB released
scvg: inuse: 18, idle: 43, sys: 62, released: 36, consumed: 25 (MB)
scvg: 0 MB released
scvg: inuse: 18, idle: 43, sys: 62, released: 36, consumed: 25 (MB)
scvg: 0 MB released
scvg: inuse: 18, idle: 43, sys: 62, released: 36, consumed: 25 (MB)
scvg: 0 MB released
scvg: inuse: 18, idle: 43, sys: 62, released: 36, consumed: 25 (MB)
scvg: 0 MB released
scvg: inuse: 18, idle: 43, sys: 62, released: 36, consumed: 25 (MB)
scvg: 0 MB released
scvg: inuse: 18, idle: 43, sys: 62, released: 36, consumed: 25 (MB)
scvg: 0 MB released
scvg: inuse: 18, idle: 43, sys: 62, released: 36, consumed: 25 (MB)
scvg: 0 MB released
scvg: inuse: 18, idle: 43, sys: 62, released: 36, consumed: 25 (MB)
scvg: 0 MB released
scvg: inuse: 18, idle: 43, sys: 62, released: 36, consumed: 25 (MB)
scvg: 0 MB released
scvg: inuse: 18, idle: 43, sys: 62, released: 36, consumed: 25 (MB)
scvg: 0 MB released
scvg: inuse: 18, idle: 43, sys: 62, released: 36, consumed: 25 (MB)
scvg: 0 MB released
scvg: inuse: 18, idle: 43, sys: 62, released: 36, consumed: 25 (MB)
scvg: 0 MB released
scvg: inuse: 18, idle: 43, sys: 62, released: 36, consumed: 25 (MB)
scvg: 0 MB released
scvg: inuse: 18, idle: 43, sys: 62, released: 36, consumed: 25 (MB)
scvg: 0 MB released
scvg: inuse: 18, idle: 43, sys: 62, released: 36, consumed: 25 (MB)
scvg: 0 MB released
scvg: inuse: 18, idle: 43, sys: 62, released: 36, consumed: 25 (MB)
scvg: 0 MB released
scvg: inuse: 18, idle: 43, sys: 62, released: 36, consumed: 25 (MB)
scvg: 0 MB released
scvg: inuse: 18, idle: 43, sys: 62, released: 36, consumed: 25 (MB)
scvg: 0 MB released
scvg: inuse: 18, idle: 43, sys: 62, released: 36, consumed: 25 (MB)
scvg: 0 MB released
scvg: inuse: 18, idle: 43, sys: 62, released: 36, consumed: 25 (MB)
scvg: 0 MB released
scvg: inuse: 18, idle: 43, sys: 62, released: 36, consumed: 25 (MB)
scvg: 0 MB released
scvg: inuse: 18, idle: 43, sys: 62, released: 36, consumed: 25 (MB)
scvg: 0 MB released
scvg: inuse: 18, idle: 43, sys: 62, released: 36, consumed: 25 (MB)
scvg: 0 MB released
scvg: inuse: 18, idle: 43, sys: 62, released: 36, consumed: 25 (MB)
scvg: 0 MB released
scvg: inuse: 18, idle: 43, sys: 62, released: 36, consumed: 25 (MB)
scvg: 0 MB released
scvg: inuse: 18, idle: 43, sys: 62, released: 36, consumed: 25 (MB)
scvg: 0 MB released
scvg: inuse: 18, idle: 43, sys: 62, released: 36, consumed: 25 (MB)
scvg: 0 MB released
scvg: inuse: 18, idle: 43, sys: 62, released: 36, consumed: 25 (MB)
scvg: 0 MB released
scvg: inuse: 18, idle: 43, sys: 62, released: 36, consumed: 25 (MB)
scvg: 0 MB released
scvg: inuse: 18, idle: 43, sys: 62, released: 36, consumed: 25 (MB)
scvg: 0 MB released
scvg: inuse: 18, idle: 43, sys: 62, released: 37, consumed: 25 (MB)
scvg: 0 MB released
scvg: inuse: 18, idle: 43, sys: 62, released: 37, consumed: 25 (MB)
scvg: 0 MB released
scvg: inuse: 18, idle: 43, sys: 62, released: 37, consumed: 25 (MB)
scvg: 0 MB released
scvg: inuse: 18, idle: 43, sys: 62, released: 37, consumed: 25 (MB)
scvg: 0 MB released
scvg: inuse: 18, idle: 43, sys: 62, released: 37, consumed: 25 (MB)
scvg: 0 MB released
scvg: inuse: 18, idle: 43, sys: 62, released: 37, consumed: 25 (MB)
scvg: 0 MB released
scvg: inuse: 18, idle: 43, sys: 62, released: 37, consumed: 25 (MB)
scvg: 0 MB released
scvg: inuse: 18, idle: 43, sys: 62, released: 37, consumed: 25 (MB)
scvg: 0 MB released
scvg: inuse: 18, idle: 43, sys: 62, released: 37, consumed: 25 (MB)
scvg: 0 MB released
scvg: inuse: 18, idle: 43, sys: 62, released: 37, consumed: 25 (MB)
scvg: 0 MB released
scvg: inuse: 18, idle: 43, sys: 62, released: 37, consumed: 25 (MB)
scvg: 0 MB released
scvg: inuse: 18, idle: 43, sys: 62, released: 37, consumed: 25 (MB)
scvg: 0 MB released
scvg: inuse: 18, idle: 43, sys: 62, released: 37, consumed: 25 (MB)
scvg: 0 MB released
scvg: inuse: 18, idle: 43, sys: 62, released: 37, consumed: 25 (MB)
scvg: 0 MB released
scvg: inuse: 18, idle: 43, sys: 62, released: 37, consumed: 25 (MB)
scvg: 0 MB released
scvg: inuse: 18, idle: 43, sys: 62, released: 37, consumed: 25 (MB)
scvg: 0 MB released
scvg: inuse: 18, idle: 43, sys: 62, released: 37, consumed: 25 (MB)
scvg: 0 MB released
scvg: inuse: 18, idle: 43, sys: 62, released: 37, consumed: 25 (MB)
scvg: 0 MB released
scvg: inuse: 18, idle: 43, sys: 62, released: 37, consumed: 25 (MB)
scvg: 0 MB released
scvg: inuse: 18, idle: 43, sys: 62, released: 37, consumed: 25 (MB)
scvg: 0 MB released
scvg: inuse: 18, idle: 43, sys: 62, released: 37, consumed: 25 (MB)
scvg: 0 MB released
scvg: inuse: 18, idle: 43, sys: 62, released: 37, consumed: 25 (MB)
scvg: 0 MB released
scvg: inuse: 18, idle: 43, sys: 62, released: 37, consumed: 25 (MB)
scvg: 0 MB released
scvg: inuse: 18, idle: 43, sys: 62, released: 37, consumed: 25 (MB)
scvg: 0 MB released
scvg: inuse: 18, idle: 43, sys: 62, released: 37, consumed: 25 (MB)
scvg: 0 MB released
scvg: inuse: 18, idle: 43, sys: 62, released: 37, consumed: 25 (MB)
scvg: 0 MB released
scvg: inuse: 18, idle: 43, sys: 62, released: 37, consumed: 25 (MB)
scvg: 0 MB released
scvg: inuse: 18, idle: 43, sys: 62, released: 37, consumed: 25 (MB)
scvg: 0 MB released
scvg: inuse: 18, idle: 43, sys: 62, released: 37, consumed: 25 (MB)
scvg: 0 MB released
scvg: inuse: 18, idle: 43, sys: 62, released: 37, consumed: 24 (MB)
scvg: 0 MB released
scvg: inuse: 18, idle: 43, sys: 62, released: 37, consumed: 24 (MB)
scvg: 0 MB released
scvg: inuse: 18, idle: 43, sys: 62, released: 37, consumed: 24 (MB)
scvg: 0 MB released
scvg: inuse: 18, idle: 43, sys: 62, released: 37, consumed: 24 (MB)
scvg: 0 MB released
scvg: inuse: 18, idle: 43, sys: 62, released: 37, consumed: 24 (MB)
scvg: 0 MB released
scvg: inuse: 18, idle: 43, sys: 62, released: 37, consumed: 24 (MB)
scvg: 0 MB released
scvg: inuse: 18, idle: 43, sys: 62, released: 37, consumed: 24 (MB)
scvg: 0 MB released
scvg: inuse: 18, idle: 43, sys: 62, released: 37, consumed: 24 (MB)
scvg: 0 MB released
scvg: inuse: 18, idle: 43, sys: 62, released: 37, consumed: 24 (MB)
scvg: 0 MB released
scvg: inuse: 18, idle: 43, sys: 62, released: 37, consumed: 24 (MB)
scvg: 0 MB released
scvg: inuse: 18, idle: 43, sys: 62, released: 37, consumed: 24 (MB)
scvg: 0 MB released
scvg: inuse: 18, idle: 43, sys: 62, released: 37, consumed: 24 (MB)
scvg: 0 MB released
scvg: inuse: 18, idle: 43, sys: 62, released: 37, consumed: 24 (MB)
scvg: 0 MB released
scvg: inuse: 18, idle: 43, sys: 62, released: 37, consumed: 24 (MB)
scvg: 0 MB released
scvg: inuse: 18, idle: 43, sys: 62, released: 37, consumed: 24 (MB)
scvg: 0 MB released
scvg: inuse: 18, idle: 43, sys: 62, released: 37, consumed: 24 (MB)
scvg: 0 MB released
scvg: inuse: 18, idle: 43, sys: 62, released: 37, consumed: 24 (MB)
scvg: 0 MB released
scvg: inuse: 18, idle: 43, sys: 62, released: 37, consumed: 24 (MB)
scvg: 0 MB released
scvg: inuse: 18, idle: 43, sys: 62, released: 37, consumed: 24 (MB)
scvg: 0 MB released
scvg: inuse: 18, idle: 43, sys: 62, released: 37, consumed: 24 (MB)
scvg: 0 MB released
scvg: inuse: 18, idle: 43, sys: 62, released: 37, consumed: 24 (MB)
scvg: 0 MB released
scvg: inuse: 18, idle: 43, sys: 62, released: 37, consumed: 24 (MB)
scvg: 0 MB released
scvg: inuse: 18, idle: 43, sys: 62, released: 37, consumed: 24 (MB)
scvg: 0 MB released
scvg: inuse: 18, idle: 43, sys: 62, released: 37, consumed: 24 (MB)
scvg: 0 MB released
scvg: inuse: 18, idle: 43, sys: 62, released: 37, consumed: 24 (MB)
scvg: 0 MB released
scvg: inuse: 18, idle: 43, sys: 62, released: 37, consumed: 24 (MB)
scvg: 0 MB released
scvg: inuse: 18, idle: 43, sys: 62, released: 37, consumed: 24 (MB)
scvg: 0 MB released
scvg: inuse: 18, idle: 43, sys: 62, released: 37, consumed: 24 (MB)
scvg: 0 MB released
scvg: inuse: 18, idle: 43, sys: 62, released: 37, consumed: 24 (MB)
scvg: 0 MB released
scvg: inuse: 18, idle: 43, sys: 62, released: 37, consumed: 24 (MB)
scvg: 0 MB released
scvg: inuse: 18, idle: 43, sys: 62, released: 37, consumed: 24 (MB)
scvg: 0 MB released
scvg: inuse: 18, idle: 43, sys: 62, released: 37, consumed: 24 (MB)
scvg: 0 MB released
scvg: inuse: 18, idle: 43, sys: 62, released: 37, consumed: 24 (MB)
scvg: 0 MB released
scvg: inuse: 18, idle: 43, sys: 62, released: 37, consumed: 24 (MB)
scvg: 0 MB released
scvg: inuse: 18, idle: 43, sys: 62, released: 37, consumed: 24 (MB)
scvg: 0 MB released
scvg: inuse: 18, idle: 43, sys: 62, released: 37, consumed: 24 (MB)
scvg: 0 MB released
scvg: inuse: 18, idle: 43, sys: 62, released: 37, consumed: 24 (MB)
scvg: 0 MB released
scvg: inuse: 18, idle: 43, sys: 62, released: 37, consumed: 24 (MB)
scvg: 0 MB released
scvg: inuse: 18, idle: 43, sys: 62, released: 37, consumed: 24 (MB)
scvg: 0 MB released
scvg: inuse: 18, idle: 43, sys: 62, released: 37, consumed: 24 (MB)
scvg: 0 MB released
scvg: inuse: 18, idle: 43, sys: 62, released: 37, consumed: 24 (MB)
scvg: 0 MB released
scvg: inuse: 18, idle: 43, sys: 62, released: 37, consumed: 24 (MB)
scvg: 0 MB released
scvg: inuse: 18, idle: 43, sys: 62, released: 37, consumed: 24 (MB)
scvg: 0 MB released
scvg: inuse: 18, idle: 43, sys: 62, released: 37, consumed: 24 (MB)
scvg: 0 MB released
scvg: inuse: 18, idle: 43, sys: 62, released: 37, consumed: 24 (MB)
scvg: 0 MB released
scvg: inuse: 18, idle: 43, sys: 62, released: 37, consumed: 24 (MB)
scvg: 0 MB released
scvg: inuse: 18, idle: 43, sys: 62, released: 37, consumed: 24 (MB)
scvg: 0 MB released
scvg: inuse: 18, idle: 43, sys: 62, released: 37, consumed: 24 (MB)
scvg: 0 MB released
scvg: inuse: 18, idle: 43, sys: 62, released: 37, consumed: 24 (MB)
scvg: 0 MB released
scvg: inuse: 18, idle: 43, sys: 62, released: 37, consumed: 24 (MB)
scvg: 0 MB released
scvg: inuse: 18, idle: 43, sys: 62, released: 37, consumed: 24 (MB)
scvg: 0 MB released
scvg: inuse: 18, idle: 43, sys: 62, released: 37, consumed: 24 (MB)
scvg: 0 MB released
scvg: inuse: 18, idle: 43, sys: 62, released: 37, consumed: 24 (MB)
scvg: 0 MB released
scvg: inuse: 18, idle: 43, sys: 62, released: 37, consumed: 24 (MB)
scvg: 0 MB released
scvg: inuse: 18, idle: 43, sys: 62, released: 37, consumed: 24 (MB)
scvg: 0 MB released
scvg: inuse: 18, idle: 43, sys: 62, released: 37, consumed: 24 (MB)
scvg: 0 MB released
scvg: inuse: 18, idle: 43, sys: 62, released: 37, consumed: 24 (MB)
scvg: 0 MB released
scvg: inuse: 18, idle: 43, sys: 62, released: 37, consumed: 24 (MB)
scvg: 0 MB released
scvg: inuse: 18, idle: 43, sys: 62, released: 37, consumed: 24 (MB)
scvg: 0 MB released
scvg: inuse: 18, idle: 43, sys: 62, released: 37, consumed: 24 (MB)
scvg: 0 MB released
scvg: inuse: 18, idle: 43, sys: 62, released: 37, consumed: 24 (MB)
scvg: 0 MB released
scvg: inuse: 18, idle: 43, sys: 62, released: 37, consumed: 24 (MB)
scvg: 0 MB released
scvg: inuse: 18, idle: 43, sys: 62, released: 37, consumed: 24 (MB)
scvg: 0 MB released
scvg: inuse: 18, idle: 43, sys: 62, released: 37, consumed: 24 (MB)
scvg: 0 MB released
scvg: inuse: 18, idle: 43, sys: 62, released: 37, consumed: 24 (MB)
scvg: 0 MB released
scvg: inuse: 18, idle: 43, sys: 62, released: 37, consumed: 24 (MB)
scvg: 0 MB released
scvg: inuse: 18, idle: 43, sys: 62, released: 37, consumed: 24 (MB)
scvg: 0 MB released
scvg: inuse: 18, idle: 43, sys: 62, released: 37, consumed: 24 (MB)
scvg: 0 MB released
scvg: inuse: 18, idle: 43, sys: 62, released: 37, consumed: 24 (MB)
scvg: 0 MB released
scvg: inuse: 18, idle: 43, sys: 62, released: 37, consumed: 24 (MB)
scvg: 0 MB released
scvg: inuse: 18, idle: 43, sys: 62, released: 37, consumed: 24 (MB)
scvg: 0 MB released
scvg: inuse: 18, idle: 43, sys: 62, released: 37, consumed: 24 (MB)
scvg: 0 MB released
scvg: inuse: 18, idle: 43, sys: 62, released: 37, consumed: 24 (MB)
scvg: 0 MB released
scvg: inuse: 18, idle: 43, sys: 62, released: 37, consumed: 24 (MB)
scvg: 0 MB released
scvg: inuse: 18, idle: 43, sys: 62, released: 37, consumed: 24 (MB)
scvg: 0 MB released
scvg: inuse: 18, idle: 43, sys: 62, released: 37, consumed: 24 (MB)
scvg: 0 MB released
scvg: inuse: 18, idle: 43, sys: 62, released: 37, consumed: 24 (MB)
scvg: 0 MB released
scvg: inuse: 18, idle: 43, sys: 62, released: 37, consumed: 24 (MB)
scvg: 0 MB released
scvg: inuse: 18, idle: 43, sys: 62, released: 37, consumed: 24 (MB)
scvg: 0 MB released
scvg: inuse: 18, idle: 43, sys: 62, released: 37, consumed: 24 (MB)
scvg: 0 MB released
scvg: inuse: 18, idle: 43, sys: 62, released: 37, consumed: 24 (MB)
scvg: 0 MB released
scvg: inuse: 18, idle: 43, sys: 62, released: 37, consumed: 24 (MB)
scvg: 0 MB released
scvg: inuse: 18, idle: 43, sys: 62, released: 37, consumed: 24 (MB)
scvg: 0 MB released
scvg: inuse: 18, idle: 43, sys: 62, released: 37, consumed: 24 (MB)
scvg: 0 MB released
scvg: inuse: 18, idle: 43, sys: 62, released: 37, consumed: 24 (MB)
scvg: 0 MB released
scvg: inuse: 18, idle: 43, sys: 62, released: 37, consumed: 24 (MB)
scvg: 0 MB released
scvg: inuse: 18, idle: 43, sys: 62, released: 37, consumed: 24 (MB)
scvg: 0 MB released
scvg: inuse: 18, idle: 43, sys: 62, released: 37, consumed: 24 (MB)
scvg: 0 MB released
scvg: inuse: 18, idle: 43, sys: 62, released: 37, consumed: 24 (MB)
gc 759 @77108.361s 0%: 0.093+4.7+0.006 ms clock, 0.74+0.46/6.3/1.4+0.054 ms cpu, 30->30->16 MB, 31 MB goal, 8 P
gc 760 @77113.126s 0%: 0.045+3.7+0.014 ms clock, 0.36+0.37/5.4/1.5+0.11 ms cpu, 31->31->16 MB, 32 MB goal, 8 P
gc 761 @77117.862s 0%: 0.036+4.9+0.007 ms clock, 0.28+1.2/6.6/1.8+0.061 ms cpu, 31->31->16 MB, 32 MB goal, 8 P
gc 762 @77122.567s 0%: 0.052+5.2+0.009 ms clock, 0.41+0.069/6.9/2.2+0.076 ms cpu, 31->31->16 MB, 32 MB goal, 8 P
gc 763 @77127.378s 0%: 0.006+3.2+0.006 ms clock, 0.053+0.41/4.8/1.0+0.049 ms cpu, 31->31->16 MB, 32 MB goal, 8 P
gc 764 @77132.083s 0%: 0.030+4.7+0.005 ms clock, 0.24+0.84/6.2/0.84+0.042 ms cpu, 31->31->16 MB, 32 MB goal, 8 P
gc 765 @77136.843s 0%: 0.049+3.4+0.007 ms clock, 0.39+0.86/4.4/3.8+0.060 ms cpu, 31->31->16 MB, 32 MB goal, 8 P
gc 766 @77141.542s 0%: 0.007+3.4+0.006 ms clock, 0.061+0.38/5.0/1.8+0.050 ms cpu, 31->31->16 MB, 32 MB goal, 8 P
gc 767 @77146.198s 0%: 0.008+5.1+0.008 ms clock, 0.067+0.31/6.7/1.2+0.070 ms cpu, 31->31->16 MB, 32 MB goal, 8 P
gc 768 @77150.991s 0%: 0.007+2.7+0.017 ms clock, 0.059+0.24/3.5/5.2+0.14 ms cpu, 31->31->16 MB, 32 MB goal, 8 P
gc 769 @77155.697s 0%: 0.006+3.2+0.006 ms clock, 0.051+0.24/3.9/3.5+0.051 ms cpu, 31->31->16 MB, 32 MB goal, 8 P
gc 770 @77160.419s 0%: 0.015+5.8+0.008 ms clock, 0.12+0.18/8.1/3.0+0.064 ms cpu, 31->31->16 MB, 32 MB goal, 8 P
GC forced
gc 771 @77280.441s 0%: 0.009+4.7+0.013 ms clock, 0.076+0/5.3/0.87+0.11 ms cpu, 30->30->16 MB, 32 MB goal, 8 P
GC forced
gc 772 @77400.462s 0%: 0.013+2.7+0.008 ms clock, 0.11+0.74/3.4/3.4+0.067 ms cpu, 20->20->15 MB, 32 MB goal, 8 P
scvg: 0 MB released
scvg: inuse: 20, idle: 41, sys: 62, released: 29, consumed: 32 (MB)
scvg: 0 MB released
scvg: inuse: 18, idle: 43, sys: 62, released: 29, consumed: 32 (MB)
scvg: 0 MB released
scvg: inuse: 18, idle: 43, sys: 62, released: 29, consumed: 32 (MB)
scvg: 0 MB released
scvg: inuse: 18, idle: 43, sys: 62, released: 29, consumed: 32 (MB)
scvg: 0 MB released
scvg: inuse: 18, idle: 43, sys: 62, released: 29, consumed: 32 (MB)
scvg: 0 MB released
scvg: inuse: 18, idle: 43, sys: 62, released: 29, consumed: 32 (MB)
scvg: 0 MB released
scvg: inuse: 18, idle: 43, sys: 62, released: 29, consumed: 32 (MB)
scvg: 0 MB released
scvg: inuse: 18, idle: 43, sys: 62, released: 29, consumed: 32 (MB)
scvg: 0 MB released
scvg: inuse: 18, idle: 43, sys: 62, released: 29, consumed: 32 (MB)
scvg: 0 MB released
scvg: inuse: 18, idle: 43, sys: 62, released: 29, consumed: 32 (MB)
scvg: 0 MB released
scvg: inuse: 18, idle: 43, sys: 62, released: 29, consumed: 32 (MB)
scvg: 0 MB released
scvg: inuse: 18, idle: 43, sys: 62, released: 29, consumed: 32 (MB)
scvg: 0 MB released
scvg: inuse: 18, idle: 43, sys: 62, released: 29, consumed: 32 (MB)
scvg: 0 MB released
scvg: inuse: 18, idle: 43, sys: 62, released: 29, consumed: 32 (MB)
scvg: 0 MB released
scvg: inuse: 18, idle: 43, sys: 62, released: 29, consumed: 32 (MB)
scvg: 0 MB released
scvg: inuse: 18, idle: 43, sys: 62, released: 29, consumed: 32 (MB)
scvg: 0 MB released
scvg: inuse: 18, idle: 43, sys: 62, released: 29, consumed: 32 (MB)
scvg: 0 MB released
scvg: inuse: 18, idle: 43, sys: 62, released: 29, consumed: 32 (MB)
scvg: 0 MB released
scvg: inuse: 18, idle: 43, sys: 62, released: 29, consumed: 32 (MB)
scvg: 0 MB released
scvg: inuse: 18, idle: 43, sys: 62, released: 29, consumed: 32 (MB)
scvg: 0 MB released
scvg: inuse: 18, idle: 43, sys: 62, released: 29, consumed: 32 (MB)
scvg: 0 MB released
scvg: inuse: 18, idle: 43, sys: 62, released: 29, consumed: 32 (MB)
scvg: 0 MB released
scvg: inuse: 18, idle: 43, sys: 62, released: 29, consumed: 32 (MB)
scvg: 0 MB released
scvg: inuse: 18, idle: 43, sys: 62, released: 29, consumed: 32 (MB)
scvg: 0 MB released
scvg: inuse: 18, idle: 43, sys: 62, released: 29, consumed: 32 (MB)
scvg: 0 MB released
scvg: inuse: 18, idle: 43, sys: 62, released: 29, consumed: 32 (MB)
scvg: 0 MB released
scvg: inuse: 18, idle: 43, sys: 62, released: 29, consumed: 32 (MB)
scvg: 0 MB released
scvg: inuse: 18, idle: 43, sys: 62, released: 29, consumed: 32 (MB)
scvg: 0 MB released
scvg: inuse: 18, idle: 43, sys: 62, released: 29, consumed: 32 (MB)
scvg: 0 MB released
scvg: inuse: 18, idle: 43, sys: 62, released: 29, consumed: 32 (MB)
scvg: 0 MB released
scvg: inuse: 18, idle: 43, sys: 62, released: 29, consumed: 32 (MB)
scvg: 0 MB released
scvg: inuse: 18, idle: 43, sys: 62, released: 29, consumed: 32 (MB)
scvg: 0 MB released
scvg: inuse: 18, idle: 43, sys: 62, released: 29, consumed: 32 (MB)
scvg: 0 MB released
scvg: inuse: 18, idle: 43, sys: 62, released: 29, consumed: 32 (MB)
scvg: 0 MB released
scvg: inuse: 18, idle: 43, sys: 62, released: 29, consumed: 32 (MB)
scvg: 0 MB released
scvg: inuse: 18, idle: 43, sys: 62, released: 29, consumed: 32 (MB)
scvg: 0 MB released
scvg: inuse: 18, idle: 43, sys: 62, released: 29, consumed: 32 (MB)
scvg: 0 MB released
scvg: inuse: 18, idle: 43, sys: 62, released: 29, consumed: 32 (MB)
scvg: 0 MB released
scvg: inuse: 18, idle: 43, sys: 62, released: 29, consumed: 32 (MB)
scvg: 0 MB released
scvg: inuse: 18, idle: 43, sys: 62, released: 29, consumed: 32 (MB)
scvg: 0 MB released
scvg: inuse: 18, idle: 43, sys: 62, released: 29, consumed: 32 (MB)
scvg: 0 MB released
scvg: inuse: 18, idle: 43, sys: 62, released: 29, consumed: 32 (MB)
scvg: 0 MB released
scvg: inuse: 18, idle: 43, sys: 62, released: 29, consumed: 32 (MB)
scvg: 0 MB released
scvg: inuse: 18, idle: 43, sys: 62, released: 29, consumed: 32 (MB)
scvg: 0 MB released
scvg: inuse: 18, idle: 43, sys: 62, released: 29, consumed: 32 (MB)
scvg: 0 MB released
scvg: inuse: 18, idle: 43, sys: 62, released: 29, consumed: 32 (MB)
scvg: 0 MB released
scvg: inuse: 18, idle: 43, sys: 62, released: 29, consumed: 32 (MB)
scvg: 0 MB released
scvg: inuse: 18, idle: 43, sys: 62, released: 29, consumed: 32 (MB)
scvg: 0 MB released
scvg: inuse: 18, idle: 43, sys: 62, released: 29, consumed: 32 (MB)
scvg: 0 MB released
scvg: inuse: 18, idle: 43, sys: 62, released: 29, consumed: 32 (MB)
scvg: 0 MB released
scvg: inuse: 18, idle: 43, sys: 62, released: 29, consumed: 32 (MB)
scvg: 0 MB released
scvg: inuse: 18, idle: 43, sys: 62, released: 29, consumed: 32 (MB)
scvg: 0 MB released
scvg: inuse: 18, idle: 43, sys: 62, released: 29, consumed: 32 (MB)
scvg: 0 MB released
scvg: inuse: 18, idle: 43, sys: 62, released: 29, consumed: 32 (MB)
scvg: 0 MB released
scvg: inuse: 18, idle: 43, sys: 62, released: 29, consumed: 32 (MB)
scvg: 0 MB released
scvg: inuse: 18, idle: 43, sys: 62, released: 29, consumed: 32 (MB)
scvg: 0 MB released
scvg: inuse: 18, idle: 43, sys: 62, released: 29, consumed: 32 (MB)
scvg: 0 MB released
scvg: inuse: 18, idle: 43, sys: 62, released: 29, consumed: 32 (MB)
scvg: 0 MB released
scvg: inuse: 18, idle: 43, sys: 62, released: 29, consumed: 32 (MB)
scvg: 0 MB released
scvg: inuse: 18, idle: 43, sys: 62, released: 29, consumed: 32 (MB)
scvg: 0 MB released
scvg: inuse: 18, idle: 43, sys: 62, released: 29, consumed: 32 (MB)
scvg: 0 MB released
scvg: inuse: 18, idle: 43, sys: 62, released: 29, consumed: 32 (MB)
scvg: 0 MB released
scvg: inuse: 18, idle: 43, sys: 62, released: 29, consumed: 32 (MB)
scvg: 0 MB released
scvg: inuse: 18, idle: 43, sys: 62, released: 29, consumed: 32 (MB)
scvg: 0 MB released
scvg: inuse: 18, idle: 43, sys: 62, released: 29, consumed: 32 (MB)
scvg: 0 MB released
scvg: inuse: 18, idle: 43, sys: 62, released: 29, consumed: 32 (MB)
scvg: 0 MB released
scvg: inuse: 18, idle: 43, sys: 62, released: 29, consumed: 32 (MB)
scvg: 0 MB released
scvg: inuse: 18, idle: 43, sys: 62, released: 29, consumed: 32 (MB)
scvg: 0 MB released
scvg: inuse: 18, idle: 43, sys: 62, released: 29, consumed: 32 (MB)
scvg: 0 MB released
scvg: inuse: 18, idle: 43, sys: 62, released: 29, consumed: 32 (MB)
scvg: 0 MB released
scvg: inuse: 18, idle: 43, sys: 62, released: 29, consumed: 32 (MB)
scvg: 0 MB released
scvg: inuse: 18, idle: 43, sys: 62, released: 29, consumed: 32 (MB)
scvg: 0 MB released
scvg: inuse: 18, idle: 43, sys: 62, released: 29, consumed: 32 (MB)
scvg: 0 MB released
scvg: inuse: 18, idle: 43, sys: 62, released: 29, consumed: 32 (MB)
scvg: 0 MB released
scvg: inuse: 18, idle: 43, sys: 62, released: 29, consumed: 32 (MB)
scvg: 0 MB released
scvg: inuse: 18, idle: 43, sys: 62, released: 29, consumed: 32 (MB)
scvg: 0 MB released
scvg: inuse: 18, idle: 43, sys: 62, released: 29, consumed: 32 (MB)
scvg: 0 MB released
scvg: inuse: 18, idle: 43, sys: 62, released: 30, consumed: 32 (MB)
scvg: 0 MB released
scvg: inuse: 18, idle: 43, sys: 62, released: 30, consumed: 32 (MB)
scvg: 0 MB released
scvg: inuse: 18, idle: 43, sys: 62, released: 30, consumed: 32 (MB)
scvg: 0 MB released
scvg: inuse: 18, idle: 43, sys: 62, released: 30, consumed: 32 (MB)
scvg: 0 MB released
scvg: inuse: 18, idle: 43, sys: 62, released: 30, consumed: 32 (MB)
scvg: 0 MB released
scvg: inuse: 18, idle: 43, sys: 62, released: 30, consumed: 32 (MB)
scvg: 0 MB released
scvg: inuse: 18, idle: 43, sys: 62, released: 30, consumed: 32 (MB)
scvg: 0 MB released
scvg: inuse: 18, idle: 43, sys: 62, released: 30, consumed: 32 (MB)
scvg: 0 MB released
scvg: inuse: 18, idle: 43, sys: 62, released: 30, consumed: 32 (MB)
scvg: 0 MB released
scvg: inuse: 18, idle: 43, sys: 62, released: 30, consumed: 32 (MB)
scvg: 0 MB released
scvg: inuse: 18, idle: 43, sys: 62, released: 30, consumed: 32 (MB)
scvg: 0 MB released
scvg: inuse: 18, idle: 43, sys: 62, released: 30, consumed: 32 (MB)
scvg: 0 MB released
scvg: inuse: 18, idle: 43, sys: 62, released: 30, consumed: 32 (MB)
scvg: 0 MB released
scvg: inuse: 18, idle: 43, sys: 62, released: 30, consumed: 32 (MB)
scvg: 0 MB released
scvg: inuse: 18, idle: 43, sys: 62, released: 30, consumed: 32 (MB)
scvg: 0 MB released
scvg: inuse: 18, idle: 43, sys: 62, released: 30, consumed: 32 (MB)
scvg: 0 MB released
scvg: inuse: 18, idle: 43, sys: 62, released: 30, consumed: 32 (MB)
scvg: 0 MB released
scvg: inuse: 18, idle: 43, sys: 62, released: 30, consumed: 32 (MB)
scvg: 0 MB released
scvg: inuse: 18, idle: 43, sys: 62, released: 30, consumed: 32 (MB)
scvg: 0 MB released
scvg: inuse: 18, idle: 43, sys: 62, released: 30, consumed: 32 (MB)
scvg: 0 MB released
scvg: inuse: 18, idle: 43, sys: 62, released: 30, consumed: 32 (MB)
scvg: 0 MB released
scvg: inuse: 18, idle: 43, sys: 62, released: 30, consumed: 32 (MB)
scvg: 0 MB released
scvg: inuse: 18, idle: 43, sys: 62, released: 30, consumed: 32 (MB)
scvg: 0 MB released
scvg: inuse: 18, idle: 43, sys: 62, released: 30, consumed: 32 (MB)
scvg: 0 MB released
scvg: inuse: 18, idle: 43, sys: 62, released: 30, consumed: 32 (MB)
scvg: 0 MB released
scvg: inuse: 18, idle: 43, sys: 62, released: 30, consumed: 32 (MB)
scvg: 0 MB released
scvg: inuse: 18, idle: 43, sys: 62, released: 30, consumed: 32 (MB)
scvg: 0 MB released
scvg: inuse: 18, idle: 43, sys: 62, released: 30, consumed: 32 (MB)
scvg: 0 MB released
scvg: inuse: 18, idle: 43, sys: 62, released: 30, consumed: 32 (MB)
scvg: 0 MB released
scvg: inuse: 18, idle: 43, sys: 62, released: 30, consumed: 32 (MB)
scvg: 0 MB released
scvg: inuse: 18, idle: 43, sys: 62, released: 30, consumed: 32 (MB)
scvg: 0 MB released
scvg: inuse: 18, idle: 43, sys: 62, released: 30, consumed: 32 (MB)
scvg: 0 MB released
scvg: inuse: 18, idle: 43, sys: 62, released: 30, consumed: 32 (MB)
scvg: 0 MB released
scvg: inuse: 18, idle: 43, sys: 62, released: 30, consumed: 31 (MB)
scvg: 0 MB released
scvg: inuse: 18, idle: 43, sys: 62, released: 30, consumed: 31 (MB)
scvg: 0 MB released
scvg: inuse: 18, idle: 43, sys: 62, released: 30, consumed: 31 (MB)
scvg: 0 MB released
scvg: inuse: 18, idle: 43, sys: 62, released: 30, consumed: 31 (MB)
scvg: 0 MB released
scvg: inuse: 18, idle: 43, sys: 62, released: 30, consumed: 31 (MB)
scvg: 0 MB released
scvg: inuse: 18, idle: 43, sys: 62, released: 30, consumed: 31 (MB)
scvg: 0 MB released
scvg: inuse: 18, idle: 43, sys: 62, released: 30, consumed: 31 (MB)
scvg: 0 MB released
scvg: inuse: 18, idle: 43, sys: 62, released: 30, consumed: 31 (MB)
scvg: 0 MB released
scvg: inuse: 18, idle: 43, sys: 62, released: 30, consumed: 31 (MB)
scvg: 0 MB released
scvg: inuse: 18, idle: 43, sys: 62, released: 30, consumed: 31 (MB)
scvg: 0 MB released
scvg: inuse: 18, idle: 43, sys: 62, released: 30, consumed: 31 (MB)
scvg: 0 MB released
scvg: inuse: 18, idle: 43, sys: 62, released: 30, consumed: 31 (MB)
scvg: 0 MB released
scvg: inuse: 18, idle: 43, sys: 62, released: 30, consumed: 31 (MB)
scvg: 0 MB released
scvg: inuse: 18, idle: 43, sys: 62, released: 30, consumed: 31 (MB)
scvg: 0 MB released
scvg: inuse: 18, idle: 43, sys: 62, released: 30, consumed: 31 (MB)
scvg: 0 MB released
scvg: inuse: 18, idle: 43, sys: 62, released: 30, consumed: 31 (MB)
scvg: 0 MB released
scvg: inuse: 18, idle: 43, sys: 62, released: 30, consumed: 31 (MB)
scvg: 0 MB released
scvg: inuse: 18, idle: 43, sys: 62, released: 30, consumed: 31 (MB)
scvg: 0 MB released
scvg: inuse: 18, idle: 43, sys: 62, released: 30, consumed: 31 (MB)
scvg: 0 MB released
scvg: inuse: 18, idle: 43, sys: 62, released: 30, consumed: 31 (MB)
scvg: 0 MB released
scvg: inuse: 18, idle: 43, sys: 62, released: 30, consumed: 31 (MB)
scvg: 0 MB released
scvg: inuse: 18, idle: 43, sys: 62, released: 30, consumed: 31 (MB)
scvg: 0 MB released
scvg: inuse: 18, idle: 43, sys: 62, released: 30, consumed: 31 (MB)
scvg: 0 MB released
scvg: inuse: 18, idle: 43, sys: 62, released: 30, consumed: 31 (MB)
scvg: 0 MB released
scvg: inuse: 18, idle: 43, sys: 62, released: 30, consumed: 31 (MB)
scvg: 0 MB released
scvg: inuse: 18, idle: 43, sys: 62, released: 30, consumed: 31 (MB)
scvg: 0 MB released
scvg: inuse: 18, idle: 43, sys: 62, released: 30, consumed: 31 (MB)
scvg: 0 MB released
scvg: inuse: 18, idle: 43, sys: 62, released: 30, consumed: 31 (MB)
scvg: 0 MB released
scvg: inuse: 18, idle: 43, sys: 62, released: 30, consumed: 31 (MB)
scvg: 0 MB released
scvg: inuse: 18, idle: 43, sys: 62, released: 30, consumed: 31 (MB)
scvg: 0 MB released
scvg: inuse: 18, idle: 43, sys: 62, released: 30, consumed: 31 (MB)
scvg: 0 MB released
scvg: inuse: 18, idle: 43, sys: 62, released: 30, consumed: 31 (MB)
scvg: 0 MB released
scvg: inuse: 18, idle: 43, sys: 62, released: 30, consumed: 31 (MB)
scvg: 0 MB released
scvg: inuse: 18, idle: 43, sys: 62, released: 30, consumed: 31 (MB)
scvg: 0 MB released
scvg: inuse: 18, idle: 43, sys: 62, released: 30, consumed: 31 (MB)
scvg: 0 MB released
scvg: inuse: 18, idle: 43, sys: 62, released: 30, consumed: 31 (MB)
scvg: 0 MB released
scvg: inuse: 18, idle: 43, sys: 62, released: 30, consumed: 31 (MB)
scvg: 0 MB released
scvg: inuse: 18, idle: 43, sys: 62, released: 30, consumed: 31 (MB)
scvg: 0 MB released
scvg: inuse: 18, idle: 43, sys: 62, released: 30, consumed: 31 (MB)
scvg: 0 MB released
scvg: inuse: 18, idle: 43, sys: 62, released: 30, consumed: 31 (MB)
scvg: 0 MB released
scvg: inuse: 18, idle: 43, sys: 62, released: 30, consumed: 31 (MB)
scvg: 0 MB released
scvg: inuse: 18, idle: 43, sys: 62, released: 30, consumed: 31 (MB)
scvg: 0 MB released
scvg: inuse: 18, idle: 43, sys: 62, released: 30, consumed: 31 (MB)
scvg: 0 MB released
scvg: inuse: 18, idle: 43, sys: 62, released: 30, consumed: 31 (MB)
scvg: 0 MB released
scvg: inuse: 18, idle: 43, sys: 62, released: 30, consumed: 31 (MB)
scvg: 0 MB released
scvg: inuse: 18, idle: 43, sys: 62, released: 30, consumed: 31 (MB)
scvg: 0 MB released
scvg: inuse: 18, idle: 43, sys: 62, released: 30, consumed: 31 (MB)
scvg: 0 MB released
scvg: inuse: 18, idle: 43, sys: 62, released: 30, consumed: 31 (MB)
scvg: 0 MB released
scvg: inuse: 18, idle: 43, sys: 62, released: 30, consumed: 31 (MB)
scvg: 0 MB released
scvg: inuse: 18, idle: 43, sys: 62, released: 30, consumed: 31 (MB)
scvg: 0 MB released
scvg: inuse: 18, idle: 43, sys: 62, released: 30, consumed: 31 (MB)
scvg: 0 MB released
scvg: inuse: 18, idle: 43, sys: 62, released: 30, consumed: 31 (MB)
scvg: 0 MB released
scvg: inuse: 18, idle: 43, sys: 62, released: 30, consumed: 31 (MB)
scvg: 0 MB released
scvg: inuse: 18, idle: 43, sys: 62, released: 30, consumed: 31 (MB)
scvg: 0 MB released
scvg: inuse: 18, idle: 43, sys: 62, released: 30, consumed: 31 (MB)
scvg: 0 MB released
scvg: inuse: 18, idle: 43, sys: 62, released: 30, consumed: 31 (MB)
scvg: 0 MB released
scvg: inuse: 18, idle: 43, sys: 62, released: 30, consumed: 31 (MB)
scvg: 0 MB released
scvg: inuse: 18, idle: 43, sys: 62, released: 30, consumed: 31 (MB)
scvg: 0 MB released
scvg: inuse: 18, idle: 43, sys: 62, released: 30, consumed: 31 (MB)
scvg: 0 MB released
scvg: inuse: 18, idle: 43, sys: 62, released: 30, consumed: 31 (MB)
scvg: 0 MB released
scvg: inuse: 18, idle: 43, sys: 62, released: 30, consumed: 31 (MB)
scvg: 0 MB released
scvg: inuse: 18, idle: 43, sys: 62, released: 30, consumed: 31 (MB)
scvg: 0 MB released
scvg: inuse: 18, idle: 43, sys: 62, released: 30, consumed: 31 (MB)
scvg: 0 MB released
scvg: inuse: 18, idle: 43, sys: 62, released: 30, consumed: 31 (MB)
scvg: 0 MB released
scvg: inuse: 18, idle: 43, sys: 62, released: 30, consumed: 31 (MB)
scvg: 0 MB released
scvg: inuse: 18, idle: 43, sys: 62, released: 30, consumed: 31 (MB)
scvg: 0 MB released
scvg: inuse: 18, idle: 43, sys: 62, released: 30, consumed: 31 (MB)
scvg: 0 MB released
scvg: inuse: 18, idle: 43, sys: 62, released: 30, consumed: 31 (MB)
scvg: 0 MB released
scvg: inuse: 18, idle: 43, sys: 62, released: 30, consumed: 31 (MB)
scvg: 0 MB released
scvg: inuse: 18, idle: 43, sys: 62, released: 30, consumed: 31 (MB)
scvg: 0 MB released
scvg: inuse: 18, idle: 43, sys: 62, released: 30, consumed: 31 (MB)
scvg: 0 MB released
scvg: inuse: 18, idle: 43, sys: 62, released: 30, consumed: 31 (MB)
scvg: 0 MB released
scvg: inuse: 18, idle: 43, sys: 62, released: 30, consumed: 31 (MB)
scvg: 0 MB released
scvg: inuse: 18, idle: 43, sys: 62, released: 30, consumed: 31 (MB)
scvg: 0 MB released
scvg: inuse: 18, idle: 43, sys: 62, released: 30, consumed: 31 (MB)
scvg: 0 MB released
scvg: inuse: 18, idle: 43, sys: 62, released: 30, consumed: 31 (MB)
scvg: 0 MB released
scvg: inuse: 18, idle: 43, sys: 62, released: 30, consumed: 31 (MB)
scvg: 0 MB released
scvg: inuse: 18, idle: 43, sys: 62, released: 30, consumed: 31 (MB)
scvg: 0 MB released
scvg: inuse: 18, idle: 43, sys: 62, released: 30, consumed: 31 (MB)
scvg: 0 MB released
scvg: inuse: 18, idle: 43, sys: 62, released: 30, consumed: 31 (MB)
scvg: 0 MB released
scvg: inuse: 18, idle: 43, sys: 62, released: 30, consumed: 31 (MB)
scvg: 0 MB released
scvg: inuse: 18, idle: 43, sys: 62, released: 30, consumed: 31 (MB)
scvg: 0 MB released
scvg: inuse: 18, idle: 43, sys: 62, released: 30, consumed: 31 (MB)
scvg: 0 MB released
scvg: inuse: 18, idle: 43, sys: 62, released: 30, consumed: 31 (MB)
scvg: 0 MB released
scvg: inuse: 18, idle: 43, sys: 62, released: 30, consumed: 31 (MB)
scvg: 0 MB released
scvg: inuse: 18, idle: 43, sys: 62, released: 30, consumed: 31 (MB)
scvg: 0 MB released
scvg: inuse: 18, idle: 43, sys: 62, released: 30, consumed: 31 (MB)
scvg: 0 MB released
scvg: inuse: 18, idle: 43, sys: 62, released: 30, consumed: 31 (MB)
scvg: 0 MB released
scvg: inuse: 18, idle: 43, sys: 62, released: 30, consumed: 31 (MB)
scvg: 0 MB released
scvg: inuse: 18, idle: 43, sys: 62, released: 30, consumed: 31 (MB)
scvg: 0 MB released
scvg: inuse: 18, idle: 43, sys: 62, released: 30, consumed: 31 (MB)
scvg: 0 MB released
scvg: inuse: 18, idle: 43, sys: 62, released: 30, consumed: 31 (MB)
scvg: 0 MB released
scvg: inuse: 18, idle: 43, sys: 62, released: 30, consumed: 31 (MB)
scvg: 0 MB released
scvg: inuse: 18, idle: 43, sys: 62, released: 30, consumed: 31 (MB)
scvg: 0 MB released
scvg: inuse: 18, idle: 43, sys: 62, released: 30, consumed: 31 (MB)
scvg: 0 MB released
scvg: inuse: 18, idle: 43, sys: 62, released: 31, consumed: 31 (MB)
scvg: 0 MB released
scvg: inuse: 18, idle: 43, sys: 62, released: 31, consumed: 31 (MB)
scvg: 0 MB released
scvg: inuse: 18, idle: 43, sys: 62, released: 31, consumed: 31 (MB)
scvg: 0 MB released
scvg: inuse: 18, idle: 43, sys: 62, released: 31, consumed: 31 (MB)
scvg: 0 MB released
scvg: inuse: 18, idle: 43, sys: 62, released: 31, consumed: 31 (MB)
scvg: 0 MB released
scvg: inuse: 18, idle: 43, sys: 62, released: 31, consumed: 31 (MB)
scvg: 0 MB released
scvg: inuse: 18, idle: 43, sys: 62, released: 31, consumed: 31 (MB)
scvg: 0 MB released
scvg: inuse: 18, idle: 43, sys: 62, released: 31, consumed: 31 (MB)
scvg: 0 MB released
scvg: inuse: 18, idle: 43, sys: 62, released: 31, consumed: 31 (MB)
scvg: 0 MB released
scvg: inuse: 18, idle: 43, sys: 62, released: 31, consumed: 31 (MB)
scvg: 0 MB released
scvg: inuse: 18, idle: 43, sys: 62, released: 31, consumed: 31 (MB)
scvg: 0 MB released
scvg: inuse: 18, idle: 43, sys: 62, released: 31, consumed: 31 (MB)
scvg: 0 MB released
scvg: inuse: 18, idle: 43, sys: 62, released: 31, consumed: 31 (MB)
scvg: 0 MB released
scvg: inuse: 18, idle: 43, sys: 62, released: 31, consumed: 31 (MB)
scvg: 0 MB released
scvg: inuse: 18, idle: 43, sys: 62, released: 31, consumed: 31 (MB)
scvg: 0 MB released
scvg: inuse: 18, idle: 43, sys: 62, released: 31, consumed: 31 (MB)
scvg: 0 MB released
scvg: inuse: 18, idle: 43, sys: 62, released: 31, consumed: 31 (MB)
scvg: 0 MB released
scvg: inuse: 18, idle: 43, sys: 62, released: 31, consumed: 31 (MB)
scvg: 0 MB released
scvg: inuse: 18, idle: 43, sys: 62, released: 31, consumed: 31 (MB)
scvg: 0 MB released
scvg: inuse: 18, idle: 43, sys: 62, released: 31, consumed: 31 (MB)
scvg: 0 MB released
scvg: inuse: 18, idle: 43, sys: 62, released: 31, consumed: 31 (MB)
scvg: 0 MB released
scvg: inuse: 18, idle: 43, sys: 62, released: 31, consumed: 31 (MB)
scvg: 0 MB released
scvg: inuse: 18, idle: 43, sys: 62, released: 31, consumed: 31 (MB)
scvg: 0 MB released
scvg: inuse: 18, idle: 43, sys: 62, released: 31, consumed: 31 (MB)
scvg: 0 MB released
scvg: inuse: 18, idle: 43, sys: 62, released: 31, consumed: 31 (MB)
scvg: 0 MB released
scvg: inuse: 18, idle: 43, sys: 62, released: 31, consumed: 31 (MB)
scvg: 0 MB released
scvg: inuse: 18, idle: 43, sys: 62, released: 31, consumed: 31 (MB)
scvg: 0 MB released
scvg: inuse: 18, idle: 43, sys: 62, released: 31, consumed: 31 (MB)
scvg: 0 MB released
scvg: inuse: 18, idle: 43, sys: 62, released: 31, consumed: 31 (MB)
scvg: 0 MB released
scvg: inuse: 18, idle: 43, sys: 62, released: 31, consumed: 31 (MB)
scvg: 0 MB released
scvg: inuse: 18, idle: 43, sys: 62, released: 31, consumed: 31 (MB)
scvg: 0 MB released
scvg: inuse: 18, idle: 43, sys: 62, released: 31, consumed: 31 (MB)
scvg: 0 MB released
scvg: inuse: 18, idle: 43, sys: 62, released: 31, consumed: 31 (MB)
scvg: 0 MB released
scvg: inuse: 18, idle: 43, sys: 62, released: 31, consumed: 30 (MB)
scvg: 0 MB released
scvg: inuse: 18, idle: 43, sys: 62, released: 31, consumed: 30 (MB)
scvg: 0 MB released
scvg: inuse: 18, idle: 43, sys: 62, released: 31, consumed: 30 (MB)
scvg: 0 MB released
scvg: inuse: 18, idle: 43, sys: 62, released: 31, consumed: 30 (MB)
scvg: 0 MB released
scvg: inuse: 18, idle: 43, sys: 62, released: 31, consumed: 30 (MB)
scvg: 0 MB released
scvg: inuse: 18, idle: 43, sys: 62, released: 31, consumed: 30 (MB)
scvg: 0 MB released
scvg: inuse: 18, idle: 43, sys: 62, released: 31, consumed: 30 (MB)
scvg: 0 MB released
scvg: inuse: 18, idle: 43, sys: 62, released: 31, consumed: 30 (MB)
scvg: 0 MB released
scvg: inuse: 18, idle: 43, sys: 62, released: 31, consumed: 30 (MB)
scvg: 0 MB released
scvg: inuse: 18, idle: 43, sys: 62, released: 31, consumed: 30 (MB)
scvg: 0 MB released
scvg: inuse: 18, idle: 43, sys: 62, released: 31, consumed: 30 (MB)
scvg: 0 MB released
scvg: inuse: 18, idle: 43, sys: 62, released: 31, consumed: 30 (MB)
scvg: 0 MB released
scvg: inuse: 18, idle: 43, sys: 62, released: 31, consumed: 30 (MB)
scvg: 0 MB released
scvg: inuse: 18, idle: 43, sys: 62, released: 31, consumed: 30 (MB)
scvg: 0 MB released
scvg: inuse: 18, idle: 43, sys: 62, released: 31, consumed: 30 (MB)
scvg: 0 MB released
scvg: inuse: 18, idle: 43, sys: 62, released: 31, consumed: 30 (MB)
scvg: 0 MB released
scvg: inuse: 18, idle: 43, sys: 62, released: 31, consumed: 30 (MB)
scvg: 0 MB released
scvg: inuse: 18, idle: 43, sys: 62, released: 31, consumed: 30 (MB)
scvg: 0 MB released
scvg: inuse: 18, idle: 43, sys: 62, released: 31, consumed: 30 (MB)
scvg: 0 MB released
scvg: inuse: 18, idle: 43, sys: 62, released: 31, consumed: 30 (MB)
scvg: 0 MB released
scvg: inuse: 18, idle: 43, sys: 62, released: 31, consumed: 30 (MB)
scvg: 0 MB released
scvg: inuse: 18, idle: 43, sys: 62, released: 31, consumed: 30 (MB)
scvg: 0 MB released
scvg: inuse: 18, idle: 43, sys: 62, released: 31, consumed: 30 (MB)
scvg: 0 MB released
scvg: inuse: 18, idle: 43, sys: 62, released: 31, consumed: 30 (MB)
scvg: 0 MB released
scvg: inuse: 18, idle: 43, sys: 62, released: 31, consumed: 30 (MB)
scvg: 0 MB released
scvg: inuse: 18, idle: 43, sys: 62, released: 31, consumed: 30 (MB)
scvg: 0 MB released
scvg: inuse: 18, idle: 43, sys: 62, released: 31, consumed: 30 (MB)
scvg: 0 MB released
scvg: inuse: 18, idle: 43, sys: 62, released: 31, consumed: 30 (MB)
scvg: 0 MB released
scvg: inuse: 18, idle: 43, sys: 62, released: 31, consumed: 30 (MB)
scvg: 0 MB released
scvg: inuse: 18, idle: 43, sys: 62, released: 31, consumed: 30 (MB)
scvg: 0 MB released
scvg: inuse: 18, idle: 43, sys: 62, released: 31, consumed: 30 (MB)
scvg: 0 MB released
scvg: inuse: 18, idle: 43, sys: 62, released: 31, consumed: 30 (MB)
scvg: 0 MB released
scvg: inuse: 18, idle: 43, sys: 62, released: 31, consumed: 30 (MB)
scvg: 0 MB released
scvg: inuse: 18, idle: 43, sys: 62, released: 31, consumed: 30 (MB)
scvg: 0 MB released
scvg: inuse: 18, idle: 43, sys: 62, released: 31, consumed: 30 (MB)
scvg: 0 MB released
scvg: inuse: 18, idle: 43, sys: 62, released: 31, consumed: 30 (MB)
scvg: 0 MB released
scvg: inuse: 18, idle: 43, sys: 62, released: 31, consumed: 30 (MB)
scvg: 0 MB released
scvg: inuse: 18, idle: 43, sys: 62, released: 31, consumed: 30 (MB)
scvg: 0 MB released
scvg: inuse: 18, idle: 43, sys: 62, released: 31, consumed: 30 (MB)
scvg: 0 MB released
scvg: inuse: 18, idle: 43, sys: 62, released: 31, consumed: 30 (MB)
scvg: 0 MB released
scvg: inuse: 18, idle: 43, sys: 62, released: 31, consumed: 30 (MB)
scvg: 0 MB released
scvg: inuse: 18, idle: 43, sys: 62, released: 31, consumed: 30 (MB)
scvg: 0 MB released
scvg: inuse: 18, idle: 43, sys: 62, released: 31, consumed: 30 (MB)
scvg: 0 MB released
scvg: inuse: 18, idle: 43, sys: 62, released: 31, consumed: 30 (MB)
scvg: 0 MB released
scvg: inuse: 18, idle: 43, sys: 62, released: 31, consumed: 30 (MB)
scvg: 0 MB released
scvg: inuse: 18, idle: 43, sys: 62, released: 31, consumed: 30 (MB)
scvg: 0 MB released
scvg: inuse: 18, idle: 43, sys: 62, released: 31, consumed: 30 (MB)
scvg: 0 MB released
scvg: inuse: 18, idle: 43, sys: 62, released: 31, consumed: 30 (MB)
scvg: 0 MB released
scvg: inuse: 18, idle: 43, sys: 62, released: 31, consumed: 30 (MB)
scvg: 0 MB released
scvg: inuse: 18, idle: 43, sys: 62, released: 31, consumed: 30 (MB)
scvg: 0 MB released
scvg: inuse: 18, idle: 43, sys: 62, released: 31, consumed: 30 (MB)
scvg: 0 MB released
scvg: inuse: 18, idle: 43, sys: 62, released: 31, consumed: 30 (MB)
scvg: 0 MB released
scvg: inuse: 18, idle: 43, sys: 62, released: 31, consumed: 30 (MB)
scvg: 0 MB released
scvg: inuse: 18, idle: 43, sys: 62, released: 31, consumed: 30 (MB)
scvg: 0 MB released
scvg: inuse: 18, idle: 43, sys: 62, released: 31, consumed: 30 (MB)
scvg: 0 MB released
scvg: inuse: 18, idle: 43, sys: 62, released: 31, consumed: 30 (MB)
scvg: 0 MB released
scvg: inuse: 18, idle: 43, sys: 62, released: 31, consumed: 30 (MB)
scvg: 0 MB released
scvg: inuse: 18, idle: 43, sys: 62, released: 31, consumed: 30 (MB)
scvg: 0 MB released
scvg: inuse: 18, idle: 43, sys: 62, released: 31, consumed: 30 (MB)
scvg: 0 MB released
scvg: inuse: 18, idle: 43, sys: 62, released: 31, consumed: 30 (MB)
scvg: 0 MB released
scvg: inuse: 18, idle: 43, sys: 62, released: 31, consumed: 30 (MB)
scvg: 0 MB released
scvg: inuse: 18, idle: 43, sys: 62, released: 31, consumed: 30 (MB)
scvg: 0 MB released
scvg: inuse: 18, idle: 43, sys: 62, released: 31, consumed: 30 (MB)
scvg: 0 MB released
scvg: inuse: 18, idle: 43, sys: 62, released: 31, consumed: 30 (MB)
scvg: 0 MB released
scvg: inuse: 18, idle: 43, sys: 62, released: 31, consumed: 30 (MB)
scvg: 0 MB released
scvg: inuse: 18, idle: 43, sys: 62, released: 31, consumed: 30 (MB)
scvg: 0 MB released
scvg: inuse: 18, idle: 43, sys: 62, released: 31, consumed: 30 (MB)
scvg: 0 MB released
scvg: inuse: 18, idle: 43, sys: 62, released: 31, consumed: 30 (MB)
scvg: 0 MB released
scvg: inuse: 18, idle: 43, sys: 62, released: 31, consumed: 30 (MB)
scvg: 0 MB released
scvg: inuse: 18, idle: 43, sys: 62, released: 31, consumed: 30 (MB)
scvg: 0 MB released
scvg: inuse: 18, idle: 43, sys: 62, released: 31, consumed: 30 (MB)
scvg: 0 MB released
scvg: inuse: 18, idle: 43, sys: 62, released: 31, consumed: 30 (MB)
scvg: 0 MB released
scvg: inuse: 18, idle: 43, sys: 62, released: 31, consumed: 30 (MB)
scvg: 0 MB released
scvg: inuse: 18, idle: 43, sys: 62, released: 31, consumed: 30 (MB)
scvg: 0 MB released
scvg: inuse: 18, idle: 43, sys: 62, released: 31, consumed: 30 (MB)
scvg: 0 MB released
scvg: inuse: 18, idle: 43, sys: 62, released: 31, consumed: 30 (MB)
scvg: 0 MB released
scvg: inuse: 18, idle: 43, sys: 62, released: 31, consumed: 30 (MB)
scvg: 0 MB released
scvg: inuse: 18, idle: 43, sys: 62, released: 31, consumed: 30 (MB)
scvg: 0 MB released
scvg: inuse: 18, idle: 43, sys: 62, released: 31, consumed: 30 (MB)
scvg: 0 MB released
scvg: inuse: 18, idle: 43, sys: 62, released: 31, consumed: 30 (MB)
scvg: 0 MB released
scvg: inuse: 18, idle: 43, sys: 62, released: 31, consumed: 30 (MB)
scvg: 0 MB released
scvg: inuse: 18, idle: 43, sys: 62, released: 31, consumed: 30 (MB)
scvg: 0 MB released
scvg: inuse: 18, idle: 43, sys: 62, released: 31, consumed: 30 (MB)
scvg: 0 MB released
scvg: inuse: 18, idle: 43, sys: 62, released: 31, consumed: 30 (MB)
scvg: 0 MB released
scvg: inuse: 18, idle: 43, sys: 62, released: 31, consumed: 30 (MB)
scvg: 0 MB released
scvg: inuse: 18, idle: 43, sys: 62, released: 31, consumed: 30 (MB)
scvg: 0 MB released
scvg: inuse: 18, idle: 43, sys: 62, released: 31, consumed: 30 (MB)
scvg: 0 MB released
scvg: inuse: 18, idle: 43, sys: 62, released: 31, consumed: 30 (MB)
scvg: 0 MB released
scvg: inuse: 18, idle: 43, sys: 62, released: 31, consumed: 30 (MB)
scvg: 0 MB released
scvg: inuse: 18, idle: 43, sys: 62, released: 31, consumed: 30 (MB)
scvg: 0 MB released
scvg: inuse: 18, idle: 43, sys: 62, released: 31, consumed: 30 (MB)
scvg: 0 MB released
scvg: inuse: 18, idle: 43, sys: 62, released: 31, consumed: 30 (MB)
scvg: 0 MB released
scvg: inuse: 18, idle: 43, sys: 62, released: 31, consumed: 30 (MB)
scvg: 0 MB released
scvg: inuse: 18, idle: 43, sys: 62, released: 31, consumed: 30 (MB)
scvg: 0 MB released
scvg: inuse: 18, idle: 43, sys: 62, released: 31, consumed: 30 (MB)
scvg: 0 MB released
scvg: inuse: 18, idle: 43, sys: 62, released: 32, consumed: 30 (MB)
scvg: 0 MB released
scvg: inuse: 18, idle: 43, sys: 62, released: 32, consumed: 30 (MB)
scvg: 0 MB released
scvg: inuse: 18, idle: 43, sys: 62, released: 32, consumed: 30 (MB)
scvg: 0 MB released
scvg: inuse: 18, idle: 43, sys: 62, released: 32, consumed: 30 (MB)
scvg: 0 MB released
scvg: inuse: 18, idle: 43, sys: 62, released: 32, consumed: 30 (MB)
scvg: 0 MB released
scvg: inuse: 18, idle: 43, sys: 62, released: 32, consumed: 30 (MB)
scvg: 0 MB released
scvg: inuse: 18, idle: 43, sys: 62, released: 32, consumed: 30 (MB)
scvg: 0 MB released
scvg: inuse: 18, idle: 43, sys: 62, released: 32, consumed: 30 (MB)
scvg: 0 MB released
scvg: inuse: 18, idle: 43, sys: 62, released: 32, consumed: 30 (MB)
scvg: 0 MB released
scvg: inuse: 18, idle: 43, sys: 62, released: 32, consumed: 30 (MB)
scvg: 0 MB released
scvg: inuse: 18, idle: 43, sys: 62, released: 32, consumed: 30 (MB)
scvg: 0 MB released
scvg: inuse: 18, idle: 43, sys: 62, released: 32, consumed: 30 (MB)
scvg: 0 MB released
scvg: inuse: 18, idle: 43, sys: 62, released: 32, consumed: 30 (MB)
scvg: 0 MB released
scvg: inuse: 18, idle: 43, sys: 62, released: 32, consumed: 30 (MB)
scvg: 0 MB released
scvg: inuse: 18, idle: 43, sys: 62, released: 32, consumed: 30 (MB)
scvg: 0 MB released
scvg: inuse: 18, idle: 43, sys: 62, released: 32, consumed: 30 (MB)
scvg: 0 MB released
scvg: inuse: 18, idle: 43, sys: 62, released: 32, consumed: 30 (MB)
scvg: 0 MB released
scvg: inuse: 18, idle: 43, sys: 62, released: 32, consumed: 30 (MB)
scvg: 0 MB released
scvg: inuse: 18, idle: 43, sys: 62, released: 32, consumed: 30 (MB)
scvg: 0 MB released
scvg: inuse: 18, idle: 43, sys: 62, released: 32, consumed: 30 (MB)
scvg: 0 MB released
scvg: inuse: 18, idle: 43, sys: 62, released: 32, consumed: 30 (MB)
scvg: 0 MB released
scvg: inuse: 18, idle: 43, sys: 62, released: 32, consumed: 30 (MB)
scvg: 0 MB released
scvg: inuse: 18, idle: 43, sys: 62, released: 32, consumed: 30 (MB)
scvg: 0 MB released
scvg: inuse: 18, idle: 43, sys: 62, released: 32, consumed: 30 (MB)
scvg: 0 MB released
scvg: inuse: 18, idle: 43, sys: 62, released: 32, consumed: 30 (MB)
scvg: 0 MB released
scvg: inuse: 18, idle: 43, sys: 62, released: 32, consumed: 30 (MB)
scvg: 0 MB released
scvg: inuse: 18, idle: 43, sys: 62, released: 32, consumed: 30 (MB)
scvg: 0 MB released
scvg: inuse: 18, idle: 43, sys: 62, released: 32, consumed: 30 (MB)
scvg: 0 MB released
scvg: inuse: 18, idle: 43, sys: 62, released: 32, consumed: 30 (MB)
scvg: 0 MB released
scvg: inuse: 18, idle: 43, sys: 62, released: 32, consumed: 30 (MB)
scvg: 0 MB released
scvg: inuse: 18, idle: 43, sys: 62, released: 32, consumed: 30 (MB)
scvg: 0 MB released
scvg: inuse: 18, idle: 43, sys: 62, released: 32, consumed: 30 (MB)
scvg: 0 MB released
scvg: inuse: 18, idle: 43, sys: 62, released: 32, consumed: 30 (MB)
scvg: 0 MB released
scvg: inuse: 18, idle: 43, sys: 62, released: 32, consumed: 29 (MB)
scvg: 0 MB released
scvg: inuse: 18, idle: 43, sys: 62, released: 32, consumed: 29 (MB)
scvg: 0 MB released
scvg: inuse: 18, idle: 43, sys: 62, released: 32, consumed: 29 (MB)
scvg: 0 MB released
scvg: inuse: 18, idle: 43, sys: 62, released: 32, consumed: 29 (MB)
scvg: 0 MB released
scvg: inuse: 18, idle: 43, sys: 62, released: 32, consumed: 29 (MB)
scvg: 0 MB released
scvg: inuse: 18, idle: 43, sys: 62, released: 32, consumed: 29 (MB)
scvg: 0 MB released
scvg: inuse: 18, idle: 43, sys: 62, released: 32, consumed: 29 (MB)
scvg: 0 MB released
scvg: inuse: 18, idle: 43, sys: 62, released: 32, consumed: 29 (MB)
scvg: 0 MB released
scvg: inuse: 18, idle: 43, sys: 62, released: 32, consumed: 29 (MB)
scvg: 0 MB released
scvg: inuse: 18, idle: 43, sys: 62, released: 32, consumed: 29 (MB)
scvg: 0 MB released
scvg: inuse: 18, idle: 43, sys: 62, released: 32, consumed: 29 (MB)
scvg: 0 MB released
scvg: inuse: 18, idle: 43, sys: 62, released: 32, consumed: 29 (MB)
scvg: 0 MB released
scvg: inuse: 18, idle: 43, sys: 62, released: 32, consumed: 29 (MB)
scvg: 0 MB released
scvg: inuse: 18, idle: 43, sys: 62, released: 32, consumed: 29 (MB)
scvg: 0 MB released
scvg: inuse: 18, idle: 43, sys: 62, released: 32, consumed: 29 (MB)
scvg: 0 MB released
scvg: inuse: 18, idle: 43, sys: 62, released: 32, consumed: 29 (MB)
scvg: 0 MB released
scvg: inuse: 18, idle: 43, sys: 62, released: 32, consumed: 29 (MB)
scvg: 0 MB released
scvg: inuse: 18, idle: 43, sys: 62, released: 32, consumed: 29 (MB)
scvg: 0 MB released
scvg: inuse: 18, idle: 43, sys: 62, released: 32, consumed: 29 (MB)
scvg: 0 MB released
scvg: inuse: 18, idle: 43, sys: 62, released: 32, consumed: 29 (MB)
scvg: 0 MB released
scvg: inuse: 18, idle: 43, sys: 62, released: 32, consumed: 29 (MB)
scvg: 0 MB released
scvg: inuse: 18, idle: 43, sys: 62, released: 32, consumed: 29 (MB)
scvg: 0 MB released
scvg: inuse: 18, idle: 43, sys: 62, released: 32, consumed: 29 (MB)
scvg: 0 MB released
scvg: inuse: 18, idle: 43, sys: 62, released: 32, consumed: 29 (MB)
scvg: 0 MB released
scvg: inuse: 18, idle: 43, sys: 62, released: 32, consumed: 29 (MB)
scvg: 0 MB released
scvg: inuse: 18, idle: 43, sys: 62, released: 32, consumed: 29 (MB)
scvg: 0 MB released
scvg: inuse: 18, idle: 43, sys: 62, released: 32, consumed: 29 (MB)
scvg: 0 MB released
scvg: inuse: 18, idle: 43, sys: 62, released: 32, consumed: 29 (MB)
scvg: 0 MB released
scvg: inuse: 18, idle: 43, sys: 62, released: 32, consumed: 29 (MB)
scvg: 0 MB released
scvg: inuse: 18, idle: 43, sys: 62, released: 32, consumed: 29 (MB)
scvg: 0 MB released
scvg: inuse: 18, idle: 43, sys: 62, released: 32, consumed: 29 (MB)
scvg: 0 MB released
scvg: inuse: 18, idle: 43, sys: 62, released: 32, consumed: 29 (MB)
scvg: 0 MB released
scvg: inuse: 18, idle: 43, sys: 62, released: 32, consumed: 29 (MB)
scvg: 0 MB released
scvg: inuse: 18, idle: 43, sys: 62, released: 32, consumed: 29 (MB)
scvg: 0 MB released
scvg: inuse: 18, idle: 43, sys: 62, released: 32, consumed: 29 (MB)
scvg: 0 MB released
scvg: inuse: 18, idle: 43, sys: 62, released: 32, consumed: 29 (MB)
scvg: 0 MB released
scvg: inuse: 18, idle: 43, sys: 62, released: 32, consumed: 29 (MB)
scvg: 0 MB released
scvg: inuse: 18, idle: 43, sys: 62, released: 32, consumed: 29 (MB)
scvg: 0 MB released
scvg: inuse: 18, idle: 43, sys: 62, released: 32, consumed: 29 (MB)
scvg: 0 MB released
scvg: inuse: 18, idle: 43, sys: 62, released: 32, consumed: 29 (MB)
scvg: 0 MB released
scvg: inuse: 18, idle: 43, sys: 62, released: 32, consumed: 29 (MB)
scvg: 0 MB released
scvg: inuse: 18, idle: 43, sys: 62, released: 32, consumed: 29 (MB)
scvg: 0 MB released
scvg: inuse: 18, idle: 43, sys: 62, released: 32, consumed: 29 (MB)
scvg: 0 MB released
scvg: inuse: 18, idle: 43, sys: 62, released: 32, consumed: 29 (MB)
scvg: 0 MB released
scvg: inuse: 18, idle: 43, sys: 62, released: 32, consumed: 29 (MB)
scvg: 0 MB released
scvg: inuse: 18, idle: 43, sys: 62, released: 32, consumed: 29 (MB)
scvg: 0 MB released
scvg: inuse: 18, idle: 43, sys: 62, released: 32, consumed: 29 (MB)
scvg: 0 MB released
scvg: inuse: 18, idle: 43, sys: 62, released: 32, consumed: 29 (MB)
scvg: 0 MB released
scvg: inuse: 18, idle: 43, sys: 62, released: 32, consumed: 29 (MB)
scvg: 0 MB released
scvg: inuse: 18, idle: 43, sys: 62, released: 32, consumed: 29 (MB)
scvg: 0 MB released
scvg: inuse: 18, idle: 43, sys: 62, released: 32, consumed: 29 (MB)
scvg: 0 MB released
scvg: inuse: 18, idle: 43, sys: 62, released: 32, consumed: 29 (MB)
scvg: 0 MB released
scvg: inuse: 18, idle: 43, sys: 62, released: 32, consumed: 29 (MB)
scvg: 0 MB released
scvg: inuse: 18, idle: 43, sys: 62, released: 32, consumed: 29 (MB)
scvg: 0 MB released
scvg: inuse: 18, idle: 43, sys: 62, released: 32, consumed: 29 (MB)
scvg: 0 MB released
scvg: inuse: 18, idle: 43, sys: 62, released: 32, consumed: 29 (MB)
scvg: 0 MB released
scvg: inuse: 18, idle: 43, sys: 62, released: 32, consumed: 29 (MB)
scvg: 0 MB released
scvg: inuse: 18, idle: 43, sys: 62, released: 32, consumed: 29 (MB)
scvg: 0 MB released
scvg: inuse: 18, idle: 43, sys: 62, released: 32, consumed: 29 (MB)
scvg: 0 MB released
scvg: inuse: 18, idle: 43, sys: 62, released: 32, consumed: 29 (MB)
scvg: 0 MB released
scvg: inuse: 19, idle: 43, sys: 62, released: 32, consumed: 29 (MB)
scvg: 0 MB released
scvg: inuse: 19, idle: 43, sys: 62, released: 32, consumed: 29 (MB)
scvg: 0 MB released
scvg: inuse: 19, idle: 43, sys: 62, released: 32, consumed: 29 (MB)
scvg: 0 MB released
scvg: inuse: 19, idle: 43, sys: 62, released: 32, consumed: 29 (MB)
scvg: 0 MB released
scvg: inuse: 19, idle: 43, sys: 62, released: 32, consumed: 29 (MB)
scvg: 0 MB released
scvg: inuse: 19, idle: 43, sys: 62, released: 32, consumed: 29 (MB)
scvg: 0 MB released
scvg: inuse: 19, idle: 43, sys: 62, released: 32, consumed: 29 (MB)
scvg: 0 MB released
scvg: inuse: 19, idle: 43, sys: 62, released: 32, consumed: 29 (MB)
scvg: 0 MB released
scvg: inuse: 19, idle: 43, sys: 62, released: 32, consumed: 29 (MB)
scvg: 0 MB released
scvg: inuse: 19, idle: 43, sys: 62, released: 32, consumed: 29 (MB)
scvg: 0 MB released
scvg: inuse: 19, idle: 43, sys: 62, released: 32, consumed: 29 (MB)
scvg: 0 MB released
scvg: inuse: 19, idle: 43, sys: 62, released: 32, consumed: 29 (MB)
scvg: 0 MB released
scvg: inuse: 19, idle: 43, sys: 62, released: 32, consumed: 29 (MB)
scvg: 0 MB released
scvg: inuse: 19, idle: 43, sys: 62, released: 32, consumed: 29 (MB)
scvg: 0 MB released
scvg: inuse: 19, idle: 43, sys: 62, released: 32, consumed: 29 (MB)
scvg: 0 MB released
scvg: inuse: 19, idle: 43, sys: 62, released: 32, consumed: 29 (MB)
scvg: 0 MB released
scvg: inuse: 19, idle: 43, sys: 62, released: 32, consumed: 29 (MB)
scvg: 0 MB released
scvg: inuse: 19, idle: 43, sys: 62, released: 32, consumed: 29 (MB)
scvg: 0 MB released
scvg: inuse: 19, idle: 43, sys: 62, released: 32, consumed: 29 (MB)
scvg: 0 MB released
scvg: inuse: 19, idle: 43, sys: 62, released: 32, consumed: 29 (MB)
scvg: 0 MB released
scvg: inuse: 19, idle: 43, sys: 62, released: 32, consumed: 29 (MB)
scvg: 0 MB released
scvg: inuse: 19, idle: 43, sys: 62, released: 32, consumed: 29 (MB)
scvg: 0 MB released
scvg: inuse: 19, idle: 43, sys: 62, released: 32, consumed: 29 (MB)
scvg: 0 MB released
scvg: inuse: 19, idle: 43, sys: 62, released: 32, consumed: 29 (MB)
scvg: 0 MB released
scvg: inuse: 19, idle: 43, sys: 62, released: 32, consumed: 29 (MB)
scvg: 0 MB released
scvg: inuse: 19, idle: 43, sys: 62, released: 32, consumed: 29 (MB)
scvg: 0 MB released
scvg: inuse: 19, idle: 43, sys: 62, released: 32, consumed: 29 (MB)
scvg: 0 MB released
scvg: inuse: 19, idle: 43, sys: 62, released: 32, consumed: 29 (MB)
scvg: 0 MB released
scvg: inuse: 19, idle: 43, sys: 62, released: 32, consumed: 29 (MB)
scvg: 0 MB released
scvg: inuse: 19, idle: 43, sys: 62, released: 32, consumed: 29 (MB)
scvg: 0 MB released
scvg: inuse: 19, idle: 43, sys: 62, released: 32, consumed: 29 (MB)
scvg: 0 MB released
scvg: inuse: 19, idle: 43, sys: 62, released: 32, consumed: 29 (MB)
scvg: 0 MB released
scvg: inuse: 19, idle: 43, sys: 62, released: 32, consumed: 29 (MB)
scvg: 0 MB released
scvg: inuse: 19, idle: 43, sys: 62, released: 32, consumed: 29 (MB)
scvg: 0 MB released
scvg: inuse: 19, idle: 43, sys: 62, released: 32, consumed: 29 (MB)
scvg: 0 MB released
scvg: inuse: 19, idle: 43, sys: 62, released: 33, consumed: 29 (MB)
scvg: 0 MB released
scvg: inuse: 19, idle: 43, sys: 62, released: 33, consumed: 29 (MB)
scvg: 0 MB released
scvg: inuse: 19, idle: 43, sys: 62, released: 33, consumed: 29 (MB)
scvg: 0 MB released
scvg: inuse: 19, idle: 43, sys: 62, released: 33, consumed: 29 (MB)
scvg: 0 MB released
scvg: inuse: 19, idle: 43, sys: 62, released: 33, consumed: 29 (MB)
scvg: 0 MB released
scvg: inuse: 19, idle: 43, sys: 62, released: 33, consumed: 29 (MB)
scvg: 0 MB released
scvg: inuse: 19, idle: 43, sys: 62, released: 33, consumed: 29 (MB)
scvg: 0 MB released
scvg: inuse: 19, idle: 43, sys: 62, released: 33, consumed: 29 (MB)
scvg: 0 MB released
scvg: inuse: 19, idle: 43, sys: 62, released: 33, consumed: 29 (MB)
scvg: 0 MB released
scvg: inuse: 19, idle: 43, sys: 62, released: 33, consumed: 29 (MB)
scvg: 0 MB released
scvg: inuse: 19, idle: 43, sys: 62, released: 33, consumed: 29 (MB)
scvg: 0 MB released
scvg: inuse: 19, idle: 43, sys: 62, released: 33, consumed: 29 (MB)
scvg: 0 MB released
scvg: inuse: 19, idle: 43, sys: 62, released: 33, consumed: 29 (MB)
scvg: 0 MB released
scvg: inuse: 19, idle: 43, sys: 62, released: 33, consumed: 29 (MB)
scvg: 0 MB released
scvg: inuse: 19, idle: 43, sys: 62, released: 33, consumed: 29 (MB)
scvg: 0 MB released
scvg: inuse: 19, idle: 43, sys: 62, released: 33, consumed: 29 (MB)
scvg: 0 MB released
scvg: inuse: 19, idle: 43, sys: 62, released: 33, consumed: 29 (MB)
scvg: 0 MB released
scvg: inuse: 19, idle: 43, sys: 62, released: 33, consumed: 29 (MB)
scvg: 0 MB released
scvg: inuse: 19, idle: 43, sys: 62, released: 33, consumed: 29 (MB)
scvg: 0 MB released
scvg: inuse: 19, idle: 43, sys: 62, released: 33, consumed: 29 (MB)
scvg: 0 MB released
scvg: inuse: 19, idle: 43, sys: 62, released: 33, consumed: 29 (MB)
scvg: 0 MB released
scvg: inuse: 19, idle: 43, sys: 62, released: 33, consumed: 29 (MB)
scvg: 0 MB released
scvg: inuse: 19, idle: 43, sys: 62, released: 33, consumed: 29 (MB)
scvg: 0 MB released
scvg: inuse: 19, idle: 43, sys: 62, released: 33, consumed: 29 (MB)
scvg: 0 MB released
scvg: inuse: 19, idle: 43, sys: 62, released: 33, consumed: 29 (MB)
scvg: 0 MB released
scvg: inuse: 19, idle: 43, sys: 62, released: 33, consumed: 29 (MB)
scvg: 0 MB released
scvg: inuse: 19, idle: 43, sys: 62, released: 33, consumed: 29 (MB)
scvg: 0 MB released
scvg: inuse: 19, idle: 43, sys: 62, released: 33, consumed: 29 (MB)
scvg: 0 MB released
scvg: inuse: 19, idle: 43, sys: 62, released: 33, consumed: 29 (MB)
scvg: 0 MB released
scvg: inuse: 19, idle: 43, sys: 62, released: 33, consumed: 29 (MB)
scvg: 0 MB released
scvg: inuse: 19, idle: 43, sys: 62, released: 33, consumed: 29 (MB)
scvg: 0 MB released
scvg: inuse: 19, idle: 43, sys: 62, released: 33, consumed: 29 (MB)
scvg: 0 MB released
scvg: inuse: 19, idle: 43, sys: 62, released: 33, consumed: 29 (MB)
scvg: 0 MB released
scvg: inuse: 19, idle: 43, sys: 62, released: 33, consumed: 28 (MB)
scvg: 0 MB released
scvg: inuse: 19, idle: 43, sys: 62, released: 33, consumed: 28 (MB)
scvg: 0 MB released
scvg: inuse: 19, idle: 43, sys: 62, released: 33, consumed: 28 (MB)
scvg: 0 MB released
scvg: inuse: 19, idle: 43, sys: 62, released: 33, consumed: 28 (MB)
scvg: 0 MB released
scvg: inuse: 19, idle: 43, sys: 62, released: 33, consumed: 28 (MB)
scvg: 0 MB released
scvg: inuse: 19, idle: 43, sys: 62, released: 33, consumed: 28 (MB)
scvg: 0 MB released
scvg: inuse: 19, idle: 43, sys: 62, released: 33, consumed: 28 (MB)
scvg: 0 MB released
scvg: inuse: 19, idle: 43, sys: 62, released: 33, consumed: 28 (MB)
scvg: 0 MB released
scvg: inuse: 19, idle: 43, sys: 62, released: 33, consumed: 28 (MB)
scvg: 0 MB released
scvg: inuse: 19, idle: 43, sys: 62, released: 33, consumed: 28 (MB)
scvg: 0 MB released
scvg: inuse: 19, idle: 43, sys: 62, released: 33, consumed: 28 (MB)
scvg: 0 MB released
scvg: inuse: 19, idle: 43, sys: 62, released: 33, consumed: 28 (MB)
scvg: 0 MB released
scvg: inuse: 19, idle: 43, sys: 62, released: 33, consumed: 28 (MB)
scvg: 0 MB released
scvg: inuse: 19, idle: 43, sys: 62, released: 33, consumed: 28 (MB)
scvg: 0 MB released
scvg: inuse: 19, idle: 43, sys: 62, released: 33, consumed: 28 (MB)
scvg: 0 MB released
scvg: inuse: 19, idle: 43, sys: 62, released: 33, consumed: 28 (MB)
scvg: 0 MB released
scvg: inuse: 19, idle: 43, sys: 62, released: 33, consumed: 28 (MB)
scvg: 0 MB released
scvg: inuse: 19, idle: 43, sys: 62, released: 33, consumed: 28 (MB)
scvg: 0 MB released
scvg: inuse: 19, idle: 43, sys: 62, released: 33, consumed: 28 (MB)
scvg: 0 MB released
scvg: inuse: 19, idle: 43, sys: 62, released: 33, consumed: 28 (MB)
scvg: 0 MB released
scvg: inuse: 19, idle: 43, sys: 62, released: 33, consumed: 28 (MB)
scvg: 0 MB released
scvg: inuse: 19, idle: 43, sys: 62, released: 33, consumed: 28 (MB)
scvg: 0 MB released
scvg: inuse: 19, idle: 43, sys: 62, released: 33, consumed: 28 (MB)
scvg: 0 MB released
scvg: inuse: 19, idle: 43, sys: 62, released: 33, consumed: 28 (MB)
scvg: 0 MB released
scvg: inuse: 19, idle: 43, sys: 62, released: 33, consumed: 28 (MB)
scvg: 0 MB released
scvg: inuse: 19, idle: 43, sys: 62, released: 33, consumed: 28 (MB)
scvg: 0 MB released
scvg: inuse: 19, idle: 43, sys: 62, released: 33, consumed: 28 (MB)
scvg: 0 MB released
scvg: inuse: 19, idle: 43, sys: 62, released: 33, consumed: 28 (MB)
scvg: 0 MB released
scvg: inuse: 19, idle: 43, sys: 62, released: 33, consumed: 28 (MB)
scvg: 0 MB released
scvg: inuse: 19, idle: 43, sys: 62, released: 33, consumed: 28 (MB)
scvg: 0 MB released
scvg: inuse: 19, idle: 43, sys: 62, released: 33, consumed: 28 (MB)
scvg: 0 MB released
scvg: inuse: 19, idle: 43, sys: 62, released: 33, consumed: 28 (MB)
scvg: 0 MB released
scvg: inuse: 19, idle: 43, sys: 62, released: 33, consumed: 28 (MB)
scvg: 0 MB released
scvg: inuse: 19, idle: 43, sys: 62, released: 33, consumed: 28 (MB)
scvg: 0 MB released
scvg: inuse: 19, idle: 43, sys: 62, released: 33, consumed: 28 (MB)
scvg: 0 MB released
scvg: inuse: 19, idle: 43, sys: 62, released: 33, consumed: 28 (MB)
scvg: 0 MB released
scvg: inuse: 19, idle: 43, sys: 62, released: 33, consumed: 28 (MB)
scvg: 0 MB released
scvg: inuse: 19, idle: 43, sys: 62, released: 33, consumed: 28 (MB)
scvg: 0 MB released
scvg: inuse: 19, idle: 43, sys: 62, released: 33, consumed: 28 (MB)
scvg: 0 MB released
scvg: inuse: 19, idle: 43, sys: 62, released: 33, consumed: 28 (MB)
scvg: 0 MB released
scvg: inuse: 19, idle: 43, sys: 62, released: 33, consumed: 28 (MB)
scvg: 0 MB released
scvg: inuse: 19, idle: 43, sys: 62, released: 33, consumed: 28 (MB)
scvg: 0 MB released
scvg: inuse: 19, idle: 43, sys: 62, released: 33, consumed: 28 (MB)
scvg: 0 MB released
scvg: inuse: 19, idle: 43, sys: 62, released: 33, consumed: 28 (MB)
scvg: 0 MB released
scvg: inuse: 19, idle: 43, sys: 62, released: 33, consumed: 28 (MB)
scvg: 0 MB released
scvg: inuse: 19, idle: 43, sys: 62, released: 33, consumed: 28 (MB)
scvg: 0 MB released
scvg: inuse: 19, idle: 43, sys: 62, released: 33, consumed: 28 (MB)
scvg: 0 MB released
scvg: inuse: 19, idle: 43, sys: 62, released: 33, consumed: 28 (MB)
scvg: 0 MB released
scvg: inuse: 19, idle: 43, sys: 62, released: 33, consumed: 28 (MB)
scvg: 0 MB released
scvg: inuse: 19, idle: 43, sys: 62, released: 33, consumed: 28 (MB)
scvg: 0 MB released
scvg: inuse: 19, idle: 43, sys: 62, released: 33, consumed: 28 (MB)
scvg: 0 MB released
scvg: inuse: 19, idle: 43, sys: 62, released: 33, consumed: 28 (MB)
scvg: 0 MB released
scvg: inuse: 19, idle: 43, sys: 62, released: 33, consumed: 28 (MB)
scvg: 0 MB released
scvg: inuse: 19, idle: 43, sys: 62, released: 33, consumed: 28 (MB)
scvg: 0 MB released
scvg: inuse: 19, idle: 43, sys: 62, released: 33, consumed: 28 (MB)
scvg: 0 MB released
scvg: inuse: 19, idle: 43, sys: 62, released: 33, consumed: 28 (MB)
scvg: 0 MB released
scvg: inuse: 19, idle: 43, sys: 62, released: 33, consumed: 28 (MB)
scvg: 0 MB released
scvg: inuse: 19, idle: 43, sys: 62, released: 33, consumed: 28 (MB)
scvg: 0 MB released
scvg: inuse: 19, idle: 43, sys: 62, released: 33, consumed: 28 (MB)
scvg: 0 MB released
scvg: inuse: 19, idle: 43, sys: 62, released: 33, consumed: 28 (MB)
scvg: 0 MB released
scvg: inuse: 19, idle: 43, sys: 62, released: 33, consumed: 28 (MB)
scvg: 0 MB released
scvg: inuse: 19, idle: 43, sys: 62, released: 33, consumed: 28 (MB)
scvg: 0 MB released
scvg: inuse: 19, idle: 43, sys: 62, released: 33, consumed: 28 (MB)
scvg: 0 MB released
scvg: inuse: 19, idle: 43, sys: 62, released: 33, consumed: 28 (MB)
scvg: 0 MB released
scvg: inuse: 19, idle: 43, sys: 62, released: 33, consumed: 28 (MB)
scvg: 0 MB released
scvg: inuse: 19, idle: 43, sys: 62, released: 33, consumed: 28 (MB)
scvg: 0 MB released
scvg: inuse: 19, idle: 43, sys: 62, released: 33, consumed: 28 (MB)
scvg: 0 MB released
scvg: inuse: 19, idle: 43, sys: 62, released: 33, consumed: 28 (MB)
scvg: 0 MB released
scvg: inuse: 19, idle: 43, sys: 62, released: 33, consumed: 28 (MB)
scvg: 0 MB released
scvg: inuse: 19, idle: 43, sys: 62, released: 33, consumed: 28 (MB)
scvg: 0 MB released
scvg: inuse: 19, idle: 43, sys: 62, released: 33, consumed: 28 (MB)
scvg: 0 MB released
scvg: inuse: 19, idle: 43, sys: 62, released: 33, consumed: 28 (MB)
scvg: 0 MB released
scvg: inuse: 19, idle: 43, sys: 62, released: 33, consumed: 28 (MB)
scvg: 0 MB released
scvg: inuse: 19, idle: 43, sys: 62, released: 33, consumed: 28 (MB)
scvg: 0 MB released
scvg: inuse: 19, idle: 43, sys: 62, released: 33, consumed: 28 (MB)
scvg: 0 MB released
scvg: inuse: 19, idle: 43, sys: 62, released: 33, consumed: 28 (MB)
scvg: 0 MB released
scvg: inuse: 19, idle: 43, sys: 62, released: 33, consumed: 28 (MB)
scvg: 0 MB released
scvg: inuse: 19, idle: 43, sys: 62, released: 33, consumed: 28 (MB)
scvg: 0 MB released
scvg: inuse: 19, idle: 43, sys: 62, released: 33, consumed: 28 (MB)
scvg: 0 MB released
scvg: inuse: 19, idle: 43, sys: 62, released: 33, consumed: 28 (MB)
scvg: 0 MB released
scvg: inuse: 19, idle: 43, sys: 62, released: 33, consumed: 28 (MB)
scvg: 0 MB released
scvg: inuse: 19, idle: 43, sys: 62, released: 33, consumed: 28 (MB)
scvg: 0 MB released
scvg: inuse: 19, idle: 43, sys: 62, released: 33, consumed: 28 (MB)
scvg: 0 MB released
scvg: inuse: 19, idle: 43, sys: 62, released: 33, consumed: 28 (MB)
scvg: 0 MB released
scvg: inuse: 19, idle: 43, sys: 62, released: 33, consumed: 28 (MB)
scvg: 0 MB released
scvg: inuse: 19, idle: 43, sys: 62, released: 33, consumed: 28 (MB)
scvg: 0 MB released
scvg: inuse: 19, idle: 43, sys: 62, released: 33, consumed: 28 (MB)
scvg: 0 MB released
scvg: inuse: 19, idle: 43, sys: 62, released: 33, consumed: 28 (MB)
scvg: 0 MB released
scvg: inuse: 19, idle: 43, sys: 62, released: 33, consumed: 28 (MB)
scvg: 0 MB released
scvg: inuse: 19, idle: 43, sys: 62, released: 33, consumed: 28 (MB)
scvg: 0 MB released
scvg: inuse: 19, idle: 43, sys: 62, released: 33, consumed: 28 (MB)
scvg: 0 MB released
scvg: inuse: 19, idle: 43, sys: 62, released: 33, consumed: 28 (MB)
scvg: 0 MB released
scvg: inuse: 19, idle: 43, sys: 62, released: 33, consumed: 28 (MB)
scvg: 0 MB released
scvg: inuse: 19, idle: 43, sys: 62, released: 33, consumed: 28 (MB)
scvg: 0 MB released
scvg: inuse: 19, idle: 43, sys: 62, released: 33, consumed: 28 (MB)
scvg: 0 MB released
scvg: inuse: 19, idle: 43, sys: 62, released: 34, consumed: 28 (MB)
scvg: 0 MB released
scvg: inuse: 19, idle: 43, sys: 62, released: 34, consumed: 28 (MB)
scvg: 0 MB released
scvg: inuse: 19, idle: 43, sys: 62, released: 34, consumed: 28 (MB)
scvg: 0 MB released
scvg: inuse: 19, idle: 43, sys: 62, released: 34, consumed: 28 (MB)
scvg: 0 MB released
scvg: inuse: 19, idle: 43, sys: 62, released: 34, consumed: 28 (MB)
scvg: 0 MB released
scvg: inuse: 19, idle: 43, sys: 62, released: 34, consumed: 28 (MB)
scvg: 0 MB released
scvg: inuse: 19, idle: 43, sys: 62, released: 34, consumed: 28 (MB)
scvg: 0 MB released
scvg: inuse: 19, idle: 43, sys: 62, released: 34, consumed: 28 (MB)
scvg: 0 MB released
scvg: inuse: 19, idle: 43, sys: 62, released: 34, consumed: 28 (MB)
scvg: 0 MB released
scvg: inuse: 19, idle: 43, sys: 62, released: 34, consumed: 28 (MB)
scvg: 0 MB released
scvg: inuse: 19, idle: 43, sys: 62, released: 34, consumed: 28 (MB)
scvg: 0 MB released
scvg: inuse: 19, idle: 43, sys: 62, released: 34, consumed: 28 (MB)
scvg: 0 MB released
scvg: inuse: 19, idle: 43, sys: 62, released: 34, consumed: 28 (MB)
scvg: 0 MB released
scvg: inuse: 19, idle: 43, sys: 62, released: 34, consumed: 28 (MB)
scvg: 0 MB released
scvg: inuse: 19, idle: 43, sys: 62, released: 34, consumed: 28 (MB)
scvg: 0 MB released
scvg: inuse: 19, idle: 43, sys: 62, released: 34, consumed: 28 (MB)
scvg: 0 MB released
scvg: inuse: 19, idle: 43, sys: 62, released: 34, consumed: 28 (MB)
scvg: 0 MB released
scvg: inuse: 19, idle: 43, sys: 62, released: 34, consumed: 28 (MB)
scvg: 0 MB released
scvg: inuse: 19, idle: 43, sys: 62, released: 34, consumed: 28 (MB)
scvg: 0 MB released
scvg: inuse: 19, idle: 43, sys: 62, released: 34, consumed: 28 (MB)
scvg: 0 MB released
scvg: inuse: 19, idle: 43, sys: 62, released: 34, consumed: 28 (MB)
scvg: 0 MB released
scvg: inuse: 19, idle: 43, sys: 62, released: 34, consumed: 28 (MB)
scvg: 0 MB released
scvg: inuse: 19, idle: 43, sys: 62, released: 34, consumed: 28 (MB)
scvg: 0 MB released
scvg: inuse: 19, idle: 43, sys: 62, released: 34, consumed: 28 (MB)
scvg: 0 MB released
scvg: inuse: 19, idle: 43, sys: 62, released: 34, consumed: 28 (MB)
scvg: 0 MB released
scvg: inuse: 19, idle: 43, sys: 62, released: 34, consumed: 28 (MB)
scvg: 0 MB released
scvg: inuse: 19, idle: 43, sys: 62, released: 34, consumed: 28 (MB)
scvg: 0 MB released
scvg: inuse: 19, idle: 43, sys: 62, released: 34, consumed: 28 (MB)
scvg: 0 MB released
scvg: inuse: 19, idle: 43, sys: 62, released: 34, consumed: 28 (MB)
scvg: 0 MB released
scvg: inuse: 19, idle: 43, sys: 62, released: 34, consumed: 28 (MB)
scvg: 0 MB released
scvg: inuse: 19, idle: 43, sys: 62, released: 34, consumed: 28 (MB)
scvg: 0 MB released
scvg: inuse: 19, idle: 43, sys: 62, released: 34, consumed: 28 (MB)
scvg: 0 MB released
scvg: inuse: 19, idle: 43, sys: 62, released: 34, consumed: 28 (MB)
scvg: 0 MB released
scvg: inuse: 19, idle: 43, sys: 62, released: 34, consumed: 27 (MB)
scvg: 0 MB released
scvg: inuse: 19, idle: 43, sys: 62, released: 34, consumed: 27 (MB)
scvg: 0 MB released
scvg: inuse: 19, idle: 43, sys: 62, released: 34, consumed: 27 (MB)
scvg: 0 MB released
scvg: inuse: 19, idle: 43, sys: 62, released: 34, consumed: 27 (MB)
scvg: 0 MB released
scvg: inuse: 19, idle: 43, sys: 62, released: 34, consumed: 27 (MB)
scvg: 0 MB released
scvg: inuse: 19, idle: 43, sys: 62, released: 34, consumed: 27 (MB)
scvg: 0 MB released
scvg: inuse: 19, idle: 43, sys: 62, released: 34, consumed: 27 (MB)
scvg: 0 MB released
scvg: inuse: 19, idle: 43, sys: 62, released: 34, consumed: 27 (MB)
scvg: 0 MB released
scvg: inuse: 19, idle: 43, sys: 62, released: 34, consumed: 27 (MB)
scvg: 0 MB released
scvg: inuse: 19, idle: 43, sys: 62, released: 34, consumed: 27 (MB)
scvg: 0 MB released
scvg: inuse: 19, idle: 43, sys: 62, released: 34, consumed: 27 (MB)
scvg: 0 MB released
scvg: inuse: 19, idle: 43, sys: 62, released: 34, consumed: 27 (MB)
scvg: 0 MB released
scvg: inuse: 19, idle: 43, sys: 62, released: 34, consumed: 27 (MB)
scvg: 0 MB released
scvg: inuse: 19, idle: 43, sys: 62, released: 34, consumed: 27 (MB)
scvg: 0 MB released
scvg: inuse: 19, idle: 43, sys: 62, released: 34, consumed: 27 (MB)
scvg: 0 MB released
scvg: inuse: 19, idle: 43, sys: 62, released: 34, consumed: 27 (MB)
scvg: 0 MB released
scvg: inuse: 19, idle: 43, sys: 62, released: 34, consumed: 27 (MB)
scvg: 0 MB released
scvg: inuse: 19, idle: 43, sys: 62, released: 34, consumed: 27 (MB)
scvg: 0 MB released
scvg: inuse: 19, idle: 43, sys: 62, released: 34, consumed: 27 (MB)
scvg: 0 MB released
scvg: inuse: 19, idle: 43, sys: 62, released: 34, consumed: 27 (MB)
scvg: 0 MB released
scvg: inuse: 19, idle: 43, sys: 62, released: 34, consumed: 27 (MB)
scvg: 0 MB released
scvg: inuse: 19, idle: 43, sys: 62, released: 34, consumed: 27 (MB)
scvg: 0 MB released
scvg: inuse: 19, idle: 43, sys: 62, released: 34, consumed: 27 (MB)
scvg: 0 MB released
scvg: inuse: 19, idle: 43, sys: 62, released: 34, consumed: 27 (MB)
scvg: 0 MB released
scvg: inuse: 19, idle: 43, sys: 62, released: 34, consumed: 27 (MB)
scvg: 0 MB released
scvg: inuse: 19, idle: 43, sys: 62, released: 34, consumed: 27 (MB)
scvg: 0 MB released
scvg: inuse: 19, idle: 43, sys: 62, released: 34, consumed: 27 (MB)
scvg: 0 MB released
scvg: inuse: 19, idle: 43, sys: 62, released: 34, consumed: 27 (MB)
scvg: 0 MB released
scvg: inuse: 19, idle: 43, sys: 62, released: 34, consumed: 27 (MB)
scvg: 0 MB released
scvg: inuse: 19, idle: 43, sys: 62, released: 34, consumed: 27 (MB)
scvg: 0 MB released
scvg: inuse: 19, idle: 43, sys: 62, released: 34, consumed: 27 (MB)
scvg: 0 MB released
scvg: inuse: 19, idle: 43, sys: 62, released: 34, consumed: 27 (MB)
scvg: 0 MB released
scvg: inuse: 19, idle: 43, sys: 62, released: 34, consumed: 27 (MB)
scvg: 0 MB released
scvg: inuse: 19, idle: 43, sys: 62, released: 34, consumed: 27 (MB)
scvg: 0 MB released
scvg: inuse: 19, idle: 43, sys: 62, released: 34, consumed: 27 (MB)
scvg: 0 MB released
scvg: inuse: 19, idle: 43, sys: 62, released: 34, consumed: 27 (MB)
scvg: 0 MB released
scvg: inuse: 19, idle: 43, sys: 62, released: 34, consumed: 27 (MB)
scvg: 0 MB released
scvg: inuse: 19, idle: 43, sys: 62, released: 34, consumed: 27 (MB)
scvg: 0 MB released
scvg: inuse: 19, idle: 43, sys: 62, released: 34, consumed: 27 (MB)
scvg: 0 MB released
scvg: inuse: 19, idle: 43, sys: 62, released: 34, consumed: 27 (MB)
scvg: 0 MB released
scvg: inuse: 19, idle: 43, sys: 62, released: 34, consumed: 27 (MB)
scvg: 0 MB released
scvg: inuse: 19, idle: 43, sys: 62, released: 34, consumed: 27 (MB)
scvg: 0 MB released
scvg: inuse: 19, idle: 43, sys: 62, released: 34, consumed: 27 (MB)
scvg: 0 MB released
scvg: inuse: 19, idle: 43, sys: 62, released: 34, consumed: 27 (MB)
scvg: 0 MB released
scvg: inuse: 19, idle: 43, sys: 62, released: 34, consumed: 27 (MB)
scvg: 0 MB released
scvg: inuse: 19, idle: 43, sys: 62, released: 34, consumed: 27 (MB)
scvg: 0 MB released
scvg: inuse: 19, idle: 43, sys: 62, released: 34, consumed: 27 (MB)
scvg: 0 MB released
scvg: inuse: 19, idle: 43, sys: 62, released: 34, consumed: 27 (MB)
scvg: 0 MB released
scvg: inuse: 19, idle: 43, sys: 62, released: 34, consumed: 27 (MB)
scvg: 0 MB released
scvg: inuse: 19, idle: 43, sys: 62, released: 34, consumed: 27 (MB)
scvg: 0 MB released
scvg: inuse: 19, idle: 43, sys: 62, released: 34, consumed: 27 (MB)
scvg: 0 MB released
scvg: inuse: 19, idle: 43, sys: 62, released: 34, consumed: 27 (MB)
scvg: 0 MB released
scvg: inuse: 19, idle: 43, sys: 62, released: 34, consumed: 27 (MB)
scvg: 0 MB released
scvg: inuse: 19, idle: 43, sys: 62, released: 34, consumed: 27 (MB)
scvg: 0 MB released
scvg: inuse: 19, idle: 43, sys: 62, released: 34, consumed: 27 (MB)
scvg: 0 MB released
scvg: inuse: 19, idle: 43, sys: 62, released: 34, consumed: 27 (MB)
scvg: 0 MB released
scvg: inuse: 19, idle: 43, sys: 62, released: 34, consumed: 27 (MB)
scvg: 0 MB released
scvg: inuse: 19, idle: 43, sys: 62, released: 34, consumed: 27 (MB)
scvg: 0 MB released
scvg: inuse: 19, idle: 43, sys: 62, released: 34, consumed: 27 (MB)
scvg: 0 MB released
scvg: inuse: 19, idle: 43, sys: 62, released: 34, consumed: 27 (MB)
scvg: 0 MB released
scvg: inuse: 19, idle: 43, sys: 62, released: 34, consumed: 27 (MB)
scvg: 0 MB released
scvg: inuse: 19, idle: 43, sys: 62, released: 34, consumed: 27 (MB)
scvg: 0 MB released
scvg: inuse: 19, idle: 43, sys: 62, released: 34, consumed: 27 (MB)
scvg: 0 MB released
scvg: inuse: 19, idle: 43, sys: 62, released: 34, consumed: 27 (MB)
scvg: 0 MB released
scvg: inuse: 19, idle: 43, sys: 62, released: 34, consumed: 27 (MB)
scvg: 0 MB released
scvg: inuse: 19, idle: 43, sys: 62, released: 34, consumed: 27 (MB)
scvg: 0 MB released
scvg: inuse: 19, idle: 43, sys: 62, released: 34, consumed: 27 (MB)
scvg: 0 MB released
scvg: inuse: 19, idle: 43, sys: 62, released: 34, consumed: 27 (MB)
scvg: 0 MB released
scvg: inuse: 19, idle: 43, sys: 62, released: 34, consumed: 27 (MB)
scvg: 0 MB released
scvg: inuse: 19, idle: 43, sys: 62, released: 34, consumed: 27 (MB)
scvg: 0 MB released
scvg: inuse: 19, idle: 43, sys: 62, released: 34, consumed: 27 (MB)
scvg: 0 MB released
scvg: inuse: 19, idle: 43, sys: 62, released: 34, consumed: 27 (MB)
scvg: 0 MB released
scvg: inuse: 19, idle: 43, sys: 62, released: 34, consumed: 27 (MB)
scvg: 0 MB released
scvg: inuse: 19, idle: 43, sys: 62, released: 34, consumed: 27 (MB)
scvg: 0 MB released
scvg: inuse: 19, idle: 43, sys: 62, released: 34, consumed: 27 (MB)
scvg: 0 MB released
scvg: inuse: 19, idle: 43, sys: 62, released: 34, consumed: 27 (MB)
scvg: 0 MB released
scvg: inuse: 19, idle: 43, sys: 62, released: 34, consumed: 27 (MB)
scvg: 0 MB released
scvg: inuse: 19, idle: 43, sys: 62, released: 34, consumed: 27 (MB)
scvg: 0 MB released
scvg: inuse: 19, idle: 43, sys: 62, released: 34, consumed: 27 (MB)
scvg: 0 MB released
scvg: inuse: 19, idle: 43, sys: 62, released: 34, consumed: 27 (MB)
scvg: 0 MB released
scvg: inuse: 19, idle: 43, sys: 62, released: 34, consumed: 27 (MB)
scvg: 0 MB released
scvg: inuse: 19, idle: 43, sys: 62, released: 34, consumed: 27 (MB)
scvg: 0 MB released
scvg: inuse: 19, idle: 43, sys: 62, released: 34, consumed: 27 (MB)
scvg: 0 MB released
scvg: inuse: 19, idle: 43, sys: 62, released: 34, consumed: 27 (MB)
scvg: 0 MB released
scvg: inuse: 19, idle: 43, sys: 62, released: 34, consumed: 27 (MB)
scvg: 0 MB released
scvg: inuse: 19, idle: 43, sys: 62, released: 34, consumed: 27 (MB)
scvg: 0 MB released
scvg: inuse: 19, idle: 43, sys: 62, released: 34, consumed: 27 (MB)
scvg: 0 MB released
scvg: inuse: 19, idle: 43, sys: 62, released: 34, consumed: 27 (MB)
scvg: 0 MB released
scvg: inuse: 19, idle: 43, sys: 62, released: 34, consumed: 27 (MB)
scvg: 0 MB released
scvg: inuse: 19, idle: 43, sys: 62, released: 34, consumed: 27 (MB)
scvg: 0 MB released
scvg: inuse: 19, idle: 43, sys: 62, released: 34, consumed: 27 (MB)
scvg: 0 MB released
scvg: inuse: 19, idle: 43, sys: 62, released: 34, consumed: 27 (MB)
scvg: 0 MB released
scvg: inuse: 19, idle: 43, sys: 62, released: 34, consumed: 27 (MB)
scvg: 0 MB released
scvg: inuse: 19, idle: 43, sys: 62, released: 34, consumed: 27 (MB)
scvg: 0 MB released
scvg: inuse: 19, idle: 43, sys: 62, released: 34, consumed: 27 (MB)
scvg: 0 MB released
scvg: inuse: 19, idle: 43, sys: 62, released: 35, consumed: 27 (MB)
scvg: 0 MB released
scvg: inuse: 19, idle: 43, sys: 62, released: 35, consumed: 27 (MB)
scvg: 0 MB released
scvg: inuse: 19, idle: 43, sys: 62, released: 35, consumed: 27 (MB)
scvg: 0 MB released
scvg: inuse: 19, idle: 43, sys: 62, released: 35, consumed: 27 (MB)
scvg: 0 MB released
scvg: inuse: 19, idle: 43, sys: 62, released: 35, consumed: 27 (MB)
scvg: 0 MB released
scvg: inuse: 19, idle: 43, sys: 62, released: 35, consumed: 27 (MB)
scvg: 0 MB released
scvg: inuse: 19, idle: 43, sys: 62, released: 35, consumed: 27 (MB)
scvg: 0 MB released
scvg: inuse: 19, idle: 43, sys: 62, released: 35, consumed: 27 (MB)
scvg: 0 MB released
scvg: inuse: 19, idle: 43, sys: 62, released: 35, consumed: 27 (MB)
scvg: 0 MB released
scvg: inuse: 19, idle: 43, sys: 62, released: 35, consumed: 27 (MB)
scvg: 0 MB released
scvg: inuse: 19, idle: 43, sys: 62, released: 35, consumed: 27 (MB)
scvg: 0 MB released
scvg: inuse: 19, idle: 43, sys: 62, released: 35, consumed: 27 (MB)
scvg: 0 MB released
scvg: inuse: 19, idle: 43, sys: 62, released: 35, consumed: 27 (MB)
scvg: 0 MB released
scvg: inuse: 19, idle: 43, sys: 62, released: 35, consumed: 27 (MB)
scvg: 0 MB released
scvg: inuse: 19, idle: 43, sys: 62, released: 35, consumed: 27 (MB)
scvg: 0 MB released
scvg: inuse: 19, idle: 43, sys: 62, released: 35, consumed: 27 (MB)
scvg: 0 MB released
scvg: inuse: 19, idle: 43, sys: 62, released: 35, consumed: 27 (MB)
scvg: 0 MB released
scvg: inuse: 19, idle: 43, sys: 62, released: 35, consumed: 27 (MB)
scvg: 0 MB released
scvg: inuse: 19, idle: 43, sys: 62, released: 35, consumed: 27 (MB)
scvg: 0 MB released
scvg: inuse: 19, idle: 43, sys: 62, released: 35, consumed: 27 (MB)
scvg: 0 MB released
scvg: inuse: 19, idle: 43, sys: 62, released: 35, consumed: 27 (MB)
scvg: 0 MB released
scvg: inuse: 19, idle: 43, sys: 62, released: 35, consumed: 27 (MB)
scvg: 0 MB released
scvg: inuse: 19, idle: 43, sys: 62, released: 35, consumed: 27 (MB)
scvg: 0 MB released
scvg: inuse: 19, idle: 43, sys: 62, released: 35, consumed: 27 (MB)
scvg: 0 MB released
scvg: inuse: 19, idle: 43, sys: 62, released: 35, consumed: 27 (MB)
scvg: 0 MB released
scvg: inuse: 19, idle: 43, sys: 62, released: 35, consumed: 27 (MB)
scvg: 0 MB released
scvg: inuse: 19, idle: 43, sys: 62, released: 35, consumed: 27 (MB)
scvg: 0 MB released
scvg: inuse: 19, idle: 43, sys: 62, released: 35, consumed: 27 (MB)
scvg: 0 MB released
scvg: inuse: 19, idle: 43, sys: 62, released: 35, consumed: 27 (MB)
scvg: 0 MB released
scvg: inuse: 19, idle: 43, sys: 62, released: 35, consumed: 27 (MB)
scvg: 0 MB released
scvg: inuse: 19, idle: 43, sys: 62, released: 35, consumed: 27 (MB)
scvg: 0 MB released
scvg: inuse: 19, idle: 43, sys: 62, released: 35, consumed: 27 (MB)
scvg: 0 MB released
scvg: inuse: 19, idle: 43, sys: 62, released: 35, consumed: 27 (MB)
scvg: 0 MB released
scvg: inuse: 19, idle: 43, sys: 62, released: 35, consumed: 26 (MB)
scvg: 0 MB released
scvg: inuse: 19, idle: 43, sys: 62, released: 35, consumed: 26 (MB)
scvg: 0 MB released
scvg: inuse: 19, idle: 43, sys: 62, released: 35, consumed: 26 (MB)
scvg: 0 MB released
scvg: inuse: 19, idle: 43, sys: 62, released: 35, consumed: 26 (MB)
scvg: 0 MB released
scvg: inuse: 19, idle: 43, sys: 62, released: 35, consumed: 26 (MB)
scvg: 0 MB released
scvg: inuse: 19, idle: 43, sys: 62, released: 35, consumed: 26 (MB)
scvg: 0 MB released
scvg: inuse: 19, idle: 43, sys: 62, released: 35, consumed: 26 (MB)
scvg: 0 MB released
scvg: inuse: 19, idle: 43, sys: 62, released: 35, consumed: 26 (MB)
scvg: 0 MB released
scvg: inuse: 19, idle: 43, sys: 62, released: 35, consumed: 26 (MB)
scvg: 0 MB released
scvg: inuse: 19, idle: 43, sys: 62, released: 35, consumed: 26 (MB)
scvg: 0 MB released
scvg: inuse: 19, idle: 43, sys: 62, released: 35, consumed: 26 (MB)
scvg: 0 MB released
scvg: inuse: 19, idle: 43, sys: 62, released: 35, consumed: 26 (MB)
scvg: 0 MB released
scvg: inuse: 19, idle: 43, sys: 62, released: 35, consumed: 26 (MB)
scvg: 0 MB released
scvg: inuse: 19, idle: 43, sys: 62, released: 35, consumed: 26 (MB)
scvg: 0 MB released
scvg: inuse: 19, idle: 43, sys: 62, released: 35, consumed: 26 (MB)
scvg: 0 MB released
scvg: inuse: 19, idle: 43, sys: 62, released: 35, consumed: 26 (MB)
scvg: 0 MB released
scvg: inuse: 19, idle: 43, sys: 62, released: 35, consumed: 26 (MB)
scvg: 0 MB released
scvg: inuse: 19, idle: 43, sys: 62, released: 35, consumed: 26 (MB)
scvg: 0 MB released
scvg: inuse: 19, idle: 43, sys: 62, released: 35, consumed: 26 (MB)
scvg: 0 MB released
scvg: inuse: 19, idle: 43, sys: 62, released: 35, consumed: 26 (MB)
scvg: 0 MB released
scvg: inuse: 19, idle: 43, sys: 62, released: 35, consumed: 26 (MB)
scvg: 0 MB released
scvg: inuse: 19, idle: 43, sys: 62, released: 35, consumed: 26 (MB)
scvg: 0 MB released
scvg: inuse: 19, idle: 43, sys: 62, released: 35, consumed: 26 (MB)
scvg: 0 MB released
scvg: inuse: 19, idle: 43, sys: 62, released: 35, consumed: 26 (MB)
scvg: 0 MB released
scvg: inuse: 19, idle: 43, sys: 62, released: 35, consumed: 26 (MB)
scvg: 0 MB released
scvg: inuse: 19, idle: 43, sys: 62, released: 35, consumed: 26 (MB)
scvg: 0 MB released
scvg: inuse: 19, idle: 43, sys: 62, released: 35, consumed: 26 (MB)
scvg: 0 MB released
scvg: inuse: 19, idle: 43, sys: 62, released: 35, consumed: 26 (MB)
scvg: 0 MB released
scvg: inuse: 19, idle: 43, sys: 62, released: 35, consumed: 26 (MB)
scvg: 0 MB released
scvg: inuse: 19, idle: 43, sys: 62, released: 35, consumed: 26 (MB)
scvg: 0 MB released
scvg: inuse: 19, idle: 43, sys: 62, released: 35, consumed: 26 (MB)
scvg: 0 MB released
scvg: inuse: 19, idle: 43, sys: 62, released: 35, consumed: 26 (MB)
scvg: 0 MB released
scvg: inuse: 19, idle: 43, sys: 62, released: 35, consumed: 26 (MB)
scvg: 0 MB released
scvg: inuse: 19, idle: 43, sys: 62, released: 35, consumed: 26 (MB)
scvg: 0 MB released
scvg: inuse: 19, idle: 43, sys: 62, released: 35, consumed: 26 (MB)
scvg: 0 MB released
scvg: inuse: 19, idle: 43, sys: 62, released: 35, consumed: 26 (MB)
scvg: 0 MB released
scvg: inuse: 19, idle: 43, sys: 62, released: 35, consumed: 26 (MB)
scvg: 0 MB released
scvg: inuse: 19, idle: 43, sys: 62, released: 35, consumed: 26 (MB)
scvg: 0 MB released
scvg: inuse: 19, idle: 43, sys: 62, released: 35, consumed: 26 (MB)
scvg: 0 MB released
scvg: inuse: 19, idle: 43, sys: 62, released: 35, consumed: 26 (MB)
scvg: 0 MB released
scvg: inuse: 19, idle: 43, sys: 62, released: 35, consumed: 26 (MB)
scvg: 0 MB released
scvg: inuse: 19, idle: 43, sys: 62, released: 35, consumed: 26 (MB)
scvg: 0 MB released
scvg: inuse: 19, idle: 43, sys: 62, released: 35, consumed: 26 (MB)
scvg: 0 MB released
scvg: inuse: 19, idle: 43, sys: 62, released: 35, consumed: 26 (MB)
scvg: 0 MB released
scvg: inuse: 19, idle: 43, sys: 62, released: 35, consumed: 26 (MB)
scvg: 0 MB released
scvg: inuse: 19, idle: 43, sys: 62, released: 35, consumed: 26 (MB)
scvg: 0 MB released
scvg: inuse: 19, idle: 43, sys: 62, released: 35, consumed: 26 (MB)
scvg: 0 MB released
scvg: inuse: 19, idle: 43, sys: 62, released: 35, consumed: 26 (MB)
scvg: 0 MB released
scvg: inuse: 19, idle: 43, sys: 62, released: 35, consumed: 26 (MB)
scvg: 0 MB released
scvg: inuse: 19, idle: 43, sys: 62, released: 35, consumed: 26 (MB)
scvg: 0 MB released
scvg: inuse: 19, idle: 43, sys: 62, released: 35, consumed: 26 (MB)
scvg: 0 MB released
scvg: inuse: 19, idle: 43, sys: 62, released: 35, consumed: 26 (MB)
scvg: 0 MB released
scvg: inuse: 19, idle: 43, sys: 62, released: 35, consumed: 26 (MB)
scvg: 0 MB released
scvg: inuse: 19, idle: 43, sys: 62, released: 35, consumed: 26 (MB)
scvg: 0 MB released
scvg: inuse: 19, idle: 43, sys: 62, released: 35, consumed: 26 (MB)
scvg: 0 MB released
scvg: inuse: 19, idle: 43, sys: 62, released: 35, consumed: 26 (MB)
scvg: 0 MB released
scvg: inuse: 19, idle: 43, sys: 62, released: 35, consumed: 26 (MB)
scvg: 0 MB released
scvg: inuse: 19, idle: 43, sys: 62, released: 35, consumed: 26 (MB)
scvg: 0 MB released
scvg: inuse: 19, idle: 43, sys: 62, released: 35, consumed: 26 (MB)
scvg: 0 MB released
scvg: inuse: 19, idle: 43, sys: 62, released: 35, consumed: 26 (MB)
scvg: 0 MB released
scvg: inuse: 19, idle: 43, sys: 62, released: 35, consumed: 26 (MB)
scvg: 0 MB released
scvg: inuse: 19, idle: 43, sys: 62, released: 35, consumed: 26 (MB)
scvg: 0 MB released
scvg: inuse: 19, idle: 43, sys: 62, released: 35, consumed: 26 (MB)
scvg: 0 MB released
scvg: inuse: 19, idle: 43, sys: 62, released: 35, consumed: 26 (MB)
scvg: 0 MB released
scvg: inuse: 19, idle: 43, sys: 62, released: 35, consumed: 26 (MB)
scvg: 0 MB released
scvg: inuse: 19, idle: 43, sys: 62, released: 35, consumed: 26 (MB)
scvg: 0 MB released
scvg: inuse: 19, idle: 43, sys: 62, released: 35, consumed: 26 (MB)
scvg: 0 MB released
scvg: inuse: 19, idle: 43, sys: 62, released: 35, consumed: 26 (MB)
scvg: 0 MB released
scvg: inuse: 19, idle: 43, sys: 62, released: 35, consumed: 26 (MB)
scvg: 0 MB released
scvg: inuse: 19, idle: 43, sys: 62, released: 35, consumed: 26 (MB)
scvg: 0 MB released
scvg: inuse: 19, idle: 43, sys: 62, released: 35, consumed: 26 (MB)
scvg: 0 MB released
scvg: inuse: 19, idle: 43, sys: 62, released: 35, consumed: 26 (MB)
scvg: 0 MB released
scvg: inuse: 19, idle: 43, sys: 62, released: 35, consumed: 26 (MB)
scvg: 0 MB released
scvg: inuse: 19, idle: 43, sys: 62, released: 35, consumed: 26 (MB)
scvg: 0 MB released
scvg: inuse: 19, idle: 43, sys: 62, released: 35, consumed: 26 (MB)
scvg: 0 MB released
scvg: inuse: 19, idle: 43, sys: 62, released: 35, consumed: 26 (MB)
scvg: 0 MB released
scvg: inuse: 19, idle: 43, sys: 62, released: 35, consumed: 26 (MB)
scvg: 0 MB released
scvg: inuse: 19, idle: 43, sys: 62, released: 35, consumed: 26 (MB)
scvg: 0 MB released
scvg: inuse: 19, idle: 43, sys: 62, released: 35, consumed: 26 (MB)
scvg: 0 MB released
scvg: inuse: 19, idle: 43, sys: 62, released: 35, consumed: 26 (MB)
scvg: 0 MB released
scvg: inuse: 19, idle: 43, sys: 62, released: 35, consumed: 26 (MB)
scvg: 0 MB released
scvg: inuse: 19, idle: 43, sys: 62, released: 35, consumed: 26 (MB)
scvg: 0 MB released
scvg: inuse: 19, idle: 43, sys: 62, released: 35, consumed: 26 (MB)
scvg: 0 MB released
scvg: inuse: 19, idle: 43, sys: 62, released: 35, consumed: 26 (MB)
scvg: 0 MB released
scvg: inuse: 19, idle: 43, sys: 62, released: 35, consumed: 26 (MB)
scvg: 0 MB released
scvg: inuse: 19, idle: 43, sys: 62, released: 35, consumed: 26 (MB)
scvg: 0 MB released
scvg: inuse: 19, idle: 43, sys: 62, released: 35, consumed: 26 (MB)
scvg: 0 MB released
scvg: inuse: 19, idle: 43, sys: 62, released: 35, consumed: 26 (MB)
scvg: 0 MB released
scvg: inuse: 19, idle: 43, sys: 62, released: 35, consumed: 26 (MB)
scvg: 0 MB released
scvg: inuse: 19, idle: 43, sys: 62, released: 35, consumed: 26 (MB)
scvg: 0 MB released
scvg: inuse: 19, idle: 43, sys: 62, released: 35, consumed: 26 (MB)
scvg: 0 MB released
scvg: inuse: 19, idle: 43, sys: 62, released: 35, consumed: 26 (MB)
scvg: 0 MB released
scvg: inuse: 19, idle: 43, sys: 62, released: 35, consumed: 26 (MB)
scvg: 0 MB released
scvg: inuse: 19, idle: 43, sys: 62, released: 35, consumed: 26 (MB)
scvg: 0 MB released
scvg: inuse: 19, idle: 43, sys: 62, released: 35, consumed: 26 (MB)
scvg: 0 MB released
scvg: inuse: 19, idle: 43, sys: 62, released: 36, consumed: 26 (MB)
scvg: 0 MB released
scvg: inuse: 19, idle: 43, sys: 62, released: 36, consumed: 26 (MB)
scvg: 0 MB released
scvg: inuse: 19, idle: 43, sys: 62, released: 36, consumed: 26 (MB)
scvg: 0 MB released
scvg: inuse: 19, idle: 43, sys: 62, released: 36, consumed: 26 (MB)
scvg: 0 MB released
scvg: inuse: 19, idle: 43, sys: 62, released: 36, consumed: 26 (MB)
scvg: 0 MB released
scvg: inuse: 19, idle: 43, sys: 62, released: 36, consumed: 26 (MB)
scvg: 0 MB released
scvg: inuse: 19, idle: 43, sys: 62, released: 36, consumed: 26 (MB)
scvg: 0 MB released
scvg: inuse: 19, idle: 43, sys: 62, released: 36, consumed: 26 (MB)
scvg: 0 MB released
scvg: inuse: 19, idle: 43, sys: 62, released: 36, consumed: 26 (MB)
scvg: 0 MB released
scvg: inuse: 19, idle: 43, sys: 62, released: 36, consumed: 26 (MB)
scvg: 0 MB released
scvg: inuse: 19, idle: 43, sys: 62, released: 36, consumed: 26 (MB)
scvg: 0 MB released
scvg: inuse: 19, idle: 43, sys: 62, released: 36, consumed: 26 (MB)
scvg: 0 MB released
scvg: inuse: 19, idle: 43, sys: 62, released: 36, consumed: 26 (MB)
scvg: 0 MB released
scvg: inuse: 19, idle: 43, sys: 62, released: 36, consumed: 26 (MB)
scvg: 0 MB released
scvg: inuse: 19, idle: 43, sys: 62, released: 36, consumed: 26 (MB)
scvg: 0 MB released
scvg: inuse: 19, idle: 43, sys: 62, released: 36, consumed: 26 (MB)
scvg: 0 MB released
scvg: inuse: 19, idle: 43, sys: 62, released: 36, consumed: 26 (MB)
scvg: 0 MB released
scvg: inuse: 19, idle: 43, sys: 62, released: 36, consumed: 26 (MB)
scvg: 0 MB released
scvg: inuse: 19, idle: 43, sys: 62, released: 36, consumed: 26 (MB)
scvg: 0 MB released
scvg: inuse: 19, idle: 43, sys: 62, released: 36, consumed: 26 (MB)
scvg: 0 MB released
scvg: inuse: 19, idle: 43, sys: 62, released: 36, consumed: 26 (MB)
scvg: 0 MB released
scvg: inuse: 19, idle: 43, sys: 62, released: 36, consumed: 26 (MB)
scvg: 0 MB released
scvg: inuse: 19, idle: 43, sys: 62, released: 36, consumed: 26 (MB)
scvg: 0 MB released
scvg: inuse: 19, idle: 43, sys: 62, released: 36, consumed: 26 (MB)
scvg: 0 MB released
scvg: inuse: 19, idle: 43, sys: 62, released: 36, consumed: 26 (MB)
scvg: 0 MB released
scvg: inuse: 19, idle: 43, sys: 62, released: 36, consumed: 26 (MB)
scvg: 0 MB released
scvg: inuse: 19, idle: 43, sys: 62, released: 36, consumed: 26 (MB)
scvg: 0 MB released
scvg: inuse: 19, idle: 43, sys: 62, released: 36, consumed: 26 (MB)
scvg: 0 MB released
scvg: inuse: 19, idle: 43, sys: 62, released: 36, consumed: 26 (MB)
scvg: 0 MB released
scvg: inuse: 19, idle: 43, sys: 62, released: 36, consumed: 26 (MB)
scvg: 0 MB released
scvg: inuse: 19, idle: 43, sys: 62, released: 36, consumed: 26 (MB)
scvg: 0 MB released
scvg: inuse: 19, idle: 43, sys: 62, released: 36, consumed: 26 (MB)
scvg: 0 MB released
scvg: inuse: 19, idle: 43, sys: 62, released: 36, consumed: 26 (MB)
scvg: 0 MB released
scvg: inuse: 19, idle: 43, sys: 62, released: 36, consumed: 25 (MB)
scvg: 0 MB released
scvg: inuse: 19, idle: 43, sys: 62, released: 36, consumed: 25 (MB)
scvg: 0 MB released
scvg: inuse: 19, idle: 43, sys: 62, released: 36, consumed: 25 (MB)
scvg: 0 MB released
scvg: inuse: 19, idle: 43, sys: 62, released: 36, consumed: 25 (MB)
scvg: 0 MB released
scvg: inuse: 19, idle: 43, sys: 62, released: 36, consumed: 25 (MB)
scvg: 0 MB released
scvg: inuse: 19, idle: 43, sys: 62, released: 36, consumed: 25 (MB)
scvg: 0 MB released
scvg: inuse: 19, idle: 43, sys: 62, released: 36, consumed: 25 (MB)
scvg: 0 MB released
scvg: inuse: 19, idle: 43, sys: 62, released: 36, consumed: 25 (MB)
scvg: 0 MB released
scvg: inuse: 19, idle: 43, sys: 62, released: 36, consumed: 25 (MB)
scvg: 0 MB released
scvg: inuse: 19, idle: 43, sys: 62, released: 36, consumed: 25 (MB)
scvg: 0 MB released
scvg: inuse: 19, idle: 43, sys: 62, released: 36, consumed: 25 (MB)
scvg: 0 MB released
scvg: inuse: 19, idle: 43, sys: 62, released: 36, consumed: 25 (MB)
scvg: 0 MB released
scvg: inuse: 19, idle: 43, sys: 62, released: 36, consumed: 25 (MB)
scvg: 0 MB released
scvg: inuse: 19, idle: 43, sys: 62, released: 36, consumed: 25 (MB)
scvg: 0 MB released
scvg: inuse: 19, idle: 43, sys: 62, released: 36, consumed: 25 (MB)
scvg: 0 MB released
scvg: inuse: 19, idle: 43, sys: 62, released: 36, consumed: 25 (MB)
scvg: 0 MB released
scvg: inuse: 19, idle: 43, sys: 62, released: 36, consumed: 25 (MB)
scvg: 0 MB released
scvg: inuse: 19, idle: 43, sys: 62, released: 36, consumed: 25 (MB)
scvg: 0 MB released
scvg: inuse: 19, idle: 43, sys: 62, released: 36, consumed: 25 (MB)
scvg: 0 MB released
scvg: inuse: 19, idle: 43, sys: 62, released: 36, consumed: 25 (MB)
scvg: 0 MB released
scvg: inuse: 19, idle: 43, sys: 62, released: 36, consumed: 25 (MB)
scvg: 0 MB released
scvg: inuse: 19, idle: 43, sys: 62, released: 36, consumed: 25 (MB)
scvg: 0 MB released
scvg: inuse: 19, idle: 43, sys: 62, released: 36, consumed: 25 (MB)
scvg: 0 MB released
scvg: inuse: 19, idle: 43, sys: 62, released: 36, consumed: 25 (MB)
scvg: 0 MB released
scvg: inuse: 19, idle: 43, sys: 62, released: 36, consumed: 25 (MB)
scvg: 0 MB released
scvg: inuse: 19, idle: 43, sys: 62, released: 36, consumed: 25 (MB)
scvg: 0 MB released
scvg: inuse: 19, idle: 43, sys: 62, released: 36, consumed: 25 (MB)
scvg: 0 MB released
scvg: inuse: 19, idle: 43, sys: 62, released: 36, consumed: 25 (MB)
scvg: 0 MB released
scvg: inuse: 19, idle: 43, sys: 62, released: 36, consumed: 25 (MB)
scvg: 0 MB released
scvg: inuse: 19, idle: 43, sys: 62, released: 36, consumed: 25 (MB)
scvg: 0 MB released
scvg: inuse: 19, idle: 43, sys: 62, released: 36, consumed: 25 (MB)
scvg: 0 MB released
scvg: inuse: 19, idle: 43, sys: 62, released: 36, consumed: 25 (MB)
scvg: 0 MB released
scvg: inuse: 19, idle: 43, sys: 62, released: 36, consumed: 25 (MB)
scvg: 0 MB released
scvg: inuse: 19, idle: 43, sys: 62, released: 36, consumed: 25 (MB)
scvg: 0 MB released
scvg: inuse: 19, idle: 43, sys: 62, released: 36, consumed: 25 (MB)
scvg: 0 MB released
scvg: inuse: 19, idle: 43, sys: 62, released: 36, consumed: 25 (MB)
scvg: 0 MB released
scvg: inuse: 19, idle: 43, sys: 62, released: 36, consumed: 25 (MB)
scvg: 0 MB released
scvg: inuse: 19, idle: 43, sys: 62, released: 36, consumed: 25 (MB)
scvg: 0 MB released
scvg: inuse: 19, idle: 43, sys: 62, released: 36, consumed: 25 (MB)
scvg: 0 MB released
scvg: inuse: 19, idle: 43, sys: 62, released: 36, consumed: 25 (MB)
scvg: 0 MB released
scvg: inuse: 19, idle: 43, sys: 62, released: 36, consumed: 25 (MB)
scvg: 0 MB released
scvg: inuse: 19, idle: 43, sys: 62, released: 36, consumed: 25 (MB)
scvg: 0 MB released
scvg: inuse: 19, idle: 43, sys: 62, released: 36, consumed: 25 (MB)
scvg: 0 MB released
scvg: inuse: 19, idle: 43, sys: 62, released: 36, consumed: 25 (MB)
scvg: 0 MB released
scvg: inuse: 19, idle: 43, sys: 62, released: 36, consumed: 25 (MB)
scvg: 0 MB released
scvg: inuse: 19, idle: 43, sys: 62, released: 36, consumed: 25 (MB)
scvg: 0 MB released
scvg: inuse: 19, idle: 43, sys: 62, released: 36, consumed: 25 (MB)
scvg: 0 MB released
scvg: inuse: 19, idle: 43, sys: 62, released: 36, consumed: 25 (MB)
scvg: 0 MB released
scvg: inuse: 19, idle: 43, sys: 62, released: 36, consumed: 25 (MB)
scvg: 0 MB released
scvg: inuse: 19, idle: 43, sys: 62, released: 36, consumed: 25 (MB)
scvg: 0 MB released
scvg: inuse: 19, idle: 43, sys: 62, released: 36, consumed: 25 (MB)
scvg: 0 MB released
scvg: inuse: 19, idle: 43, sys: 62, released: 36, consumed: 25 (MB)
scvg: 0 MB released
scvg: inuse: 19, idle: 43, sys: 62, released: 36, consumed: 25 (MB)
scvg: 0 MB released
scvg: inuse: 19, idle: 43, sys: 62, released: 36, consumed: 25 (MB)
scvg: 0 MB released
scvg: inuse: 19, idle: 43, sys: 62, released: 36, consumed: 25 (MB)
scvg: 0 MB released
scvg: inuse: 19, idle: 43, sys: 62, released: 36, consumed: 25 (MB)
scvg: 0 MB released
scvg: inuse: 19, idle: 43, sys: 62, released: 36, consumed: 25 (MB)
scvg: 0 MB released
scvg: inuse: 19, idle: 43, sys: 62, released: 36, consumed: 25 (MB)
scvg: 0 MB released
scvg: inuse: 19, idle: 43, sys: 62, released: 36, consumed: 25 (MB)
scvg: 0 MB released
scvg: inuse: 19, idle: 43, sys: 62, released: 36, consumed: 25 (MB)
scvg: 0 MB released
scvg: inuse: 19, idle: 43, sys: 62, released: 36, consumed: 25 (MB)
scvg: 0 MB released
scvg: inuse: 19, idle: 43, sys: 62, released: 36, consumed: 25 (MB)
scvg: 0 MB released
scvg: inuse: 19, idle: 43, sys: 62, released: 36, consumed: 25 (MB)
scvg: 0 MB released
scvg: inuse: 19, idle: 43, sys: 62, released: 36, consumed: 25 (MB)
scvg: 0 MB released
scvg: inuse: 19, idle: 43, sys: 62, released: 36, consumed: 25 (MB)
scvg: 0 MB released
scvg: inuse: 19, idle: 43, sys: 62, released: 36, consumed: 25 (MB)
scvg: 0 MB released
scvg: inuse: 19, idle: 43, sys: 62, released: 36, consumed: 25 (MB)
scvg: 0 MB released
scvg: inuse: 19, idle: 43, sys: 62, released: 36, consumed: 25 (MB)
scvg: 0 MB released
scvg: inuse: 19, idle: 43, sys: 62, released: 36, consumed: 25 (MB)
scvg: 0 MB released
scvg: inuse: 19, idle: 43, sys: 62, released: 36, consumed: 25 (MB)
scvg: 0 MB released
scvg: inuse: 19, idle: 43, sys: 62, released: 36, consumed: 25 (MB)
scvg: 0 MB released
scvg: inuse: 19, idle: 43, sys: 62, released: 36, consumed: 25 (MB)
scvg: 0 MB released
scvg: inuse: 19, idle: 43, sys: 62, released: 36, consumed: 25 (MB)
scvg: 0 MB released
scvg: inuse: 19, idle: 43, sys: 62, released: 36, consumed: 25 (MB)
scvg: 0 MB released
scvg: inuse: 19, idle: 43, sys: 62, released: 36, consumed: 25 (MB)
scvg: 0 MB released
scvg: inuse: 19, idle: 43, sys: 62, released: 36, consumed: 25 (MB)
scvg: 0 MB released
scvg: inuse: 19, idle: 43, sys: 62, released: 36, consumed: 25 (MB)
scvg: 0 MB released
scvg: inuse: 19, idle: 43, sys: 62, released: 36, consumed: 25 (MB)
scvg: 0 MB released
scvg: inuse: 19, idle: 43, sys: 62, released: 36, consumed: 25 (MB)
scvg: 0 MB released
scvg: inuse: 19, idle: 43, sys: 62, released: 36, consumed: 25 (MB)
scvg: 0 MB released
scvg: inuse: 19, idle: 43, sys: 62, released: 36, consumed: 25 (MB)
scvg: 0 MB released
scvg: inuse: 19, idle: 43, sys: 62, released: 36, consumed: 25 (MB)
scvg: 0 MB released
scvg: inuse: 19, idle: 43, sys: 62, released: 36, consumed: 25 (MB)
scvg: 0 MB released
scvg: inuse: 19, idle: 43, sys: 62, released: 36, consumed: 25 (MB)
scvg: 0 MB released
scvg: inuse: 19, idle: 43, sys: 62, released: 36, consumed: 25 (MB)
scvg: 0 MB released
scvg: inuse: 19, idle: 43, sys: 62, released: 36, consumed: 25 (MB)
scvg: 0 MB released
scvg: inuse: 19, idle: 43, sys: 62, released: 36, consumed: 25 (MB)
scvg: 0 MB released
scvg: inuse: 19, idle: 43, sys: 62, released: 36, consumed: 25 (MB)
scvg: 0 MB released
scvg: inuse: 19, idle: 43, sys: 62, released: 36, consumed: 25 (MB)
scvg: 0 MB released
scvg: inuse: 19, idle: 43, sys: 62, released: 36, consumed: 25 (MB)
scvg: 0 MB released
scvg: inuse: 19, idle: 43, sys: 62, released: 36, consumed: 25 (MB)
scvg: 0 MB released
scvg: inuse: 19, idle: 43, sys: 62, released: 36, consumed: 25 (MB)
scvg: 0 MB released
scvg: inuse: 19, idle: 43, sys: 62, released: 36, consumed: 25 (MB)
scvg: 0 MB released
scvg: inuse: 19, idle: 43, sys: 62, released: 36, consumed: 25 (MB)
scvg: 0 MB released
scvg: inuse: 19, idle: 43, sys: 62, released: 36, consumed: 25 (MB)
scvg: 0 MB released
scvg: inuse: 19, idle: 43, sys: 62, released: 37, consumed: 25 (MB)
scvg: 0 MB released
scvg: inuse: 19, idle: 43, sys: 62, released: 37, consumed: 25 (MB)
scvg: 0 MB released
scvg: inuse: 19, idle: 43, sys: 62, released: 37, consumed: 25 (MB)
scvg: 0 MB released
scvg: inuse: 19, idle: 43, sys: 62, released: 37, consumed: 25 (MB)
scvg: 0 MB released
scvg: inuse: 19, idle: 43, sys: 62, released: 37, consumed: 25 (MB)
scvg: 0 MB released
scvg: inuse: 19, idle: 43, sys: 62, released: 37, consumed: 25 (MB)
scvg: 0 MB released
scvg: inuse: 19, idle: 43, sys: 62, released: 37, consumed: 25 (MB)
scvg: 0 MB released
scvg: inuse: 19, idle: 43, sys: 62, released: 37, consumed: 25 (MB)
scvg: 0 MB released
scvg: inuse: 19, idle: 43, sys: 62, released: 37, consumed: 25 (MB)
scvg: 0 MB released
scvg: inuse: 19, idle: 43, sys: 62, released: 37, consumed: 25 (MB)
scvg: 0 MB released
scvg: inuse: 19, idle: 43, sys: 62, released: 37, consumed: 25 (MB)
scvg: 0 MB released
scvg: inuse: 19, idle: 43, sys: 62, released: 37, consumed: 25 (MB)
scvg: 0 MB released
scvg: inuse: 19, idle: 43, sys: 62, released: 37, consumed: 25 (MB)
scvg: 0 MB released
scvg: inuse: 19, idle: 43, sys: 62, released: 37, consumed: 25 (MB)
scvg: 0 MB released
scvg: inuse: 19, idle: 43, sys: 62, released: 37, consumed: 25 (MB)
scvg: 0 MB released
scvg: inuse: 19, idle: 43, sys: 62, released: 37, consumed: 25 (MB)
scvg: 0 MB released
scvg: inuse: 19, idle: 43, sys: 62, released: 37, consumed: 25 (MB)
scvg: 0 MB released
scvg: inuse: 19, idle: 43, sys: 62, released: 37, consumed: 25 (MB)
scvg: 0 MB released
scvg: inuse: 19, idle: 43, sys: 62, released: 37, consumed: 25 (MB)
scvg: 0 MB released
scvg: inuse: 19, idle: 43, sys: 62, released: 37, consumed: 25 (MB)
scvg: 0 MB released
scvg: inuse: 19, idle: 43, sys: 62, released: 37, consumed: 25 (MB)
scvg: 0 MB released
scvg: inuse: 19, idle: 43, sys: 62, released: 37, consumed: 25 (MB)
scvg: 0 MB released
scvg: inuse: 19, idle: 43, sys: 62, released: 37, consumed: 25 (MB)
scvg: 0 MB released
scvg: inuse: 19, idle: 43, sys: 62, released: 37, consumed: 25 (MB)
scvg: 0 MB released
scvg: inuse: 19, idle: 43, sys: 62, released: 37, consumed: 25 (MB)
scvg: 0 MB released
scvg: inuse: 19, idle: 43, sys: 62, released: 37, consumed: 25 (MB)
scvg: 0 MB released
scvg: inuse: 19, idle: 43, sys: 62, released: 37, consumed: 25 (MB)
scvg: 0 MB released
scvg: inuse: 19, idle: 43, sys: 62, released: 37, consumed: 25 (MB)
scvg: 0 MB released
scvg: inuse: 19, idle: 43, sys: 62, released: 37, consumed: 25 (MB)
scvg: 0 MB released
scvg: inuse: 19, idle: 43, sys: 62, released: 37, consumed: 25 (MB)
scvg: 0 MB released
scvg: inuse: 19, idle: 43, sys: 62, released: 37, consumed: 25 (MB)
scvg: 0 MB released
scvg: inuse: 19, idle: 43, sys: 62, released: 37, consumed: 25 (MB)
scvg: 0 MB released
scvg: inuse: 19, idle: 43, sys: 62, released: 37, consumed: 25 (MB)
scvg: 0 MB released
scvg: inuse: 19, idle: 43, sys: 62, released: 37, consumed: 24 (MB)
scvg: 0 MB released
scvg: inuse: 19, idle: 43, sys: 62, released: 37, consumed: 24 (MB)
scvg: 0 MB released
scvg: inuse: 19, idle: 43, sys: 62, released: 37, consumed: 24 (MB)
scvg: 0 MB released
scvg: inuse: 19, idle: 43, sys: 62, released: 37, consumed: 24 (MB)
scvg: 0 MB released
scvg: inuse: 19, idle: 43, sys: 62, released: 37, consumed: 24 (MB)
scvg: 0 MB released
scvg: inuse: 19, idle: 43, sys: 62, released: 37, consumed: 24 (MB)
scvg: 0 MB released
scvg: inuse: 19, idle: 43, sys: 62, released: 37, consumed: 24 (MB)
scvg: 0 MB released
scvg: inuse: 19, idle: 43, sys: 62, released: 37, consumed: 24 (MB)
scvg: 0 MB released
scvg: inuse: 19, idle: 43, sys: 62, released: 37, consumed: 24 (MB)
scvg: 0 MB released
scvg: inuse: 19, idle: 43, sys: 62, released: 37, consumed: 24 (MB)
scvg: 0 MB released
scvg: inuse: 19, idle: 43, sys: 62, released: 37, consumed: 24 (MB)
scvg: 0 MB released
scvg: inuse: 19, idle: 43, sys: 62, released: 37, consumed: 24 (MB)
scvg: 0 MB released
scvg: inuse: 19, idle: 43, sys: 62, released: 37, consumed: 24 (MB)
scvg: 0 MB released
scvg: inuse: 19, idle: 43, sys: 62, released: 37, consumed: 24 (MB)
scvg: 0 MB released
scvg: inuse: 19, idle: 43, sys: 62, released: 37, consumed: 24 (MB)
scvg: 0 MB released
scvg: inuse: 19, idle: 43, sys: 62, released: 37, consumed: 24 (MB)
scvg: 0 MB released
scvg: inuse: 19, idle: 43, sys: 62, released: 37, consumed: 24 (MB)
scvg: 0 MB released
scvg: inuse: 19, idle: 43, sys: 62, released: 37, consumed: 24 (MB)
scvg: 0 MB released
scvg: inuse: 19, idle: 43, sys: 62, released: 37, consumed: 24 (MB)
scvg: 0 MB released
scvg: inuse: 19, idle: 43, sys: 62, released: 37, consumed: 24 (MB)
scvg: 0 MB released
scvg: inuse: 19, idle: 43, sys: 62, released: 37, consumed: 24 (MB)
scvg: 0 MB released
scvg: inuse: 19, idle: 43, sys: 62, released: 37, consumed: 24 (MB)
scvg: 0 MB released
scvg: inuse: 19, idle: 43, sys: 62, released: 37, consumed: 24 (MB)
scvg: 0 MB released
scvg: inuse: 19, idle: 43, sys: 62, released: 37, consumed: 24 (MB)
scvg: 0 MB released
scvg: inuse: 19, idle: 43, sys: 62, released: 37, consumed: 24 (MB)
scvg: 0 MB released
scvg: inuse: 19, idle: 43, sys: 62, released: 37, consumed: 24 (MB)
scvg: 0 MB released
scvg: inuse: 19, idle: 43, sys: 62, released: 37, consumed: 24 (MB)
scvg: 0 MB released
scvg: inuse: 19, idle: 43, sys: 62, released: 37, consumed: 24 (MB)
scvg: 0 MB released
scvg: inuse: 19, idle: 43, sys: 62, released: 37, consumed: 24 (MB)
scvg: 0 MB released
scvg: inuse: 19, idle: 43, sys: 62, released: 37, consumed: 24 (MB)
scvg: 0 MB released
scvg: inuse: 19, idle: 43, sys: 62, released: 37, consumed: 24 (MB)
scvg: 0 MB released
scvg: inuse: 19, idle: 43, sys: 62, released: 37, consumed: 24 (MB)
scvg: 0 MB released
scvg: inuse: 19, idle: 43, sys: 62, released: 37, consumed: 24 (MB)
scvg: 0 MB released
scvg: inuse: 19, idle: 43, sys: 62, released: 37, consumed: 24 (MB)
scvg: 0 MB released
scvg: inuse: 19, idle: 43, sys: 62, released: 37, consumed: 24 (MB)
scvg: 0 MB released
scvg: inuse: 19, idle: 43, sys: 62, released: 37, consumed: 24 (MB)
scvg: 0 MB released
scvg: inuse: 19, idle: 43, sys: 62, released: 37, consumed: 24 (MB)
scvg: 0 MB released
scvg: inuse: 19, idle: 43, sys: 62, released: 37, consumed: 24 (MB)
scvg: 0 MB released
scvg: inuse: 19, idle: 43, sys: 62, released: 37, consumed: 24 (MB)
scvg: 0 MB released
scvg: inuse: 19, idle: 43, sys: 62, released: 37, consumed: 24 (MB)
scvg: 0 MB released
scvg: inuse: 19, idle: 43, sys: 62, released: 37, consumed: 24 (MB)
scvg: 0 MB released
scvg: inuse: 19, idle: 43, sys: 62, released: 37, consumed: 24 (MB)
scvg: 0 MB released
scvg: inuse: 19, idle: 43, sys: 62, released: 37, consumed: 24 (MB)
scvg: 0 MB released
scvg: inuse: 19, idle: 43, sys: 62, released: 37, consumed: 24 (MB)
scvg: 0 MB released
scvg: inuse: 19, idle: 43, sys: 62, released: 37, consumed: 24 (MB)
scvg: 0 MB released
scvg: inuse: 19, idle: 43, sys: 62, released: 37, consumed: 24 (MB)
scvg: 0 MB released
scvg: inuse: 19, idle: 43, sys: 62, released: 37, consumed: 24 (MB)
scvg: 0 MB released
scvg: inuse: 19, idle: 43, sys: 62, released: 37, consumed: 24 (MB)
scvg: 0 MB released
scvg: inuse: 19, idle: 43, sys: 62, released: 37, consumed: 24 (MB)
scvg: 0 MB released
scvg: inuse: 19, idle: 43, sys: 62, released: 37, consumed: 24 (MB)
scvg: 0 MB released
scvg: inuse: 19, idle: 43, sys: 62, released: 37, consumed: 24 (MB)
scvg: 0 MB released
scvg: inuse: 19, idle: 43, sys: 62, released: 37, consumed: 24 (MB)
scvg: 0 MB released
scvg: inuse: 19, idle: 43, sys: 62, released: 37, consumed: 24 (MB)
scvg: 0 MB released
scvg: inuse: 19, idle: 43, sys: 62, released: 37, consumed: 24 (MB)
scvg: 0 MB released
scvg: inuse: 19, idle: 43, sys: 62, released: 37, consumed: 24 (MB)
scvg: 0 MB released
scvg: inuse: 19, idle: 43, sys: 62, released: 37, consumed: 24 (MB)
scvg: 0 MB released
scvg: inuse: 19, idle: 43, sys: 62, released: 37, consumed: 24 (MB)
scvg: 0 MB released
scvg: inuse: 19, idle: 43, sys: 62, released: 37, consumed: 24 (MB)
scvg: 0 MB released
scvg: inuse: 19, idle: 43, sys: 62, released: 37, consumed: 24 (MB)
scvg: 0 MB released
scvg: inuse: 19, idle: 43, sys: 62, released: 37, consumed: 24 (MB)
scvg: 0 MB released
scvg: inuse: 19, idle: 43, sys: 62, released: 37, consumed: 24 (MB)
scvg: 0 MB released
scvg: inuse: 19, idle: 43, sys: 62, released: 37, consumed: 24 (MB)
scvg: 0 MB released
scvg: inuse: 19, idle: 43, sys: 62, released: 37, consumed: 24 (MB)
scvg: 0 MB released
scvg: inuse: 19, idle: 43, sys: 62, released: 37, consumed: 24 (MB)
scvg: 0 MB released
scvg: inuse: 19, idle: 43, sys: 62, released: 37, consumed: 24 (MB)
scvg: 0 MB released
scvg: inuse: 19, idle: 43, sys: 62, released: 37, consumed: 24 (MB)
scvg: 0 MB released
scvg: inuse: 19, idle: 43, sys: 62, released: 37, consumed: 24 (MB)
scvg: 0 MB released
scvg: inuse: 19, idle: 43, sys: 62, released: 37, consumed: 24 (MB)
scvg: 0 MB released
scvg: inuse: 19, idle: 43, sys: 62, released: 37, consumed: 24 (MB)
scvg: 0 MB released
scvg: inuse: 19, idle: 43, sys: 62, released: 37, consumed: 24 (MB)
scvg: 0 MB released
scvg: inuse: 19, idle: 43, sys: 62, released: 37, consumed: 24 (MB)
scvg: 0 MB released
scvg: inuse: 19, idle: 43, sys: 62, released: 37, consumed: 24 (MB)
scvg: 0 MB released
scvg: inuse: 19, idle: 43, sys: 62, released: 37, consumed: 24 (MB)
scvg: 0 MB released
scvg: inuse: 19, idle: 43, sys: 62, released: 37, consumed: 24 (MB)
scvg: 0 MB released
scvg: inuse: 19, idle: 43, sys: 62, released: 37, consumed: 24 (MB)
scvg: 0 MB released
scvg: inuse: 19, idle: 43, sys: 62, released: 37, consumed: 24 (MB)
scvg: 0 MB released
scvg: inuse: 19, idle: 43, sys: 62, released: 37, consumed: 24 (MB)
scvg: 0 MB released
scvg: inuse: 19, idle: 43, sys: 62, released: 37, consumed: 24 (MB)
scvg: 0 MB released
scvg: inuse: 19, idle: 43, sys: 62, released: 37, consumed: 24 (MB)
scvg: 0 MB released
scvg: inuse: 19, idle: 43, sys: 62, released: 37, consumed: 24 (MB)
scvg: 0 MB released
scvg: inuse: 19, idle: 43, sys: 62, released: 37, consumed: 24 (MB)
scvg: 0 MB released
scvg: inuse: 19, idle: 43, sys: 62, released: 37, consumed: 24 (MB)
scvg: 0 MB released
scvg: inuse: 19, idle: 43, sys: 62, released: 37, consumed: 24 (MB)
scvg: 0 MB released
scvg: inuse: 19, idle: 43, sys: 62, released: 37, consumed: 24 (MB)
scvg: 0 MB released
scvg: inuse: 19, idle: 43, sys: 62, released: 37, consumed: 24 (MB)
scvg: 0 MB released
scvg: inuse: 19, idle: 43, sys: 62, released: 37, consumed: 24 (MB)
scvg: 0 MB released
scvg: inuse: 19, idle: 43, sys: 62, released: 37, consumed: 24 (MB)
scvg: 0 MB released
scvg: inuse: 19, idle: 43, sys: 62, released: 37, consumed: 24 (MB)
scvg: 0 MB released
scvg: inuse: 19, idle: 43, sys: 62, released: 37, consumed: 24 (MB)
scvg: 0 MB released
scvg: inuse: 19, idle: 43, sys: 62, released: 37, consumed: 24 (MB)
scvg: 0 MB released
scvg: inuse: 19, idle: 43, sys: 62, released: 37, consumed: 24 (MB)
scvg: 0 MB released
scvg: inuse: 19, idle: 43, sys: 62, released: 37, consumed: 24 (MB)
scvg: 0 MB released
scvg: inuse: 19, idle: 43, sys: 62, released: 37, consumed: 24 (MB)
scvg: 0 MB released
scvg: inuse: 19, idle: 43, sys: 62, released: 37, consumed: 24 (MB)
scvg: 0 MB released
scvg: inuse: 19, idle: 43, sys: 62, released: 37, consumed: 24 (MB)
scvg: 0 MB released
scvg: inuse: 19, idle: 43, sys: 62, released: 38, consumed: 24 (MB)
scvg: 0 MB released
scvg: inuse: 19, idle: 43, sys: 62, released: 38, consumed: 24 (MB)
scvg: 0 MB released
scvg: inuse: 19, idle: 43, sys: 62, released: 38, consumed: 24 (MB)
scvg: 0 MB released
scvg: inuse: 19, idle: 43, sys: 62, released: 38, consumed: 24 (MB)
scvg: 0 MB released
scvg: inuse: 19, idle: 43, sys: 62, released: 38, consumed: 24 (MB)
scvg: 0 MB released
scvg: inuse: 19, idle: 43, sys: 62, released: 38, consumed: 24 (MB)
scvg: 0 MB released
scvg: inuse: 19, idle: 43, sys: 62, released: 38, consumed: 24 (MB)
scvg: 0 MB released
scvg: inuse: 19, idle: 43, sys: 62, released: 38, consumed: 24 (MB)
scvg: 0 MB released
scvg: inuse: 19, idle: 43, sys: 62, released: 38, consumed: 24 (MB)
scvg: 0 MB released
scvg: inuse: 19, idle: 43, sys: 62, released: 38, consumed: 24 (MB)
scvg: 0 MB released
scvg: inuse: 19, idle: 43, sys: 62, released: 38, consumed: 24 (MB)
scvg: 0 MB released
scvg: inuse: 19, idle: 43, sys: 62, released: 38, consumed: 24 (MB)
scvg: 0 MB released
scvg: inuse: 19, idle: 43, sys: 62, released: 38, consumed: 24 (MB)
scvg: 0 MB released
scvg: inuse: 19, idle: 43, sys: 62, released: 38, consumed: 24 (MB)
scvg: 0 MB released
scvg: inuse: 19, idle: 43, sys: 62, released: 38, consumed: 24 (MB)
scvg: 0 MB released
scvg: inuse: 19, idle: 43, sys: 62, released: 38, consumed: 24 (MB)
scvg: 0 MB released
scvg: inuse: 19, idle: 43, sys: 62, released: 38, consumed: 24 (MB)
scvg: 0 MB released
scvg: inuse: 19, idle: 43, sys: 62, released: 38, consumed: 24 (MB)
scvg: 0 MB released
scvg: inuse: 19, idle: 43, sys: 62, released: 38, consumed: 24 (MB)
scvg: 0 MB released
scvg: inuse: 19, idle: 43, sys: 62, released: 38, consumed: 24 (MB)
scvg: 0 MB released
scvg: inuse: 19, idle: 43, sys: 62, released: 38, consumed: 24 (MB)
scvg: 0 MB released
scvg: inuse: 19, idle: 43, sys: 62, released: 38, consumed: 24 (MB)
scvg: 0 MB released
scvg: inuse: 19, idle: 43, sys: 62, released: 38, consumed: 24 (MB)
scvg: 0 MB released
scvg: inuse: 19, idle: 43, sys: 62, released: 38, consumed: 24 (MB)
scvg: 0 MB released
scvg: inuse: 19, idle: 43, sys: 62, released: 38, consumed: 24 (MB)
scvg: 0 MB released
scvg: inuse: 19, idle: 43, sys: 62, released: 38, consumed: 24 (MB)
scvg: 0 MB released
scvg: inuse: 19, idle: 43, sys: 62, released: 38, consumed: 24 (MB)
scvg: 0 MB released
scvg: inuse: 19, idle: 43, sys: 62, released: 38, consumed: 24 (MB)
scvg: 0 MB released
scvg: inuse: 19, idle: 43, sys: 62, released: 38, consumed: 24 (MB)
scvg: 0 MB released
scvg: inuse: 19, idle: 43, sys: 62, released: 38, consumed: 24 (MB)
scvg: 0 MB released
scvg: inuse: 19, idle: 43, sys: 62, released: 38, consumed: 24 (MB)
scvg: 0 MB released
scvg: inuse: 19, idle: 43, sys: 62, released: 38, consumed: 24 (MB)
scvg: 0 MB released
scvg: inuse: 19, idle: 43, sys: 62, released: 38, consumed: 24 (MB)
scvg: 0 MB released
scvg: inuse: 19, idle: 43, sys: 62, released: 38, consumed: 23 (MB)
GC forced
gc 773 @77520.477s 0%: 0.009+2.9+0.006 ms clock, 0.074+0/2.1/3.9+0.052 ms cpu, 20->20->15 MB, 31 MB goal, 8 P
GC forced
gc 774 @77640.512s 0%: 0.010+2.0+0.007 ms clock, 0.083+0/2.5/6.3+0.058 ms cpu, 20->20->15 MB, 31 MB goal, 8 P
scvg: 0 MB released
scvg: inuse: 18, idle: 43, sys: 62, released: 38, consumed: 23 (MB)
scvg: 0 MB released
scvg: inuse: 18, idle: 43, sys: 62, released: 38, consumed: 23 (MB)
scvg: 0 MB released
scvg: inuse: 18, idle: 43, sys: 62, released: 38, consumed: 23 (MB)
scvg: 0 MB released
scvg: inuse: 18, idle: 43, sys: 62, released: 38, consumed: 23 (MB)
scvg: 0 MB released
scvg: inuse: 18, idle: 43, sys: 62, released: 38, consumed: 23 (MB)
scvg: 0 MB released
scvg: inuse: 18, idle: 43, sys: 62, released: 38, consumed: 23 (MB)
scvg: 0 MB released
scvg: inuse: 18, idle: 43, sys: 62, released: 38, consumed: 23 (MB)
scvg: 0 MB released
scvg: inuse: 18, idle: 43, sys: 62, released: 38, consumed: 23 (MB)
scvg: 0 MB released
scvg: inuse: 18, idle: 43, sys: 62, released: 38, consumed: 23 (MB)
scvg: 0 MB released
scvg: inuse: 18, idle: 43, sys: 62, released: 38, consumed: 23 (MB)
scvg: 0 MB released
scvg: inuse: 18, idle: 43, sys: 62, released: 38, consumed: 23 (MB)
scvg: 0 MB released
scvg: inuse: 18, idle: 43, sys: 62, released: 38, consumed: 23 (MB)
scvg: 0 MB released
scvg: inuse: 18, idle: 43, sys: 62, released: 38, consumed: 23 (MB)
scvg: 0 MB released
scvg: inuse: 18, idle: 43, sys: 62, released: 38, consumed: 23 (MB)
scvg: 0 MB released
scvg: inuse: 18, idle: 43, sys: 62, released: 38, consumed: 23 (MB)
scvg: 0 MB released
scvg: inuse: 18, idle: 43, sys: 62, released: 38, consumed: 23 (MB)
scvg: 0 MB released
scvg: inuse: 18, idle: 43, sys: 62, released: 38, consumed: 23 (MB)
scvg: 0 MB released
scvg: inuse: 18, idle: 43, sys: 62, released: 38, consumed: 23 (MB)
scvg: 0 MB released
scvg: inuse: 18, idle: 43, sys: 62, released: 38, consumed: 23 (MB)
scvg: 0 MB released
scvg: inuse: 18, idle: 43, sys: 62, released: 38, consumed: 23 (MB)
scvg: 0 MB released
scvg: inuse: 18, idle: 43, sys: 62, released: 38, consumed: 23 (MB)
scvg: 0 MB released
scvg: inuse: 18, idle: 43, sys: 62, released: 38, consumed: 23 (MB)
scvg: 0 MB released
scvg: inuse: 18, idle: 43, sys: 62, released: 38, consumed: 23 (MB)
scvg: 0 MB released
scvg: inuse: 18, idle: 43, sys: 62, released: 38, consumed: 23 (MB)
scvg: 0 MB released
scvg: inuse: 18, idle: 43, sys: 62, released: 38, consumed: 23 (MB)
scvg: 0 MB released
scvg: inuse: 18, idle: 43, sys: 62, released: 38, consumed: 23 (MB)
scvg: 0 MB released
scvg: inuse: 18, idle: 43, sys: 62, released: 38, consumed: 23 (MB)
scvg: 0 MB released
scvg: inuse: 18, idle: 43, sys: 62, released: 38, consumed: 23 (MB)
scvg: 0 MB released
scvg: inuse: 18, idle: 43, sys: 62, released: 38, consumed: 23 (MB)
scvg: 0 MB released
scvg: inuse: 18, idle: 43, sys: 62, released: 38, consumed: 23 (MB)
scvg: 0 MB released
scvg: inuse: 18, idle: 43, sys: 62, released: 38, consumed: 23 (MB)
scvg: 0 MB released
scvg: inuse: 18, idle: 43, sys: 62, released: 38, consumed: 23 (MB)
scvg: 0 MB released
scvg: inuse: 18, idle: 43, sys: 62, released: 38, consumed: 23 (MB)
scvg: 0 MB released
scvg: inuse: 18, idle: 43, sys: 62, released: 38, consumed: 23 (MB)
GC forced
gc 775 @77760.541s 0%: 0.009+2.8+0.006 ms clock, 0.079+0/1.6/5.0+0.053 ms cpu, 20->20->15 MB, 31 MB goal, 8 P
GC forced
gc 776 @77880.616s 0%: 0.008+2.9+0.006 ms clock, 0.066+0/3.2/2.9+0.052 ms cpu, 20->20->15 MB, 31 MB goal, 8 P
scvg: 0 MB released
scvg: inuse: 19, idle: 42, sys: 62, released: 38, consumed: 23 (MB)
scvg: 0 MB released
scvg: inuse: 18, idle: 43, sys: 62, released: 38, consumed: 23 (MB)
scvg: 0 MB released
scvg: inuse: 18, idle: 43, sys: 62, released: 38, consumed: 23 (MB)
scvg: 0 MB released
scvg: inuse: 18, idle: 43, sys: 62, released: 38, consumed: 23 (MB)
scvg: 0 MB released
scvg: inuse: 18, idle: 43, sys: 62, released: 38, consumed: 23 (MB)
scvg: 0 MB released
scvg: inuse: 18, idle: 43, sys: 62, released: 38, consumed: 23 (MB)
scvg: 0 MB released
scvg: inuse: 18, idle: 43, sys: 62, released: 38, consumed: 23 (MB)
scvg: 0 MB released
scvg: inuse: 18, idle: 43, sys: 62, released: 38, consumed: 23 (MB)
GC forced
gc 777 @78000.641s 0%: 0.043+3.3+0.006 ms clock, 0.34+0/3.3/2.5+0.049 ms cpu, 20->20->15 MB, 31 MB goal, 8 P
GC forced
gc 778 @78120.654s 0%: 0.014+2.9+0.005 ms clock, 0.11+0.22/3.6/5.2+0.047 ms cpu, 20->20->15 MB, 31 MB goal, 8 P
GC forced
gc 779 @78240.659s 0%: 0.020+4.0+0.007 ms clock, 0.16+0/4.7/4.2+0.063 ms cpu, 20->20->15 MB, 31 MB goal, 8 P
GC forced
gc 780 @78360.665s 0%: 0.007+3.1+0.005 ms clock, 0.063+0/4.3/2.4+0.047 ms cpu, 20->20->15 MB, 31 MB goal, 8 P
scvg: 0 MB released
scvg: inuse: 18, idle: 43, sys: 62, released: 38, consumed: 23 (MB)
scvg: 0 MB released
scvg: inuse: 18, idle: 43, sys: 62, released: 38, consumed: 23 (MB)
scvg: 0 MB released
scvg: inuse: 18, idle: 43, sys: 62, released: 38, consumed: 23 (MB)
scvg: 0 MB released
scvg: inuse: 18, idle: 43, sys: 62, released: 38, consumed: 23 (MB)
scvg: 0 MB released
scvg: inuse: 18, idle: 43, sys: 62, released: 38, consumed: 23 (MB)
scvg: 0 MB released
scvg: inuse: 18, idle: 43, sys: 62, released: 38, consumed: 23 (MB)
scvg: 0 MB released
scvg: inuse: 18, idle: 43, sys: 62, released: 38, consumed: 23 (MB)
scvg: 0 MB released
scvg: inuse: 18, idle: 43, sys: 62, released: 38, consumed: 23 (MB)
scvg: 0 MB released
scvg: inuse: 18, idle: 43, sys: 62, released: 38, consumed: 23 (MB)
scvg: 0 MB released
scvg: inuse: 18, idle: 43, sys: 62, released: 38, consumed: 23 (MB)
scvg: 0 MB released
scvg: inuse: 18, idle: 43, sys: 62, released: 38, consumed: 23 (MB)
scvg: 0 MB released
scvg: inuse: 18, idle: 43, sys: 62, released: 38, consumed: 23 (MB)
scvg: 0 MB released
scvg: inuse: 18, idle: 43, sys: 62, released: 38, consumed: 23 (MB)
GC forced
gc 781 @78480.670s 0%: 0.057+2.8+0.006 ms clock, 0.45+0/3.6/2.6+0.050 ms cpu, 20->20->15 MB, 31 MB goal, 8 P
GC forced
gc 782 @78600.676s 0%: 0.017+4.9+0.008 ms clock, 0.14+0/5.6/2.9+0.064 ms cpu, 20->20->15 MB, 31 MB goal, 8 P
GC forced
gc 783 @78720.681s 0%: 0.009+2.7+0.007 ms clock, 0.074+0/3.6/3.6+0.057 ms cpu, 20->20->15 MB, 31 MB goal, 8 P
GC forced
gc 784 @78840.686s 0%: 0.009+2.9+0.006 ms clock, 0.074+0/4.0/2.2+0.054 ms cpu, 20->20->15 MB, 31 MB goal, 8 P
GC forced
gc 785 @78960.691s 0%: 0.009+3.1+0.006 ms clock, 0.075+0/4.2/2.8+0.049 ms cpu, 20->20->15 MB, 31 MB goal, 8 P
GC forced
gc 786 @79080.697s 0%: 0.008+2.8+0.006 ms clock, 0.070+0/3.8/4.3+0.055 ms cpu, 20->20->15 MB, 31 MB goal, 8 P
GC forced
gc 787 @79200.702s 0%: 0.011+2.9+0.006 ms clock, 0.094+0/3.2/3.5+0.051 ms cpu, 20->20->15 MB, 31 MB goal, 8 P
GC forced
gc 788 @79320.708s 0%: 0.069+2.8+0.006 ms clock, 0.55+0/3.6/4.3+0.051 ms cpu, 20->20->15 MB, 31 MB goal, 8 P
GC forced
gc 789 @79440.713s 0%: 0.009+3.0+0.006 ms clock, 0.077+0/4.9/4.1+0.050 ms cpu, 20->20->15 MB, 31 MB goal, 8 P
GC forced
gc 790 @79560.718s 0%: 0.014+5.0+0.008 ms clock, 0.11+0.20/6.5/1.2+0.064 ms cpu, 20->20->15 MB, 31 MB goal, 8 P
GC forced
gc 791 @79680.724s 0%: 0.008+2.1+0.006 ms clock, 0.070+0/3.9/5.8+0.048 ms cpu, 20->20->15 MB, 31 MB goal, 8 P
GC forced
gc 792 @79800.729s 0%: 0.007+2.6+0.006 ms clock, 0.061+0/1.8/6.7+0.049 ms cpu, 20->20->15 MB, 31 MB goal, 8 P
GC forced
gc 793 @79920.734s 0%: 0.008+1.7+0.013 ms clock, 0.066+0/2.6/5.5+0.10 ms cpu, 20->20->15 MB, 31 MB goal, 8 P
GC forced
gc 794 @80040.740s 0%: 0.008+2.2+0.006 ms clock, 0.066+0/3.0/6.4+0.053 ms cpu, 20->20->15 MB, 31 MB goal, 8 P
GC forced
gc 795 @80160.744s 0%: 0.014+3.0+0.005 ms clock, 0.11+0.29/2.2/3.7+0.045 ms cpu, 20->20->15 MB, 31 MB goal, 8 P
GC forced
gc 796 @80280.750s 0%: 0.008+3.7+0.007 ms clock, 0.071+0/1.6/6.4+0.060 ms cpu, 20->20->15 MB, 31 MB goal, 8 P
GC forced
gc 797 @80400.755s 0%: 0.007+3.9+0.006 ms clock, 0.060+0/4.0/2.5+0.050 ms cpu, 20->20->15 MB, 31 MB goal, 8 P
GC forced
gc 798 @80520.760s 0%: 0.010+3.3+0.007 ms clock, 0.087+0/1.9/4.9+0.062 ms cpu, 20->20->15 MB, 31 MB goal, 8 P
GC forced
gc 799 @80640.766s 0%: 0.008+3.2+0.006 ms clock, 0.067+0/4.2/2.1+0.055 ms cpu, 20->20->15 MB, 31 MB goal, 8 P
GC forced
gc 800 @80760.771s 0%: 0.010+3.0+0.006 ms clock, 0.087+0/4.3/2.7+0.055 ms cpu, 20->20->15 MB, 31 MB goal, 8 P
GC forced
gc 801 @80880.777s 0%: 0.010+3.3+0.006 ms clock, 0.081+0/4.2/2.3+0.052 ms cpu, 20->20->15 MB, 31 MB goal, 8 P
GC forced
gc 802 @81000.783s 0%: 0.008+3.0+0.005 ms clock, 0.068+0/4.3/1.6+0.043 ms cpu, 20->20->15 MB, 31 MB goal, 8 P
GC forced
gc 803 @81120.787s 0%: 0.009+3.2+0.005 ms clock, 0.073+0/4.3/1.9+0.047 ms cpu, 20->20->15 MB, 31 MB goal, 8 P
GC forced
gc 804 @81240.794s 0%: 0.041+3.2+0.006 ms clock, 0.33+0.37/4.7/1.2+0.054 ms cpu, 20->20->15 MB, 31 MB goal, 8 P
GC forced
gc 805 @81360.800s 0%: 0.011+4.3+0.006 ms clock, 0.093+0/5.1/2.2+0.048 ms cpu, 20->20->15 MB, 31 MB goal, 8 P
GC forced
gc 806 @81480.805s 0%: 0.009+3.2+0.006 ms clock, 0.072+0/3.1/5.0+0.051 ms cpu, 20->20->15 MB, 31 MB goal, 8 P
GC forced
gc 807 @81600.811s 0%: 0.010+2.4+0.005 ms clock, 0.081+0/2.6/6.6+0.045 ms cpu, 20->20->15 MB, 31 MB goal, 8 P
GC forced
gc 808 @81720.816s 0%: 0.008+3.0+0.006 ms clock, 0.065+0/4.7/1.7+0.053 ms cpu, 20->20->15 MB, 31 MB goal, 8 P
GC forced
gc 809 @81840.821s 0%: 0.008+3.2+0.006 ms clock, 0.071+0/4.1/2.7+0.049 ms cpu, 20->20->15 MB, 31 MB goal, 8 P
GC forced
gc 810 @81960.827s 0%: 0.008+3.1+0.006 ms clock, 0.067+0/4.2/2.5+0.054 ms cpu, 20->20->15 MB, 31 MB goal, 8 P
GC forced
gc 811 @82080.832s 0%: 0.015+3.5+0.008 ms clock, 0.12+0/1.7/5.2+0.066 ms cpu, 20->20->15 MB, 31 MB goal, 8 P
GC forced
gc 812 @82200.837s 0%: 0.021+3.1+0.005 ms clock, 0.17+0.28/4.3/2.0+0.047 ms cpu, 20->20->15 MB, 31 MB goal, 8 P
GC forced
gc 813 @82320.841s 0%: 0.016+2.6+0.005 ms clock, 0.12+0/2.3/5.1+0.046 ms cpu, 20->20->15 MB, 31 MB goal, 8 P
GC forced
gc 814 @82440.846s 0%: 0.012+3.5+0.007 ms clock, 0.097+0/6.1/1.9+0.057 ms cpu, 20->20->16 MB, 31 MB goal, 8 P
GC forced
gc 815 @82560.854s 0%: 0.007+3.5+0.007 ms clock, 0.058+0/4.5/4.3+0.063 ms cpu, 20->20->15 MB, 32 MB goal, 8 P
GC forced
gc 816 @82680.859s 0%: 0.040+3.7+0.006 ms clock, 0.32+0/5.6/4.5+0.050 ms cpu, 20->20->15 MB, 31 MB goal, 8 P
GC forced
gc 817 @82800.864s 0%: 0.030+3.4+0.006 ms clock, 0.24+0.21/5.5/0+0.050 ms cpu, 20->20->15 MB, 31 MB goal, 8 P
GC forced
gc 818 @82920.870s 0%: 0.094+3.5+0.008 ms clock, 0.75+0.19/1.8/6.2+0.065 ms cpu, 20->20->15 MB, 31 MB goal, 8 P
GC forced
gc 819 @83040.876s 0%: 0.011+2.1+0.005 ms clock, 0.094+0/4.0/5.4+0.046 ms cpu, 20->20->16 MB, 31 MB goal, 8 P
GC forced
gc 820 @83160.882s 0%: 0.009+3.1+0.005 ms clock, 0.072+0/4.6/1.6+0.045 ms cpu, 20->20->16 MB, 32 MB goal, 8 P
GC forced
gc 821 @83280.887s 0%: 0.029+3.5+0.005 ms clock, 0.23+0/3.9/3.4+0.046 ms cpu, 20->20->16 MB, 32 MB goal, 8 P
GC forced
gc 822 @83400.893s 0%: 0.009+4.0+0.008 ms clock, 0.078+0/1.9/6.7+0.067 ms cpu, 20->20->16 MB, 32 MB goal, 8 P
GC forced
gc 823 @83520.898s 0%: 0.007+3.2+0.006 ms clock, 0.060+0/4.2/1.8+0.054 ms cpu, 20->20->16 MB, 32 MB goal, 8 P
GC forced
gc 824 @83640.904s 0%: 0.008+3.7+0.006 ms clock, 0.065+0/4.2/2.9+0.054 ms cpu, 20->20->16 MB, 32 MB goal, 8 P
GC forced
gc 825 @83760.909s 0%: 0.009+3.6+0.006 ms clock, 0.079+0/5.2/0.98+0.050 ms cpu, 21->21->16 MB, 32 MB goal, 8 P
GC forced
gc 826 @83880.914s 0%: 0.008+2.8+0.007 ms clock, 0.071+0/1.8/5.3+0.059 ms cpu, 20->20->16 MB, 32 MB goal, 8 P
GC forced
gc 827 @84000.919s 0%: 0.015+3.4+0.006 ms clock, 0.12+0/5.1/2.8+0.050 ms cpu, 21->21->16 MB, 32 MB goal, 8 P
GC forced
gc 828 @84120.924s 0%: 0.009+1.9+0.006 ms clock, 0.077+0/3.5/4.7+0.049 ms cpu, 20->20->16 MB, 32 MB goal, 8 P
GC forced
gc 829 @84240.930s 0%: 0.008+3.0+0.006 ms clock, 0.069+0/4.4/1.5+0.051 ms cpu, 20->20->16 MB, 32 MB goal, 8 P
GC forced
gc 830 @84360.935s 0%: 0.027+2.9+0.016 ms clock, 0.21+0/4.3/1.9+0.13 ms cpu, 20->20->16 MB, 32 MB goal, 8 P
GC forced
gc 831 @84480.940s 0%: 0.009+1.8+0.018 ms clock, 0.077+0/2.5/5.9+0.14 ms cpu, 21->21->16 MB, 32 MB goal, 8 P
GC forced
gc 832 @84600.945s 0%: 0.007+3.2+0.005 ms clock, 0.062+0/2.2/4.3+0.046 ms cpu, 20->20->16 MB, 32 MB goal, 8 P
GC forced
gc 833 @84720.951s 0%: 0.013+2.9+0.006 ms clock, 0.10+0/3.6/2.3+0.051 ms cpu, 20->20->16 MB, 32 MB goal, 8 P
GC forced
gc 834 @84840.956s 0%: 0.009+3.0+0.006 ms clock, 0.078+0/4.9/0.97+0.055 ms cpu, 20->20->16 MB, 32 MB goal, 8 P
GC forced
gc 835 @84960.961s 0%: 0.007+3.2+0.006 ms clock, 0.060+0/4.0/3.9+0.050 ms cpu, 20->20->16 MB, 32 MB goal, 8 P
GC forced
gc 836 @85080.966s 0%: 0.007+4.2+0.007 ms clock, 0.063+1.4/5.9/0.88+0.059 ms cpu, 20->20->16 MB, 32 MB goal, 8 P
GC forced
gc 837 @85200.972s 0%: 0.008+3.0+0.005 ms clock, 0.070+0/3.8/4.6+0.045 ms cpu, 21->21->16 MB, 32 MB goal, 8 P
GC forced
gc 838 @85320.977s 0%: 0.028+2.0+0.008 ms clock, 0.22+2.0/3.1/4.2+0.067 ms cpu, 20->20->16 MB, 32 MB goal, 8 P
GC forced
gc 839 @85440.986s 0%: 0.052+4.7+0.007 ms clock, 0.42+0/5.7/2.9+0.061 ms cpu, 20->20->16 MB, 32 MB goal, 8 P
GC forced
gc 840 @85560.991s 0%: 0.020+2.0+0.006 ms clock, 0.16+0/3.4/5.7+0.051 ms cpu, 20->20->16 MB, 32 MB goal, 8 P
GC forced
gc 841 @85680.997s 0%: 0.031+4.1+0.011 ms clock, 0.25+0.18/5.0/3.2+0.092 ms cpu, 20->20->16 MB, 32 MB goal, 8 P
GC forced
gc 842 @85801.003s 0%: 0.007+2.3+0.006 ms clock, 0.061+0/3.1/6.6+0.049 ms cpu, 20->20->16 MB, 32 MB goal, 8 P
GC forced
gc 843 @85921.008s 0%: 0.010+3.0+0.005 ms clock, 0.081+0/3.8/6.9+0.046 ms cpu, 20->20->16 MB, 32 MB goal, 8 P
GC forced
gc 844 @86041.014s 0%: 0.007+3.5+0.005 ms clock, 0.057+0/3.5/2.8+0.044 ms cpu, 20->20->16 MB, 32 MB goal, 8 P
GC forced
gc 845 @86161.019s 0%: 0.007+5.7+0.006 ms clock, 0.059+0/6.5/2.9+0.055 ms cpu, 20->20->16 MB, 32 MB goal, 8 P
GC forced
gc 846 @86281.041s 0%: 0.009+3.6+0.005 ms clock, 0.078+0/5.1/2.0+0.047 ms cpu, 20->20->16 MB, 32 MB goal, 8 P
GC forced
gc 847 @86401.122s 0%: 0.015+3.5+0.005 ms clock, 0.12+0/4.5/2.8+0.047 ms cpu, 20->20->16 MB, 32 MB goal, 8 P
GC forced
gc 848 @86521.141s 0%: 0.011+3.2+0.006 ms clock, 0.088+0/4.4/3.8+0.049 ms cpu, 21->21->16 MB, 32 MB goal, 8 P
GC forced
gc 849 @86641.149s 0%: 0.008+2.1+0.005 ms clock, 0.067+0/3.3/4.8+0.046 ms cpu, 20->20->16 MB, 32 MB goal, 8 P
GC forced
gc 850 @86761.165s 0%: 0.018+3.3+0.006 ms clock, 0.15+0/4.8/1.5+0.052 ms cpu, 21->21->16 MB, 32 MB goal, 8 P
GC forced
gc 851 @86881.176s 0%: 0.031+2.7+0.006 ms clock, 0.24+0/3.7/5.6+0.048 ms cpu, 20->20->16 MB, 32 MB goal, 8 P
GC forced
gc 852 @87001.184s 0%: 0.009+2.1+0.005 ms clock, 0.079+0/3.8/5.9+0.044 ms cpu, 20->20->16 MB, 32 MB goal, 8 P
GC forced
gc 853 @87121.231s 0%: 0.009+2.8+0.006 ms clock, 0.074+0/3.9/3.2+0.051 ms cpu, 20->20->16 MB, 32 MB goal, 8 P
GC forced
gc 854 @87241.241s 0%: 0.009+4.1+0.005 ms clock, 0.075+0/5.2/3.2+0.046 ms cpu, 21->21->16 MB, 32 MB goal, 8 P
GC forced
gc 855 @87361.273s 0%: 0.009+3.1+0.006 ms clock, 0.076+0/1.7/4.8+0.051 ms cpu, 20->20->16 MB, 32 MB goal, 8 P
GC forced
gc 856 @87481.317s 0%: 0.009+3.0+0.006 ms clock, 0.074+0/2.1/6.2+0.053 ms cpu, 20->20->16 MB, 32 MB goal, 8 P
GC forced
gc 857 @87601.336s 0%: 0.009+3.9+0.005 ms clock, 0.079+0/4.6/2.4+0.047 ms cpu, 20->20->16 MB, 32 MB goal, 8 P
GC forced
gc 858 @87721.341s 0%: 0.022+2.9+0.005 ms clock, 0.18+0.091/2.3/3.8+0.043 ms cpu, 20->20->16 MB, 32 MB goal, 8 P
GC forced
gc 859 @87841.346s 0%: 0.013+4.4+0.009 ms clock, 0.10+0/5.3/3.3+0.074 ms cpu, 21->21->16 MB, 32 MB goal, 8 P
GC forced
gc 860 @87961.353s 0%: 0.077+3.7+0.006 ms clock, 0.61+0/5.7/2.1+0.050 ms cpu, 21->21->16 MB, 32 MB goal, 8 P
GC forced
gc 861 @88081.358s 0%: 0.009+4.6+0.005 ms clock, 0.072+0/5.2/1.9+0.046 ms cpu, 21->21->16 MB, 32 MB goal, 8 P
GC forced
gc 862 @88201.364s 0%: 0.008+3.6+0.006 ms clock, 0.069+0/2.4/4.1+0.049 ms cpu, 20->20->16 MB, 32 MB goal, 8 P
GC forced
gc 863 @88321.369s 0%: 0.008+3.6+0.006 ms clock, 0.065+0/3.6/3.3+0.049 ms cpu, 20->20->16 MB, 32 MB goal, 8 P
GC forced
gc 864 @88441.375s 0%: 0.008+4.0+0.009 ms clock, 0.071+0/2.3/6.6+0.073 ms cpu, 20->20->16 MB, 32 MB goal, 8 P
GC forced
gc 865 @88561.381s 0%: 0.009+5.5+0.007 ms clock, 0.072+0/6.2/2.8+0.061 ms cpu, 21->21->16 MB, 32 MB goal, 8 P
GC forced
gc 866 @88681.387s 0%: 0.009+2.0+0.007 ms clock, 0.077+0/3.8/6.8+0.058 ms cpu, 20->20->16 MB, 32 MB goal, 8 P
GC forced
gc 867 @88801.393s 0%: 0.010+4.5+0.008 ms clock, 0.083+0/2.1/6.8+0.064 ms cpu, 20->20->16 MB, 32 MB goal, 8 P
GC forced
gc 868 @88921.399s 0%: 0.009+3.7+0.006 ms clock, 0.073+0/4.8/1.8+0.052 ms cpu, 25->25->17 MB, 32 MB goal, 8 P
GC forced
gc 869 @89041.403s 0%: 0.018+3.7+0.007 ms clock, 0.14+0/3.9/2.8+0.059 ms cpu, 21->21->17 MB, 34 MB goal, 8 P
scvg: 0 MB released
scvg: inuse: 20, idle: 41, sys: 62, released: 35, consumed: 26 (MB)
scvg: 0 MB released
scvg: inuse: 20, idle: 42, sys: 62, released: 35, consumed: 26 (MB)
scvg: 0 MB released
scvg: inuse: 20, idle: 42, sys: 62, released: 35, consumed: 26 (MB)
scvg: 0 MB released
scvg: inuse: 20, idle: 42, sys: 62, released: 35, consumed: 26 (MB)
scvg: 0 MB released
scvg: inuse: 20, idle: 42, sys: 62, released: 35, consumed: 26 (MB)
scvg: 0 MB released
scvg: inuse: 20, idle: 42, sys: 62, released: 35, consumed: 26 (MB)
scvg: 0 MB released
scvg: inuse: 20, idle: 42, sys: 62, released: 35, consumed: 26 (MB)
scvg: 0 MB released
scvg: inuse: 20, idle: 42, sys: 62, released: 35, consumed: 26 (MB)
scvg: 0 MB released
scvg: inuse: 20, idle: 42, sys: 62, released: 35, consumed: 26 (MB)
scvg: 0 MB released
scvg: inuse: 20, idle: 42, sys: 62, released: 35, consumed: 26 (MB)
scvg: 0 MB released
scvg: inuse: 20, idle: 42, sys: 62, released: 35, consumed: 26 (MB)
scvg: 0 MB released
scvg: inuse: 20, idle: 42, sys: 62, released: 35, consumed: 26 (MB)
scvg: 0 MB released
scvg: inuse: 20, idle: 42, sys: 62, released: 35, consumed: 26 (MB)
scvg: 0 MB released
scvg: inuse: 20, idle: 42, sys: 62, released: 35, consumed: 26 (MB)
scvg: 0 MB released
scvg: inuse: 20, idle: 42, sys: 62, released: 35, consumed: 26 (MB)
scvg: 0 MB released
scvg: inuse: 20, idle: 42, sys: 62, released: 35, consumed: 26 (MB)
scvg: 0 MB released
scvg: inuse: 20, idle: 42, sys: 62, released: 35, consumed: 26 (MB)
scvg: 0 MB released
scvg: inuse: 20, idle: 42, sys: 62, released: 35, consumed: 26 (MB)
scvg: 0 MB released
scvg: inuse: 20, idle: 42, sys: 62, released: 35, consumed: 26 (MB)
scvg: 0 MB released
scvg: inuse: 20, idle: 42, sys: 62, released: 35, consumed: 26 (MB)
scvg: 0 MB released
scvg: inuse: 20, idle: 42, sys: 62, released: 35, consumed: 26 (MB)
scvg: 0 MB released
scvg: inuse: 20, idle: 42, sys: 62, released: 35, consumed: 26 (MB)
scvg: 0 MB released
scvg: inuse: 20, idle: 42, sys: 62, released: 35, consumed: 26 (MB)
scvg: 0 MB released
scvg: inuse: 20, idle: 42, sys: 62, released: 35, consumed: 26 (MB)
scvg: 0 MB released
scvg: inuse: 20, idle: 42, sys: 62, released: 35, consumed: 26 (MB)
scvg: 0 MB released
scvg: inuse: 20, idle: 42, sys: 62, released: 35, consumed: 26 (MB)
scvg: 0 MB released
scvg: inuse: 20, idle: 42, sys: 62, released: 35, consumed: 26 (MB)
scvg: 0 MB released
scvg: inuse: 20, idle: 42, sys: 62, released: 35, consumed: 26 (MB)
scvg: 0 MB released
scvg: inuse: 20, idle: 42, sys: 62, released: 35, consumed: 26 (MB)
scvg: 0 MB released
scvg: inuse: 20, idle: 42, sys: 62, released: 35, consumed: 26 (MB)
scvg: 0 MB released
scvg: inuse: 20, idle: 42, sys: 62, released: 35, consumed: 26 (MB)
scvg: 0 MB released
scvg: inuse: 20, idle: 42, sys: 62, released: 35, consumed: 26 (MB)
scvg: 0 MB released
scvg: inuse: 20, idle: 42, sys: 62, released: 35, consumed: 26 (MB)
scvg: 0 MB released
scvg: inuse: 20, idle: 42, sys: 62, released: 35, consumed: 26 (MB)
scvg: 0 MB released
scvg: inuse: 20, idle: 42, sys: 62, released: 35, consumed: 26 (MB)
scvg: 0 MB released
scvg: inuse: 20, idle: 42, sys: 62, released: 35, consumed: 26 (MB)
scvg: 0 MB released
scvg: inuse: 20, idle: 42, sys: 62, released: 35, consumed: 26 (MB)
scvg: 0 MB released
scvg: inuse: 20, idle: 42, sys: 62, released: 35, consumed: 26 (MB)
scvg: 0 MB released
scvg: inuse: 20, idle: 42, sys: 62, released: 35, consumed: 26 (MB)
scvg: 0 MB released
scvg: inuse: 20, idle: 42, sys: 62, released: 35, consumed: 26 (MB)
scvg: 0 MB released
scvg: inuse: 20, idle: 42, sys: 62, released: 35, consumed: 26 (MB)
scvg: 0 MB released
scvg: inuse: 20, idle: 42, sys: 62, released: 35, consumed: 26 (MB)
scvg: 0 MB released
scvg: inuse: 20, idle: 42, sys: 62, released: 35, consumed: 26 (MB)
scvg: 0 MB released
scvg: inuse: 20, idle: 42, sys: 62, released: 35, consumed: 26 (MB)
scvg: 0 MB released
scvg: inuse: 20, idle: 42, sys: 62, released: 35, consumed: 26 (MB)
scvg: 0 MB released
scvg: inuse: 20, idle: 42, sys: 62, released: 35, consumed: 26 (MB)
scvg: 0 MB released
scvg: inuse: 20, idle: 42, sys: 62, released: 35, consumed: 26 (MB)
scvg: 0 MB released
scvg: inuse: 20, idle: 42, sys: 62, released: 35, consumed: 26 (MB)
scvg: 0 MB released
scvg: inuse: 20, idle: 42, sys: 62, released: 35, consumed: 26 (MB)
scvg: 0 MB released
scvg: inuse: 20, idle: 42, sys: 62, released: 35, consumed: 26 (MB)
scvg: 0 MB released
scvg: inuse: 20, idle: 42, sys: 62, released: 35, consumed: 26 (MB)
scvg: 0 MB released
scvg: inuse: 20, idle: 42, sys: 62, released: 35, consumed: 26 (MB)
scvg: 0 MB released
scvg: inuse: 20, idle: 42, sys: 62, released: 35, consumed: 26 (MB)
scvg: 0 MB released
scvg: inuse: 20, idle: 42, sys: 62, released: 35, consumed: 26 (MB)
scvg: 0 MB released
scvg: inuse: 20, idle: 42, sys: 62, released: 35, consumed: 26 (MB)
scvg: 0 MB released
scvg: inuse: 20, idle: 42, sys: 62, released: 35, consumed: 26 (MB)
scvg: 0 MB released
scvg: inuse: 20, idle: 42, sys: 62, released: 35, consumed: 26 (MB)
scvg: 0 MB released
scvg: inuse: 20, idle: 42, sys: 62, released: 35, consumed: 26 (MB)
scvg: 0 MB released
scvg: inuse: 20, idle: 42, sys: 62, released: 35, consumed: 26 (MB)
scvg: 0 MB released
scvg: inuse: 20, idle: 42, sys: 62, released: 35, consumed: 26 (MB)
scvg: 0 MB released
scvg: inuse: 20, idle: 42, sys: 62, released: 35, consumed: 26 (MB)
scvg: 0 MB released
scvg: inuse: 20, idle: 42, sys: 62, released: 35, consumed: 26 (MB)
scvg: 0 MB released
scvg: inuse: 20, idle: 42, sys: 62, released: 35, consumed: 26 (MB)
scvg: 0 MB released
scvg: inuse: 20, idle: 42, sys: 62, released: 35, consumed: 26 (MB)
scvg: 0 MB released
scvg: inuse: 20, idle: 42, sys: 62, released: 35, consumed: 26 (MB)
scvg: 0 MB released
scvg: inuse: 20, idle: 42, sys: 62, released: 35, consumed: 26 (MB)
scvg: 0 MB released
scvg: inuse: 20, idle: 42, sys: 62, released: 35, consumed: 26 (MB)
scvg: 0 MB released
scvg: inuse: 20, idle: 42, sys: 62, released: 36, consumed: 26 (MB)
scvg: 0 MB released
scvg: inuse: 20, idle: 42, sys: 62, released: 36, consumed: 26 (MB)
scvg: 0 MB released
scvg: inuse: 20, idle: 42, sys: 62, released: 36, consumed: 26 (MB)
scvg: 0 MB released
scvg: inuse: 20, idle: 42, sys: 62, released: 36, consumed: 26 (MB)
scvg: 0 MB released
scvg: inuse: 20, idle: 42, sys: 62, released: 36, consumed: 26 (MB)
scvg: 0 MB released
scvg: inuse: 20, idle: 42, sys: 62, released: 36, consumed: 26 (MB)
scvg: 0 MB released
scvg: inuse: 20, idle: 42, sys: 62, released: 36, consumed: 26 (MB)
scvg: 0 MB released
scvg: inuse: 20, idle: 42, sys: 62, released: 36, consumed: 26 (MB)
scvg: 0 MB released
scvg: inuse: 20, idle: 42, sys: 62, released: 36, consumed: 26 (MB)
scvg: 0 MB released
scvg: inuse: 20, idle: 42, sys: 62, released: 36, consumed: 26 (MB)
scvg: 0 MB released
scvg: inuse: 20, idle: 42, sys: 62, released: 36, consumed: 26 (MB)
scvg: 0 MB released
scvg: inuse: 20, idle: 42, sys: 62, released: 36, consumed: 26 (MB)
scvg: 0 MB released
scvg: inuse: 20, idle: 42, sys: 62, released: 36, consumed: 26 (MB)
scvg: 0 MB released
scvg: inuse: 20, idle: 42, sys: 62, released: 36, consumed: 26 (MB)
scvg: 0 MB released
scvg: inuse: 20, idle: 42, sys: 62, released: 36, consumed: 26 (MB)
scvg: 0 MB released
scvg: inuse: 20, idle: 42, sys: 62, released: 36, consumed: 26 (MB)
scvg: 0 MB released
scvg: inuse: 20, idle: 42, sys: 62, released: 36, consumed: 26 (MB)
scvg: 0 MB released
scvg: inuse: 20, idle: 42, sys: 62, released: 36, consumed: 26 (MB)
scvg: 0 MB released
scvg: inuse: 20, idle: 42, sys: 62, released: 36, consumed: 26 (MB)
scvg: 0 MB released
scvg: inuse: 20, idle: 42, sys: 62, released: 36, consumed: 26 (MB)
scvg: 0 MB released
scvg: inuse: 20, idle: 42, sys: 62, released: 36, consumed: 26 (MB)
scvg: 0 MB released
scvg: inuse: 20, idle: 42, sys: 62, released: 36, consumed: 26 (MB)
scvg: 0 MB released
scvg: inuse: 20, idle: 42, sys: 62, released: 36, consumed: 26 (MB)
scvg: 0 MB released
scvg: inuse: 20, idle: 42, sys: 62, released: 36, consumed: 26 (MB)
scvg: 0 MB released
scvg: inuse: 20, idle: 42, sys: 62, released: 36, consumed: 26 (MB)
scvg: 0 MB released
scvg: inuse: 20, idle: 42, sys: 62, released: 36, consumed: 26 (MB)
scvg: 0 MB released
scvg: inuse: 20, idle: 42, sys: 62, released: 36, consumed: 26 (MB)
scvg: 0 MB released
scvg: inuse: 20, idle: 42, sys: 62, released: 36, consumed: 26 (MB)
scvg: 0 MB released
scvg: inuse: 20, idle: 42, sys: 62, released: 36, consumed: 26 (MB)
scvg: 0 MB released
scvg: inuse: 20, idle: 42, sys: 62, released: 36, consumed: 26 (MB)
scvg: 0 MB released
scvg: inuse: 20, idle: 42, sys: 62, released: 36, consumed: 26 (MB)
scvg: 0 MB released
scvg: inuse: 20, idle: 42, sys: 62, released: 36, consumed: 26 (MB)
scvg: 0 MB released
scvg: inuse: 20, idle: 42, sys: 62, released: 36, consumed: 26 (MB)
scvg: 0 MB released
scvg: inuse: 20, idle: 42, sys: 62, released: 36, consumed: 26 (MB)
scvg: 0 MB released
scvg: inuse: 20, idle: 42, sys: 62, released: 36, consumed: 26 (MB)
scvg: 0 MB released
scvg: inuse: 20, idle: 42, sys: 62, released: 36, consumed: 26 (MB)
scvg: 0 MB released
scvg: inuse: 20, idle: 42, sys: 62, released: 36, consumed: 26 (MB)
scvg: 0 MB released
scvg: inuse: 20, idle: 42, sys: 62, released: 36, consumed: 25 (MB)
scvg: 0 MB released
scvg: inuse: 20, idle: 42, sys: 62, released: 36, consumed: 25 (MB)
scvg: 0 MB released
scvg: inuse: 20, idle: 42, sys: 62, released: 36, consumed: 25 (MB)
scvg: 0 MB released
scvg: inuse: 20, idle: 42, sys: 62, released: 36, consumed: 25 (MB)
scvg: 0 MB released
scvg: inuse: 20, idle: 42, sys: 62, released: 36, consumed: 25 (MB)
scvg: 0 MB released
scvg: inuse: 20, idle: 42, sys: 62, released: 36, consumed: 25 (MB)
scvg: 0 MB released
scvg: inuse: 20, idle: 42, sys: 62, released: 36, consumed: 25 (MB)
scvg: 0 MB released
scvg: inuse: 20, idle: 42, sys: 62, released: 36, consumed: 25 (MB)
scvg: 0 MB released
scvg: inuse: 20, idle: 42, sys: 62, released: 36, consumed: 25 (MB)
scvg: 0 MB released
scvg: inuse: 20, idle: 42, sys: 62, released: 36, consumed: 25 (MB)
scvg: 0 MB released
scvg: inuse: 20, idle: 42, sys: 62, released: 36, consumed: 25 (MB)
scvg: 0 MB released
scvg: inuse: 20, idle: 42, sys: 62, released: 36, consumed: 25 (MB)
scvg: 0 MB released
scvg: inuse: 20, idle: 42, sys: 62, released: 36, consumed: 25 (MB)
scvg: 0 MB released
scvg: inuse: 20, idle: 42, sys: 62, released: 36, consumed: 25 (MB)
scvg: 0 MB released
scvg: inuse: 20, idle: 42, sys: 62, released: 36, consumed: 25 (MB)
scvg: 0 MB released
scvg: inuse: 20, idle: 42, sys: 62, released: 36, consumed: 25 (MB)
scvg: 0 MB released
scvg: inuse: 20, idle: 42, sys: 62, released: 36, consumed: 25 (MB)
scvg: 0 MB released
scvg: inuse: 20, idle: 42, sys: 62, released: 36, consumed: 25 (MB)
scvg: 0 MB released
scvg: inuse: 20, idle: 42, sys: 62, released: 36, consumed: 25 (MB)
scvg: 0 MB released
scvg: inuse: 20, idle: 42, sys: 62, released: 36, consumed: 25 (MB)
scvg: 0 MB released
scvg: inuse: 20, idle: 42, sys: 62, released: 36, consumed: 25 (MB)
scvg: 0 MB released
scvg: inuse: 20, idle: 42, sys: 62, released: 36, consumed: 25 (MB)
scvg: 0 MB released
scvg: inuse: 20, idle: 42, sys: 62, released: 36, consumed: 25 (MB)
scvg: 0 MB released
scvg: inuse: 20, idle: 42, sys: 62, released: 36, consumed: 25 (MB)
scvg: 0 MB released
scvg: inuse: 20, idle: 42, sys: 62, released: 36, consumed: 25 (MB)
scvg: 0 MB released
scvg: inuse: 20, idle: 42, sys: 62, released: 36, consumed: 25 (MB)
scvg: 0 MB released
scvg: inuse: 20, idle: 42, sys: 62, released: 36, consumed: 25 (MB)
scvg: 0 MB released
scvg: inuse: 20, idle: 42, sys: 62, released: 36, consumed: 25 (MB)
scvg: 0 MB released
scvg: inuse: 20, idle: 42, sys: 62, released: 36, consumed: 25 (MB)
scvg: 0 MB released
scvg: inuse: 20, idle: 42, sys: 62, released: 36, consumed: 25 (MB)
scvg: 0 MB released
scvg: inuse: 20, idle: 42, sys: 62, released: 36, consumed: 25 (MB)
scvg: 0 MB released
scvg: inuse: 20, idle: 42, sys: 62, released: 36, consumed: 25 (MB)
scvg: 0 MB released
scvg: inuse: 20, idle: 42, sys: 62, released: 36, consumed: 25 (MB)
scvg: 0 MB released
scvg: inuse: 20, idle: 42, sys: 62, released: 36, consumed: 25 (MB)
scvg: 0 MB released
scvg: inuse: 20, idle: 42, sys: 62, released: 36, consumed: 25 (MB)
scvg: 0 MB released
scvg: inuse: 20, idle: 42, sys: 62, released: 36, consumed: 25 (MB)
scvg: 0 MB released
scvg: inuse: 20, idle: 42, sys: 62, released: 36, consumed: 25 (MB)
scvg: 0 MB released
scvg: inuse: 20, idle: 42, sys: 62, released: 36, consumed: 25 (MB)
scvg: 0 MB released
scvg: inuse: 20, idle: 42, sys: 62, released: 36, consumed: 25 (MB)
scvg: 0 MB released
scvg: inuse: 20, idle: 42, sys: 62, released: 36, consumed: 25 (MB)
scvg: 0 MB released
scvg: inuse: 20, idle: 42, sys: 62, released: 36, consumed: 25 (MB)
scvg: 0 MB released
scvg: inuse: 20, idle: 42, sys: 62, released: 36, consumed: 25 (MB)
scvg: 0 MB released
scvg: inuse: 20, idle: 42, sys: 62, released: 36, consumed: 25 (MB)
scvg: 0 MB released
scvg: inuse: 20, idle: 42, sys: 62, released: 36, consumed: 25 (MB)
scvg: 0 MB released
scvg: inuse: 20, idle: 42, sys: 62, released: 36, consumed: 25 (MB)
scvg: 0 MB released
scvg: inuse: 20, idle: 42, sys: 62, released: 36, consumed: 25 (MB)
scvg: 0 MB released
scvg: inuse: 20, idle: 42, sys: 62, released: 36, consumed: 25 (MB)
scvg: 0 MB released
scvg: inuse: 20, idle: 42, sys: 62, released: 36, consumed: 25 (MB)
scvg: 0 MB released
scvg: inuse: 20, idle: 42, sys: 62, released: 36, consumed: 25 (MB)
scvg: 0 MB released
scvg: inuse: 20, idle: 42, sys: 62, released: 36, consumed: 25 (MB)
scvg: 0 MB released
scvg: inuse: 20, idle: 42, sys: 62, released: 36, consumed: 25 (MB)
scvg: 0 MB released
scvg: inuse: 20, idle: 42, sys: 62, released: 36, consumed: 25 (MB)
scvg: 0 MB released
scvg: inuse: 20, idle: 42, sys: 62, released: 36, consumed: 25 (MB)
scvg: 0 MB released
scvg: inuse: 20, idle: 42, sys: 62, released: 36, consumed: 25 (MB)
scvg: 0 MB released
scvg: inuse: 20, idle: 42, sys: 62, released: 36, consumed: 25 (MB)
scvg: 0 MB released
scvg: inuse: 20, idle: 42, sys: 62, released: 36, consumed: 25 (MB)
scvg: 0 MB released
scvg: inuse: 20, idle: 42, sys: 62, released: 36, consumed: 25 (MB)
scvg: 0 MB released
scvg: inuse: 20, idle: 42, sys: 62, released: 36, consumed: 25 (MB)
scvg: 0 MB released
scvg: inuse: 20, idle: 42, sys: 62, released: 36, consumed: 25 (MB)
scvg: 0 MB released
scvg: inuse: 20, idle: 42, sys: 62, released: 36, consumed: 25 (MB)
scvg: 0 MB released
scvg: inuse: 20, idle: 42, sys: 62, released: 36, consumed: 25 (MB)
scvg: 0 MB released
scvg: inuse: 20, idle: 42, sys: 62, released: 36, consumed: 25 (MB)
scvg: 0 MB released
scvg: inuse: 20, idle: 42, sys: 62, released: 36, consumed: 25 (MB)
scvg: 0 MB released
scvg: inuse: 20, idle: 42, sys: 62, released: 36, consumed: 25 (MB)
scvg: 0 MB released
scvg: inuse: 20, idle: 42, sys: 62, released: 36, consumed: 25 (MB)
scvg: 0 MB released
scvg: inuse: 20, idle: 42, sys: 62, released: 36, consumed: 25 (MB)
scvg: 0 MB released
scvg: inuse: 20, idle: 42, sys: 62, released: 36, consumed: 25 (MB)
scvg: 0 MB released
scvg: inuse: 20, idle: 42, sys: 62, released: 36, consumed: 25 (MB)
scvg: 0 MB released
scvg: inuse: 20, idle: 42, sys: 62, released: 36, consumed: 25 (MB)
scvg: 0 MB released
scvg: inuse: 20, idle: 42, sys: 62, released: 36, consumed: 25 (MB)
scvg: 0 MB released
scvg: inuse: 20, idle: 42, sys: 62, released: 36, consumed: 25 (MB)
scvg: 0 MB released
scvg: inuse: 20, idle: 42, sys: 62, released: 36, consumed: 25 (MB)
scvg: 0 MB released
scvg: inuse: 20, idle: 42, sys: 62, released: 36, consumed: 25 (MB)
scvg: 0 MB released
scvg: inuse: 20, idle: 42, sys: 62, released: 36, consumed: 25 (MB)
scvg: 0 MB released
scvg: inuse: 20, idle: 42, sys: 62, released: 36, consumed: 25 (MB)
scvg: 0 MB released
scvg: inuse: 20, idle: 42, sys: 62, released: 36, consumed: 25 (MB)
scvg: 0 MB released
scvg: inuse: 20, idle: 42, sys: 62, released: 36, consumed: 25 (MB)
scvg: 0 MB released
scvg: inuse: 20, idle: 42, sys: 62, released: 36, consumed: 25 (MB)
scvg: 0 MB released
scvg: inuse: 20, idle: 42, sys: 62, released: 36, consumed: 25 (MB)
scvg: 0 MB released
scvg: inuse: 20, idle: 42, sys: 62, released: 36, consumed: 25 (MB)
scvg: 0 MB released
scvg: inuse: 20, idle: 42, sys: 62, released: 36, consumed: 25 (MB)
scvg: 0 MB released
scvg: inuse: 20, idle: 42, sys: 62, released: 36, consumed: 25 (MB)
scvg: 0 MB released
scvg: inuse: 20, idle: 42, sys: 62, released: 36, consumed: 25 (MB)
scvg: 0 MB released
scvg: inuse: 20, idle: 42, sys: 62, released: 36, consumed: 25 (MB)
scvg: 0 MB released
scvg: inuse: 20, idle: 42, sys: 62, released: 36, consumed: 25 (MB)
scvg: 0 MB released
scvg: inuse: 20, idle: 42, sys: 62, released: 36, consumed: 25 (MB)
scvg: 0 MB released
scvg: inuse: 20, idle: 42, sys: 62, released: 36, consumed: 25 (MB)
scvg: 0 MB released
scvg: inuse: 20, idle: 42, sys: 62, released: 36, consumed: 25 (MB)
scvg: 0 MB released
scvg: inuse: 20, idle: 42, sys: 62, released: 36, consumed: 25 (MB)
GC forced
gc 870 @89161.411s 0%: 0.009+5.0+0.006 ms clock, 0.079+0/6.2/1.3+0.052 ms cpu, 21->21->17 MB, 34 MB goal, 8 P
scvg: 0 MB released
scvg: inuse: 20, idle: 42, sys: 62, released: 37, consumed: 25 (MB)
scvg: 0 MB released
scvg: inuse: 20, idle: 42, sys: 62, released: 37, consumed: 25 (MB)
scvg: 0 MB released
scvg: inuse: 20, idle: 42, sys: 62, released: 37, consumed: 25 (MB)
scvg: 0 MB released
scvg: inuse: 20, idle: 42, sys: 62, released: 37, consumed: 25 (MB)
scvg: 0 MB released
scvg: inuse: 20, idle: 42, sys: 62, released: 37, consumed: 25 (MB)
scvg: 0 MB released
scvg: inuse: 20, idle: 42, sys: 62, released: 37, consumed: 25 (MB)
scvg: 0 MB released
scvg: inuse: 20, idle: 42, sys: 62, released: 37, consumed: 25 (MB)
scvg: 0 MB released
scvg: inuse: 20, idle: 42, sys: 62, released: 37, consumed: 25 (MB)
scvg: 0 MB released
scvg: inuse: 20, idle: 42, sys: 62, released: 37, consumed: 25 (MB)
scvg: 0 MB released
scvg: inuse: 20, idle: 42, sys: 62, released: 37, consumed: 25 (MB)
scvg: 0 MB released
scvg: inuse: 20, idle: 42, sys: 62, released: 37, consumed: 25 (MB)
scvg: 0 MB released
scvg: inuse: 20, idle: 42, sys: 62, released: 37, consumed: 25 (MB)
scvg: 0 MB released
scvg: inuse: 20, idle: 42, sys: 62, released: 37, consumed: 25 (MB)
scvg: 0 MB released
scvg: inuse: 20, idle: 42, sys: 62, released: 37, consumed: 25 (MB)
scvg: 0 MB released
scvg: inuse: 20, idle: 42, sys: 62, released: 37, consumed: 25 (MB)
scvg: 0 MB released
scvg: inuse: 20, idle: 42, sys: 62, released: 37, consumed: 25 (MB)
scvg: 0 MB released
scvg: inuse: 20, idle: 42, sys: 62, released: 37, consumed: 25 (MB)
scvg: 0 MB released
scvg: inuse: 20, idle: 42, sys: 62, released: 37, consumed: 25 (MB)
scvg: 0 MB released
scvg: inuse: 20, idle: 42, sys: 62, released: 37, consumed: 25 (MB)
scvg: 0 MB released
scvg: inuse: 20, idle: 42, sys: 62, released: 37, consumed: 25 (MB)
scvg: 0 MB released
scvg: inuse: 20, idle: 42, sys: 62, released: 37, consumed: 25 (MB)
scvg: 0 MB released
scvg: inuse: 20, idle: 42, sys: 62, released: 37, consumed: 25 (MB)
scvg: 0 MB released
scvg: inuse: 20, idle: 42, sys: 62, released: 37, consumed: 25 (MB)
scvg: 0 MB released
scvg: inuse: 20, idle: 42, sys: 62, released: 37, consumed: 25 (MB)
scvg: 0 MB released
scvg: inuse: 20, idle: 42, sys: 62, released: 37, consumed: 25 (MB)
scvg: 0 MB released
scvg: inuse: 20, idle: 42, sys: 62, released: 37, consumed: 25 (MB)
scvg: 0 MB released
scvg: inuse: 20, idle: 42, sys: 62, released: 37, consumed: 25 (MB)
scvg: 0 MB released
scvg: inuse: 20, idle: 42, sys: 62, released: 37, consumed: 25 (MB)
scvg: 0 MB released
scvg: inuse: 20, idle: 42, sys: 62, released: 37, consumed: 25 (MB)
scvg: 0 MB released
scvg: inuse: 20, idle: 42, sys: 62, released: 37, consumed: 25 (MB)
scvg: 0 MB released
scvg: inuse: 20, idle: 42, sys: 62, released: 37, consumed: 25 (MB)
scvg: 0 MB released
scvg: inuse: 20, idle: 42, sys: 62, released: 37, consumed: 25 (MB)
scvg: 0 MB released
scvg: inuse: 20, idle: 42, sys: 62, released: 37, consumed: 25 (MB)
scvg: 0 MB released
scvg: inuse: 20, idle: 42, sys: 62, released: 37, consumed: 25 (MB)
scvg: 0 MB released
scvg: inuse: 20, idle: 42, sys: 62, released: 37, consumed: 25 (MB)
scvg: 0 MB released
scvg: inuse: 20, idle: 42, sys: 62, released: 37, consumed: 24 (MB)
scvg: 0 MB released
scvg: inuse: 20, idle: 42, sys: 62, released: 37, consumed: 24 (MB)
scvg: 0 MB released
scvg: inuse: 20, idle: 42, sys: 62, released: 37, consumed: 24 (MB)
scvg: 0 MB released
scvg: inuse: 20, idle: 42, sys: 62, released: 37, consumed: 24 (MB)
scvg: 0 MB released
scvg: inuse: 20, idle: 42, sys: 62, released: 37, consumed: 24 (MB)
scvg: 0 MB released
scvg: inuse: 20, idle: 42, sys: 62, released: 37, consumed: 24 (MB)
scvg: 0 MB released
scvg: inuse: 20, idle: 42, sys: 62, released: 37, consumed: 24 (MB)
scvg: 0 MB released
scvg: inuse: 20, idle: 42, sys: 62, released: 37, consumed: 24 (MB)
scvg: 0 MB released
scvg: inuse: 20, idle: 42, sys: 62, released: 37, consumed: 24 (MB)
scvg: 0 MB released
scvg: inuse: 20, idle: 42, sys: 62, released: 37, consumed: 24 (MB)
scvg: 0 MB released
scvg: inuse: 20, idle: 42, sys: 62, released: 37, consumed: 24 (MB)
scvg: 0 MB released
scvg: inuse: 20, idle: 42, sys: 62, released: 37, consumed: 24 (MB)
scvg: 0 MB released
scvg: inuse: 20, idle: 42, sys: 62, released: 37, consumed: 24 (MB)
GC forced
gc 871 @89281.417s 0%: 0.043+3.8+0.006 ms clock, 0.34+0/5.5/0.92+0.053 ms cpu, 22->22->17 MB, 34 MB goal, 8 P
GC forced
gc 872 @89401.423s 0%: 0.009+3.6+0.007 ms clock, 0.075+0/4.7/1.7+0.058 ms cpu, 21->21->17 MB, 34 MB goal, 8 P
GC forced
gc 873 @89521.428s 0%: 0.021+2.8+0.014 ms clock, 0.17+0/5.0/7.6+0.11 ms cpu, 22->22->17 MB, 34 MB goal, 8 P
GC forced
gc 874 @89641.434s 0%: 0.010+4.9+0.007 ms clock, 0.085+0/5.8/4.8+0.061 ms cpu, 21->21->17 MB, 34 MB goal, 8 P
scvg: 0 MB released
scvg: inuse: 20, idle: 41, sys: 62, released: 37, consumed: 24 (MB)
scvg: 0 MB released
scvg: inuse: 20, idle: 42, sys: 62, released: 37, consumed: 24 (MB)
scvg: 0 MB released
scvg: inuse: 20, idle: 42, sys: 62, released: 37, consumed: 24 (MB)
scvg: 0 MB released
scvg: inuse: 20, idle: 42, sys: 62, released: 37, consumed: 24 (MB)
scvg: 0 MB released
scvg: inuse: 20, idle: 42, sys: 62, released: 37, consumed: 24 (MB)
scvg: 0 MB released
scvg: inuse: 20, idle: 42, sys: 62, released: 37, consumed: 24 (MB)
scvg: 0 MB released
scvg: inuse: 20, idle: 42, sys: 62, released: 37, consumed: 24 (MB)
scvg: 0 MB released
scvg: inuse: 20, idle: 42, sys: 62, released: 37, consumed: 24 (MB)
scvg: 0 MB released
scvg: inuse: 20, idle: 42, sys: 62, released: 37, consumed: 24 (MB)
scvg: 0 MB released
scvg: inuse: 20, idle: 42, sys: 62, released: 37, consumed: 24 (MB)
GC forced
gc 875 @89761.439s 0%: 0.008+2.1+0.006 ms clock, 0.070+0/3.9/4.8+0.054 ms cpu, 22->22->17 MB, 34 MB goal, 8 P
GC forced
gc 876 @89881.445s 0%: 0.008+3.3+0.006 ms clock, 0.067+0/4.3/4.6+0.048 ms cpu, 21->21->17 MB, 34 MB goal, 8 P
GC forced
gc 877 @90001.451s 0%: 0.007+3.5+0.006 ms clock, 0.063+0/3.6/3.0+0.052 ms cpu, 21->21->17 MB, 34 MB goal, 8 P
GC forced
gc 878 @90121.456s 0%: 0.009+3.1+0.007 ms clock, 0.074+0/4.2/2.2+0.057 ms cpu, 21->21->17 MB, 34 MB goal, 8 P
GC forced
gc 879 @90241.462s 0%: 0.015+1.7+0.005 ms clock, 0.12+0/2.9/5.5+0.045 ms cpu, 21->21->17 MB, 34 MB goal, 8 P
GC forced
gc 880 @90361.467s 0%: 0.008+4.3+0.006 ms clock, 0.071+0/2.4/4.9+0.048 ms cpu, 21->21->17 MB, 34 MB goal, 8 P
GC forced
gc 881 @90481.473s 0%: 0.013+3.1+0.006 ms clock, 0.10+0/4.0/5.1+0.050 ms cpu, 21->21->17 MB, 34 MB goal, 8 P
GC forced
gc 882 @90601.477s 0%: 0.007+1.9+0.006 ms clock, 0.059+0/3.6/6.1+0.049 ms cpu, 21->21->17 MB, 34 MB goal, 8 P
GC forced
gc 883 @90721.485s 0%: 0.009+1.9+0.006 ms clock, 0.076+0/2.6/4.2+0.052 ms cpu, 22->22->17 MB, 34 MB goal, 8 P
GC forced
gc 884 @90841.491s 0%: 0.009+3.5+0.006 ms clock, 0.074+0/4.5/5.1+0.050 ms cpu, 22->22->17 MB, 34 MB goal, 8 P
GC forced
gc 885 @90961.497s 0%: 0.008+3.5+0.005 ms clock, 0.070+0/3.5/2.5+0.046 ms cpu, 22->22->17 MB, 34 MB goal, 8 P
GC forced
gc 886 @91081.503s 0%: 0.011+3.5+0.006 ms clock, 0.089+0/5.0/1.8+0.049 ms cpu, 22->22->17 MB, 34 MB goal, 8 P
GC forced
gc 887 @91201.508s 0%: 0.095+3.5+0.007 ms clock, 0.76+0/3.5/2.6+0.063 ms cpu, 22->22->17 MB, 34 MB goal, 8 P
GC forced
gc 888 @91321.514s 0%: 0.033+2.3+0.007 ms clock, 0.26+0/3.1/6.0+0.060 ms cpu, 22->22->17 MB, 34 MB goal, 8 P
GC forced
gc 889 @91441.520s 0%: 0.010+2.1+0.007 ms clock, 0.085+0/3.2/4.5+0.061 ms cpu, 21->21->17 MB, 34 MB goal, 8 P
scvg: 0 MB released
scvg: inuse: 20, idle: 41, sys: 62, released: 37, consumed: 25 (MB)
scvg: 0 MB released
scvg: inuse: 20, idle: 42, sys: 62, released: 37, consumed: 25 (MB)
scvg: 0 MB released
scvg: inuse: 20, idle: 42, sys: 62, released: 37, consumed: 25 (MB)
scvg: 0 MB released
scvg: inuse: 20, idle: 42, sys: 62, released: 37, consumed: 25 (MB)
scvg: 0 MB released
scvg: inuse: 20, idle: 42, sys: 62, released: 37, consumed: 25 (MB)
scvg: 0 MB released
scvg: inuse: 20, idle: 42, sys: 62, released: 37, consumed: 25 (MB)
scvg: 0 MB released
scvg: inuse: 20, idle: 42, sys: 62, released: 37, consumed: 24 (MB)
scvg: 0 MB released
scvg: inuse: 20, idle: 42, sys: 62, released: 37, consumed: 24 (MB)
scvg: 0 MB released
scvg: inuse: 20, idle: 42, sys: 62, released: 37, consumed: 24 (MB)
scvg: 0 MB released
scvg: inuse: 20, idle: 42, sys: 62, released: 37, consumed: 24 (MB)
scvg: 0 MB released
scvg: inuse: 20, idle: 42, sys: 62, released: 37, consumed: 24 (MB)
scvg: 0 MB released
scvg: inuse: 20, idle: 42, sys: 62, released: 37, consumed: 24 (MB)
scvg: 0 MB released
scvg: inuse: 20, idle: 42, sys: 62, released: 37, consumed: 24 (MB)
scvg: 0 MB released
scvg: inuse: 20, idle: 42, sys: 62, released: 37, consumed: 24 (MB)
scvg: 0 MB released
scvg: inuse: 20, idle: 42, sys: 62, released: 37, consumed: 24 (MB)
scvg: 0 MB released
scvg: inuse: 20, idle: 42, sys: 62, released: 37, consumed: 24 (MB)
scvg: 0 MB released
scvg: inuse: 20, idle: 42, sys: 62, released: 37, consumed: 24 (MB)
GC forced
gc 890 @91561.526s 0%: 0.021+3.5+0.006 ms clock, 0.17+0/1.7/4.9+0.049 ms cpu, 22->22->17 MB, 34 MB goal, 8 P
GC forced
gc 891 @91681.532s 0%: 0.008+3.0+0.006 ms clock, 0.068+0/1.6/6.5+0.051 ms cpu, 21->21->17 MB, 34 MB goal, 8 P
GC forced
gc 892 @91801.537s 0%: 0.019+3.7+0.006 ms clock, 0.15+0/4.2/3.0+0.054 ms cpu, 22->22->17 MB, 34 MB goal, 8 P
GC forced
gc 893 @91921.543s 0%: 0.009+4.9+0.006 ms clock, 0.079+0/5.3/3.9+0.050 ms cpu, 21->21->17 MB, 34 MB goal, 8 P
GC forced
gc 894 @92041.548s 0%: 0.014+3.2+0.007 ms clock, 0.11+0/3.7/3.1+0.057 ms cpu, 22->22->17 MB, 34 MB goal, 8 P
GC forced
gc 895 @92161.554s 0%: 0.008+3.1+0.006 ms clock, 0.064+0/3.8/3.0+0.051 ms cpu, 21->21->17 MB, 34 MB goal, 8 P
GC forced
gc 896 @92281.559s 0%: 0.013+3.4+0.007 ms clock, 0.10+0/4.5/3.8+0.060 ms cpu, 22->22->17 MB, 34 MB goal, 8 P
GC forced
gc 897 @92401.565s 0%: 0.008+2.2+0.005 ms clock, 0.070+0/4.1/5.4+0.043 ms cpu, 21->21->17 MB, 34 MB goal, 8 P
GC forced
gc 898 @92521.570s 0%: 0.008+3.4+0.005 ms clock, 0.066+0/4.9/3.2+0.046 ms cpu, 21->21->17 MB, 34 MB goal, 8 P
GC forced
gc 899 @92641.576s 0%: 0.008+3.5+0.006 ms clock, 0.070+0/2.8/3.5+0.053 ms cpu, 21->21->17 MB, 34 MB goal, 8 P
GC forced
gc 900 @92761.582s 0%: 0.007+3.2+0.006 ms clock, 0.060+0/4.2/2.3+0.051 ms cpu, 22->22->17 MB, 34 MB goal, 8 P
GC forced
gc 901 @92881.587s 0%: 0.009+3.4+0.006 ms clock, 0.078+0/4.7/2.1+0.049 ms cpu, 22->22->17 MB, 34 MB goal, 8 P
GC forced
gc 902 @93001.593s 0%: 0.009+3.9+0.006 ms clock, 0.075+0.079/5.3/2.9+0.048 ms cpu, 21->21->17 MB, 34 MB goal, 8 P
GC forced
gc 903 @93121.599s 0%: 0.008+3.5+0.006 ms clock, 0.070+0/2.3/4.7+0.052 ms cpu, 21->21->17 MB, 34 MB goal, 8 P
GC forced
gc 904 @93241.604s 0%: 0.009+3.7+0.006 ms clock, 0.072+0/4.4/4.0+0.049 ms cpu, 22->22->17 MB, 34 MB goal, 8 P
GC forced
gc 905 @93361.610s 0%: 0.017+3.4+0.006 ms clock, 0.13+0/4.1/2.6+0.049 ms cpu, 22->22->17 MB, 34 MB goal, 8 P
GC forced
gc 906 @93481.615s 0%: 0.008+2.0+0.013 ms clock, 0.068+0/3.5/5.4+0.11 ms cpu, 22->22->17 MB, 34 MB goal, 8 P
GC forced
gc 907 @93601.621s 0%: 0.009+2.3+0.006 ms clock, 0.074+0/3.2/3.3+0.049 ms cpu, 22->22->17 MB, 34 MB goal, 8 P
GC forced
gc 908 @93721.626s 0%: 0.009+2.0+0.005 ms clock, 0.075+0/3.3/6.3+0.043 ms cpu, 22->22->17 MB, 34 MB goal, 8 P
GC forced
gc 909 @93841.632s 0%: 0.008+3.7+0.005 ms clock, 0.071+0/3.9/2.1+0.045 ms cpu, 22->22->17 MB, 34 MB goal, 8 P
GC forced
gc 910 @93961.637s 0%: 0.009+3.5+0.038 ms clock, 0.077+0/3.5/2.5+0.30 ms cpu, 21->21->17 MB, 34 MB goal, 8 P
GC forced
gc 911 @94081.642s 0%: 0.009+2.5+0.006 ms clock, 0.078+0/4.3/1.8+0.049 ms cpu, 22->22->17 MB, 34 MB goal, 8 P
GC forced
gc 912 @94201.647s 0%: 0.008+3.2+0.005 ms clock, 0.071+0/3.9/2.5+0.044 ms cpu, 21->21->17 MB, 34 MB goal, 8 P
GC forced
gc 913 @94321.652s 0%: 0.008+3.1+0.005 ms clock, 0.067+0/4.5/1.7+0.046 ms cpu, 22->22->17 MB, 34 MB goal, 8 P
GC forced
gc 914 @94441.658s 0%: 0.008+4.5+0.017 ms clock, 0.065+0/5.2/2.9+0.13 ms cpu, 22->22->17 MB, 34 MB goal, 8 P
GC forced
gc 915 @94561.663s 0%: 0.008+4.4+0.006 ms clock, 0.065+0/4.6/2.9+0.048 ms cpu, 22->22->17 MB, 34 MB goal, 8 P
GC forced
gc 916 @94681.668s 0%: 0.008+3.6+0.007 ms clock, 0.069+0/2.8/3.6+0.057 ms cpu, 21->21->17 MB, 34 MB goal, 8 P
GC forced
gc 917 @94801.673s 0%: 0.008+3.2+0.006 ms clock, 0.069+0/4.7/1.5+0.050 ms cpu, 22->22->17 MB, 34 MB goal, 8 P
GC forced
gc 918 @94921.679s 0%: 0.019+3.2+0.005 ms clock, 0.15+0/4.1/2.1+0.044 ms cpu, 22->22->17 MB, 34 MB goal, 8 P
GC forced
gc 919 @95041.684s 0%: 0.008+3.5+0.006 ms clock, 0.064+0/3.5/2.5+0.054 ms cpu, 22->22->17 MB, 34 MB goal, 8 P
GC forced
gc 920 @95161.689s 0%: 0.034+3.1+0.005 ms clock, 0.27+0.28/3.5/4.1+0.047 ms cpu, 21->21->17 MB, 34 MB goal, 8 P
GC forced
gc 921 @95281.695s 0%: 0.007+4.7+0.005 ms clock, 0.062+0/5.3/2.7+0.045 ms cpu, 22->22->17 MB, 34 MB goal, 8 P
GC forced
gc 922 @95401.700s 0%: 0.008+1.6+0.005 ms clock, 0.071+0/2.3/6.0+0.046 ms cpu, 21->21->17 MB, 34 MB goal, 8 P
GC forced
gc 923 @95521.705s 0%: 0.010+3.4+0.006 ms clock, 0.080+0/4.1/2.4+0.052 ms cpu, 22->22->17 MB, 34 MB goal, 8 P
GC forced
gc 924 @95641.711s 0%: 0.008+3.2+0.005 ms clock, 0.067+0/4.0/3.5+0.044 ms cpu, 21->21->17 MB, 34 MB goal, 8 P
GC forced
gc 925 @95761.716s 0%: 0.009+3.5+0.007 ms clock, 0.074+0/2.7/3.5+0.063 ms cpu, 22->22->17 MB, 34 MB goal, 8 P
GC forced
gc 926 @95881.722s 0%: 0.010+4.4+0.005 ms clock, 0.080+0/5.2/2.1+0.046 ms cpu, 22->22->17 MB, 34 MB goal, 8 P
GC forced
gc 927 @96001.727s 0%: 0.009+2.5+0.007 ms clock, 0.072+0/4.5/4.2+0.060 ms cpu, 22->22->17 MB, 34 MB goal, 8 P
GC forced
gc 928 @96121.732s 0%: 0.008+3.2+0.006 ms clock, 0.065+0/1.5/6.0+0.048 ms cpu, 22->22->17 MB, 34 MB goal, 8 P
GC forced
gc 929 @96241.737s 0%: 0.009+3.6+0.006 ms clock, 0.078+0/5.2/1.0+0.048 ms cpu, 22->22->17 MB, 34 MB goal, 8 P
GC forced
gc 930 @96361.742s 0%: 0.009+3.4+0.005 ms clock, 0.078+0/4.7/1.5+0.047 ms cpu, 22->22->17 MB, 34 MB goal, 8 P
GC forced
gc 931 @96481.747s 0%: 0.010+3.3+0.005 ms clock, 0.086+0/4.4/2.2+0.047 ms cpu, 22->22->17 MB, 34 MB goal, 8 P
GC forced
gc 932 @96601.752s 0%: 0.009+3.7+0.005 ms clock, 0.074+0/3.9/2.0+0.045 ms cpu, 22->22->17 MB, 34 MB goal, 8 P
GC forced
gc 933 @96721.758s 0%: 0.008+3.4+0.005 ms clock, 0.069+0/3.6/3.7+0.045 ms cpu, 22->22->17 MB, 34 MB goal, 8 P
GC forced
gc 934 @96841.763s 0%: 0.008+2.5+0.006 ms clock, 0.065+0/4.4/2.4+0.051 ms cpu, 22->22->17 MB, 34 MB goal, 8 P
GC forced
gc 935 @96961.768s 0%: 0.008+2.6+0.005 ms clock, 0.067+0/4.1/5.5+0.046 ms cpu, 22->22->17 MB, 34 MB goal, 8 P
GC forced
gc 936 @97081.773s 0%: 0.009+3.2+0.005 ms clock, 0.072+0/4.1/2.3+0.045 ms cpu, 22->22->17 MB, 34 MB goal, 8 P
GC forced
gc 937 @97201.778s 0%: 0.009+3.2+0.005 ms clock, 0.077+0/4.2/3.1+0.041 ms cpu, 22->22->17 MB, 34 MB goal, 8 P
GC forced
gc 938 @97321.783s 0%: 0.083+3.5+0.005 ms clock, 0.66+0/5.2/1.1+0.047 ms cpu, 22->22->17 MB, 34 MB goal, 8 P
GC forced
gc 939 @97441.788s 0%: 0.010+2.8+0.006 ms clock, 0.084+0/4.3/5.3+0.053 ms cpu, 22->22->17 MB, 34 MB goal, 8 P
GC forced
gc 940 @97561.793s 0%: 0.009+3.7+0.006 ms clock, 0.075+0/3.8/3.4+0.048 ms cpu, 22->22->17 MB, 34 MB goal, 8 P
GC forced
gc 941 @97681.799s 0%: 0.019+3.2+0.006 ms clock, 0.15+0/3.8/3.4+0.053 ms cpu, 22->22->17 MB, 34 MB goal, 8 P
GC forced
gc 942 @97801.804s 0%: 0.009+3.3+0.006 ms clock, 0.073+0/1.7/6.6+0.048 ms cpu, 22->22->17 MB, 34 MB goal, 8 P
GC forced
gc 943 @97921.809s 0%: 0.008+3.3+0.006 ms clock, 0.065+0/3.7/3.8+0.054 ms cpu, 21->21->17 MB, 34 MB goal, 8 P
GC forced
gc 944 @98041.814s 0%: 0.008+3.6+0.006 ms clock, 0.065+0/3.8/2.1+0.050 ms cpu, 22->22->17 MB, 34 MB goal, 8 P
GC forced
gc 945 @98161.819s 0%: 0.029+3.2+0.005 ms clock, 0.23+0/4.5/1.7+0.045 ms cpu, 21->21->17 MB, 34 MB goal, 8 P
GC forced
gc 946 @98281.824s 0%: 0.009+3.0+0.006 ms clock, 0.079+0/4.1/2.1+0.050 ms cpu, 22->22->17 MB, 34 MB goal, 8 P
GC forced
gc 947 @98401.829s 0%: 0.008+2.1+0.013 ms clock, 0.068+0/2.6/6.1+0.10 ms cpu, 22->22->17 MB, 34 MB goal, 8 P
GC forced
gc 948 @98521.835s 0%: 0.008+2.0+0.005 ms clock, 0.064+0/3.4/5.9+0.043 ms cpu, 22->22->17 MB, 34 MB goal, 8 P
GC forced
gc 949 @98641.840s 0%: 0.008+3.2+0.005 ms clock, 0.071+0/4.2/2.9+0.046 ms cpu, 22->22->17 MB, 34 MB goal, 8 P
GC forced
gc 950 @98761.844s 0%: 0.011+2.3+0.005 ms clock, 0.092+0/4.0/5.1+0.045 ms cpu, 22->22->17 MB, 34 MB goal, 8 P
GC forced
gc 951 @98881.849s 0%: 0.008+4.3+0.006 ms clock, 0.066+0/4.9/1.7+0.048 ms cpu, 22->22->17 MB, 34 MB goal, 8 P
GC forced
gc 952 @99001.854s 0%: 0.017+3.6+0.005 ms clock, 0.13+0/4.3/3.5+0.046 ms cpu, 21->21->17 MB, 34 MB goal, 8 P
GC forced
gc 953 @99121.859s 0%: 0.008+3.2+0.005 ms clock, 0.067+0/4.0/2.6+0.047 ms cpu, 22->22->17 MB, 34 MB goal, 8 P
GC forced
gc 954 @99241.864s 0%: 0.008+3.2+0.005 ms clock, 0.069+0/6.3/4.1+0.042 ms cpu, 21->21->17 MB, 34 MB goal, 8 P
GC forced
gc 955 @99361.869s 0%: 0.008+3.1+0.007 ms clock, 0.065+0/3.8/3.4+0.062 ms cpu, 22->22->17 MB, 34 MB goal, 8 P
GC forced
gc 956 @99481.874s 0%: 0.009+3.1+0.005 ms clock, 0.072+0/3.9/2.4+0.041 ms cpu, 22->22->17 MB, 34 MB goal, 8 P
GC forced
gc 957 @99601.879s 0%: 0.014+3.7+0.005 ms clock, 0.11+0/4.2/3.7+0.047 ms cpu, 22->22->17 MB, 34 MB goal, 8 P
GC forced
gc 958 @99721.884s 0%: 0.009+3.0+0.005 ms clock, 0.074+0/3.8/3.1+0.040 ms cpu, 21->21->17 MB, 35 MB goal, 8 P
GC forced
gc 959 @99841.889s 0%: 0.009+3.3+0.005 ms clock, 0.073+0/4.2/4.8+0.042 ms cpu, 22->22->17 MB, 35 MB goal, 8 P
GC forced
gc 960 @99961.894s 0%: 0.008+3.1+0.005 ms clock, 0.068+0/4.5/1.5+0.045 ms cpu, 21->21->17 MB, 35 MB goal, 8 P
GC forced
gc 961 @100081.899s 0%: 0.008+3.4+0.005 ms clock, 0.068+0/4.2/1.9+0.046 ms cpu, 22->22->17 MB, 35 MB goal, 8 P
GC forced
gc 962 @100201.904s 0%: 0.008+2.2+0.005 ms clock, 0.065+0/2.9/4.5+0.044 ms cpu, 21->21->17 MB, 35 MB goal, 8 P
GC forced
gc 963 @100321.909s 0%: 0.009+3.1+0.005 ms clock, 0.079+0/2.0/4.2+0.046 ms cpu, 22->22->17 MB, 35 MB goal, 8 P
GC forced
gc 964 @100441.914s 0%: 0.009+3.1+0.005 ms clock, 0.077+0/4.0/4.2+0.042 ms cpu, 21->21->17 MB, 35 MB goal, 8 P
GC forced
gc 965 @100561.919s 0%: 0.013+3.3+0.005 ms clock, 0.10+0/4.0/2.1+0.041 ms cpu, 22->22->17 MB, 35 MB goal, 8 P
GC forced
gc 966 @100681.924s 0%: 0.019+3.7+0.005 ms clock, 0.15+0/4.6/2.4+0.043 ms cpu, 21->21->17 MB, 35 MB goal, 8 P
GC forced
gc 967 @100801.928s 0%: 0.008+3.4+0.005 ms clock, 0.067+0/3.4/2.4+0.047 ms cpu, 22->22->17 MB, 35 MB goal, 8 P
GC forced
gc 968 @100921.932s 0%: 0.011+3.2+0.006 ms clock, 0.088+0/4.7/1.6+0.049 ms cpu, 22->22->17 MB, 35 MB goal, 8 P
GC forced
gc 969 @101041.937s 0%: 0.010+3.2+0.005 ms clock, 0.080+0/4.1/3.3+0.043 ms cpu, 22->22->17 MB, 35 MB goal, 8 P
GC forced
gc 970 @101161.941s 0%: 0.009+3.4+0.005 ms clock, 0.073+0/3.3/2.4+0.042 ms cpu, 22->22->17 MB, 35 MB goal, 8 P
GC forced
gc 971 @101281.949s 0%: 0.010+3.6+0.006 ms clock, 0.081+0/4.0/2.1+0.048 ms cpu, 22->22->17 MB, 35 MB goal, 8 P
GC forced
gc 972 @101401.991s 0%: 0.009+3.5+0.006 ms clock, 0.077+0/3.5/2.4+0.051 ms cpu, 22->22->17 MB, 35 MB goal, 8 P
GC forced
gc 973 @101522.031s 0%: 0.010+3.3+0.005 ms clock, 0.082+0/3.8/2.8+0.043 ms cpu, 21->21->17 MB, 35 MB goal, 8 P
GC forced
gc 974 @101642.041s 0%: 0.008+2.1+0.005 ms clock, 0.069+0/3.7/3.6+0.043 ms cpu, 22->22->17 MB, 35 MB goal, 8 P
GC forced
gc 975 @101762.053s 0%: 0.008+3.1+0.005 ms clock, 0.071+0/1.6/4.7+0.047 ms cpu, 22->22->17 MB, 35 MB goal, 8 P
GC forced
gc 976 @101882.077s 0%: 0.019+3.4+0.005 ms clock, 0.15+0/3.4/2.3+0.045 ms cpu, 22->22->17 MB, 35 MB goal, 8 P
GC forced
gc 977 @102002.095s 0%: 0.008+3.3+0.006 ms clock, 0.069+0/3.5/3.7+0.055 ms cpu, 21->21->17 MB, 35 MB goal, 8 P
GC forced
gc 978 @102122.140s 0%: 0.009+3.2+0.005 ms clock, 0.074+0/4.5/1.4+0.043 ms cpu, 22->22->17 MB, 35 MB goal, 8 P
GC forced
gc 979 @102242.165s 0%: 0.007+3.5+0.005 ms clock, 0.062+0/3.4/2.4+0.043 ms cpu, 21->21->17 MB, 35 MB goal, 8 P
GC forced
gc 980 @102362.184s 0%: 0.009+3.3+0.005 ms clock, 0.075+0/4.8/1.9+0.045 ms cpu, 22->22->17 MB, 35 MB goal, 8 P
GC forced
gc 981 @102482.207s 0%: 0.006+3.0+0.005 ms clock, 0.054+0/1.6/4.6+0.045 ms cpu, 21->21->17 MB, 35 MB goal, 8 P
GC forced
gc 982 @102602.224s 0%: 0.008+3.0+0.005 ms clock, 0.065+0/4.0/3.8+0.046 ms cpu, 22->22->17 MB, 35 MB goal, 8 P
GC forced
gc 983 @102722.233s 0%: 0.008+3.1+0.005 ms clock, 0.067+0/3.8/2.7+0.046 ms cpu, 21->21->17 MB, 35 MB goal, 8 P
GC forced
gc 984 @102842.241s 0%: 0.065+1.8+0.005 ms clock, 0.52+0/2.7/4.9+0.041 ms cpu, 22->22->17 MB, 35 MB goal, 8 P
GC forced
gc 985 @102962.295s 0%: 0.008+3.6+0.005 ms clock, 0.070+0/4.4/2.6+0.043 ms cpu, 21->21->17 MB, 35 MB goal, 8 P
GC forced
gc 986 @103082.317s 0%: 0.007+3.6+0.006 ms clock, 0.061+0/3.9/1.9+0.052 ms cpu, 22->22->17 MB, 35 MB goal, 8 P
GC forced
gc 987 @103202.341s 0%: 0.017+3.2+0.004 ms clock, 0.14+0/1.3/5.1+0.039 ms cpu, 22->22->17 MB, 35 MB goal, 8 P
GC forced
gc 988 @103322.357s 0%: 0.007+3.7+0.006 ms clock, 0.059+0/3.7/2.2+0.050 ms cpu, 22->22->17 MB, 35 MB goal, 8 P
GC forced
gc 989 @103442.425s 0%: 0.016+4.8+0.005 ms clock, 0.13+0/5.7/1.0+0.046 ms cpu, 22->22->17 MB, 35 MB goal, 8 P
GC forced
gc 990 @103562.441s 0%: 0.008+3.1+0.005 ms clock, 0.068+0/4.3/3.5+0.047 ms cpu, 22->22->17 MB, 35 MB goal, 8 P
GC forced
gc 991 @103682.484s 0%: 0.008+3.5+0.006 ms clock, 0.071+0/4.0/3.4+0.048 ms cpu, 22->22->17 MB, 35 MB goal, 8 P
GC forced
gc 992 @103802.497s 0%: 0.008+3.2+0.005 ms clock, 0.066+0/3.8/4.0+0.046 ms cpu, 22->22->17 MB, 35 MB goal, 8 P
GC forced
gc 993 @103922.502s 0%: 0.008+3.3+0.006 ms clock, 0.065+0/4.0/2.1+0.050 ms cpu, 22->22->17 MB, 35 MB goal, 8 P
GC forced
gc 994 @104042.521s 0%: 0.017+3.5+0.005 ms clock, 0.13+0/3.5/2.3+0.046 ms cpu, 22->22->17 MB, 35 MB goal, 8 P
GC forced
gc 995 @104162.539s 0%: 0.013+3.3+0.005 ms clock, 0.10+0/1.4/4.7+0.046 ms cpu, 22->22->17 MB, 35 MB goal, 8 P
GC forced
gc 996 @104282.549s 0%: 0.007+3.3+0.005 ms clock, 0.060+0/4.6/1.4+0.044 ms cpu, 22->22->17 MB, 35 MB goal, 8 P
GC forced
gc 997 @104402.558s 0%: 0.007+3.4+0.005 ms clock, 0.057+0/3.5/2.9+0.040 ms cpu, 22->22->17 MB, 35 MB goal, 8 P
GC forced
gc 998 @104522.573s 0%: 0.007+3.2+0.005 ms clock, 0.061+0/4.3/4.0+0.046 ms cpu, 22->22->17 MB, 35 MB goal, 8 P
GC forced
gc 999 @104642.580s 0%: 0.009+3.1+0.005 ms clock, 0.072+0/3.8/4.2+0.040 ms cpu, 22->22->17 MB, 35 MB goal, 8 P
GC forced
gc 1000 @104762.641s 0%: 0.009+3.4+0.005 ms clock, 0.073+0/4.1/2.3+0.046 ms cpu, 22->22->17 MB, 35 MB goal, 8 P
GC forced
gc 1001 @104882.683s 0%: 0.009+3.6+0.005 ms clock, 0.072+0/4.2/2.4+0.040 ms cpu, 22->22->17 MB, 35 MB goal, 8 P
GC forced
gc 1002 @105002.721s 0%: 0.008+2.1+0.005 ms clock, 0.071+0/3.8/5.5+0.042 ms cpu, 22->22->17 MB, 35 MB goal, 8 P
GC forced
gc 1003 @105122.736s 0%: 0.008+3.3+0.005 ms clock, 0.071+0/4.6/1.5+0.040 ms cpu, 22->22->17 MB, 35 MB goal, 8 P
GC forced
gc 1004 @105242.741s 0%: 0.008+3.2+0.005 ms clock, 0.068+0/4.0/2.0+0.045 ms cpu, 22->22->17 MB, 35 MB goal, 8 P
GC forced
gc 1005 @105362.763s 0%: 0.015+4.0+0.005 ms clock, 0.12+0/4.7/1.2+0.044 ms cpu, 22->22->17 MB, 35 MB goal, 8 P
GC forced
gc 1006 @105482.777s 0%: 0.008+3.4+0.005 ms clock, 0.064+0/6.7/2.4+0.040 ms cpu, 22->22->17 MB, 35 MB goal, 8 P
GC forced
gc 1007 @105602.788s 0%: 0.008+3.2+0.005 ms clock, 0.069+0/3.4/3.7+0.045 ms cpu, 22->22->17 MB, 35 MB goal, 8 P
GC forced
gc 1008 @105722.806s 0%: 0.021+3.2+0.006 ms clock, 0.17+0/3.8/3.4+0.048 ms cpu, 22->22->17 MB, 35 MB goal, 8 P
GC forced
gc 1009 @105842.820s 0%: 0.018+3.1+0.005 ms clock, 0.14+0/4.1/2.0+0.044 ms cpu, 22->22->17 MB, 35 MB goal, 8 P
GC forced
gc 1010 @105962.835s 0%: 0.008+4.0+0.005 ms clock, 0.064+0/4.4/2.3+0.043 ms cpu, 22->22->17 MB, 35 MB goal, 8 P
GC forced
gc 1011 @106082.841s 0%: 0.008+1.9+0.013 ms clock, 0.068+0/3.2/5.2+0.10 ms cpu, 22->22->17 MB, 35 MB goal, 8 P
GC forced
gc 1012 @106202.862s 0%: 0.008+3.1+0.005 ms clock, 0.070+0/2.0/4.1+0.040 ms cpu, 22->22->17 MB, 35 MB goal, 8 P
GC forced
gc 1013 @106322.876s 0%: 0.007+1.6+0.004 ms clock, 0.057+0/3.0/5.2+0.039 ms cpu, 22->22->17 MB, 35 MB goal, 8 P
GC forced
gc 1014 @106442.890s 0%: 0.010+3.6+0.006 ms clock, 0.082+0/4.9/6.1+0.050 ms cpu, 22->22->17 MB, 35 MB goal, 8 P
GC forced
gc 1015 @106562.904s 0%: 0.008+3.7+0.005 ms clock, 0.068+0/2.0/4.7+0.046 ms cpu, 22->22->17 MB, 35 MB goal, 8 P
GC forced
gc 1016 @106682.919s 0%: 0.008+3.5+0.005 ms clock, 0.067+0/3.8/3.1+0.046 ms cpu, 22->22->17 MB, 35 MB goal, 8 P
GC forced
gc 1017 @106802.924s 0%: 0.008+3.2+0.005 ms clock, 0.065+0/4.6/1.4+0.043 ms cpu, 22->22->17 MB, 35 MB goal, 8 P
GC forced
gc 1018 @106922.941s 0%: 0.007+3.1+0.005 ms clock, 0.057+0/4.0/3.2+0.041 ms cpu, 22->22->17 MB, 35 MB goal, 8 P
GC forced
gc 1019 @107042.959s 0%: 0.008+3.3+0.005 ms clock, 0.068+0/4.0/2.1+0.044 ms cpu, 22->22->17 MB, 35 MB goal, 8 P
GC forced
gc 1020 @107162.975s 0%: 0.008+3.2+0.004 ms clock, 0.067+0/4.0/3.7+0.038 ms cpu, 22->22->17 MB, 35 MB goal, 8 P
GC forced
gc 1021 @107282.984s 0%: 0.013+4.6+0.004 ms clock, 0.10+0/4.7/2.2+0.037 ms cpu, 22->22->17 MB, 35 MB goal, 8 P
GC forced
gc 1022 @107403.004s 0%: 0.028+3.2+0.005 ms clock, 0.22+0/1.6/4.8+0.047 ms cpu, 22->22->17 MB, 35 MB goal, 8 P
GC forced
gc 1023 @107523.018s 0%: 0.008+3.3+0.005 ms clock, 0.071+0/3.9/4.9+0.043 ms cpu, 22->22->17 MB, 35 MB goal, 8 P
GC forced
gc 1024 @107643.033s 0%: 0.007+3.3+0.005 ms clock, 0.060+0/4.7/1.4+0.046 ms cpu, 22->22->17 MB, 35 MB goal, 8 P
GC forced
gc 1025 @107763.041s 0%: 0.009+3.2+0.005 ms clock, 0.075+0/4.2/1.8+0.044 ms cpu, 22->22->17 MB, 35 MB goal, 8 P
GC forced
gc 1026 @107883.059s 0%: 0.008+3.2+0.005 ms clock, 0.064+0/3.9/3.7+0.041 ms cpu, 22->22->17 MB, 35 MB goal, 8 P
GC forced
gc 1027 @108003.066s 0%: 0.017+2.7+0.005 ms clock, 0.13+0/4.1/2.0+0.042 ms cpu, 22->22->17 MB, 35 MB goal, 8 P
GC forced
gc 1028 @108123.085s 0%: 0.010+3.1+0.004 ms clock, 0.080+0/1.7/4.7+0.038 ms cpu, 22->22->17 MB, 35 MB goal, 8 P
GC forced
gc 1029 @108243.100s 0%: 0.008+3.1+0.005 ms clock, 0.068+0/3.9/4.6+0.041 ms cpu, 22->22->17 MB, 35 MB goal, 8 P
GC forced
gc 1030 @108363.107s 0%: 0.008+3.4+0.005 ms clock, 0.068+0/4.0/3.9+0.044 ms cpu, 22->22->17 MB, 35 MB goal, 8 P
GC forced
gc 1031 @108483.113s 0%: 0.009+3.4+0.006 ms clock, 0.074+0/1.7/6.7+0.050 ms cpu, 22->22->17 MB, 35 MB goal, 8 P
GC forced
gc 1032 @108603.141s 0%: 0.007+3.2+0.005 ms clock, 0.059+0/4.1/2.2+0.046 ms cpu, 22->22->17 MB, 35 MB goal, 8 P
GC forced
gc 1033 @108723.154s 0%: 0.007+4.2+0.005 ms clock, 0.058+0/5.2/1.9+0.042 ms cpu, 22->22->17 MB, 35 MB goal, 8 P
GC forced
gc 1034 @108843.165s 0%: 0.009+3.3+0.005 ms clock, 0.072+0/4.7/1.5+0.041 ms cpu, 22->22->17 MB, 35 MB goal, 8 P
GC forced
gc 1035 @108963.181s 0%: 0.008+3.2+0.005 ms clock, 0.071+0/3.2/2.6+0.045 ms cpu, 22->22->17 MB, 35 MB goal, 8 P
GC forced
gc 1036 @109083.186s 0%: 0.009+3.1+0.005 ms clock, 0.075+0/3.9/3.3+0.042 ms cpu, 22->22->17 MB, 35 MB goal, 8 P
GC forced
gc 1037 @109203.200s 0%: 0.008+3.3+0.006 ms clock, 0.066+0/3.7/3.5+0.049 ms cpu, 22->22->17 MB, 35 MB goal, 8 P
GC forced
gc 1038 @109323.221s 0%: 0.009+3.5+0.005 ms clock, 0.077+0/3.5/2.4+0.045 ms cpu, 22->22->17 MB, 35 MB goal, 8 P
GC forced
gc 1039 @109443.235s 0%: 0.007+3.1+0.005 ms clock, 0.060+0/4.1/2.1+0.042 ms cpu, 22->22->17 MB, 35 MB goal, 8 P
GC forced
gc 1040 @109563.241s 0%: 0.007+3.2+0.013 ms clock, 0.063+0/1.5/5.9+0.10 ms cpu, 22->22->17 MB, 35 MB goal, 8 P
GC forced
gc 1041 @109683.244s 0%: 0.007+3.2+0.005 ms clock, 0.060+0/1.6/4.8+0.041 ms cpu, 22->22->17 MB, 35 MB goal, 8 P
GC forced
gc 1042 @109803.275s 0%: 0.008+2.4+0.005 ms clock, 0.068+0/3.8/4.5+0.045 ms cpu, 22->22->17 MB, 35 MB goal, 8 P
GC forced
gc 1043 @109923.287s 0%: 0.006+2.5+0.007 ms clock, 0.054+0/3.3/4.7+0.057 ms cpu, 22->22->17 MB, 35 MB goal, 8 P
GC forced
gc 1044 @110043.303s 0%: 0.008+3.3+0.006 ms clock, 0.066+0/4.7/1.5+0.048 ms cpu, 22->22->17 MB, 35 MB goal, 8 P
GC forced
gc 1045 @110163.316s 0%: 0.026+2.3+0.006 ms clock, 0.20+0/4.2/2.1+0.048 ms cpu, 22->22->17 MB, 35 MB goal, 8 P
GC forced
gc 1046 @110283.329s 0%: 0.011+3.5+0.006 ms clock, 0.094+0/3.9/2.1+0.049 ms cpu, 22->22->17 MB, 35 MB goal, 8 P
GC forced
gc 1047 @110403.341s 0%: 0.008+2.5+0.075 ms clock, 0.069+0/3.0/5.4+0.60 ms cpu, 22->22->17 MB, 35 MB goal, 8 P
GC forced
gc 1048 @110523.355s 0%: 0.008+3.3+0.005 ms clock, 0.066+0/4.8/1.4+0.042 ms cpu, 22->22->17 MB, 35 MB goal, 8 P
GC forced
gc 1049 @110643.368s 0%: 0.007+3.7+0.005 ms clock, 0.063+0/3.9/1.9+0.045 ms cpu, 22->22->17 MB, 35 MB goal, 8 P
GC forced
gc 1050 @110763.381s 0%: 0.007+3.6+0.006 ms clock, 0.063+0/3.8/2.1+0.052 ms cpu, 22->22->17 MB, 35 MB goal, 8 P
GC forced
gc 1051 @110883.395s 0%: 0.008+3.4+0.004 ms clock, 0.067+0/4.3/3.4+0.038 ms cpu, 22->22->17 MB, 35 MB goal, 8 P
GC forced
gc 1052 @111003.409s 0%: 0.008+3.4+0.005 ms clock, 0.064+0/3.4/2.4+0.045 ms cpu, 22->22->17 MB, 35 MB goal, 8 P
GC forced
gc 1053 @111123.423s 0%: 0.008+3.3+0.010 ms clock, 0.069+0/4.3/3.1+0.080 ms cpu, 22->22->17 MB, 35 MB goal, 8 P
GC forced
gc 1054 @111243.436s 0%: 0.010+4.1+0.005 ms clock, 0.086+0/4.0/2.5+0.045 ms cpu, 22->22->17 MB, 35 MB goal, 8 P
GC forced
gc 1055 @111363.441s 0%: 0.008+3.3+0.004 ms clock, 0.066+0/4.4/2.5+0.039 ms cpu, 22->22->17 MB, 35 MB goal, 8 P
GC forced
gc 1056 @111483.462s 0%: 0.008+3.6+0.005 ms clock, 0.070+0/3.7/2.7+0.040 ms cpu, 22->22->17 MB, 35 MB goal, 8 P
GC forced
gc 1057 @111603.476s 0%: 0.010+2.1+0.005 ms clock, 0.080+0/3.5/3.3+0.040 ms cpu, 22->22->17 MB, 35 MB goal, 8 P
GC forced
gc 1058 @111723.486s 0%: 0.008+2.5+0.005 ms clock, 0.071+0/1.9/6.5+0.047 ms cpu, 22->22->17 MB, 35 MB goal, 8 P
GC forced
gc 1059 @111843.502s 0%: 0.007+2.1+0.007 ms clock, 0.061+0/3.7/3.8+0.057 ms cpu, 22->22->17 MB, 35 MB goal, 8 P
GC forced
gc 1060 @111963.516s 0%: 0.007+3.2+0.004 ms clock, 0.059+0/4.5/1.5+0.038 ms cpu, 22->22->17 MB, 35 MB goal, 8 P
GC forced
gc 1061 @112083.530s 0%: 0.007+3.3+0.005 ms clock, 0.062+0/3.3/2.5+0.047 ms cpu, 22->22->17 MB, 35 MB goal, 8 P
GC forced
gc 1062 @112203.541s 0%: 0.017+3.3+0.005 ms clock, 0.14+0/4.8/1.5+0.043 ms cpu, 22->22->17 MB, 35 MB goal, 8 P
GC forced
gc 1063 @112323.545s 0%: 0.008+3.1+0.005 ms clock, 0.064+0/1.5/5.7+0.042 ms cpu, 22->22->17 MB, 35 MB goal, 8 P
GC forced
gc 1064 @112443.567s 0%: 0.008+3.5+0.005 ms clock, 0.069+0/4.2/2.7+0.041 ms cpu, 22->22->17 MB, 35 MB goal, 8 P
GC forced
gc 1065 @112563.581s 0%: 0.008+3.1+0.005 ms clock, 0.070+0/4.3/4.1+0.040 ms cpu, 22->22->17 MB, 35 MB goal, 8 P
GC forced
gc 1066 @112683.594s 0%: 0.007+3.6+0.005 ms clock, 0.062+0/4.4/1.7+0.044 ms cpu, 22->22->17 MB, 35 MB goal, 8 P
GC forced
gc 1067 @112803.608s 0%: 0.007+2.1+0.005 ms clock, 0.062+0/3.3/5.1+0.040 ms cpu, 22->22->17 MB, 35 MB goal, 8 P
GC forced
gc 1068 @112923.612s 0%: 0.008+3.2+0.005 ms clock, 0.064+0/3.7/3.6+0.040 ms cpu, 22->22->17 MB, 35 MB goal, 8 P
GC forced
gc 1069 @113043.621s 0%: 0.008+2.2+0.012 ms clock, 0.068+0/3.4/2.8+0.10 ms cpu, 22->22->17 MB, 35 MB goal, 8 P
GC forced
gc 1070 @113163.641s 0%: 0.015+3.1+0.005 ms clock, 0.12+0/4.0/5.4+0.047 ms cpu, 22->22->17 MB, 35 MB goal, 8 P
GC forced
gc 1071 @113283.662s 0%: 0.008+3.2+0.005 ms clock, 0.064+0/4.6/1.5+0.040 ms cpu, 22->22->17 MB, 35 MB goal, 8 P
GC forced
gc 1072 @113403.675s 0%: 0.009+3.4+0.005 ms clock, 0.073+0/4.7/1.8+0.043 ms cpu, 22->22->17 MB, 35 MB goal, 8 P
GC forced
gc 1073 @113523.680s 0%: 0.006+4.5+0.005 ms clock, 0.052+0/4.9/2.1+0.043 ms cpu, 22->22->17 MB, 35 MB goal, 8 P
GC forced
gc 1074 @113643.703s 0%: 0.008+3.3+0.004 ms clock, 0.066+0/4.1/2.1+0.039 ms cpu, 22->22->17 MB, 35 MB goal, 8 P
GC forced
gc 1075 @113763.717s 0%: 0.009+3.6+0.005 ms clock, 0.074+0/3.8/2.0+0.047 ms cpu, 22->22->17 MB, 35 MB goal, 8 P
GC forced
gc 1076 @113883.730s 0%: 0.007+3.4+0.005 ms clock, 0.063+0/4.9/1.2+0.044 ms cpu, 22->22->17 MB, 35 MB goal, 8 P
GC forced
gc 1077 @114003.741s 0%: 0.008+3.6+0.006 ms clock, 0.070+0/4.5/2.1+0.050 ms cpu, 22->22->17 MB, 35 MB goal, 8 P
GC forced
gc 1078 @114123.756s 0%: 0.008+1.5+0.005 ms clock, 0.065+0/2.8/5.0+0.043 ms cpu, 22->22->17 MB, 35 MB goal, 8 P
GC forced
gc 1079 @114243.770s 0%: 0.008+3.4+0.005 ms clock, 0.066+0/4.7/1.4+0.041 ms cpu, 22->22->17 MB, 35 MB goal, 8 P
GC forced
gc 1080 @114363.783s 0%: 0.008+3.6+0.006 ms clock, 0.071+0/3.8/2.3+0.054 ms cpu, 22->22->17 MB, 35 MB goal, 8 P
GC forced
gc 1081 @114483.790s 0%: 0.022+3.1+0.005 ms clock, 0.17+0/3.9/2.4+0.043 ms cpu, 22->22->17 MB, 35 MB goal, 8 P
GC forced
gc 1082 @114603.810s 0%: 0.008+3.8+0.006 ms clock, 0.064+0/3.8/2.5+0.048 ms cpu, 22->22->17 MB, 35 MB goal, 8 P
GC forced
gc 1083 @114723.824s 0%: 0.008+3.2+0.005 ms clock, 0.065+0/5.3/2.1+0.046 ms cpu, 22->22->17 MB, 35 MB goal, 8 P
GC forced
gc 1084 @114843.829s 0%: 0.008+2.9+0.005 ms clock, 0.069+0/3.7/4.0+0.041 ms cpu, 22->22->17 MB, 35 MB goal, 8 P
GC forced
gc 1085 @114963.841s 0%: 0.008+3.2+0.004 ms clock, 0.068+0/6.4/3.2+0.039 ms cpu, 22->22->18 MB, 35 MB goal, 8 P
GC forced
gc 1086 @115083.854s 0%: 0.009+3.4+0.005 ms clock, 0.079+0/4.3/2.4+0.041 ms cpu, 22->22->18 MB, 36 MB goal, 8 P
GC forced
gc 1087 @115203.879s 0%: 0.055+3.3+0.005 ms clock, 0.44+0/4.6/2.4+0.043 ms cpu, 22->22->18 MB, 36 MB goal, 8 P
GC forced
gc 1088 @115323.893s 0%: 0.008+3.2+0.005 ms clock, 0.069+0/4.7/1.4+0.044 ms cpu, 22->22->18 MB, 36 MB goal, 8 P
GC forced
gc 1089 @115443.907s 0%: 0.008+3.6+0.005 ms clock, 0.070+0/1.9/4.1+0.042 ms cpu, 22->22->18 MB, 36 MB goal, 8 P
GC forced
gc 1090 @115563.913s 0%: 0.009+1.8+0.005 ms clock, 0.074+0/3.4/3.2+0.044 ms cpu, 22->22->18 MB, 36 MB goal, 8 P
GC forced
gc 1091 @115683.916s 0%: 0.007+3.1+0.005 ms clock, 0.061+0/3.7/3.2+0.044 ms cpu, 23->23->18 MB, 36 MB goal, 8 P
GC forced
gc 1092 @115803.924s 0%: 0.007+3.3+0.006 ms clock, 0.063+0/4.7/1.4+0.048 ms cpu, 22->22->18 MB, 36 MB goal, 8 P
GC forced
gc 1093 @115923.941s 0%: 0.008+3.6+0.005 ms clock, 0.065+0/5.1/0.99+0.047 ms cpu, 22->22->18 MB, 36 MB goal, 8 P
GC forced
gc 1094 @116043.975s 0%: 0.006+3.4+0.005 ms clock, 0.053+0/4.6/1.7+0.044 ms cpu, 22->22->18 MB, 36 MB goal, 8 P
GC forced
gc 1095 @116163.989s 0%: 0.019+3.5+0.005 ms clock, 0.15+0/4.5/2.1+0.042 ms cpu, 22->22->18 MB, 36 MB goal, 8 P
GC forced
gc 1096 @116284.002s 0%: 0.007+3.3+0.005 ms clock, 0.062+0/4.7/1.5+0.043 ms cpu, 22->22->18 MB, 36 MB goal, 8 P
GC forced
gc 1097 @116404.016s 0%: 0.009+3.0+0.005 ms clock, 0.075+0/3.6/3.6+0.044 ms cpu, 22->22->18 MB, 36 MB goal, 8 P
GC forced
gc 1098 @116524.030s 0%: 0.010+3.2+0.005 ms clock, 0.080+0/4.0/3.8+0.044 ms cpu, 22->22->18 MB, 36 MB goal, 8 P
GC forced
gc 1099 @116644.038s 0%: 0.016+3.2+0.005 ms clock, 0.13+0/4.6/2.8+0.041 ms cpu, 22->22->18 MB, 36 MB goal, 8 P
GC forced
gc 1100 @116764.055s 0%: 0.008+3.5+0.005 ms clock, 0.069+0/4.6/2.1+0.044 ms cpu, 22->22->18 MB, 36 MB goal, 8 P
GC forced
gc 1101 @116884.061s 0%: 0.009+3.2+0.004 ms clock, 0.074+0/4.3/2.3+0.038 ms cpu, 22->22->18 MB, 36 MB goal, 8 P
GC forced
gc 1102 @117004.083s 0%: 0.020+3.9+0.005 ms clock, 0.16+0.046/5.0/1.0+0.044 ms cpu, 22->22->18 MB, 36 MB goal, 8 P
GC forced
gc 1103 @117124.099s 0%: 0.008+2.4+0.005 ms clock, 0.068+0/3.2/5.7+0.045 ms cpu, 22->22->18 MB, 36 MB goal, 8 P
GC forced
gc 1104 @117244.114s 0%: 0.007+3.1+0.005 ms clock, 0.061+0/2.1/7.0+0.041 ms cpu, 22->22->18 MB, 36 MB goal, 8 P
GC forced
gc 1105 @117364.128s 0%: 0.012+3.8+0.015 ms clock, 0.099+0/4.3/5.2+0.12 ms cpu, 22->22->18 MB, 36 MB goal, 8 P
GC forced
gc 1106 @117484.141s 0%: 0.007+4.8+0.006 ms clock, 0.059+0/5.5/1.2+0.049 ms cpu, 22->22->18 MB, 36 MB goal, 8 P
GC forced
gc 1107 @117604.152s 0%: 0.006+4.4+0.005 ms clock, 0.055+0/5.8/0.87+0.046 ms cpu, 22->22->18 MB, 36 MB goal, 8 P
GC forced
gc 1108 @117724.165s 0%: 0.007+3.3+0.005 ms clock, 0.063+0/4.7/1.5+0.043 ms cpu, 22->22->18 MB, 36 MB goal, 8 P
GC forced
gc 1109 @117844.182s 0%: 0.008+3.0+0.005 ms clock, 0.071+0/4.1/3.5+0.043 ms cpu, 22->22->18 MB, 36 MB goal, 8 P
GC forced
gc 1110 @117964.186s 0%: 0.009+4.6+0.004 ms clock, 0.077+0/5.1/1.5+0.039 ms cpu, 22->22->18 MB, 36 MB goal, 8 P
GC forced
gc 1111 @118084.208s 0%: 0.007+3.2+0.005 ms clock, 0.059+0/4.2/2.1+0.040 ms cpu, 22->22->18 MB, 36 MB goal, 8 P
GC forced
gc 1112 @118204.223s 0%: 0.025+4.5+0.005 ms clock, 0.20+0/5.1/2.2+0.043 ms cpu, 22->22->18 MB, 36 MB goal, 8 P
GC forced
gc 1113 @118324.237s 0%: 0.008+2.4+0.006 ms clock, 0.070+0/4.3/4.9+0.049 ms cpu, 22->22->18 MB, 36 MB goal, 8 P
GC forced
gc 1114 @118444.241s 0%: 0.009+3.9+0.005 ms clock, 0.076+0/1.8/5.9+0.047 ms cpu, 22->22->18 MB, 36 MB goal, 8 P
GC forced
gc 1115 @118564.264s 0%: 0.008+3.2+0.006 ms clock, 0.069+0/4.0/4.8+0.050 ms cpu, 22->22->18 MB, 36 MB goal, 8 P
GC forced
gc 1116 @118684.268s 0%: 0.017+3.9+0.006 ms clock, 0.14+0/5.1/1.2+0.050 ms cpu, 22->22->18 MB, 36 MB goal, 8 P
GC forced
gc 1117 @118804.291s 0%: 0.007+4.1+0.005 ms clock, 0.061+0/4.8/1.5+0.041 ms cpu, 22->22->18 MB, 36 MB goal, 8 P
GC forced
gc 1118 @118924.305s 0%: 0.007+3.5+0.005 ms clock, 0.062+0/3.7/2.3+0.041 ms cpu, 22->22->18 MB, 36 MB goal, 8 P
GC forced
gc 1119 @119044.317s 0%: 0.010+2.9+0.005 ms clock, 0.080+0/3.9/4.2+0.043 ms cpu, 22->22->18 MB, 36 MB goal, 8 P
GC forced
gc 1120 @119164.332s 0%: 0.008+2.0+0.004 ms clock, 0.064+0/3.4/4.9+0.038 ms cpu, 22->22->18 MB, 36 MB goal, 8 P
GC forced
gc 1121 @119284.335s 0%: 0.008+3.7+0.005 ms clock, 0.065+0/3.7/2.4+0.043 ms cpu, 22->22->18 MB, 36 MB goal, 8 P
GC forced
gc 1122 @119404.340s 0%: 0.008+4.0+0.005 ms clock, 0.065+0/5.7/0.17+0.042 ms cpu, 22->22->18 MB, 36 MB goal, 8 P
GC forced
gc 1123 @119524.374s 0%: 0.008+3.1+0.006 ms clock, 0.070+0/3.8/2.8+0.048 ms cpu, 23->23->18 MB, 36 MB goal, 8 P
GC forced
gc 1124 @119644.389s 0%: 0.029+3.4+0.005 ms clock, 0.23+0/4.8/1.4+0.040 ms cpu, 22->22->18 MB, 36 MB goal, 8 P
GC forced
gc 1125 @119764.403s 0%: 0.008+4.3+0.006 ms clock, 0.069+0/1.9/5.7+0.048 ms cpu, 23->23->18 MB, 36 MB goal, 8 P
GC forced
gc 1126 @119884.418s 0%: 0.007+3.3+0.005 ms clock, 0.062+0/3.7/3.6+0.047 ms cpu, 22->22->18 MB, 36 MB goal, 8 P
GC forced
gc 1127 @120004.424s 0%: 0.006+4.9+0.005 ms clock, 0.054+0/4.9/1.6+0.047 ms cpu, 22->22->18 MB, 36 MB goal, 8 P
GC forced
gc 1128 @120124.441s 0%: 0.009+1.9+0.005 ms clock, 0.078+0/3.6/3.9+0.045 ms cpu, 22->22->18 MB, 36 MB goal, 8 P
GC forced
gc 1129 @120244.458s 0%: 0.008+2.6+0.005 ms clock, 0.067+0/4.3/3.5+0.042 ms cpu, 22->22->18 MB, 36 MB goal, 8 P
GC forced
gc 1130 @120364.472s 0%: 0.027+4.0+0.005 ms clock, 0.22+0/4.2/2.5+0.041 ms cpu, 22->22->18 MB, 36 MB goal, 8 P
GC forced
gc 1131 @120484.487s 0%: 0.021+3.2+0.005 ms clock, 0.17+0/1.4/5.9+0.046 ms cpu, 23->23->18 MB, 36 MB goal, 8 P
GC forced
gc 1132 @120604.501s 0%: 0.008+3.1+0.005 ms clock, 0.069+0/4.0/3.2+0.041 ms cpu, 22->22->18 MB, 36 MB goal, 8 P
GC forced
gc 1133 @120724.517s 0%: 0.008+3.2+0.005 ms clock, 0.070+0/4.0/2.4+0.046 ms cpu, 23->23->18 MB, 36 MB goal, 8 P
GC forced
gc 1134 @120844.524s 0%: 0.037+3.9+0.005 ms clock, 0.29+0.14/4.7/4.9+0.041 ms cpu, 22->22->18 MB, 36 MB goal, 8 P
GC forced
gc 1135 @120964.541s 0%: 0.008+3.1+0.005 ms clock, 0.068+0/3.9/4.0+0.042 ms cpu, 23->23->18 MB, 36 MB goal, 8 P
GC forced
gc 1136 @121084.559s 0%: 0.008+3.7+0.005 ms clock, 0.070+0/2.4/3.7+0.041 ms cpu, 23->23->18 MB, 36 MB goal, 8 P
GC forced
gc 1137 @121204.573s 0%: 0.009+3.3+0.006 ms clock, 0.078+0/4.7/1.4+0.048 ms cpu, 23->23->18 MB, 36 MB goal, 8 P
GC forced
gc 1138 @121324.588s 0%: 0.007+3.3+0.005 ms clock, 0.057+0/4.1/2.0+0.043 ms cpu, 22->22->18 MB, 36 MB goal, 8 P
GC forced
gc 1139 @121444.604s 0%: 0.018+3.1+0.005 ms clock, 0.15+0/2.4/4.9+0.046 ms cpu, 23->23->18 MB, 36 MB goal, 8 P
GC forced
gc 1140 @121564.614s 0%: 0.056+4.1+0.005 ms clock, 0.45+0/4.5/1.4+0.045 ms cpu, 22->22->18 MB, 36 MB goal, 8 P
GC forced
gc 1141 @121684.627s 0%: 0.008+3.1+0.005 ms clock, 0.066+0/4.2/3.2+0.044 ms cpu, 22->22->18 MB, 36 MB goal, 8 P
GC forced
gc 1142 @121804.641s 0%: 0.008+3.9+0.006 ms clock, 0.071+0.087/2.4/4.8+0.050 ms cpu, 23->23->18 MB, 36 MB goal, 8 P
GC forced
gc 1143 @121924.649s 0%: 0.008+3.1+0.005 ms clock, 0.070+0/3.6/2.7+0.044 ms cpu, 22->22->18 MB, 36 MB goal, 8 P
GC forced
gc 1144 @122044.664s 0%: 0.009+2.6+0.005 ms clock, 0.077+0/3.3/3.4+0.042 ms cpu, 23->23->18 MB, 36 MB goal, 8 P
GC forced
gc 1145 @122164.669s 0%: 0.015+3.5+0.005 ms clock, 0.12+0/4.0/3.1+0.045 ms cpu, 22->22->18 MB, 36 MB goal, 8 P
GC forced
gc 1146 @122284.674s 0%: 0.009+3.3+0.005 ms clock, 0.073+0/4.7/1.5+0.044 ms cpu, 23->23->18 MB, 36 MB goal, 8 P
GC forced
gc 1147 @122404.679s 0%: 0.009+3.2+0.005 ms clock, 0.078+0/4.0/3.6+0.046 ms cpu, 22->22->18 MB, 36 MB goal, 8 P
GC forced
gc 1148 @122524.684s 0%: 0.008+3.7+0.006 ms clock, 0.071+0/4.0/2.0+0.048 ms cpu, 23->23->18 MB, 36 MB goal, 8 P
GC forced
gc 1149 @122644.689s 0%: 0.009+3.4+0.006 ms clock, 0.072+0/4.3/2.0+0.051 ms cpu, 22->22->18 MB, 36 MB goal, 8 P
GC forced
gc 1150 @122764.694s 0%: 0.008+3.2+0.005 ms clock, 0.068+0/2.5/6.3+0.046 ms cpu, 23->23->18 MB, 36 MB goal, 8 P
GC forced
gc 1151 @122884.699s 0%: 0.008+3.2+0.005 ms clock, 0.068+0/4.1/4.1+0.046 ms cpu, 22->22->18 MB, 36 MB goal, 8 P
GC forced
gc 1152 @123004.704s 0%: 0.008+3.6+0.005 ms clock, 0.067+0/4.9/1.4+0.044 ms cpu, 23->23->18 MB, 36 MB goal, 8 P
GC forced
gc 1153 @123124.709s 0%: 0.007+3.5+0.005 ms clock, 0.061+0/3.5/2.5+0.047 ms cpu, 22->22->18 MB, 36 MB goal, 8 P
GC forced
gc 1154 @123244.714s 0%: 0.009+3.7+0.005 ms clock, 0.076+0/4.9/1.1+0.047 ms cpu, 22->22->18 MB, 36 MB goal, 8 P
GC forced
gc 1155 @123364.719s 0%: 0.018+1.8+0.005 ms clock, 0.14+0/2.7/5.2+0.043 ms cpu, 23->23->18 MB, 36 MB goal, 8 P
GC forced
gc 1156 @123484.724s 0%: 0.015+2.0+0.005 ms clock, 0.12+0/2.9/4.0+0.044 ms cpu, 23->23->18 MB, 36 MB goal, 8 P
GC forced
gc 1157 @123604.730s 0%: 0.008+4.3+0.007 ms clock, 0.066+0/2.7/4.3+0.059 ms cpu, 22->22->18 MB, 36 MB goal, 8 P
GC forced
gc 1158 @123724.735s 0%: 0.008+3.4+0.006 ms clock, 0.070+0/4.4/2.1+0.050 ms cpu, 23->23->18 MB, 36 MB goal, 8 P
GC forced
gc 1159 @123844.739s 0%: 0.008+2.0+0.005 ms clock, 0.066+0/3.7/3.9+0.041 ms cpu, 23->23->18 MB, 36 MB goal, 8 P
GC forced
gc 1160 @123964.741s 0%: 0.009+2.1+0.030 ms clock, 0.075+0/2.7/6.8+0.24 ms cpu, 23->23->18 MB, 36 MB goal, 8 P
GC forced
gc 1161 @124084.750s 0%: 0.010+3.4+0.005 ms clock, 0.081+0/4.1/2.3+0.047 ms cpu, 23->23->18 MB, 36 MB goal, 8 P
GC forced
gc 1162 @124204.755s 0%: 0.011+3.5+0.006 ms clock, 0.091+0/4.9/1.8+0.051 ms cpu, 22->22->18 MB, 36 MB goal, 8 P
GC forced
gc 1163 @124324.760s 0%: 0.009+3.2+0.005 ms clock, 0.075+0/2.1/4.3+0.044 ms cpu, 23->23->18 MB, 36 MB goal, 8 P
GC forced
gc 1164 @124444.765s 0%: 0.009+3.6+0.006 ms clock, 0.075+0/4.5/1.9+0.052 ms cpu, 22->22->18 MB, 36 MB goal, 8 P
GC forced
gc 1165 @124564.771s 0%: 0.008+3.2+0.005 ms clock, 0.069+0/1.3/6.2+0.046 ms cpu, 23->23->18 MB, 36 MB goal, 8 P
GC forced
gc 1166 @124684.776s 0%: 0.027+4.9+0.005 ms clock, 0.21+0/6.1/0+0.047 ms cpu, 23->23->18 MB, 36 MB goal, 8 P
GC forced
gc 1167 @124804.781s 0%: 0.012+3.3+0.005 ms clock, 0.10+0/4.1/2.0+0.046 ms cpu, 23->23->18 MB, 36 MB goal, 8 P
GC forced
gc 1168 @124924.786s 0%: 0.007+2.3+0.005 ms clock, 0.060+0/2.9/6.0+0.044 ms cpu, 22->22->18 MB, 36 MB goal, 8 P
GC forced
gc 1169 @125044.792s 0%: 0.008+3.4+0.005 ms clock, 0.064+0/1.6/5.3+0.045 ms cpu, 23->23->18 MB, 36 MB goal, 8 P
GC forced
gc 1170 @125164.797s 0%: 0.008+2.7+0.006 ms clock, 0.071+0/3.5/4.6+0.053 ms cpu, 22->22->18 MB, 36 MB goal, 8 P
GC forced
gc 1171 @125284.802s 0%: 0.009+3.8+0.006 ms clock, 0.077+0/4.2/2.6+0.049 ms cpu, 23->23->18 MB, 36 MB goal, 8 P
GC forced
gc 1172 @125404.808s 0%: 0.009+4.4+0.006 ms clock, 0.078+0/5.2/3.4+0.050 ms cpu, 23->23->18 MB, 36 MB goal, 8 P
GC forced
gc 1173 @125524.813s 0%: 0.008+3.4+0.006 ms clock, 0.069+0/4.0/4.4+0.054 ms cpu, 23->23->18 MB, 36 MB goal, 8 P
GC forced
gc 1174 @125644.818s 0%: 0.012+2.9+0.006 ms clock, 0.10+0/3.8/4.3+0.050 ms cpu, 22->22->18 MB, 36 MB goal, 8 P
GC forced
gc 1175 @125764.824s 0%: 0.008+3.3+0.005 ms clock, 0.067+0/4.1/5.0+0.046 ms cpu, 23->23->18 MB, 36 MB goal, 8 P
GC forced
gc 1176 @125884.829s 0%: 0.009+3.4+0.006 ms clock, 0.074+0/4.2/5.9+0.050 ms cpu, 22->22->18 MB, 36 MB goal, 8 P
GC forced
gc 1177 @126004.834s 0%: 0.008+3.3+0.006 ms clock, 0.068+0/4.0/4.6+0.050 ms cpu, 22->22->18 MB, 36 MB goal, 8 P
GC forced
gc 1178 @126124.839s 0%: 0.020+3.4+0.005 ms clock, 0.16+0/3.5/4.2+0.046 ms cpu, 23->23->18 MB, 36 MB goal, 8 P
GC forced
gc 1179 @126244.844s 0%: 0.012+5.1+0.007 ms clock, 0.10+0/6.2/6.2+0.057 ms cpu, 23->23->18 MB, 36 MB goal, 8 P
GC forced
gc 1180 @126364.869s 0%: 0.019+1.8+0.005 ms clock, 0.15+0/1.5/7.3+0.045 ms cpu, 23->23->18 MB, 36 MB goal, 8 P
GC forced
gc 1181 @126484.915s 0%: 0.009+4.4+0.008 ms clock, 0.075+0/4.7/3.4+0.066 ms cpu, 22->22->18 MB, 36 MB goal, 8 P
GC forced
gc 1182 @126604.925s 0%: 0.008+2.1+0.005 ms clock, 0.067+0/3.4/6.5+0.040 ms cpu, 23->23->18 MB, 36 MB goal, 8 P
GC forced
gc 1183 @126724.941s 0%: 0.010+2.5+0.005 ms clock, 0.083+0/4.5/4.8+0.047 ms cpu, 22->22->18 MB, 36 MB goal, 8 P
GC forced
gc 1184 @126845.002s 0%: 0.009+4.0+0.007 ms clock, 0.072+0/4.7/4.6+0.062 ms cpu, 23->23->18 MB, 36 MB goal, 8 P
GC forced
gc 1185 @126965.041s 0%: 0.008+3.3+0.007 ms clock, 0.071+0/4.4/4.9+0.061 ms cpu, 22->22->18 MB, 36 MB goal, 8 P
GC forced
gc 1186 @127085.104s 0%: 0.019+3.3+0.006 ms clock, 0.15+0/4.3/2.7+0.049 ms cpu, 22->22->18 MB, 36 MB goal, 8 P
GC forced
gc 1187 @127205.138s 0%: 0.020+3.5+0.005 ms clock, 0.16+0/5.0/2.0+0.045 ms cpu, 23->23->18 MB, 36 MB goal, 8 P
GC forced
gc 1188 @127325.147s 0%: 0.009+2.6+0.005 ms clock, 0.073+0/4.1/5.9+0.047 ms cpu, 23->23->18 MB, 36 MB goal, 8 P
GC forced
gc 1189 @127445.165s 0%: 0.036+3.8+0.005 ms clock, 0.29+0/4.1/2.0+0.046 ms cpu, 22->22->18 MB, 36 MB goal, 8 P
GC forced
gc 1190 @127565.174s 0%: 0.008+4.0+0.006 ms clock, 0.069+0/5.6/0.89+0.051 ms cpu, 22->22->18 MB, 36 MB goal, 8 P
GC forced
gc 1191 @127685.184s 0%: 0.009+2.5+0.006 ms clock, 0.077+0/4.5/3.9+0.055 ms cpu, 22->22->18 MB, 36 MB goal, 8 P
GC forced
gc 1192 @127805.199s 0%: 0.008+3.6+0.007 ms clock, 0.067+0/3.9/2.8+0.056 ms cpu, 23->23->18 MB, 36 MB goal, 8 P
GC forced
gc 1193 @127925.241s 0%: 0.008+4.3+0.005 ms clock, 0.070+0/1.5/6.4+0.046 ms cpu, 22->22->18 MB, 36 MB goal, 8 P
GC forced
gc 1194 @128045.301s 0%: 0.008+3.3+0.006 ms clock, 0.066+0/1.6/5.5+0.048 ms cpu, 23->23->18 MB, 36 MB goal, 8 P
GC forced
gc 1195 @128165.317s 0%: 0.009+3.7+0.006 ms clock, 0.077+0/5.2/3.3+0.048 ms cpu, 22->22->18 MB, 36 MB goal, 8 P
GC forced
gc 1196 @128285.341s 0%: 0.010+2.6+0.005 ms clock, 0.081+0/3.7/6.2+0.043 ms cpu, 23->23->18 MB, 36 MB goal, 8 P
GC forced
gc 1197 @128405.353s 0%: 0.020+5.2+0.005 ms clock, 0.16+0/5.4/2.6+0.046 ms cpu, 22->22->18 MB, 36 MB goal, 8 P
GC forced
gc 1198 @128525.369s 0%: 0.009+2.7+0.005 ms clock, 0.077+0/3.7/4.3+0.046 ms cpu, 22->22->18 MB, 36 MB goal, 8 P
GC forced
gc 1199 @128645.425s 0%: 0.009+3.4+0.006 ms clock, 0.073+0/1.6/5.9+0.051 ms cpu, 23->23->18 MB, 36 MB goal, 8 P
GC forced
gc 1200 @128765.441s 0%: 0.009+3.3+0.006 ms clock, 0.077+0/4.2/3.7+0.052 ms cpu, 22->22->18 MB, 36 MB goal, 8 P
GC forced
gc 1201 @128885.457s 0%: 0.008+1.8+0.005 ms clock, 0.065+0/3.4/5.3+0.047 ms cpu, 23->23->18 MB, 36 MB goal, 8 P
GC forced
gc 1202 @129005.462s 0%: 0.013+4.8+0.005 ms clock, 0.11+0.091/6.0/2.7+0.046 ms cpu, 22->22->18 MB, 36 MB goal, 8 P
GC forced
gc 1203 @129125.483s 0%: 0.010+3.5+0.006 ms clock, 0.081+0/2.0/4.5+0.049 ms cpu, 23->23->18 MB, 36 MB goal, 8 P
GC forced
gc 1204 @129245.494s 0%: 0.017+3.8+0.006 ms clock, 0.13+0/4.0/4.1+0.054 ms cpu, 22->22->18 MB, 36 MB goal, 8 P
GC forced
gc 1205 @129365.504s 0%: 0.007+2.4+0.005 ms clock, 0.062+0/3.7/7.0+0.044 ms cpu, 23->23->18 MB, 36 MB goal, 8 P
GC forced
gc 1206 @129485.541s 0%: 0.034+3.3+0.006 ms clock, 0.27+0/1.4/5.4+0.052 ms cpu, 22->22->18 MB, 36 MB goal, 8 P
GC forced
gc 1207 @129605.619s 0%: 0.007+3.3+0.005 ms clock, 0.059+0/4.1/4.3+0.045 ms cpu, 23->23->18 MB, 36 MB goal, 8 P
GC forced
gc 1208 @129725.641s 0%: 0.010+3.7+0.007 ms clock, 0.081+0/4.6/4.4+0.057 ms cpu, 23->23->18 MB, 36 MB goal, 8 P
GC forced
gc 1209 @129845.659s 0%: 0.008+4.0+0.006 ms clock, 0.066+0/4.8/2.6+0.052 ms cpu, 23->23->18 MB, 36 MB goal, 8 P
GC forced
gc 1210 @129965.721s 0%: 0.010+4.0+0.006 ms clock, 0.081+0/5.0/1.6+0.051 ms cpu, 22->22->18 MB, 36 MB goal, 8 P
GC forced
gc 1211 @130085.741s 0%: 0.011+3.9+0.006 ms clock, 0.088+0/4.4/2.7+0.052 ms cpu, 23->23->18 MB, 36 MB goal, 8 P
GC forced
gc 1212 @130205.772s 0%: 0.007+5.0+0.006 ms clock, 0.062+0/6.4/1.5+0.054 ms cpu, 22->22->18 MB, 36 MB goal, 8 P
GC forced
gc 1213 @130325.789s 0%: 0.008+3.7+0.006 ms clock, 0.069+0/3.7/2.5+0.049 ms cpu, 23->23->18 MB, 36 MB goal, 8 P
GC forced
gc 1214 @130445.806s 0%: 0.012+4.3+0.006 ms clock, 0.10+0/5.5/2.6+0.048 ms cpu, 22->22->18 MB, 36 MB goal, 8 P
GC forced
gc 1215 @130565.823s 0%: 0.008+3.4+0.005 ms clock, 0.067+0/4.4/2.2+0.047 ms cpu, 23->23->18 MB, 36 MB goal, 8 P
GC forced
gc 1216 @130685.840s 0%: 0.020+3.6+0.006 ms clock, 0.16+0.051/4.6/1.9+0.053 ms cpu, 22->22->18 MB, 37 MB goal, 8 P
GC forced
gc 1217 @130805.856s 0%: 0.009+2.4+0.006 ms clock, 0.079+0/4.2/4.5+0.053 ms cpu, 23->23->18 MB, 37 MB goal, 8 P
GC forced
gc 1218 @130925.872s 0%: 0.020+5.3+0.008 ms clock, 0.16+0/6.2/2.8+0.070 ms cpu, 22->22->18 MB, 37 MB goal, 8 P
GC forced
gc 1219 @131045.885s 0%: 0.009+2.5+0.006 ms clock, 0.074+0/4.7/4.2+0.048 ms cpu, 23->23->18 MB, 37 MB goal, 8 P
GC forced
gc 1220 @131165.890s 0%: 0.020+3.3+0.006 ms clock, 0.16+0/4.4/2.2+0.049 ms cpu, 23->23->18 MB, 37 MB goal, 8 P
GC forced
gc 1221 @131285.916s 0%: 0.008+2.1+0.006 ms clock, 0.067+0/3.7/8.0+0.050 ms cpu, 23->23->18 MB, 37 MB goal, 8 P
GC forced
gc 1222 @131405.925s 0%: 0.017+3.4+0.005 ms clock, 0.14+0/4.2/5.2+0.045 ms cpu, 23->23->18 MB, 37 MB goal, 8 P
GC forced
gc 1223 @131525.941s 0%: 0.009+3.8+0.006 ms clock, 0.075+0/4.6/2.2+0.049 ms cpu, 23->23->18 MB, 37 MB goal, 8 P
GC forced
gc 1224 @131645.975s 0%: 0.009+2.4+0.005 ms clock, 0.075+0/3.4/3.9+0.047 ms cpu, 23->23->18 MB, 37 MB goal, 8 P
GC forced
gc 1225 @131765.992s 0%: 0.008+2.7+0.008 ms clock, 0.069+0/3.6/8.0+0.070 ms cpu, 23->23->18 MB, 37 MB goal, 8 P
GC forced
gc 1226 @131885.995s 0%: 0.008+3.6+0.007 ms clock, 0.068+0/4.3/3.9+0.057 ms cpu, 23->23->18 MB, 37 MB goal, 8 P
GC forced
gc 1227 @132006.024s 0%: 0.009+3.0+0.007 ms clock, 0.078+0/4.9/3.7+0.063 ms cpu, 23->23->18 MB, 37 MB goal, 8 P
GC forced
gc 1228 @132126.041s 0%: 0.008+3.8+0.006 ms clock, 0.069+0/5.8/3.3+0.052 ms cpu, 23->23->18 MB, 37 MB goal, 8 P
GC forced
gc 1229 @132246.059s 0%: 0.035+3.5+0.005 ms clock, 0.28+0.056/5.1/1.5+0.046 ms cpu, 23->23->18 MB, 37 MB goal, 8 P
GC forced
gc 1230 @132366.075s 0%: 0.008+4.6+0.008 ms clock, 0.068+0/4.1/6.1+0.066 ms cpu, 23->23->18 MB, 37 MB goal, 8 P
GC forced
gc 1231 @132486.095s 0%: 0.008+2.5+0.006 ms clock, 0.066+0/3.5/5.7+0.053 ms cpu, 23->23->18 MB, 37 MB goal, 8 P
GC forced
gc 1232 @132606.112s 0%: 0.022+5.1+0.007 ms clock, 0.18+0/5.5/2.4+0.058 ms cpu, 23->23->18 MB, 37 MB goal, 8 P
GC forced
gc 1233 @132726.129s 0%: 0.010+2.2+0.005 ms clock, 0.082+0/2.7/6.7+0.047 ms cpu, 22->22->18 MB, 37 MB goal, 8 P
GC forced
gc 1234 @132846.141s 0%: 0.009+3.4+0.006 ms clock, 0.077+0/2.3/4.5+0.050 ms cpu, 23->23->18 MB, 37 MB goal, 8 P
GC forced
gc 1235 @132966.159s 0%: 0.007+5.9+0.008 ms clock, 0.059+0/6.4/3.9+0.064 ms cpu, 23->23->18 MB, 37 MB goal, 8 P
GC forced
gc 1236 @133086.179s 0%: 0.010+3.6+0.006 ms clock, 0.080+0/4.6/2.2+0.050 ms cpu, 23->23->18 MB, 37 MB goal, 8 P
GC forced
gc 1237 @133206.184s 0%: 0.020+1.9+0.006 ms clock, 0.16+0/2.7/7.2+0.054 ms cpu, 23->23->18 MB, 37 MB goal, 8 P
GC forced
gc 1238 @133326.200s 0%: 0.008+3.4+0.006 ms clock, 0.067+0/4.9/6.6+0.052 ms cpu, 23->23->18 MB, 37 MB goal, 8 P
GC forced
gc 1239 @133446.229s 0%: 0.010+3.8+0.006 ms clock, 0.080+0/4.5/5.8+0.049 ms cpu, 23->23->18 MB, 37 MB goal, 8 P
GC forced
gc 1240 @133566.241s 0%: 0.042+3.7+0.006 ms clock, 0.33+0/5.5/1.9+0.051 ms cpu, 23->23->18 MB, 37 MB goal, 8 P
GC forced
gc 1241 @133686.255s 0%: 0.025+4.3+0.006 ms clock, 0.20+1.1/5.2/3.8+0.049 ms cpu, 23->23->18 MB, 37 MB goal, 8 P
GC forced
gc 1242 @133806.262s 0%: 0.009+2.8+0.008 ms clock, 0.078+0/3.6/5.5+0.066 ms cpu, 23->23->18 MB, 37 MB goal, 8 P
GC forced
gc 1243 @133926.267s 0%: 0.040+4.4+0.006 ms clock, 0.32+0/7.9/2.9+0.052 ms cpu, 23->23->18 MB, 37 MB goal, 8 P
GC forced
gc 1244 @134046.274s 0%: 0.009+4.1+0.006 ms clock, 0.077+0/3.6/3.0+0.048 ms cpu, 23->23->18 MB, 37 MB goal, 8 P
GC forced
gc 1245 @134166.279s 0%: 0.056+3.5+0.006 ms clock, 0.45+0/4.7/2.1+0.049 ms cpu, 23->23->18 MB, 37 MB goal, 8 P
GC forced
gc 1246 @134286.285s 0%: 0.011+4.7+0.006 ms clock, 0.089+0/5.6/1.7+0.051 ms cpu, 23->23->18 MB, 37 MB goal, 8 P
GC forced
gc 1247 @134406.290s 0%: 0.010+5.8+0.008 ms clock, 0.081+0/5.9/3.0+0.066 ms cpu, 23->23->18 MB, 37 MB goal, 8 P
GC forced
gc 1248 @134526.298s 0%: 0.015+3.8+0.006 ms clock, 0.12+0/2.8/3.8+0.049 ms cpu, 23->23->18 MB, 37 MB goal, 8 P
GC forced
gc 1249 @134646.317s 0%: 0.008+3.5+0.008 ms clock, 0.070+0/4.2/3.8+0.069 ms cpu, 23->23->18 MB, 37 MB goal, 8 P
GC forced
gc 1250 @134766.335s 0%: 0.009+3.8+0.006 ms clock, 0.072+0/4.7/1.9+0.051 ms cpu, 23->23->18 MB, 37 MB goal, 8 P
GC forced
gc 1251 @134886.341s 0%: 0.009+4.2+0.005 ms clock, 0.078+0/2.8/4.2+0.046 ms cpu, 23->23->18 MB, 37 MB goal, 8 P
GC forced
gc 1252 @135006.366s 0%: 0.009+2.2+0.087 ms clock, 0.078+0/3.5/7.3+0.69 ms cpu, 23->23->18 MB, 37 MB goal, 8 P
GC forced
gc 1253 @135126.400s 0%: 0.036+3.2+0.006 ms clock, 0.29+2.2/6.0/2.6+0.055 ms cpu, 23->23->18 MB, 37 MB goal, 8 P
GC forced
gc 1254 @135246.425s 0%: 0.008+3.6+0.027 ms clock, 0.071+0/5.1/1.5+0.22 ms cpu, 23->23->18 MB, 37 MB goal, 8 P
GC forced
gc 1255 @135366.441s 0%: 0.009+3.1+0.005 ms clock, 0.079+0/3.6/5.2+0.046 ms cpu, 23->23->18 MB, 37 MB goal, 8 P
GC forced
gc 1256 @135486.456s 0%: 0.010+4.3+0.005 ms clock, 0.083+0/2.5/5.0+0.047 ms cpu, 24->24->18 MB, 37 MB goal, 8 P
GC forced
gc 1257 @135606.475s 0%: 0.019+4.3+0.005 ms clock, 0.15+0/5.3/1.1+0.047 ms cpu, 23->23->18 MB, 37 MB goal, 8 P
GC forced
gc 1258 @135726.540s 0%: 0.010+3.4+0.005 ms clock, 0.081+0/4.7/1.8+0.046 ms cpu, 23->23->18 MB, 37 MB goal, 8 P
GC forced
gc 1259 @135846.567s 0%: 0.009+3.6+0.006 ms clock, 0.077+0/1.9/5.6+0.052 ms cpu, 23->23->18 MB, 37 MB goal, 8 P
GC forced
gc 1260 @135966.584s 0%: 0.008+2.3+0.005 ms clock, 0.068+0/3.2/4.6+0.044 ms cpu, 23->23->18 MB, 37 MB goal, 8 P
GC forced
gc 1261 @136086.602s 0%: 0.018+3.5+0.006 ms clock, 0.15+0/4.9/1.5+0.050 ms cpu, 23->23->18 MB, 37 MB goal, 8 P
GC forced
gc 1262 @136206.619s 0%: 0.008+3.6+0.006 ms clock, 0.070+0/4.6/2.0+0.054 ms cpu, 23->23->18 MB, 37 MB goal, 8 P
GC forced
gc 1263 @136326.636s 0%: 0.009+3.5+0.005 ms clock, 0.078+0/4.3/2.2+0.044 ms cpu, 23->23->18 MB, 37 MB goal, 8 P
GC forced
gc 1264 @136446.641s 0%: 0.008+3.6+0.006 ms clock, 0.065+0/2.1/4.6+0.048 ms cpu, 23->23->18 MB, 37 MB goal, 8 P
GC forced
gc 1265 @136566.670s 0%: 0.009+3.7+0.006 ms clock, 0.078+0/5.1/1.5+0.049 ms cpu, 23->23->18 MB, 37 MB goal, 8 P
GC forced
gc 1266 @136686.687s 0%: 0.008+2.6+0.006 ms clock, 0.064+0/4.1/5.3+0.051 ms cpu, 23->23->18 MB, 37 MB goal, 8 P
GC forced
gc 1267 @136806.695s 0%: 0.008+3.4+0.005 ms clock, 0.066+0/4.7/2.5+0.047 ms cpu, 23->23->18 MB, 37 MB goal, 8 P
GC forced
gc 1268 @136926.721s 0%: 0.009+3.8+0.006 ms clock, 0.076+0/3.8/2.9+0.053 ms cpu, 23->23->18 MB, 37 MB goal, 8 P
GC forced
gc 1269 @137046.734s 0%: 0.040+4.3+0.013 ms clock, 0.32+0/6.2/1.8+0.11 ms cpu, 23->23->18 MB, 37 MB goal, 8 P
GC forced
gc 1270 @137166.741s 0%: 0.009+2.6+0.006 ms clock, 0.078+0/4.6/2.6+0.051 ms cpu, 23->23->18 MB, 37 MB goal, 8 P
GC forced
gc 1271 @137286.758s 0%: 0.015+4.2+0.006 ms clock, 0.12+0/4.5/3.1+0.048 ms cpu, 23->23->18 MB, 37 MB goal, 8 P
GC forced
gc 1272 @137406.788s 0%: 0.008+5.7+0.005 ms clock, 0.071+0/5.9/1.2+0.047 ms cpu, 23->23->18 MB, 37 MB goal, 8 P
GC forced
gc 1273 @137526.805s 0%: 0.009+3.5+0.006 ms clock, 0.075+0/4.2/4.1+0.048 ms cpu, 23->23->18 MB, 37 MB goal, 8 P
GC forced
gc 1274 @137646.822s 0%: 0.007+3.7+0.006 ms clock, 0.063+0/5.2/1.0+0.048 ms cpu, 23->23->18 MB, 37 MB goal, 8 P
GC forced
gc 1275 @137766.839s 0%: 0.010+2.6+0.006 ms clock, 0.086+0/4.6/4.1+0.048 ms cpu, 23->23->18 MB, 37 MB goal, 8 P
GC forced
gc 1276 @137886.856s 0%: 0.024+4.2+0.005 ms clock, 0.19+0/5.3/2.3+0.044 ms cpu, 23->23->18 MB, 37 MB goal, 8 P
GC forced
gc 1277 @138006.873s 0%: 0.013+3.8+0.005 ms clock, 0.11+0/4.1/2.1+0.047 ms cpu, 23->23->18 MB, 37 MB goal, 8 P
GC forced
gc 1278 @138126.890s 0%: 0.008+3.3+0.005 ms clock, 0.071+0/4.4/6.0+0.043 ms cpu, 23->23->18 MB, 37 MB goal, 8 P
GC forced
gc 1279 @138246.907s 0%: 0.008+3.8+0.006 ms clock, 0.067+0/5.1/1.6+0.049 ms cpu, 23->23->18 MB, 37 MB goal, 8 P
GC forced
gc 1280 @138366.920s 0%: 0.008+4.2+0.005 ms clock, 0.071+0/3.2/3.5+0.047 ms cpu, 23->23->18 MB, 37 MB goal, 8 P
GC forced
gc 1281 @138486.925s 0%: 0.009+3.8+0.005 ms clock, 0.078+0/2.7/3.8+0.045 ms cpu, 23->23->18 MB, 37 MB goal, 8 P
GC forced
gc 1282 @138606.941s 0%: 0.009+3.5+0.006 ms clock, 0.075+0/4.2/2.9+0.048 ms cpu, 23->23->18 MB, 37 MB goal, 8 P
GC forced
gc 1283 @138726.960s 0%: 0.008+3.7+0.005 ms clock, 0.069+0/4.6/3.4+0.046 ms cpu, 23->23->18 MB, 37 MB goal, 8 P
GC forced
gc 1284 @138846.976s 0%: 0.009+4.0+0.006 ms clock, 0.074+0/4.1/3.7+0.050 ms cpu, 23->23->18 MB, 37 MB goal, 8 P
GC forced
gc 1285 @138967.006s 0%: 0.008+3.8+0.006 ms clock, 0.071+0/2.8/3.8+0.052 ms cpu, 23->23->18 MB, 37 MB goal, 8 P
GC forced
gc 1286 @139087.023s 0%: 0.009+3.9+0.008 ms clock, 0.075+0/4.9/1.6+0.066 ms cpu, 23->23->19 MB, 37 MB goal, 8 P
GC forced
gc 1287 @139207.030s 0%: 0.007+2.2+0.005 ms clock, 0.060+0/4.0/4.8+0.046 ms cpu, 23->23->19 MB, 38 MB goal, 8 P
GC forced
gc 1288 @139327.041s 0%: 0.008+3.5+0.005 ms clock, 0.069+0/4.4/2.4+0.045 ms cpu, 23->23->19 MB, 38 MB goal, 8 P
GC forced
gc 1289 @139447.073s 0%: 0.008+3.8+0.006 ms clock, 0.064+0/4.6/3.2+0.052 ms cpu, 23->23->19 MB, 38 MB goal, 8 P
GC forced
gc 1290 @139567.090s 0%: 0.010+3.5+0.006 ms clock, 0.080+0/4.5/2.2+0.049 ms cpu, 23->23->19 MB, 38 MB goal, 8 P
GC forced
gc 1291 @139687.096s 0%: 0.010+3.2+0.006 ms clock, 0.080+0/4.0/3.3+0.050 ms cpu, 23->23->19 MB, 38 MB goal, 8 P
GC forced
gc 1292 @139807.124s 0%: 0.029+3.7+0.006 ms clock, 0.23+0/4.3/3.7+0.053 ms cpu, 23->23->19 MB, 38 MB goal, 8 P
GC forced
gc 1293 @139927.141s 0%: 0.020+3.7+0.006 ms clock, 0.16+0.011/5.0/1.7+0.053 ms cpu, 23->23->19 MB, 38 MB goal, 8 P
GC forced
gc 1294 @140047.146s 0%: 0.008+2.6+0.006 ms clock, 0.068+0/5.0/3.2+0.050 ms cpu, 23->23->19 MB, 38 MB goal, 8 P
GC forced
gc 1295 @140167.165s 0%: 0.009+3.4+0.006 ms clock, 0.074+0/4.3/4.4+0.050 ms cpu, 24->24->19 MB, 38 MB goal, 8 P
GC forced
gc 1296 @140287.174s 0%: 0.007+4.0+0.006 ms clock, 0.063+0/3.1/5.7+0.054 ms cpu, 23->23->19 MB, 38 MB goal, 8 P
GC forced
gc 1297 @140407.179s 0%: 0.007+3.6+0.006 ms clock, 0.060+0/5.1/1.6+0.053 ms cpu, 24->24->19 MB, 38 MB goal, 8 P
GC forced
gc 1298 @140527.184s 0%: 0.063+2.4+0.005 ms clock, 0.51+0/4.4/3.4+0.045 ms cpu, 23->23->19 MB, 38 MB goal, 8 P
GC forced
gc 1299 @140647.189s 0%: 0.009+3.3+0.005 ms clock, 0.073+0/4.0/3.5+0.044 ms cpu, 23->23->19 MB, 38 MB goal, 8 P
GC forced
gc 1300 @140767.196s 0%: 0.011+2.9+0.007 ms clock, 0.089+0/4.6/8.0+0.059 ms cpu, 23->23->19 MB, 38 MB goal, 8 P
GC forced
gc 1301 @140887.199s 0%: 0.039+3.9+0.005 ms clock, 0.31+0.22/5.5/0.83+0.047 ms cpu, 24->24->19 MB, 38 MB goal, 8 P
GC forced
gc 1302 @141007.205s 0%: 0.018+3.6+0.005 ms clock, 0.14+0.12/5.5/0.79+0.046 ms cpu, 23->23->19 MB, 38 MB goal, 8 P
GC forced
gc 1303 @141127.210s 0%: 0.007+3.6+0.006 ms clock, 0.059+0/4.7/2.2+0.052 ms cpu, 23->23->19 MB, 38 MB goal, 8 P
GC forced
gc 1304 @141247.215s 0%: 0.008+2.5+0.006 ms clock, 0.071+0/3.3/5.8+0.053 ms cpu, 23->23->19 MB, 38 MB goal, 8 P
GC forced
gc 1305 @141367.221s 0%: 0.006+4.6+0.006 ms clock, 0.053+0/1.6/6.4+0.051 ms cpu, 23->23->19 MB, 38 MB goal, 8 P
GC forced
gc 1306 @141487.226s 0%: 0.008+3.9+0.005 ms clock, 0.064+0/4.0/2.4+0.047 ms cpu, 23->23->19 MB, 38 MB goal, 8 P
GC forced
gc 1307 @141607.231s 0%: 0.009+4.1+0.007 ms clock, 0.073+0/4.8/2.3+0.059 ms cpu, 23->23->19 MB, 38 MB goal, 8 P
GC forced
gc 1308 @141727.236s 0%: 0.036+3.7+0.006 ms clock, 0.29+0.20/4.6/2.1+0.049 ms cpu, 23->23->19 MB, 38 MB goal, 8 P
GC forced
gc 1309 @141847.242s 0%: 0.010+3.9+0.005 ms clock, 0.081+0/5.0/3.8+0.047 ms cpu, 23->23->19 MB, 38 MB goal, 8 P
GC forced
gc 1310 @141967.247s 0%: 0.008+3.8+0.008 ms clock, 0.066+0/4.7/2.6+0.067 ms cpu, 23->23->19 MB, 38 MB goal, 8 P
GC forced
gc 1311 @142087.252s 0%: 0.008+3.7+0.007 ms clock, 0.064+0/2.9/3.7+0.057 ms cpu, 23->23->19 MB, 38 MB goal, 8 P
GC forced
gc 1312 @142207.258s 0%: 0.017+3.5+0.006 ms clock, 0.13+0/6.3/3.4+0.049 ms cpu, 23->23->19 MB, 38 MB goal, 8 P
GC forced
gc 1313 @142327.263s 0%: 0.008+3.9+0.005 ms clock, 0.064+0/4.5/2.1+0.047 ms cpu, 23->23->19 MB, 38 MB goal, 8 P
GC forced
gc 1314 @142447.268s 0%: 0.007+6.0+0.006 ms clock, 0.063+0/6.1/0.003+0.049 ms cpu, 24->24->19 MB, 38 MB goal, 8 P
GC forced
gc 1315 @142567.304s 0%: 0.009+2.1+0.005 ms clock, 0.074+0/2.9/6.0+0.042 ms cpu, 23->23->19 MB, 38 MB goal, 8 P
GC forced
gc 1316 @142687.313s 0%: 0.008+3.5+0.006 ms clock, 0.069+0/4.9/1.5+0.054 ms cpu, 23->23->19 MB, 38 MB goal, 8 P
GC forced
gc 1317 @142807.317s 0%: 0.009+5.0+0.005 ms clock, 0.075+0/5.2/2.5+0.044 ms cpu, 24->24->19 MB, 38 MB goal, 8 P
GC forced
gc 1318 @142927.339s 0%: 0.010+3.2+0.006 ms clock, 0.082+0/3.7/4.9+0.050 ms cpu, 24->24->19 MB, 38 MB goal, 8 P
GC forced
gc 1319 @143047.393s 0%: 0.035+3.5+0.006 ms clock, 0.28+0/4.2/2.7+0.050 ms cpu, 23->23->19 MB, 38 MB goal, 8 P
GC forced
gc 1320 @143167.425s 0%: 0.029+3.3+0.030 ms clock, 0.23+0/3.9/4.3+0.24 ms cpu, 23->23->19 MB, 38 MB goal, 8 P
GC forced
gc 1321 @143287.431s 0%: 0.013+4.4+0.006 ms clock, 0.10+0/5.1/2.6+0.048 ms cpu, 23->23->19 MB, 38 MB goal, 8 P
GC forced
gc 1322 @143407.441s 0%: 0.008+3.6+0.005 ms clock, 0.069+0/4.6/5.4+0.046 ms cpu, 23->23->19 MB, 38 MB goal, 8 P
GC forced
gc 1323 @143527.458s 0%: 0.011+4.0+0.006 ms clock, 0.094+0/3.0/4.0+0.052 ms cpu, 23->23->19 MB, 38 MB goal, 8 P
GC forced
gc 1324 @143647.523s 0%: 0.023+4.2+0.006 ms clock, 0.18+0/5.0/3.3+0.054 ms cpu, 23->23->19 MB, 38 MB goal, 8 P
GC forced
gc 1325 @143767.541s 0%: 0.009+1.9+0.015 ms clock, 0.078+0/2.9/4.7+0.12 ms cpu, 23->23->19 MB, 38 MB goal, 8 P
GC forced
gc 1326 @143887.551s 0%: 0.008+2.2+0.006 ms clock, 0.066+0/3.4/4.3+0.055 ms cpu, 23->23->19 MB, 38 MB goal, 8 P
GC forced
gc 1327 @144007.599s 0%: 0.008+4.0+0.006 ms clock, 0.066+0/5.1/3.5+0.051 ms cpu, 23->23->19 MB, 38 MB goal, 8 P
GC forced
gc 1328 @144127.641s 0%: 0.012+2.4+0.007 ms clock, 0.096+0/4.5/7.1+0.062 ms cpu, 24->24->19 MB, 38 MB goal, 8 P
GC forced
gc 1329 @144247.651s 0%: 0.024+4.2+0.006 ms clock, 0.19+0/6.2/1.3+0.053 ms cpu, 23->23->19 MB, 38 MB goal, 8 P
GC forced
gc 1330 @144367.656s 0%: 0.020+3.8+0.006 ms clock, 0.16+0/4.0/3.3+0.048 ms cpu, 24->24->19 MB, 38 MB goal, 8 P
GC forced
gc 1331 @144487.679s 0%: 0.038+5.5+0.007 ms clock, 0.30+0/6.5/1.9+0.060 ms cpu, 23->23->19 MB, 38 MB goal, 8 P
GC forced
gc 1332 @144607.741s 0%: 0.008+2.8+0.013 ms clock, 0.070+0/3.6/6.5+0.10 ms cpu, 23->23->19 MB, 38 MB goal, 8 P
GC forced
gc 1333 @144727.805s 0%: 0.009+4.0+0.005 ms clock, 0.074+0/4.8/2.0+0.047 ms cpu, 24->24->19 MB, 38 MB goal, 8 P
GC forced
gc 1334 @144847.834s 0%: 0.008+4.7+0.005 ms clock, 0.068+0/5.7/2.3+0.046 ms cpu, 23->23->19 MB, 38 MB goal, 8 P
GC forced
gc 1335 @144967.841s 0%: 0.009+4.5+0.006 ms clock, 0.073+0/5.3/1.2+0.050 ms cpu, 24->24->19 MB, 38 MB goal, 8 P
GC forced
gc 1336 @145087.867s 0%: 0.009+3.6+0.005 ms clock, 0.073+0/4.5/2.1+0.044 ms cpu, 24->24->19 MB, 38 MB goal, 8 P
GC forced
gc 1337 @145207.885s 0%: 0.007+3.9+0.005 ms clock, 0.063+0/5.1/1.5+0.045 ms cpu, 23->23->19 MB, 38 MB goal, 8 P
GC forced
gc 1338 @145327.902s 0%: 0.009+3.7+0.006 ms clock, 0.078+0/5.5/5.4+0.055 ms cpu, 23->23->19 MB, 38 MB goal, 8 P
GC forced
gc 1339 @145447.919s 0%: 0.026+4.4+0.008 ms clock, 0.21+0/5.2/1.5+0.067 ms cpu, 23->23->19 MB, 38 MB goal, 8 P
GC forced
gc 1340 @145567.925s 0%: 0.009+4.1+0.005 ms clock, 0.079+0/1.8/10+0.046 ms cpu, 23->23->19 MB, 38 MB goal, 8 P
GC forced
gc 1341 @145687.941s 0%: 0.017+4.4+0.006 ms clock, 0.13+0/5.2/1.7+0.053 ms cpu, 24->24->19 MB, 38 MB goal, 8 P
GC forced
gc 1342 @145807.975s 0%: 0.010+3.3+0.007 ms clock, 0.087+0/4.0/4.1+0.059 ms cpu, 23->23->19 MB, 38 MB goal, 8 P
GC forced
gc 1343 @145927.992s 0%: 0.007+6.0+0.007 ms clock, 0.059+0/5.9/2.5+0.061 ms cpu, 23->23->19 MB, 38 MB goal, 8 P
GC forced
gc 1344 @146048.008s 0%: 0.014+3.1+0.005 ms clock, 0.11+0/2.9/4.3+0.046 ms cpu, 23->23->19 MB, 38 MB goal, 8 P
GC forced
gc 1345 @146168.027s 0%: 0.009+3.5+0.005 ms clock, 0.072+0/4.4/2.1+0.044 ms cpu, 23->23->19 MB, 38 MB goal, 8 P
GC forced
gc 1346 @146288.039s 0%: 0.008+4.2+0.007 ms clock, 0.071+0/4.9/2.0+0.056 ms cpu, 24->24->19 MB, 38 MB goal, 8 P
GC forced
gc 1347 @146408.061s 0%: 0.007+3.5+0.006 ms clock, 0.062+0/4.9/1.5+0.051 ms cpu, 23->23->19 MB, 38 MB goal, 8 P
GC forced
gc 1348 @146528.069s 0%: 0.007+4.6+0.008 ms clock, 0.063+0/2.7/7.3+0.065 ms cpu, 23->23->19 MB, 38 MB goal, 8 P
GC forced
gc 1349 @146648.096s 0%: 0.008+3.9+0.006 ms clock, 0.066+0/4.2/1.9+0.048 ms cpu, 23->23->19 MB, 38 MB goal, 8 P
GC forced
gc 1350 @146768.113s 0%: 0.007+3.8+0.005 ms clock, 0.062+0/3.8/2.4+0.047 ms cpu, 23->23->19 MB, 38 MB goal, 8 P
GC forced
gc 1351 @146888.130s 0%: 0.009+1.9+0.006 ms clock, 0.077+0/3.3/6.6+0.050 ms cpu, 24->24->19 MB, 38 MB goal, 8 P
GC forced
gc 1352 @147008.141s 0%: 0.009+3.9+0.006 ms clock, 0.074+0/1.9/4.8+0.049 ms cpu, 23->23->19 MB, 38 MB goal, 8 P
GC forced
gc 1353 @147128.165s 0%: 0.009+3.3+0.006 ms clock, 0.074+0/4.5/3.5+0.049 ms cpu, 24->24->19 MB, 38 MB goal, 8 P
GC forced
gc 1354 @147248.184s 0%: 0.009+2.7+0.013 ms clock, 0.072+0/3.4/5.1+0.10 ms cpu, 23->23->19 MB, 38 MB goal, 8 P
GC forced
gc 1355 @147368.201s 0%: 0.009+3.4+0.006 ms clock, 0.073+0/4.3/4.1+0.050 ms cpu, 24->24->19 MB, 38 MB goal, 8 P
GC forced
gc 1356 @147488.215s 0%: 0.008+3.5+0.006 ms clock, 0.064+0/4.1/3.1+0.052 ms cpu, 23->23->19 MB, 38 MB goal, 8 P
GC forced
gc 1357 @147608.235s 0%: 0.018+4.6+0.007 ms clock, 0.14+0/5.0/2.3+0.058 ms cpu, 23->23->19 MB, 38 MB goal, 8 P
GC forced
gc 1358 @147728.241s 0%: 0.038+3.3+0.005 ms clock, 0.31+0/3.8/3.1+0.045 ms cpu, 24->24->19 MB, 38 MB goal, 8 P
GC forced
gc 1359 @147848.248s 0%: 0.008+4.8+0.008 ms clock, 0.066+0/2.2/5.9+0.068 ms cpu, 24->24->19 MB, 38 MB goal, 8 P
GC forced
gc 1360 @147968.285s 0%: 0.008+4.6+0.006 ms clock, 0.069+0/3.1/9.3+0.049 ms cpu, 23->23->19 MB, 38 MB goal, 8 P
GC forced
gc 1361 @148088.301s 0%: 0.008+3.8+0.005 ms clock, 0.068+0/5.9/2.4+0.047 ms cpu, 24->24->19 MB, 38 MB goal, 8 P
GC forced
gc 1362 @148208.317s 0%: 0.009+3.7+0.007 ms clock, 0.078+0/4.3/3.2+0.057 ms cpu, 24->24->19 MB, 38 MB goal, 8 P
GC forced
gc 1363 @148328.332s 0%: 0.008+3.5+0.006 ms clock, 0.064+0/3.2/3.6+0.052 ms cpu, 23->23->19 MB, 38 MB goal, 8 P
GC forced
gc 1364 @148448.341s 0%: 0.010+3.7+0.008 ms clock, 0.085+0/4.7/2.1+0.064 ms cpu, 24->24->19 MB, 38 MB goal, 8 P
GC forced
gc 1365 @148568.368s 0%: 0.008+3.8+0.006 ms clock, 0.068+0/5.0/1.6+0.049 ms cpu, 24->24->19 MB, 38 MB goal, 8 P
GC forced
gc 1366 @148688.384s 0%: 0.009+2.8+0.005 ms clock, 0.074+0/3.8/5.5+0.046 ms cpu, 24->24->19 MB, 38 MB goal, 8 P
GC forced
gc 1367 @148808.401s 0%: 0.007+4.3+0.006 ms clock, 0.063+0/4.7/4.4+0.052 ms cpu, 23->23->19 MB, 38 MB goal, 8 P
GC forced
gc 1368 @148928.406s 0%: 0.007+3.6+0.006 ms clock, 0.062+0/4.8/2.5+0.055 ms cpu, 24->24->19 MB, 38 MB goal, 8 P
GC forced
gc 1369 @149048.425s 0%: 0.026+3.7+0.006 ms clock, 0.21+0/1.8/6.4+0.048 ms cpu, 24->24->19 MB, 38 MB goal, 8 P
GC forced
gc 1370 @149168.432s 0%: 0.009+3.8+0.006 ms clock, 0.075+0/3.8/2.6+0.051 ms cpu, 24->24->19 MB, 38 MB goal, 8 P
GC forced
gc 1371 @149288.441s 0%: 0.010+4.6+0.007 ms clock, 0.082+0/5.3/3.6+0.062 ms cpu, 23->23->19 MB, 38 MB goal, 8 P
GC forced
gc 1372 @149408.455s 0%: 0.008+3.6+0.007 ms clock, 0.066+0/4.4/2.5+0.060 ms cpu, 24->24->19 MB, 38 MB goal, 8 P
GC forced
gc 1373 @149528.502s 0%: 0.009+3.7+0.006 ms clock, 0.072+0/5.1/1.5+0.050 ms cpu, 24->24->19 MB, 38 MB goal, 8 P
GC forced
gc 1374 @149648.518s 0%: 0.008+3.5+0.007 ms clock, 0.070+0/5.0/1.7+0.061 ms cpu, 24->24->19 MB, 38 MB goal, 8 P
GC forced
gc 1375 @149768.535s 0%: 0.009+3.7+0.006 ms clock, 0.078+0/1.4/6.3+0.048 ms cpu, 24->24->19 MB, 38 MB goal, 8 P
GC forced
gc 1376 @149888.541s 0%: 0.009+5.4+0.007 ms clock, 0.074+0/5.7/2.0+0.062 ms cpu, 24->24->19 MB, 38 MB goal, 8 P
GC forced
gc 1377 @150008.552s 0%: 0.010+3.7+0.006 ms clock, 0.081+0/5.4/1.8+0.051 ms cpu, 24->24->19 MB, 38 MB goal, 8 P
GC forced
gc 1378 @150128.584s 0%: 0.009+1.8+0.005 ms clock, 0.072+0/3.3/5.9+0.040 ms cpu, 24->24->19 MB, 38 MB goal, 8 P
GC forced
gc 1379 @150248.588s 0%: 0.008+5.6+0.008 ms clock, 0.067+0/6.3/3.5+0.068 ms cpu, 24->24->19 MB, 38 MB goal, 8 P
GC forced
gc 1380 @150368.621s 0%: 0.020+3.4+0.006 ms clock, 0.16+0/1.7/5.1+0.050 ms cpu, 24->24->19 MB, 38 MB goal, 8 P
GC forced
gc 1381 @150488.638s 0%: 0.009+5.0+0.005 ms clock, 0.072+0/5.5/1.9+0.046 ms cpu, 24->24->19 MB, 38 MB goal, 8 P
GC forced
gc 1382 @150608.654s 0%: 0.008+1.9+0.007 ms clock, 0.071+0/3.4/4.9+0.061 ms cpu, 24->24->19 MB, 38 MB goal, 8 P
GC forced
gc 1383 @150728.663s 0%: 0.007+6.0+0.007 ms clock, 0.060+0/6.7/2.1+0.059 ms cpu, 24->24->19 MB, 38 MB goal, 8 P
GC forced
gc 1384 @150848.687s 0%: 0.019+4.5+0.006 ms clock, 0.15+0/5.2/2.6+0.054 ms cpu, 30->30->20 MB, 38 MB goal, 8 P
GC forced
gc 1385 @150968.705s 0%: 0.009+5.3+0.006 ms clock, 0.073+0/6.4/3.0+0.048 ms cpu, 25->25->20 MB, 41 MB goal, 8 P
scvg: 0 MB released
scvg: inuse: 24, idle: 37, sys: 62, released: 30, consumed: 31 (MB)
scvg: 0 MB released
scvg: inuse: 23, idle: 38, sys: 62, released: 30, consumed: 31 (MB)
scvg: 0 MB released
scvg: inuse: 23, idle: 38, sys: 62, released: 30, consumed: 31 (MB)
scvg: 0 MB released
scvg: inuse: 23, idle: 38, sys: 62, released: 30, consumed: 31 (MB)
scvg: 0 MB released
scvg: inuse: 23, idle: 38, sys: 62, released: 30, consumed: 31 (MB)
scvg: 0 MB released
scvg: inuse: 23, idle: 38, sys: 62, released: 30, consumed: 31 (MB)
scvg: 0 MB released
scvg: inuse: 23, idle: 38, sys: 62, released: 30, consumed: 31 (MB)
scvg: 0 MB released
scvg: inuse: 23, idle: 38, sys: 62, released: 30, consumed: 31 (MB)
scvg: 0 MB released
scvg: inuse: 23, idle: 38, sys: 62, released: 30, consumed: 31 (MB)
scvg: 0 MB released
scvg: inuse: 23, idle: 38, sys: 62, released: 30, consumed: 31 (MB)
scvg: 0 MB released
scvg: inuse: 23, idle: 38, sys: 62, released: 30, consumed: 31 (MB)
scvg: 0 MB released
scvg: inuse: 23, idle: 38, sys: 62, released: 30, consumed: 31 (MB)
scvg: 0 MB released
scvg: inuse: 23, idle: 38, sys: 62, released: 30, consumed: 31 (MB)
scvg: 0 MB released
scvg: inuse: 23, idle: 38, sys: 62, released: 30, consumed: 31 (MB)
scvg: 0 MB released
scvg: inuse: 23, idle: 38, sys: 62, released: 31, consumed: 31 (MB)
scvg: 0 MB released
scvg: inuse: 23, idle: 38, sys: 62, released: 31, consumed: 31 (MB)
scvg: 0 MB released
scvg: inuse: 23, idle: 38, sys: 62, released: 31, consumed: 31 (MB)
scvg: 0 MB released
scvg: inuse: 23, idle: 38, sys: 62, released: 31, consumed: 31 (MB)
scvg: 0 MB released
scvg: inuse: 23, idle: 38, sys: 62, released: 31, consumed: 31 (MB)
scvg: 0 MB released
scvg: inuse: 23, idle: 38, sys: 62, released: 31, consumed: 31 (MB)
scvg: 0 MB released
scvg: inuse: 23, idle: 38, sys: 62, released: 31, consumed: 31 (MB)
scvg: 0 MB released
scvg: inuse: 23, idle: 38, sys: 62, released: 31, consumed: 31 (MB)
scvg: 0 MB released
scvg: inuse: 23, idle: 38, sys: 62, released: 31, consumed: 31 (MB)
scvg: 0 MB released
scvg: inuse: 23, idle: 38, sys: 62, released: 31, consumed: 31 (MB)
scvg: 0 MB released
scvg: inuse: 23, idle: 38, sys: 62, released: 31, consumed: 31 (MB)
scvg: 0 MB released
scvg: inuse: 23, idle: 38, sys: 62, released: 31, consumed: 31 (MB)
scvg: 0 MB released
scvg: inuse: 23, idle: 38, sys: 62, released: 31, consumed: 31 (MB)
scvg: 0 MB released
scvg: inuse: 23, idle: 38, sys: 62, released: 31, consumed: 31 (MB)
scvg: 0 MB released
scvg: inuse: 23, idle: 38, sys: 62, released: 31, consumed: 31 (MB)
scvg: 0 MB released
scvg: inuse: 23, idle: 38, sys: 62, released: 31, consumed: 31 (MB)
scvg: 0 MB released
scvg: inuse: 23, idle: 38, sys: 62, released: 31, consumed: 31 (MB)
scvg: 0 MB released
scvg: inuse: 23, idle: 38, sys: 62, released: 31, consumed: 31 (MB)
scvg: 0 MB released
scvg: inuse: 23, idle: 38, sys: 62, released: 31, consumed: 31 (MB)
scvg: 0 MB released
scvg: inuse: 23, idle: 38, sys: 62, released: 31, consumed: 31 (MB)
scvg: 0 MB released
scvg: inuse: 23, idle: 38, sys: 62, released: 31, consumed: 31 (MB)
scvg: 0 MB released
scvg: inuse: 23, idle: 38, sys: 62, released: 31, consumed: 31 (MB)
scvg: 0 MB released
scvg: inuse: 23, idle: 38, sys: 62, released: 31, consumed: 31 (MB)
scvg: 0 MB released
scvg: inuse: 23, idle: 38, sys: 62, released: 31, consumed: 31 (MB)
scvg: 0 MB released
scvg: inuse: 23, idle: 38, sys: 62, released: 31, consumed: 31 (MB)
scvg: 0 MB released
scvg: inuse: 23, idle: 38, sys: 62, released: 31, consumed: 31 (MB)
scvg: 0 MB released
scvg: inuse: 23, idle: 38, sys: 62, released: 31, consumed: 31 (MB)
scvg: 0 MB released
scvg: inuse: 23, idle: 38, sys: 62, released: 31, consumed: 31 (MB)
scvg: 0 MB released
scvg: inuse: 23, idle: 38, sys: 62, released: 31, consumed: 31 (MB)
scvg: 0 MB released
scvg: inuse: 23, idle: 38, sys: 62, released: 31, consumed: 31 (MB)
scvg: 0 MB released
scvg: inuse: 23, idle: 38, sys: 62, released: 31, consumed: 31 (MB)
scvg: 0 MB released
scvg: inuse: 23, idle: 38, sys: 62, released: 31, consumed: 31 (MB)
scvg: 0 MB released
scvg: inuse: 23, idle: 38, sys: 62, released: 31, consumed: 31 (MB)
scvg: 0 MB released
scvg: inuse: 23, idle: 38, sys: 62, released: 31, consumed: 31 (MB)
scvg: 0 MB released
scvg: inuse: 23, idle: 38, sys: 62, released: 31, consumed: 31 (MB)
scvg: 0 MB released
scvg: inuse: 23, idle: 38, sys: 62, released: 31, consumed: 31 (MB)
scvg: 0 MB released
scvg: inuse: 23, idle: 38, sys: 62, released: 31, consumed: 31 (MB)
scvg: 0 MB released
scvg: inuse: 23, idle: 38, sys: 62, released: 31, consumed: 31 (MB)
scvg: 0 MB released
scvg: inuse: 23, idle: 38, sys: 62, released: 31, consumed: 31 (MB)
scvg: 0 MB released
scvg: inuse: 23, idle: 38, sys: 62, released: 31, consumed: 31 (MB)
scvg: 0 MB released
scvg: inuse: 23, idle: 38, sys: 62, released: 31, consumed: 31 (MB)
scvg: 0 MB released
scvg: inuse: 23, idle: 38, sys: 62, released: 31, consumed: 31 (MB)
scvg: 0 MB released
scvg: inuse: 23, idle: 38, sys: 62, released: 31, consumed: 31 (MB)
scvg: 0 MB released
scvg: inuse: 23, idle: 38, sys: 62, released: 31, consumed: 31 (MB)
scvg: 0 MB released
scvg: inuse: 23, idle: 38, sys: 62, released: 31, consumed: 31 (MB)
scvg: 0 MB released
scvg: inuse: 23, idle: 38, sys: 62, released: 31, consumed: 31 (MB)
scvg: 0 MB released
scvg: inuse: 23, idle: 38, sys: 62, released: 31, consumed: 31 (MB)
scvg: 0 MB released
scvg: inuse: 23, idle: 38, sys: 62, released: 31, consumed: 31 (MB)
scvg: 0 MB released
scvg: inuse: 23, idle: 38, sys: 62, released: 31, consumed: 31 (MB)
scvg: 0 MB released
scvg: inuse: 23, idle: 38, sys: 62, released: 31, consumed: 30 (MB)
scvg: 0 MB released
scvg: inuse: 23, idle: 38, sys: 62, released: 31, consumed: 30 (MB)
scvg: 0 MB released
scvg: inuse: 23, idle: 38, sys: 62, released: 31, consumed: 30 (MB)
scvg: 0 MB released
scvg: inuse: 23, idle: 38, sys: 62, released: 31, consumed: 30 (MB)
scvg: 0 MB released
scvg: inuse: 23, idle: 38, sys: 62, released: 31, consumed: 30 (MB)
scvg: 0 MB released
scvg: inuse: 23, idle: 38, sys: 62, released: 31, consumed: 30 (MB)
scvg: 0 MB released
scvg: inuse: 23, idle: 38, sys: 62, released: 31, consumed: 30 (MB)
scvg: 0 MB released
scvg: inuse: 23, idle: 38, sys: 62, released: 31, consumed: 30 (MB)
scvg: 0 MB released
scvg: inuse: 23, idle: 38, sys: 62, released: 31, consumed: 30 (MB)
scvg: 0 MB released
scvg: inuse: 23, idle: 38, sys: 62, released: 31, consumed: 30 (MB)
scvg: 0 MB released
scvg: inuse: 23, idle: 38, sys: 62, released: 31, consumed: 30 (MB)
scvg: 0 MB released
scvg: inuse: 23, idle: 38, sys: 62, released: 31, consumed: 30 (MB)
scvg: 0 MB released
scvg: inuse: 23, idle: 38, sys: 62, released: 31, consumed: 30 (MB)
scvg: 0 MB released
scvg: inuse: 23, idle: 38, sys: 62, released: 31, consumed: 30 (MB)
scvg: 0 MB released
scvg: inuse: 23, idle: 38, sys: 62, released: 31, consumed: 30 (MB)
scvg: 0 MB released
scvg: inuse: 23, idle: 38, sys: 62, released: 31, consumed: 30 (MB)
scvg: 0 MB released
scvg: inuse: 23, idle: 38, sys: 62, released: 31, consumed: 30 (MB)
scvg: 0 MB released
scvg: inuse: 23, idle: 38, sys: 62, released: 31, consumed: 30 (MB)
scvg: 0 MB released
scvg: inuse: 23, idle: 38, sys: 62, released: 31, consumed: 30 (MB)
scvg: 0 MB released
scvg: inuse: 23, idle: 38, sys: 62, released: 31, consumed: 30 (MB)
scvg: 0 MB released
scvg: inuse: 23, idle: 38, sys: 62, released: 31, consumed: 30 (MB)
scvg: 0 MB released
scvg: inuse: 23, idle: 38, sys: 62, released: 31, consumed: 30 (MB)
scvg: 0 MB released
scvg: inuse: 23, idle: 38, sys: 62, released: 31, consumed: 30 (MB)
scvg: 0 MB released
scvg: inuse: 23, idle: 38, sys: 62, released: 31, consumed: 30 (MB)
scvg: 0 MB released
scvg: inuse: 23, idle: 38, sys: 62, released: 31, consumed: 30 (MB)
scvg: 0 MB released
scvg: inuse: 23, idle: 38, sys: 62, released: 31, consumed: 30 (MB)
scvg: 0 MB released
scvg: inuse: 23, idle: 38, sys: 62, released: 31, consumed: 30 (MB)
scvg: 0 MB released
scvg: inuse: 23, idle: 38, sys: 62, released: 31, consumed: 30 (MB)
scvg: 0 MB released
scvg: inuse: 23, idle: 38, sys: 62, released: 31, consumed: 30 (MB)
scvg: 0 MB released
scvg: inuse: 23, idle: 38, sys: 62, released: 31, consumed: 30 (MB)
scvg: 0 MB released
scvg: inuse: 23, idle: 38, sys: 62, released: 31, consumed: 30 (MB)
scvg: 0 MB released
scvg: inuse: 23, idle: 38, sys: 62, released: 31, consumed: 30 (MB)
scvg: 0 MB released
scvg: inuse: 23, idle: 38, sys: 62, released: 31, consumed: 30 (MB)
scvg: 0 MB released
scvg: inuse: 23, idle: 38, sys: 62, released: 31, consumed: 30 (MB)
scvg: 0 MB released
scvg: inuse: 23, idle: 38, sys: 62, released: 31, consumed: 30 (MB)
scvg: 0 MB released
scvg: inuse: 23, idle: 38, sys: 62, released: 31, consumed: 30 (MB)
scvg: 0 MB released
scvg: inuse: 23, idle: 38, sys: 62, released: 31, consumed: 30 (MB)
scvg: 0 MB released
scvg: inuse: 23, idle: 38, sys: 62, released: 31, consumed: 30 (MB)
scvg: 0 MB released
scvg: inuse: 23, idle: 38, sys: 62, released: 31, consumed: 30 (MB)
scvg: 0 MB released
scvg: inuse: 23, idle: 38, sys: 62, released: 31, consumed: 30 (MB)
scvg: 0 MB released
scvg: inuse: 23, idle: 38, sys: 62, released: 31, consumed: 30 (MB)
scvg: 0 MB released
scvg: inuse: 23, idle: 38, sys: 62, released: 31, consumed: 30 (MB)
scvg: 0 MB released
scvg: inuse: 23, idle: 38, sys: 62, released: 31, consumed: 30 (MB)
scvg: 0 MB released
scvg: inuse: 23, idle: 38, sys: 62, released: 31, consumed: 30 (MB)
scvg: 0 MB released
scvg: inuse: 23, idle: 38, sys: 62, released: 31, consumed: 30 (MB)
scvg: 0 MB released
scvg: inuse: 23, idle: 38, sys: 62, released: 31, consumed: 30 (MB)
scvg: 0 MB released
scvg: inuse: 23, idle: 38, sys: 62, released: 31, consumed: 30 (MB)
scvg: 0 MB released
scvg: inuse: 23, idle: 38, sys: 62, released: 31, consumed: 30 (MB)
scvg: 0 MB released
scvg: inuse: 23, idle: 38, sys: 62, released: 31, consumed: 30 (MB)
scvg: 0 MB released
scvg: inuse: 23, idle: 38, sys: 62, released: 31, consumed: 30 (MB)
scvg: 0 MB released
scvg: inuse: 23, idle: 38, sys: 62, released: 31, consumed: 30 (MB)
scvg: 0 MB released
scvg: inuse: 23, idle: 38, sys: 62, released: 31, consumed: 30 (MB)
scvg: 0 MB released
scvg: inuse: 23, idle: 38, sys: 62, released: 31, consumed: 30 (MB)
scvg: 0 MB released
scvg: inuse: 23, idle: 38, sys: 62, released: 31, consumed: 30 (MB)
scvg: 0 MB released
scvg: inuse: 23, idle: 38, sys: 62, released: 31, consumed: 30 (MB)
scvg: 0 MB released
scvg: inuse: 23, idle: 38, sys: 62, released: 31, consumed: 30 (MB)
scvg: 0 MB released
scvg: inuse: 23, idle: 38, sys: 62, released: 31, consumed: 30 (MB)
scvg: 0 MB released
scvg: inuse: 23, idle: 38, sys: 62, released: 31, consumed: 30 (MB)
scvg: 0 MB released
scvg: inuse: 23, idle: 38, sys: 62, released: 31, consumed: 30 (MB)
scvg: 0 MB released
scvg: inuse: 23, idle: 38, sys: 62, released: 31, consumed: 30 (MB)
scvg: 0 MB released
scvg: inuse: 23, idle: 38, sys: 62, released: 31, consumed: 30 (MB)
scvg: 0 MB released
scvg: inuse: 23, idle: 38, sys: 62, released: 31, consumed: 30 (MB)
scvg: 0 MB released
scvg: inuse: 23, idle: 38, sys: 62, released: 31, consumed: 30 (MB)
scvg: 0 MB released
scvg: inuse: 23, idle: 38, sys: 62, released: 31, consumed: 30 (MB)
scvg: 0 MB released
scvg: inuse: 23, idle: 38, sys: 62, released: 31, consumed: 30 (MB)
scvg: 0 MB released
scvg: inuse: 23, idle: 38, sys: 62, released: 31, consumed: 30 (MB)
scvg: 0 MB released
scvg: inuse: 23, idle: 38, sys: 62, released: 31, consumed: 30 (MB)
scvg: 0 MB released
scvg: inuse: 23, idle: 38, sys: 62, released: 31, consumed: 30 (MB)
scvg: 0 MB released
scvg: inuse: 23, idle: 38, sys: 62, released: 31, consumed: 30 (MB)
scvg: 0 MB released
scvg: inuse: 23, idle: 38, sys: 62, released: 31, consumed: 30 (MB)
scvg: 0 MB released
scvg: inuse: 23, idle: 38, sys: 62, released: 31, consumed: 30 (MB)
scvg: 0 MB released
scvg: inuse: 23, idle: 38, sys: 62, released: 31, consumed: 30 (MB)
scvg: 0 MB released
scvg: inuse: 23, idle: 38, sys: 62, released: 31, consumed: 30 (MB)
scvg: 0 MB released
scvg: inuse: 23, idle: 38, sys: 62, released: 31, consumed: 30 (MB)
scvg: 0 MB released
scvg: inuse: 23, idle: 38, sys: 62, released: 31, consumed: 30 (MB)
scvg: 0 MB released
scvg: inuse: 23, idle: 38, sys: 62, released: 31, consumed: 30 (MB)
scvg: 0 MB released
scvg: inuse: 23, idle: 38, sys: 62, released: 31, consumed: 30 (MB)
scvg: 0 MB released
scvg: inuse: 23, idle: 38, sys: 62, released: 31, consumed: 30 (MB)
scvg: 0 MB released
scvg: inuse: 23, idle: 38, sys: 62, released: 31, consumed: 30 (MB)
scvg: 0 MB released
scvg: inuse: 23, idle: 38, sys: 62, released: 32, consumed: 30 (MB)
scvg: 0 MB released
scvg: inuse: 23, idle: 38, sys: 62, released: 32, consumed: 30 (MB)
scvg: 0 MB released
scvg: inuse: 23, idle: 38, sys: 62, released: 32, consumed: 30 (MB)
scvg: 0 MB released
scvg: inuse: 23, idle: 38, sys: 62, released: 32, consumed: 30 (MB)
scvg: 0 MB released
scvg: inuse: 23, idle: 38, sys: 62, released: 32, consumed: 30 (MB)
scvg: 0 MB released
scvg: inuse: 23, idle: 38, sys: 62, released: 32, consumed: 30 (MB)
scvg: 0 MB released
scvg: inuse: 23, idle: 38, sys: 62, released: 32, consumed: 30 (MB)
scvg: 0 MB released
scvg: inuse: 23, idle: 38, sys: 62, released: 32, consumed: 30 (MB)
scvg: 0 MB released
scvg: inuse: 23, idle: 38, sys: 62, released: 32, consumed: 30 (MB)
scvg: 0 MB released
scvg: inuse: 23, idle: 38, sys: 62, released: 32, consumed: 30 (MB)
scvg: 0 MB released
scvg: inuse: 23, idle: 38, sys: 62, released: 32, consumed: 30 (MB)
scvg: 0 MB released
scvg: inuse: 23, idle: 38, sys: 62, released: 32, consumed: 30 (MB)
scvg: 0 MB released
scvg: inuse: 23, idle: 38, sys: 62, released: 32, consumed: 30 (MB)
scvg: 0 MB released
scvg: inuse: 23, idle: 38, sys: 62, released: 32, consumed: 30 (MB)
scvg: 0 MB released
scvg: inuse: 23, idle: 38, sys: 62, released: 32, consumed: 30 (MB)
scvg: 0 MB released
scvg: inuse: 23, idle: 38, sys: 62, released: 32, consumed: 30 (MB)
scvg: 0 MB released
scvg: inuse: 23, idle: 38, sys: 62, released: 32, consumed: 30 (MB)
scvg: 0 MB released
scvg: inuse: 23, idle: 38, sys: 62, released: 32, consumed: 30 (MB)
scvg: 0 MB released
scvg: inuse: 23, idle: 38, sys: 62, released: 32, consumed: 30 (MB)
scvg: 0 MB released
scvg: inuse: 23, idle: 38, sys: 62, released: 32, consumed: 30 (MB)
scvg: 0 MB released
scvg: inuse: 23, idle: 38, sys: 62, released: 32, consumed: 30 (MB)
scvg: 0 MB released
scvg: inuse: 23, idle: 38, sys: 62, released: 32, consumed: 30 (MB)
scvg: 0 MB released
scvg: inuse: 23, idle: 38, sys: 62, released: 32, consumed: 30 (MB)
scvg: 0 MB released
scvg: inuse: 23, idle: 38, sys: 62, released: 32, consumed: 30 (MB)
scvg: 0 MB released
scvg: inuse: 23, idle: 38, sys: 62, released: 32, consumed: 30 (MB)
scvg: 0 MB released
scvg: inuse: 23, idle: 38, sys: 62, released: 32, consumed: 30 (MB)
scvg: 0 MB released
scvg: inuse: 23, idle: 38, sys: 62, released: 32, consumed: 30 (MB)
scvg: 0 MB released
scvg: inuse: 23, idle: 38, sys: 62, released: 32, consumed: 30 (MB)
scvg: 0 MB released
scvg: inuse: 23, idle: 38, sys: 62, released: 32, consumed: 30 (MB)
scvg: 0 MB released
scvg: inuse: 23, idle: 38, sys: 62, released: 32, consumed: 30 (MB)
scvg: 0 MB released
scvg: inuse: 23, idle: 38, sys: 62, released: 32, consumed: 30 (MB)
scvg: 0 MB released
scvg: inuse: 23, idle: 38, sys: 62, released: 32, consumed: 30 (MB)
scvg: 0 MB released
scvg: inuse: 23, idle: 38, sys: 62, released: 32, consumed: 30 (MB)
scvg: 0 MB released
scvg: inuse: 23, idle: 38, sys: 62, released: 32, consumed: 30 (MB)
scvg: 0 MB released
scvg: inuse: 23, idle: 38, sys: 62, released: 32, consumed: 30 (MB)
scvg: 0 MB released
scvg: inuse: 23, idle: 38, sys: 62, released: 32, consumed: 30 (MB)
scvg: 0 MB released
scvg: inuse: 23, idle: 38, sys: 62, released: 32, consumed: 30 (MB)
scvg: 0 MB released
scvg: inuse: 23, idle: 38, sys: 62, released: 32, consumed: 30 (MB)
scvg: 0 MB released
scvg: inuse: 23, idle: 38, sys: 62, released: 32, consumed: 30 (MB)
scvg: 0 MB released
scvg: inuse: 23, idle: 38, sys: 62, released: 32, consumed: 30 (MB)
scvg: 0 MB released
scvg: inuse: 23, idle: 38, sys: 62, released: 32, consumed: 30 (MB)
scvg: 0 MB released
scvg: inuse: 23, idle: 38, sys: 62, released: 32, consumed: 30 (MB)
scvg: 0 MB released
scvg: inuse: 23, idle: 38, sys: 62, released: 32, consumed: 30 (MB)
scvg: 0 MB released
scvg: inuse: 23, idle: 38, sys: 62, released: 32, consumed: 30 (MB)
scvg: 0 MB released
scvg: inuse: 23, idle: 38, sys: 62, released: 32, consumed: 30 (MB)
scvg: 0 MB released
scvg: inuse: 23, idle: 38, sys: 62, released: 32, consumed: 30 (MB)
scvg: 0 MB released
scvg: inuse: 23, idle: 38, sys: 62, released: 32, consumed: 30 (MB)
scvg: 0 MB released
scvg: inuse: 23, idle: 38, sys: 62, released: 32, consumed: 30 (MB)
scvg: 0 MB released
scvg: inuse: 23, idle: 38, sys: 62, released: 32, consumed: 29 (MB)
scvg: 0 MB released
scvg: inuse: 23, idle: 38, sys: 62, released: 32, consumed: 29 (MB)
scvg: 0 MB released
scvg: inuse: 23, idle: 38, sys: 62, released: 32, consumed: 29 (MB)
scvg: 0 MB released
scvg: inuse: 23, idle: 38, sys: 62, released: 32, consumed: 29 (MB)
scvg: 0 MB released
scvg: inuse: 23, idle: 38, sys: 62, released: 32, consumed: 29 (MB)
scvg: 0 MB released
scvg: inuse: 23, idle: 38, sys: 62, released: 32, consumed: 29 (MB)
scvg: 0 MB released
scvg: inuse: 23, idle: 38, sys: 62, released: 32, consumed: 29 (MB)
scvg: 0 MB released
scvg: inuse: 23, idle: 38, sys: 62, released: 32, consumed: 29 (MB)
scvg: 0 MB released
scvg: inuse: 23, idle: 38, sys: 62, released: 32, consumed: 29 (MB)
scvg: 0 MB released
scvg: inuse: 23, idle: 38, sys: 62, released: 32, consumed: 29 (MB)
scvg: 0 MB released
scvg: inuse: 23, idle: 38, sys: 62, released: 32, consumed: 29 (MB)
scvg: 0 MB released
scvg: inuse: 23, idle: 38, sys: 62, released: 32, consumed: 29 (MB)
scvg: 0 MB released
scvg: inuse: 23, idle: 38, sys: 62, released: 32, consumed: 29 (MB)
scvg: 0 MB released
scvg: inuse: 23, idle: 38, sys: 62, released: 32, consumed: 29 (MB)
scvg: 0 MB released
scvg: inuse: 23, idle: 38, sys: 62, released: 32, consumed: 29 (MB)
scvg: 0 MB released
scvg: inuse: 23, idle: 38, sys: 62, released: 32, consumed: 29 (MB)
scvg: 0 MB released
scvg: inuse: 23, idle: 38, sys: 62, released: 32, consumed: 29 (MB)
scvg: 0 MB released
scvg: inuse: 23, idle: 38, sys: 62, released: 32, consumed: 29 (MB)
scvg: 0 MB released
scvg: inuse: 23, idle: 38, sys: 62, released: 32, consumed: 29 (MB)
scvg: 0 MB released
scvg: inuse: 23, idle: 38, sys: 62, released: 32, consumed: 29 (MB)
scvg: 0 MB released
scvg: inuse: 23, idle: 38, sys: 62, released: 32, consumed: 29 (MB)
scvg: 0 MB released
scvg: inuse: 23, idle: 38, sys: 62, released: 32, consumed: 29 (MB)
scvg: 0 MB released
scvg: inuse: 23, idle: 38, sys: 62, released: 32, consumed: 29 (MB)
scvg: 0 MB released
scvg: inuse: 23, idle: 38, sys: 62, released: 32, consumed: 29 (MB)
scvg: 0 MB released
scvg: inuse: 23, idle: 38, sys: 62, released: 32, consumed: 29 (MB)
scvg: 0 MB released
scvg: inuse: 23, idle: 38, sys: 62, released: 32, consumed: 29 (MB)
scvg: 0 MB released
scvg: inuse: 23, idle: 38, sys: 62, released: 32, consumed: 29 (MB)
scvg: 0 MB released
scvg: inuse: 23, idle: 38, sys: 62, released: 32, consumed: 29 (MB)
scvg: 0 MB released
scvg: inuse: 23, idle: 38, sys: 62, released: 32, consumed: 29 (MB)
scvg: 0 MB released
scvg: inuse: 23, idle: 38, sys: 62, released: 32, consumed: 29 (MB)
scvg: 0 MB released
scvg: inuse: 23, idle: 38, sys: 62, released: 32, consumed: 29 (MB)
scvg: 0 MB released
scvg: inuse: 23, idle: 38, sys: 62, released: 32, consumed: 29 (MB)
scvg: 0 MB released
scvg: inuse: 23, idle: 38, sys: 62, released: 32, consumed: 29 (MB)
scvg: 0 MB released
scvg: inuse: 23, idle: 38, sys: 62, released: 32, consumed: 29 (MB)
scvg: 0 MB released
scvg: inuse: 23, idle: 38, sys: 62, released: 32, consumed: 29 (MB)
scvg: 0 MB released
scvg: inuse: 23, idle: 38, sys: 62, released: 32, consumed: 29 (MB)
scvg: 0 MB released
scvg: inuse: 23, idle: 38, sys: 62, released: 32, consumed: 29 (MB)
scvg: 0 MB released
scvg: inuse: 23, idle: 38, sys: 62, released: 32, consumed: 29 (MB)
scvg: 0 MB released
scvg: inuse: 23, idle: 38, sys: 62, released: 32, consumed: 29 (MB)
scvg: 0 MB released
scvg: inuse: 23, idle: 38, sys: 62, released: 32, consumed: 29 (MB)
scvg: 0 MB released
scvg: inuse: 23, idle: 38, sys: 62, released: 32, consumed: 29 (MB)
scvg: 0 MB released
scvg: inuse: 23, idle: 38, sys: 62, released: 32, consumed: 29 (MB)
scvg: 0 MB released
scvg: inuse: 23, idle: 38, sys: 62, released: 32, consumed: 29 (MB)
scvg: 0 MB released
scvg: inuse: 23, idle: 38, sys: 62, released: 32, consumed: 29 (MB)
scvg: 0 MB released
scvg: inuse: 23, idle: 38, sys: 62, released: 32, consumed: 29 (MB)
scvg: 0 MB released
scvg: inuse: 23, idle: 38, sys: 62, released: 32, consumed: 29 (MB)
scvg: 0 MB released
scvg: inuse: 23, idle: 38, sys: 62, released: 32, consumed: 29 (MB)
scvg: 0 MB released
scvg: inuse: 23, idle: 38, sys: 62, released: 32, consumed: 29 (MB)
scvg: 0 MB released
scvg: inuse: 23, idle: 38, sys: 62, released: 32, consumed: 29 (MB)
scvg: 0 MB released
scvg: inuse: 23, idle: 38, sys: 62, released: 32, consumed: 29 (MB)
scvg: 0 MB released
scvg: inuse: 23, idle: 38, sys: 62, released: 32, consumed: 29 (MB)
scvg: 0 MB released
scvg: inuse: 23, idle: 38, sys: 62, released: 32, consumed: 29 (MB)
scvg: 0 MB released
scvg: inuse: 23, idle: 38, sys: 62, released: 32, consumed: 29 (MB)
scvg: 0 MB released
scvg: inuse: 23, idle: 38, sys: 62, released: 32, consumed: 29 (MB)
scvg: 0 MB released
scvg: inuse: 23, idle: 38, sys: 62, released: 32, consumed: 29 (MB)
scvg: 0 MB released
scvg: inuse: 23, idle: 38, sys: 62, released: 32, consumed: 29 (MB)
scvg: 0 MB released
scvg: inuse: 23, idle: 38, sys: 62, released: 32, consumed: 29 (MB)
scvg: 0 MB released
scvg: inuse: 23, idle: 38, sys: 62, released: 32, consumed: 29 (MB)
scvg: 0 MB released
scvg: inuse: 23, idle: 38, sys: 62, released: 32, consumed: 29 (MB)
scvg: 0 MB released
scvg: inuse: 23, idle: 38, sys: 62, released: 32, consumed: 29 (MB)
scvg: 0 MB released
scvg: inuse: 23, idle: 38, sys: 62, released: 32, consumed: 29 (MB)
scvg: 0 MB released
scvg: inuse: 23, idle: 38, sys: 62, released: 32, consumed: 29 (MB)
scvg: 0 MB released
scvg: inuse: 23, idle: 38, sys: 62, released: 32, consumed: 29 (MB)
scvg: 0 MB released
scvg: inuse: 23, idle: 38, sys: 62, released: 32, consumed: 29 (MB)
scvg: 0 MB released
scvg: inuse: 23, idle: 38, sys: 62, released: 32, consumed: 29 (MB)
scvg: 0 MB released
scvg: inuse: 23, idle: 38, sys: 62, released: 32, consumed: 29 (MB)
scvg: 0 MB released
scvg: inuse: 23, idle: 38, sys: 62, released: 32, consumed: 29 (MB)
scvg: 0 MB released
scvg: inuse: 23, idle: 38, sys: 62, released: 32, consumed: 29 (MB)
scvg: 0 MB released
scvg: inuse: 23, idle: 38, sys: 62, released: 32, consumed: 29 (MB)
scvg: 0 MB released
scvg: inuse: 23, idle: 38, sys: 62, released: 32, consumed: 29 (MB)
scvg: 0 MB released
scvg: inuse: 23, idle: 38, sys: 62, released: 32, consumed: 29 (MB)
scvg: 0 MB released
scvg: inuse: 23, idle: 38, sys: 62, released: 32, consumed: 29 (MB)
scvg: 0 MB released
scvg: inuse: 23, idle: 38, sys: 62, released: 32, consumed: 29 (MB)
scvg: 0 MB released
scvg: inuse: 23, idle: 38, sys: 62, released: 32, consumed: 29 (MB)
scvg: 0 MB released
scvg: inuse: 23, idle: 38, sys: 62, released: 32, consumed: 29 (MB)
scvg: 0 MB released
scvg: inuse: 23, idle: 38, sys: 62, released: 32, consumed: 29 (MB)
scvg: 0 MB released
scvg: inuse: 23, idle: 38, sys: 62, released: 32, consumed: 29 (MB)
scvg: 0 MB released
scvg: inuse: 23, idle: 38, sys: 62, released: 32, consumed: 29 (MB)
scvg: 0 MB released
scvg: inuse: 23, idle: 38, sys: 62, released: 32, consumed: 29 (MB)
GC forced
gc 1386 @151088.722s 0%: 0.008+4.1+0.006 ms clock, 0.068+0/4.0/2.5+0.049 ms cpu, 25->25->20 MB, 41 MB goal, 8 P
scvg: 0 MB released
scvg: inuse: 24, idle: 37, sys: 62, released: 33, consumed: 29 (MB)
scvg: 0 MB released
scvg: inuse: 23, idle: 38, sys: 62, released: 33, consumed: 29 (MB)
scvg: 0 MB released
scvg: inuse: 23, idle: 38, sys: 62, released: 33, consumed: 29 (MB)
scvg: 0 MB released
scvg: inuse: 23, idle: 38, sys: 62, released: 33, consumed: 29 (MB)
scvg: 0 MB released
scvg: inuse: 23, idle: 38, sys: 62, released: 33, consumed: 29 (MB)
scvg: 0 MB released
scvg: inuse: 23, idle: 38, sys: 62, released: 33, consumed: 29 (MB)
scvg: 0 MB released
scvg: inuse: 23, idle: 38, sys: 62, released: 33, consumed: 29 (MB)
scvg: 0 MB released
scvg: inuse: 23, idle: 38, sys: 62, released: 33, consumed: 29 (MB)
scvg: 0 MB released
scvg: inuse: 23, idle: 38, sys: 62, released: 33, consumed: 29 (MB)
scvg: 0 MB released
scvg: inuse: 23, idle: 38, sys: 62, released: 33, consumed: 29 (MB)
scvg: 0 MB released
scvg: inuse: 23, idle: 38, sys: 62, released: 33, consumed: 29 (MB)
scvg: 0 MB released
scvg: inuse: 23, idle: 38, sys: 62, released: 33, consumed: 29 (MB)
scvg: 0 MB released
scvg: inuse: 23, idle: 38, sys: 62, released: 33, consumed: 29 (MB)
scvg: 0 MB released
scvg: inuse: 23, idle: 38, sys: 62, released: 33, consumed: 29 (MB)
scvg: 0 MB released
scvg: inuse: 23, idle: 38, sys: 62, released: 33, consumed: 29 (MB)
scvg: 0 MB released
scvg: inuse: 23, idle: 38, sys: 62, released: 33, consumed: 29 (MB)
scvg: 0 MB released
scvg: inuse: 23, idle: 38, sys: 62, released: 33, consumed: 29 (MB)
scvg: 0 MB released
scvg: inuse: 23, idle: 38, sys: 62, released: 33, consumed: 29 (MB)
scvg: 0 MB released
scvg: inuse: 23, idle: 38, sys: 62, released: 33, consumed: 29 (MB)
scvg: 0 MB released
scvg: inuse: 23, idle: 38, sys: 62, released: 33, consumed: 29 (MB)
scvg: 0 MB released
scvg: inuse: 23, idle: 38, sys: 62, released: 33, consumed: 29 (MB)
scvg: 0 MB released
scvg: inuse: 23, idle: 38, sys: 62, released: 33, consumed: 29 (MB)
scvg: 0 MB released
scvg: inuse: 23, idle: 38, sys: 62, released: 33, consumed: 29 (MB)
scvg: 0 MB released
scvg: inuse: 23, idle: 38, sys: 62, released: 33, consumed: 29 (MB)
scvg: 0 MB released
scvg: inuse: 23, idle: 38, sys: 62, released: 33, consumed: 29 (MB)
scvg: 0 MB released
scvg: inuse: 23, idle: 38, sys: 62, released: 33, consumed: 29 (MB)
scvg: 0 MB released
scvg: inuse: 23, idle: 38, sys: 62, released: 33, consumed: 29 (MB)
scvg: 0 MB released
scvg: inuse: 23, idle: 38, sys: 62, released: 33, consumed: 29 (MB)
scvg: 0 MB released
scvg: inuse: 23, idle: 38, sys: 62, released: 33, consumed: 29 (MB)
scvg: 0 MB released
scvg: inuse: 23, idle: 38, sys: 62, released: 33, consumed: 29 (MB)
scvg: 0 MB released
scvg: inuse: 23, idle: 38, sys: 62, released: 33, consumed: 29 (MB)
scvg: 0 MB released
scvg: inuse: 23, idle: 38, sys: 62, released: 33, consumed: 29 (MB)
scvg: 0 MB released
scvg: inuse: 23, idle: 38, sys: 62, released: 33, consumed: 29 (MB)
scvg: 0 MB released
scvg: inuse: 23, idle: 38, sys: 62, released: 33, consumed: 29 (MB)
scvg: 0 MB released
scvg: inuse: 23, idle: 38, sys: 62, released: 33, consumed: 29 (MB)
scvg: 0 MB released
scvg: inuse: 23, idle: 38, sys: 62, released: 33, consumed: 29 (MB)
scvg: 0 MB released
scvg: inuse: 23, idle: 38, sys: 62, released: 33, consumed: 29 (MB)
scvg: 0 MB released
scvg: inuse: 23, idle: 38, sys: 62, released: 33, consumed: 29 (MB)
scvg: 0 MB released
scvg: inuse: 23, idle: 38, sys: 62, released: 33, consumed: 29 (MB)
scvg: 0 MB released
scvg: inuse: 23, idle: 38, sys: 62, released: 33, consumed: 29 (MB)
scvg: 0 MB released
scvg: inuse: 23, idle: 38, sys: 62, released: 33, consumed: 29 (MB)
scvg: 0 MB released
scvg: inuse: 23, idle: 38, sys: 62, released: 33, consumed: 29 (MB)
scvg: 0 MB released
scvg: inuse: 23, idle: 38, sys: 62, released: 33, consumed: 29 (MB)
scvg: 0 MB released
scvg: inuse: 23, idle: 38, sys: 62, released: 33, consumed: 29 (MB)
scvg: 0 MB released
scvg: inuse: 23, idle: 38, sys: 62, released: 33, consumed: 29 (MB)
scvg: 0 MB released
scvg: inuse: 23, idle: 38, sys: 62, released: 33, consumed: 28 (MB)
scvg: 0 MB released
scvg: inuse: 23, idle: 38, sys: 62, released: 33, consumed: 28 (MB)
scvg: 0 MB released
scvg: inuse: 23, idle: 38, sys: 62, released: 33, consumed: 28 (MB)
scvg: 0 MB released
scvg: inuse: 23, idle: 38, sys: 62, released: 33, consumed: 28 (MB)
scvg: 0 MB released
scvg: inuse: 23, idle: 38, sys: 62, released: 33, consumed: 28 (MB)
scvg: 0 MB released
scvg: inuse: 23, idle: 38, sys: 62, released: 33, consumed: 28 (MB)
scvg: 0 MB released
scvg: inuse: 23, idle: 38, sys: 62, released: 33, consumed: 28 (MB)
scvg: 0 MB released
scvg: inuse: 23, idle: 38, sys: 62, released: 33, consumed: 28 (MB)
scvg: 0 MB released
scvg: inuse: 23, idle: 38, sys: 62, released: 33, consumed: 28 (MB)
scvg: 0 MB released
scvg: inuse: 23, idle: 38, sys: 62, released: 33, consumed: 28 (MB)
scvg: 0 MB released
scvg: inuse: 23, idle: 38, sys: 62, released: 33, consumed: 28 (MB)
scvg: 0 MB released
scvg: inuse: 23, idle: 38, sys: 62, released: 33, consumed: 28 (MB)
GC forced
gc 1387 @151208.739s 0%: 0.020+3.5+0.005 ms clock, 0.16+0/4.8/2.1+0.044 ms cpu, 25->25->20 MB, 41 MB goal, 8 P
GC forced
gc 1388 @151328.755s 0%: 0.079+5.0+0.006 ms clock, 0.63+0/6.1/1.1+0.049 ms cpu, 25->25->20 MB, 41 MB goal, 8 P
scvg: 0 MB released
scvg: inuse: 24, idle: 37, sys: 62, released: 33, consumed: 28 (MB)
scvg: 0 MB released
scvg: inuse: 23, idle: 38, sys: 62, released: 33, consumed: 28 (MB)
scvg: 0 MB released
scvg: inuse: 23, idle: 38, sys: 62, released: 33, consumed: 28 (MB)
scvg: 0 MB released
scvg: inuse: 23, idle: 38, sys: 62, released: 33, consumed: 28 (MB)
scvg: 0 MB released
scvg: inuse: 23, idle: 38, sys: 62, released: 33, consumed: 28 (MB)
scvg: 0 MB released
scvg: inuse: 23, idle: 38, sys: 62, released: 33, consumed: 28 (MB)
scvg: 0 MB released
scvg: inuse: 23, idle: 38, sys: 62, released: 33, consumed: 28 (MB)
scvg: 0 MB released
scvg: inuse: 23, idle: 38, sys: 62, released: 33, consumed: 28 (MB)
scvg: 0 MB released
scvg: inuse: 23, idle: 38, sys: 62, released: 33, consumed: 28 (MB)
scvg: 0 MB released
scvg: inuse: 23, idle: 38, sys: 62, released: 33, consumed: 28 (MB)
scvg: 0 MB released
scvg: inuse: 23, idle: 38, sys: 62, released: 33, consumed: 28 (MB)
scvg: 0 MB released
scvg: inuse: 23, idle: 38, sys: 62, released: 33, consumed: 28 (MB)
scvg: 0 MB released
scvg: inuse: 23, idle: 38, sys: 62, released: 33, consumed: 28 (MB)
GC forced
gc 1389 @151448.761s 0%: 0.009+4.6+0.005 ms clock, 0.074+0/5.5/2.7+0.046 ms cpu, 25->25->20 MB, 41 MB goal, 8 P
GC forced
gc 1390 @151568.790s 0%: 0.008+4.2+0.005 ms clock, 0.067+0/4.7/4.0+0.046 ms cpu, 25->25->20 MB, 41 MB goal, 8 P
scvg: 0 MB released
scvg: inuse: 24, idle: 37, sys: 62, released: 33, consumed: 28 (MB)
scvg: 0 MB released
scvg: inuse: 23, idle: 38, sys: 62, released: 33, consumed: 28 (MB)
scvg: 0 MB released
scvg: inuse: 23, idle: 38, sys: 62, released: 33, consumed: 28 (MB)
scvg: 0 MB released
scvg: inuse: 23, idle: 38, sys: 62, released: 33, consumed: 28 (MB)
GC forced
gc 1391 @151688.807s 0%: 0.010+2.6+0.005 ms clock, 0.080+0/4.6/3.6+0.046 ms cpu, 25->25->20 MB, 41 MB goal, 8 P
GC forced
gc 1392 @151808.825s 0%: 0.008+4.3+0.005 ms clock, 0.071+0/5.6/1.0+0.046 ms cpu, 25->25->20 MB, 41 MB goal, 8 P
GC forced
gc 1393 @151928.840s 0%: 0.009+2.4+0.006 ms clock, 0.072+0/4.2/4.6+0.051 ms cpu, 25->25->20 MB, 41 MB goal, 8 P
GC forced
gc 1394 @152048.847s 0%: 0.008+2.3+0.007 ms clock, 0.069+0/3.9/5.2+0.062 ms cpu, 25->25->20 MB, 41 MB goal, 8 P
GC forced
gc 1395 @152168.857s 0%: 0.009+6.0+0.006 ms clock, 0.073+0/5.2/6.7+0.051 ms cpu, 25->25->20 MB, 41 MB goal, 8 P
GC forced
gc 1396 @152288.892s 0%: 0.010+4.0+0.006 ms clock, 0.080+0/5.0/3.2+0.050 ms cpu, 25->25->20 MB, 41 MB goal, 8 P
GC forced
gc 1397 @152408.900s 0%: 0.009+3.8+0.006 ms clock, 0.072+0/4.5/2.9+0.054 ms cpu, 25->25->20 MB, 41 MB goal, 8 P
GC forced
gc 1398 @152528.925s 0%: 0.007+2.0+0.007 ms clock, 0.062+0/3.9/4.7+0.058 ms cpu, 25->25->20 MB, 41 MB goal, 8 P
GC forced
gc 1399 @152648.940s 0%: 0.009+4.5+0.006 ms clock, 0.078+0/4.9/2.7+0.050 ms cpu, 25->25->20 MB, 41 MB goal, 8 P
GC forced
gc 1400 @152768.949s 0%: 0.023+4.2+0.006 ms clock, 0.19+0/4.7/2.2+0.052 ms cpu, 25->25->20 MB, 41 MB goal, 8 P
GC forced
gc 1401 @152888.972s 0%: 0.008+5.5+0.005 ms clock, 0.068+0/6.0/1.7+0.046 ms cpu, 25->25->20 MB, 41 MB goal, 8 P
GC forced
gc 1402 @153008.992s 0%: 0.008+2.0+0.006 ms clock, 0.071+0/3.6/4.6+0.052 ms cpu, 25->25->20 MB, 41 MB goal, 8 P
GC forced
gc 1403 @153129.009s 0%: 0.009+4.3+0.006 ms clock, 0.074+0/2.7/4.3+0.055 ms cpu, 25->25->20 MB, 41 MB goal, 8 P
GC forced
gc 1404 @153249.026s 0%: 0.009+5.2+0.007 ms clock, 0.074+0/6.9/1.6+0.061 ms cpu, 25->25->20 MB, 41 MB goal, 8 P
GC forced
gc 1405 @153369.040s 0%: 0.009+4.4+0.006 ms clock, 0.077+0/4.3/2.5+0.053 ms cpu, 25->25->20 MB, 41 MB goal, 8 P
GC forced
gc 1406 @153489.060s 0%: 0.010+3.9+0.006 ms clock, 0.080+0/2.1/5.3+0.054 ms cpu, 25->25->20 MB, 41 MB goal, 8 P
GC forced
gc 1407 @153609.074s 0%: 0.048+4.1+0.006 ms clock, 0.39+0.32/2.4/4.7+0.051 ms cpu, 25->25->20 MB, 41 MB goal, 8 P
GC forced
gc 1408 @153729.092s 0%: 0.009+1.9+0.005 ms clock, 0.073+0/3.0/6.9+0.046 ms cpu, 25->25->20 MB, 41 MB goal, 8 P
GC forced
gc 1409 @153849.109s 0%: 0.009+4.1+0.006 ms clock, 0.077+0/5.6/1.5+0.048 ms cpu, 25->25->20 MB, 41 MB goal, 8 P
GC forced
gc 1410 @153969.126s 0%: 0.032+2.8+0.008 ms clock, 0.25+0/3.8/4.4+0.064 ms cpu, 25->25->20 MB, 41 MB goal, 8 P
GC forced
gc 1411 @154089.139s 0%: 0.009+3.8+0.005 ms clock, 0.073+0/5.0/3.6+0.044 ms cpu, 25->25->20 MB, 41 MB goal, 8 P
GC forced
gc 1412 @154209.144s 0%: 0.009+4.0+0.014 ms clock, 0.079+0/2.7/4.1+0.11 ms cpu, 25->25->20 MB, 41 MB goal, 8 P
GC forced
gc 1413 @154329.150s 0%: 0.009+4.1+0.005 ms clock, 0.076+0/4.9/2.4+0.047 ms cpu, 25->25->20 MB, 41 MB goal, 8 P
GC forced
gc 1414 @154449.155s 0%: 0.008+3.0+0.006 ms clock, 0.069+0/3.8/6.3+0.050 ms cpu, 25->25->20 MB, 41 MB goal, 8 P
GC forced
gc 1415 @154569.161s 0%: 0.009+2.9+0.008 ms clock, 0.075+0/5.1/5.0+0.065 ms cpu, 25->25->20 MB, 41 MB goal, 8 P
GC forced
gc 1416 @154689.165s 0%: 0.009+4.1+0.006 ms clock, 0.079+0/5.3/1.6+0.051 ms cpu, 25->25->20 MB, 41 MB goal, 8 P
GC forced
gc 1417 @154809.172s 0%: 0.011+5.0+0.006 ms clock, 0.088+0/6.2/2.7+0.050 ms cpu, 25->25->20 MB, 41 MB goal, 8 P
GC forced
gc 1418 @154929.177s 0%: 0.008+5.1+0.006 ms clock, 0.066+0/6.8/3.5+0.052 ms cpu, 25->25->20 MB, 41 MB goal, 8 P
GC forced
gc 1419 @155049.182s 0%: 0.011+3.8+0.006 ms clock, 0.091+0/4.3/3.3+0.055 ms cpu, 25->25->20 MB, 41 MB goal, 8 P
GC forced
gc 1420 @155169.187s 0%: 0.009+4.2+0.006 ms clock, 0.073+0/5.5/2.7+0.050 ms cpu, 25->25->20 MB, 41 MB goal, 8 P
gc 1421 @155261.729s 0%: 0.051+4.5+0.006 ms clock, 0.40+0.25/5.5/4.1+0.052 ms cpu, 40->40->20 MB, 41 MB goal, 8 P
gc 1422 @155267.756s 0%: 0.008+3.4+0.013 ms clock, 0.065+0.28/5.2/3.7+0.11 ms cpu, 40->41->21 MB, 41 MB goal, 8 P
gc 1423 @155273.820s 0%: 0.007+4.2+0.005 ms clock, 0.059+0.13/5.8/2.7+0.046 ms cpu, 41->41->21 MB, 42 MB goal, 8 P
gc 1424 @155279.781s 0%: 0.067+5.5+0.005 ms clock, 0.54+1.1/7.8/1.3+0.047 ms cpu, 41->41->21 MB, 42 MB goal, 8 P
gc 1425 @155285.831s 0%: 0.021+4.4+0.005 ms clock, 0.17+2.4/5.9/4.3+0.046 ms cpu, 41->41->21 MB, 42 MB goal, 8 P
gc 1426 @155291.926s 0%: 0.017+3.4+0.013 ms clock, 0.14+0.86/5.0/3.0+0.10 ms cpu, 41->41->21 MB, 42 MB goal, 8 P
gc 1427 @155297.911s 0%: 0.053+3.9+0.006 ms clock, 0.42+0.34/1.6/6.9+0.050 ms cpu, 41->41->21 MB, 42 MB goal, 8 P
gc 1428 @155303.899s 0%: 0.020+5.9+0.006 ms clock, 0.16+0.24/6.8/1.6+0.050 ms cpu, 40->41->21 MB, 42 MB goal, 8 P
gc 1429 @155309.858s 0%: 0.070+3.9+0.005 ms clock, 0.56+1.1/5.7/4.7+0.047 ms cpu, 40->41->21 MB, 42 MB goal, 8 P
gc 1430 @155338.317s 0%: 0.007+1.9+0.005 ms clock, 0.057+0.81/3.2/4.5+0.041 ms cpu, 41->41->21 MB, 42 MB goal, 8 P
GC forced
gc 1431 @155458.327s 0%: 0.009+4.3+0.006 ms clock, 0.072+0/5.7/2.7+0.049 ms cpu, 25->25->20 MB, 42 MB goal, 8 P
scvg: 0 MB released
scvg: inuse: 25, idle: 36, sys: 62, released: 20, consumed: 41 (MB)
scvg: 0 MB released
scvg: inuse: 23, idle: 38, sys: 62, released: 20, consumed: 41 (MB)
scvg: 0 MB released
scvg: inuse: 23, idle: 38, sys: 62, released: 20, consumed: 41 (MB)
scvg: 0 MB released
scvg: inuse: 23, idle: 38, sys: 62, released: 20, consumed: 41 (MB)
scvg: 0 MB released
scvg: inuse: 23, idle: 38, sys: 62, released: 20, consumed: 41 (MB)
scvg: 0 MB released
scvg: inuse: 23, idle: 38, sys: 62, released: 20, consumed: 41 (MB)
scvg: 0 MB released
scvg: inuse: 23, idle: 38, sys: 62, released: 20, consumed: 41 (MB)
scvg: 0 MB released
scvg: inuse: 23, idle: 38, sys: 62, released: 20, consumed: 41 (MB)
scvg: 0 MB released
scvg: inuse: 23, idle: 38, sys: 62, released: 20, consumed: 41 (MB)
scvg: 0 MB released
scvg: inuse: 23, idle: 38, sys: 62, released: 20, consumed: 41 (MB)
scvg: 0 MB released
scvg: inuse: 23, idle: 38, sys: 62, released: 20, consumed: 41 (MB)
scvg: 0 MB released
scvg: inuse: 23, idle: 38, sys: 62, released: 20, consumed: 41 (MB)
scvg: 0 MB released
scvg: inuse: 23, idle: 38, sys: 62, released: 20, consumed: 41 (MB)
scvg: 0 MB released
scvg: inuse: 23, idle: 38, sys: 62, released: 20, consumed: 41 (MB)
scvg: 0 MB released
scvg: inuse: 23, idle: 38, sys: 62, released: 20, consumed: 41 (MB)
scvg: 0 MB released
scvg: inuse: 23, idle: 38, sys: 62, released: 20, consumed: 41 (MB)
scvg: 0 MB released
scvg: inuse: 23, idle: 38, sys: 62, released: 20, consumed: 41 (MB)
scvg: 0 MB released
scvg: inuse: 23, idle: 38, sys: 62, released: 20, consumed: 41 (MB)
scvg: 0 MB released
scvg: inuse: 23, idle: 38, sys: 62, released: 20, consumed: 41 (MB)
scvg: 0 MB released
scvg: inuse: 23, idle: 38, sys: 62, released: 20, consumed: 41 (MB)
scvg: 0 MB released
scvg: inuse: 23, idle: 38, sys: 62, released: 20, consumed: 41 (MB)
scvg: 0 MB released
scvg: inuse: 23, idle: 38, sys: 62, released: 20, consumed: 41 (MB)
scvg: 0 MB released
scvg: inuse: 23, idle: 38, sys: 62, released: 20, consumed: 41 (MB)
scvg: 0 MB released
scvg: inuse: 23, idle: 38, sys: 62, released: 20, consumed: 41 (MB)
scvg: 0 MB released
scvg: inuse: 23, idle: 38, sys: 62, released: 20, consumed: 41 (MB)
scvg: 0 MB released
scvg: inuse: 23, idle: 38, sys: 62, released: 20, consumed: 41 (MB)
scvg: 0 MB released
scvg: inuse: 23, idle: 38, sys: 62, released: 20, consumed: 41 (MB)
scvg: 0 MB released
scvg: inuse: 23, idle: 38, sys: 62, released: 20, consumed: 41 (MB)
scvg: 0 MB released
scvg: inuse: 23, idle: 38, sys: 62, released: 20, consumed: 41 (MB)
scvg: 0 MB released
scvg: inuse: 23, idle: 38, sys: 62, released: 20, consumed: 41 (MB)
scvg: 0 MB released
scvg: inuse: 23, idle: 38, sys: 62, released: 20, consumed: 41 (MB)
scvg: 0 MB released
scvg: inuse: 23, idle: 38, sys: 62, released: 20, consumed: 41 (MB)
scvg: 0 MB released
scvg: inuse: 23, idle: 38, sys: 62, released: 20, consumed: 41 (MB)
scvg: 0 MB released
scvg: inuse: 23, idle: 38, sys: 62, released: 20, consumed: 41 (MB)
scvg: 0 MB released
scvg: inuse: 23, idle: 38, sys: 62, released: 20, consumed: 41 (MB)
scvg: 0 MB released
scvg: inuse: 23, idle: 38, sys: 62, released: 20, consumed: 41 (MB)
scvg: 0 MB released
scvg: inuse: 23, idle: 38, sys: 62, released: 20, consumed: 41 (MB)
scvg: 0 MB released
scvg: inuse: 23, idle: 38, sys: 62, released: 20, consumed: 41 (MB)
scvg: 0 MB released
scvg: inuse: 23, idle: 38, sys: 62, released: 20, consumed: 41 (MB)
scvg: 0 MB released
scvg: inuse: 23, idle: 38, sys: 62, released: 20, consumed: 41 (MB)
scvg: 0 MB released
scvg: inuse: 23, idle: 38, sys: 62, released: 20, consumed: 41 (MB)
scvg: 0 MB released
scvg: inuse: 23, idle: 38, sys: 62, released: 20, consumed: 41 (MB)
scvg: 0 MB released
scvg: inuse: 23, idle: 38, sys: 62, released: 20, consumed: 41 (MB)
scvg: 0 MB released
scvg: inuse: 23, idle: 38, sys: 62, released: 20, consumed: 41 (MB)
scvg: 0 MB released
scvg: inuse: 23, idle: 38, sys: 62, released: 20, consumed: 41 (MB)
scvg: 0 MB released
scvg: inuse: 23, idle: 38, sys: 62, released: 20, consumed: 41 (MB)
scvg: 0 MB released
scvg: inuse: 23, idle: 38, sys: 62, released: 20, consumed: 41 (MB)
scvg: 0 MB released
scvg: inuse: 23, idle: 38, sys: 62, released: 20, consumed: 41 (MB)
scvg: 0 MB released
scvg: inuse: 23, idle: 38, sys: 62, released: 20, consumed: 41 (MB)
scvg: 0 MB released
scvg: inuse: 23, idle: 38, sys: 62, released: 20, consumed: 41 (MB)
scvg: 0 MB released
scvg: inuse: 23, idle: 38, sys: 62, released: 20, consumed: 41 (MB)
scvg: 0 MB released
scvg: inuse: 23, idle: 38, sys: 62, released: 20, consumed: 41 (MB)
scvg: 0 MB released
scvg: inuse: 23, idle: 38, sys: 62, released: 20, consumed: 41 (MB)
scvg: 0 MB released
scvg: inuse: 23, idle: 38, sys: 62, released: 20, consumed: 41 (MB)
scvg: 0 MB released
scvg: inuse: 23, idle: 38, sys: 62, released: 20, consumed: 41 (MB)
scvg: 0 MB released
scvg: inuse: 23, idle: 38, sys: 62, released: 20, consumed: 41 (MB)
scvg: 0 MB released
scvg: inuse: 23, idle: 38, sys: 62, released: 20, consumed: 41 (MB)
scvg: 0 MB released
scvg: inuse: 23, idle: 38, sys: 62, released: 20, consumed: 41 (MB)
scvg: 0 MB released
scvg: inuse: 23, idle: 38, sys: 62, released: 20, consumed: 41 (MB)
scvg: 0 MB released
scvg: inuse: 23, idle: 38, sys: 62, released: 20, consumed: 41 (MB)
scvg: 0 MB released
scvg: inuse: 23, idle: 38, sys: 62, released: 20, consumed: 41 (MB)
scvg: 0 MB released
scvg: inuse: 23, idle: 38, sys: 62, released: 20, consumed: 41 (MB)
scvg: 0 MB released
scvg: inuse: 23, idle: 38, sys: 62, released: 20, consumed: 41 (MB)
scvg: 0 MB released
scvg: inuse: 23, idle: 38, sys: 62, released: 20, consumed: 41 (MB)
scvg: 0 MB released
scvg: inuse: 23, idle: 38, sys: 62, released: 20, consumed: 41 (MB)
scvg: 0 MB released
scvg: inuse: 23, idle: 38, sys: 62, released: 20, consumed: 41 (MB)
scvg: 0 MB released
scvg: inuse: 23, idle: 38, sys: 62, released: 20, consumed: 41 (MB)
scvg: 0 MB released
scvg: inuse: 23, idle: 38, sys: 62, released: 20, consumed: 41 (MB)
scvg: 0 MB released
scvg: inuse: 23, idle: 38, sys: 62, released: 20, consumed: 41 (MB)
scvg: 0 MB released
scvg: inuse: 23, idle: 38, sys: 62, released: 20, consumed: 41 (MB)
scvg: 0 MB released
scvg: inuse: 23, idle: 38, sys: 62, released: 20, consumed: 41 (MB)
scvg: 0 MB released
scvg: inuse: 23, idle: 38, sys: 62, released: 20, consumed: 41 (MB)
scvg: 0 MB released
scvg: inuse: 23, idle: 38, sys: 62, released: 20, consumed: 41 (MB)
scvg: 0 MB released
scvg: inuse: 23, idle: 38, sys: 62, released: 20, consumed: 41 (MB)
scvg: 0 MB released
scvg: inuse: 23, idle: 38, sys: 62, released: 20, consumed: 41 (MB)
scvg: 0 MB released
scvg: inuse: 23, idle: 38, sys: 62, released: 20, consumed: 41 (MB)
scvg: 0 MB released
scvg: inuse: 23, idle: 38, sys: 62, released: 20, consumed: 41 (MB)
scvg: 0 MB released
scvg: inuse: 23, idle: 38, sys: 62, released: 20, consumed: 41 (MB)
scvg: 0 MB released
scvg: inuse: 23, idle: 38, sys: 62, released: 20, consumed: 41 (MB)
scvg: 0 MB released
scvg: inuse: 23, idle: 38, sys: 62, released: 20, consumed: 41 (MB)
scvg: 0 MB released
scvg: inuse: 23, idle: 38, sys: 62, released: 20, consumed: 41 (MB)
scvg: 0 MB released
scvg: inuse: 23, idle: 38, sys: 62, released: 20, consumed: 41 (MB)
scvg: 0 MB released
scvg: inuse: 23, idle: 38, sys: 62, released: 20, consumed: 41 (MB)
scvg: 0 MB released
scvg: inuse: 23, idle: 38, sys: 62, released: 20, consumed: 41 (MB)
scvg: 0 MB released
scvg: inuse: 23, idle: 38, sys: 62, released: 20, consumed: 41 (MB)
scvg: 0 MB released
scvg: inuse: 23, idle: 38, sys: 62, released: 20, consumed: 41 (MB)
scvg: 0 MB released
scvg: inuse: 23, idle: 38, sys: 62, released: 20, consumed: 41 (MB)
scvg: 0 MB released
scvg: inuse: 23, idle: 38, sys: 62, released: 20, consumed: 41 (MB)
scvg: 0 MB released
scvg: inuse: 23, idle: 38, sys: 62, released: 20, consumed: 41 (MB)
scvg: 0 MB released
scvg: inuse: 23, idle: 38, sys: 62, released: 20, consumed: 41 (MB)
scvg: 0 MB released
scvg: inuse: 23, idle: 38, sys: 62, released: 20, consumed: 41 (MB)
scvg: 0 MB released
scvg: inuse: 23, idle: 38, sys: 62, released: 20, consumed: 41 (MB)
scvg: 0 MB released
scvg: inuse: 23, idle: 38, sys: 62, released: 20, consumed: 41 (MB)
scvg: 0 MB released
scvg: inuse: 23, idle: 38, sys: 62, released: 20, consumed: 41 (MB)
scvg: 0 MB released
scvg: inuse: 23, idle: 38, sys: 62, released: 20, consumed: 41 (MB)
scvg: 0 MB released
scvg: inuse: 23, idle: 38, sys: 62, released: 20, consumed: 41 (MB)
scvg: 0 MB released
scvg: inuse: 23, idle: 38, sys: 62, released: 20, consumed: 41 (MB)
scvg: 0 MB released
scvg: inuse: 23, idle: 38, sys: 62, released: 20, consumed: 41 (MB)
scvg: 0 MB released
scvg: inuse: 23, idle: 38, sys: 62, released: 20, consumed: 41 (MB)
scvg: 0 MB released
scvg: inuse: 23, idle: 38, sys: 62, released: 20, consumed: 41 (MB)
scvg: 0 MB released
scvg: inuse: 23, idle: 38, sys: 62, released: 20, consumed: 41 (MB)
scvg: 0 MB released
scvg: inuse: 23, idle: 38, sys: 62, released: 20, consumed: 41 (MB)
scvg: 0 MB released
scvg: inuse: 23, idle: 38, sys: 62, released: 21, consumed: 41 (MB)
scvg: 0 MB released
scvg: inuse: 23, idle: 38, sys: 62, released: 21, consumed: 41 (MB)
scvg: 0 MB released
scvg: inuse: 23, idle: 38, sys: 62, released: 21, consumed: 41 (MB)
scvg: 0 MB released
scvg: inuse: 23, idle: 38, sys: 62, released: 21, consumed: 41 (MB)
scvg: 0 MB released
scvg: inuse: 23, idle: 38, sys: 62, released: 21, consumed: 41 (MB)
scvg: 0 MB released
scvg: inuse: 23, idle: 38, sys: 62, released: 21, consumed: 41 (MB)
scvg: 0 MB released
scvg: inuse: 23, idle: 38, sys: 62, released: 21, consumed: 41 (MB)
scvg: 0 MB released
scvg: inuse: 23, idle: 38, sys: 62, released: 21, consumed: 41 (MB)
scvg: 0 MB released
scvg: inuse: 23, idle: 38, sys: 62, released: 21, consumed: 41 (MB)
scvg: 0 MB released
scvg: inuse: 23, idle: 38, sys: 62, released: 21, consumed: 41 (MB)
scvg: 0 MB released
scvg: inuse: 23, idle: 38, sys: 62, released: 21, consumed: 41 (MB)
scvg: 0 MB released
scvg: inuse: 23, idle: 38, sys: 62, released: 21, consumed: 41 (MB)
scvg: 0 MB released
scvg: inuse: 23, idle: 38, sys: 62, released: 21, consumed: 41 (MB)
scvg: 0 MB released
scvg: inuse: 23, idle: 38, sys: 62, released: 21, consumed: 41 (MB)
scvg: 0 MB released
scvg: inuse: 23, idle: 38, sys: 62, released: 21, consumed: 41 (MB)
scvg: 0 MB released
scvg: inuse: 23, idle: 38, sys: 62, released: 21, consumed: 41 (MB)
scvg: 0 MB released
scvg: inuse: 23, idle: 38, sys: 62, released: 21, consumed: 41 (MB)
scvg: 0 MB released
scvg: inuse: 23, idle: 38, sys: 62, released: 21, consumed: 41 (MB)
scvg: 0 MB released
scvg: inuse: 23, idle: 38, sys: 62, released: 21, consumed: 41 (MB)
scvg: 0 MB released
scvg: inuse: 23, idle: 38, sys: 62, released: 21, consumed: 41 (MB)
scvg: 0 MB released
scvg: inuse: 23, idle: 38, sys: 62, released: 21, consumed: 41 (MB)
scvg: 0 MB released
scvg: inuse: 23, idle: 38, sys: 62, released: 21, consumed: 41 (MB)
scvg: 0 MB released
scvg: inuse: 23, idle: 38, sys: 62, released: 21, consumed: 41 (MB)
scvg: 0 MB released
scvg: inuse: 23, idle: 38, sys: 62, released: 21, consumed: 41 (MB)
scvg: 0 MB released
scvg: inuse: 23, idle: 38, sys: 62, released: 21, consumed: 41 (MB)
scvg: 0 MB released
scvg: inuse: 23, idle: 38, sys: 62, released: 21, consumed: 40 (MB)
scvg: 0 MB released
scvg: inuse: 23, idle: 38, sys: 62, released: 21, consumed: 40 (MB)
scvg: 0 MB released
scvg: inuse: 23, idle: 38, sys: 62, released: 21, consumed: 40 (MB)
scvg: 0 MB released
scvg: inuse: 23, idle: 38, sys: 62, released: 21, consumed: 40 (MB)
scvg: 0 MB released
scvg: inuse: 23, idle: 38, sys: 62, released: 21, consumed: 40 (MB)
scvg: 0 MB released
scvg: inuse: 23, idle: 38, sys: 62, released: 21, consumed: 40 (MB)
scvg: 0 MB released
scvg: inuse: 23, idle: 38, sys: 62, released: 21, consumed: 40 (MB)
scvg: 0 MB released
scvg: inuse: 23, idle: 38, sys: 62, released: 21, consumed: 40 (MB)
scvg: 0 MB released
scvg: inuse: 23, idle: 38, sys: 62, released: 21, consumed: 40 (MB)
scvg: 0 MB released
scvg: inuse: 23, idle: 38, sys: 62, released: 21, consumed: 40 (MB)
scvg: 0 MB released
scvg: inuse: 23, idle: 38, sys: 62, released: 21, consumed: 40 (MB)
scvg: 0 MB released
scvg: inuse: 23, idle: 38, sys: 62, released: 21, consumed: 40 (MB)
scvg: 0 MB released
scvg: inuse: 23, idle: 38, sys: 62, released: 21, consumed: 40 (MB)
scvg: 0 MB released
scvg: inuse: 23, idle: 38, sys: 62, released: 21, consumed: 40 (MB)
scvg: 0 MB released
scvg: inuse: 23, idle: 38, sys: 62, released: 21, consumed: 40 (MB)
scvg: 0 MB released
scvg: inuse: 23, idle: 38, sys: 62, released: 21, consumed: 40 (MB)
scvg: 0 MB released
scvg: inuse: 23, idle: 38, sys: 62, released: 21, consumed: 40 (MB)
scvg: 0 MB released
scvg: inuse: 23, idle: 38, sys: 62, released: 21, consumed: 40 (MB)
scvg: 0 MB released
scvg: inuse: 23, idle: 38, sys: 62, released: 21, consumed: 40 (MB)
scvg: 0 MB released
scvg: inuse: 23, idle: 38, sys: 62, released: 21, consumed: 40 (MB)
scvg: 0 MB released
scvg: inuse: 23, idle: 38, sys: 62, released: 21, consumed: 40 (MB)
scvg: 0 MB released
scvg: inuse: 23, idle: 38, sys: 62, released: 21, consumed: 40 (MB)
scvg: 0 MB released
scvg: inuse: 23, idle: 38, sys: 62, released: 21, consumed: 40 (MB)
scvg: 0 MB released
scvg: inuse: 23, idle: 38, sys: 62, released: 21, consumed: 40 (MB)
scvg: 0 MB released
scvg: inuse: 23, idle: 38, sys: 62, released: 21, consumed: 40 (MB)
scvg: 0 MB released
scvg: inuse: 23, idle: 38, sys: 62, released: 21, consumed: 40 (MB)
scvg: 0 MB released
scvg: inuse: 23, idle: 38, sys: 62, released: 21, consumed: 40 (MB)
scvg: 0 MB released
scvg: inuse: 23, idle: 38, sys: 62, released: 21, consumed: 40 (MB)
scvg: 0 MB released
scvg: inuse: 23, idle: 38, sys: 62, released: 21, consumed: 40 (MB)
scvg: 0 MB released
scvg: inuse: 23, idle: 38, sys: 62, released: 21, consumed: 40 (MB)
scvg: 0 MB released
scvg: inuse: 23, idle: 38, sys: 62, released: 21, consumed: 40 (MB)
scvg: 0 MB released
scvg: inuse: 23, idle: 38, sys: 62, released: 21, consumed: 40 (MB)
scvg: 0 MB released
scvg: inuse: 23, idle: 38, sys: 62, released: 21, consumed: 40 (MB)
scvg: 0 MB released
scvg: inuse: 23, idle: 38, sys: 62, released: 21, consumed: 40 (MB)
scvg: 0 MB released
scvg: inuse: 23, idle: 38, sys: 62, released: 21, consumed: 40 (MB)
scvg: 0 MB released
scvg: inuse: 23, idle: 38, sys: 62, released: 21, consumed: 40 (MB)
scvg: 0 MB released
scvg: inuse: 23, idle: 38, sys: 62, released: 21, consumed: 40 (MB)
scvg: 0 MB released
scvg: inuse: 23, idle: 38, sys: 62, released: 21, consumed: 40 (MB)
scvg: 0 MB released
scvg: inuse: 23, idle: 38, sys: 62, released: 21, consumed: 40 (MB)
scvg: 0 MB released
scvg: inuse: 23, idle: 38, sys: 62, released: 21, consumed: 40 (MB)
scvg: 0 MB released
scvg: inuse: 23, idle: 38, sys: 62, released: 21, consumed: 40 (MB)
scvg: 0 MB released
scvg: inuse: 23, idle: 38, sys: 62, released: 21, consumed: 40 (MB)
scvg: 0 MB released
scvg: inuse: 23, idle: 38, sys: 62, released: 21, consumed: 40 (MB)
scvg: 0 MB released
scvg: inuse: 23, idle: 38, sys: 62, released: 21, consumed: 40 (MB)
scvg: 0 MB released
scvg: inuse: 23, idle: 38, sys: 62, released: 21, consumed: 40 (MB)
scvg: 0 MB released
scvg: inuse: 23, idle: 38, sys: 62, released: 21, consumed: 40 (MB)
scvg: 0 MB released
scvg: inuse: 23, idle: 38, sys: 62, released: 21, consumed: 40 (MB)
scvg: 0 MB released
scvg: inuse: 23, idle: 38, sys: 62, released: 21, consumed: 40 (MB)
scvg: 0 MB released
scvg: inuse: 23, idle: 38, sys: 62, released: 21, consumed: 40 (MB)
scvg: 0 MB released
scvg: inuse: 23, idle: 38, sys: 62, released: 21, consumed: 40 (MB)
scvg: 0 MB released
scvg: inuse: 23, idle: 38, sys: 62, released: 21, consumed: 40 (MB)
scvg: 0 MB released
scvg: inuse: 23, idle: 38, sys: 62, released: 21, consumed: 40 (MB)
scvg: 0 MB released
scvg: inuse: 23, idle: 38, sys: 62, released: 21, consumed: 40 (MB)
scvg: 0 MB released
scvg: inuse: 23, idle: 38, sys: 62, released: 21, consumed: 40 (MB)
scvg: 0 MB released
scvg: inuse: 23, idle: 38, sys: 62, released: 21, consumed: 40 (MB)
scvg: 0 MB released
scvg: inuse: 23, idle: 38, sys: 62, released: 21, consumed: 40 (MB)
scvg: 0 MB released
scvg: inuse: 23, idle: 38, sys: 62, released: 21, consumed: 40 (MB)
scvg: 0 MB released
scvg: inuse: 23, idle: 38, sys: 62, released: 21, consumed: 40 (MB)
scvg: 0 MB released
scvg: inuse: 23, idle: 38, sys: 62, released: 21, consumed: 40 (MB)
scvg: 0 MB released
scvg: inuse: 23, idle: 38, sys: 62, released: 21, consumed: 40 (MB)
scvg: 0 MB released
scvg: inuse: 23, idle: 38, sys: 62, released: 21, consumed: 40 (MB)
scvg: 0 MB released
scvg: inuse: 23, idle: 38, sys: 62, released: 21, consumed: 40 (MB)
scvg: 0 MB released
scvg: inuse: 23, idle: 38, sys: 62, released: 21, consumed: 40 (MB)
scvg: 0 MB released
scvg: inuse: 23, idle: 38, sys: 62, released: 21, consumed: 40 (MB)
scvg: 0 MB released
scvg: inuse: 23, idle: 38, sys: 62, released: 21, consumed: 40 (MB)
scvg: 0 MB released
scvg: inuse: 23, idle: 38, sys: 62, released: 21, consumed: 40 (MB)
scvg: 0 MB released
scvg: inuse: 23, idle: 38, sys: 62, released: 21, consumed: 40 (MB)
scvg: 0 MB released
scvg: inuse: 23, idle: 38, sys: 62, released: 21, consumed: 40 (MB)
scvg: 0 MB released
scvg: inuse: 23, idle: 38, sys: 62, released: 21, consumed: 40 (MB)
scvg: 0 MB released
scvg: inuse: 23, idle: 38, sys: 62, released: 21, consumed: 40 (MB)
scvg: 0 MB released
scvg: inuse: 23, idle: 38, sys: 62, released: 21, consumed: 40 (MB)
scvg: 0 MB released
scvg: inuse: 23, idle: 38, sys: 62, released: 21, consumed: 40 (MB)
scvg: 0 MB released
scvg: inuse: 23, idle: 38, sys: 62, released: 21, consumed: 40 (MB)
scvg: 0 MB released
scvg: inuse: 23, idle: 38, sys: 62, released: 21, consumed: 40 (MB)
scvg: 0 MB released
scvg: inuse: 23, idle: 38, sys: 62, released: 21, consumed: 40 (MB)
scvg: 0 MB released
scvg: inuse: 23, idle: 38, sys: 62, released: 21, consumed: 40 (MB)
scvg: 0 MB released
scvg: inuse: 23, idle: 38, sys: 62, released: 21, consumed: 40 (MB)
scvg: 0 MB released
scvg: inuse: 23, idle: 38, sys: 62, released: 21, consumed: 40 (MB)
scvg: 0 MB released
scvg: inuse: 23, idle: 38, sys: 62, released: 21, consumed: 40 (MB)
scvg: 0 MB released
scvg: inuse: 23, idle: 38, sys: 62, released: 21, consumed: 40 (MB)
scvg: 0 MB released
scvg: inuse: 23, idle: 38, sys: 62, released: 21, consumed: 40 (MB)
scvg: 0 MB released
scvg: inuse: 23, idle: 38, sys: 62, released: 21, consumed: 40 (MB)
scvg: 0 MB released
scvg: inuse: 23, idle: 38, sys: 62, released: 21, consumed: 40 (MB)
scvg: 0 MB released
scvg: inuse: 23, idle: 38, sys: 62, released: 21, consumed: 40 (MB)
scvg: 0 MB released
scvg: inuse: 23, idle: 38, sys: 62, released: 21, consumed: 40 (MB)
scvg: 0 MB released
scvg: inuse: 23, idle: 38, sys: 62, released: 21, consumed: 40 (MB)
scvg: 0 MB released
scvg: inuse: 23, idle: 38, sys: 62, released: 21, consumed: 40 (MB)
scvg: 0 MB released
scvg: inuse: 23, idle: 38, sys: 62, released: 21, consumed: 40 (MB)
scvg: 0 MB released
scvg: inuse: 23, idle: 38, sys: 62, released: 21, consumed: 40 (MB)
scvg: 0 MB released
scvg: inuse: 23, idle: 38, sys: 62, released: 21, consumed: 40 (MB)
scvg: 0 MB released
scvg: inuse: 23, idle: 38, sys: 62, released: 21, consumed: 40 (MB)
scvg: 0 MB released
scvg: inuse: 23, idle: 38, sys: 62, released: 21, consumed: 40 (MB)
scvg: 0 MB released
scvg: inuse: 23, idle: 38, sys: 62, released: 21, consumed: 40 (MB)
scvg: 0 MB released
scvg: inuse: 23, idle: 38, sys: 62, released: 21, consumed: 40 (MB)
scvg: 0 MB released
scvg: inuse: 23, idle: 38, sys: 62, released: 21, consumed: 40 (MB)
scvg: 0 MB released
scvg: inuse: 23, idle: 38, sys: 62, released: 21, consumed: 40 (MB)
scvg: 0 MB released
scvg: inuse: 23, idle: 38, sys: 62, released: 21, consumed: 40 (MB)
scvg: 0 MB released
scvg: inuse: 23, idle: 38, sys: 62, released: 21, consumed: 40 (MB)
scvg: 0 MB released
scvg: inuse: 23, idle: 38, sys: 62, released: 21, consumed: 40 (MB)
scvg: 0 MB released
scvg: inuse: 23, idle: 38, sys: 62, released: 21, consumed: 40 (MB)
scvg: 0 MB released
scvg: inuse: 23, idle: 38, sys: 62, released: 21, consumed: 40 (MB)
scvg: 0 MB released
scvg: inuse: 23, idle: 38, sys: 62, released: 21, consumed: 40 (MB)
scvg: 0 MB released
scvg: inuse: 23, idle: 38, sys: 62, released: 21, consumed: 40 (MB)
scvg: 0 MB released
scvg: inuse: 23, idle: 38, sys: 62, released: 22, consumed: 40 (MB)
scvg: 0 MB released
scvg: inuse: 23, idle: 38, sys: 62, released: 22, consumed: 40 (MB)
scvg: 0 MB released
scvg: inuse: 23, idle: 38, sys: 62, released: 22, consumed: 40 (MB)
scvg: 0 MB released
scvg: inuse: 23, idle: 38, sys: 62, released: 22, consumed: 40 (MB)
scvg: 0 MB released
scvg: inuse: 23, idle: 38, sys: 62, released: 22, consumed: 40 (MB)
scvg: 0 MB released
scvg: inuse: 23, idle: 38, sys: 62, released: 22, consumed: 40 (MB)
scvg: 0 MB released
scvg: inuse: 23, idle: 38, sys: 62, released: 22, consumed: 40 (MB)
scvg: 0 MB released
scvg: inuse: 23, idle: 38, sys: 62, released: 22, consumed: 40 (MB)
scvg: 0 MB released
scvg: inuse: 23, idle: 38, sys: 62, released: 22, consumed: 40 (MB)
scvg: 0 MB released
scvg: inuse: 23, idle: 38, sys: 62, released: 22, consumed: 40 (MB)
scvg: 0 MB released
scvg: inuse: 23, idle: 38, sys: 62, released: 22, consumed: 40 (MB)
scvg: 0 MB released
scvg: inuse: 23, idle: 38, sys: 62, released: 22, consumed: 40 (MB)
scvg: 0 MB released
scvg: inuse: 23, idle: 38, sys: 62, released: 22, consumed: 40 (MB)
scvg: 0 MB released
scvg: inuse: 23, idle: 38, sys: 62, released: 22, consumed: 40 (MB)
scvg: 0 MB released
scvg: inuse: 23, idle: 38, sys: 62, released: 22, consumed: 40 (MB)
scvg: 0 MB released
scvg: inuse: 23, idle: 38, sys: 62, released: 22, consumed: 40 (MB)
scvg: 0 MB released
scvg: inuse: 23, idle: 38, sys: 62, released: 22, consumed: 40 (MB)
scvg: 0 MB released
scvg: inuse: 23, idle: 38, sys: 62, released: 22, consumed: 40 (MB)
scvg: 0 MB released
scvg: inuse: 23, idle: 38, sys: 62, released: 22, consumed: 40 (MB)
scvg: 0 MB released
scvg: inuse: 23, idle: 38, sys: 62, released: 22, consumed: 40 (MB)
scvg: 0 MB released
scvg: inuse: 23, idle: 38, sys: 62, released: 22, consumed: 40 (MB)
scvg: 0 MB released
scvg: inuse: 23, idle: 38, sys: 62, released: 22, consumed: 40 (MB)
scvg: 0 MB released
scvg: inuse: 23, idle: 38, sys: 62, released: 22, consumed: 40 (MB)
scvg: 0 MB released
scvg: inuse: 23, idle: 38, sys: 62, released: 22, consumed: 40 (MB)
scvg: 0 MB released
scvg: inuse: 23, idle: 38, sys: 62, released: 22, consumed: 40 (MB)
scvg: 0 MB released
scvg: inuse: 23, idle: 38, sys: 62, released: 22, consumed: 39 (MB)
scvg: 0 MB released
scvg: inuse: 23, idle: 38, sys: 62, released: 22, consumed: 39 (MB)
scvg: 0 MB released
scvg: inuse: 23, idle: 38, sys: 62, released: 22, consumed: 39 (MB)
scvg: 0 MB released
scvg: inuse: 23, idle: 38, sys: 62, released: 22, consumed: 39 (MB)
scvg: 0 MB released
scvg: inuse: 23, idle: 38, sys: 62, released: 22, consumed: 39 (MB)
scvg: 0 MB released
scvg: inuse: 23, idle: 38, sys: 62, released: 22, consumed: 39 (MB)
scvg: 0 MB released
scvg: inuse: 23, idle: 38, sys: 62, released: 22, consumed: 39 (MB)
scvg: 0 MB released
scvg: inuse: 23, idle: 38, sys: 62, released: 22, consumed: 39 (MB)
scvg: 0 MB released
scvg: inuse: 23, idle: 38, sys: 62, released: 22, consumed: 39 (MB)
scvg: 0 MB released
scvg: inuse: 23, idle: 38, sys: 62, released: 22, consumed: 39 (MB)
scvg: 0 MB released
scvg: inuse: 23, idle: 38, sys: 62, released: 22, consumed: 39 (MB)
scvg: 0 MB released
scvg: inuse: 23, idle: 38, sys: 62, released: 22, consumed: 39 (MB)
scvg: 0 MB released
scvg: inuse: 23, idle: 38, sys: 62, released: 22, consumed: 39 (MB)
scvg: 0 MB released
scvg: inuse: 23, idle: 38, sys: 62, released: 22, consumed: 39 (MB)
scvg: 0 MB released
scvg: inuse: 23, idle: 38, sys: 62, released: 22, consumed: 39 (MB)
scvg: 0 MB released
scvg: inuse: 23, idle: 38, sys: 62, released: 22, consumed: 39 (MB)
scvg: 0 MB released
scvg: inuse: 23, idle: 38, sys: 62, released: 22, consumed: 39 (MB)
scvg: 0 MB released
scvg: inuse: 23, idle: 38, sys: 62, released: 22, consumed: 39 (MB)
scvg: 0 MB released
scvg: inuse: 23, idle: 38, sys: 62, released: 22, consumed: 39 (MB)
scvg: 0 MB released
scvg: inuse: 23, idle: 38, sys: 62, released: 22, consumed: 39 (MB)
scvg: 0 MB released
scvg: inuse: 23, idle: 38, sys: 62, released: 22, consumed: 39 (MB)
scvg: 0 MB released
scvg: inuse: 23, idle: 38, sys: 62, released: 22, consumed: 39 (MB)
scvg: 0 MB released
scvg: inuse: 23, idle: 38, sys: 62, released: 22, consumed: 39 (MB)
scvg: 0 MB released
scvg: inuse: 23, idle: 38, sys: 62, released: 22, consumed: 39 (MB)
scvg: 0 MB released
scvg: inuse: 23, idle: 38, sys: 62, released: 22, consumed: 39 (MB)
scvg: 0 MB released
scvg: inuse: 23, idle: 38, sys: 62, released: 22, consumed: 39 (MB)
scvg: 0 MB released
scvg: inuse: 23, idle: 38, sys: 62, released: 22, consumed: 39 (MB)
scvg: 0 MB released
scvg: inuse: 23, idle: 38, sys: 62, released: 22, consumed: 39 (MB)
scvg: 0 MB released
scvg: inuse: 23, idle: 38, sys: 62, released: 22, consumed: 39 (MB)
scvg: 0 MB released
scvg: inuse: 23, idle: 38, sys: 62, released: 22, consumed: 39 (MB)
scvg: 0 MB released
scvg: inuse: 23, idle: 38, sys: 62, released: 22, consumed: 39 (MB)
scvg: 0 MB released
scvg: inuse: 23, idle: 38, sys: 62, released: 22, consumed: 39 (MB)
scvg: 0 MB released
scvg: inuse: 23, idle: 38, sys: 62, released: 22, consumed: 39 (MB)
scvg: 0 MB released
scvg: inuse: 23, idle: 38, sys: 62, released: 22, consumed: 39 (MB)
scvg: 0 MB released
scvg: inuse: 23, idle: 38, sys: 62, released: 22, consumed: 39 (MB)
scvg: 0 MB released
scvg: inuse: 23, idle: 38, sys: 62, released: 22, consumed: 39 (MB)
scvg: 0 MB released
scvg: inuse: 23, idle: 38, sys: 62, released: 22, consumed: 39 (MB)
scvg: 0 MB released
scvg: inuse: 23, idle: 38, sys: 62, released: 22, consumed: 39 (MB)
scvg: 0 MB released
scvg: inuse: 23, idle: 38, sys: 62, released: 22, consumed: 39 (MB)
scvg: 0 MB released
scvg: inuse: 23, idle: 38, sys: 62, released: 22, consumed: 39 (MB)
scvg: 0 MB released
scvg: inuse: 23, idle: 38, sys: 62, released: 22, consumed: 39 (MB)
scvg: 0 MB released
scvg: inuse: 23, idle: 38, sys: 62, released: 22, consumed: 39 (MB)
scvg: 0 MB released
scvg: inuse: 23, idle: 38, sys: 62, released: 22, consumed: 39 (MB)
scvg: 0 MB released
scvg: inuse: 23, idle: 38, sys: 62, released: 22, consumed: 39 (MB)
scvg: 0 MB released
scvg: inuse: 23, idle: 38, sys: 62, released: 22, consumed: 39 (MB)
scvg: 0 MB released
scvg: inuse: 23, idle: 38, sys: 62, released: 22, consumed: 39 (MB)
scvg: 0 MB released
scvg: inuse: 23, idle: 38, sys: 62, released: 22, consumed: 39 (MB)
scvg: 0 MB released
scvg: inuse: 23, idle: 38, sys: 62, released: 22, consumed: 39 (MB)
scvg: 0 MB released
scvg: inuse: 23, idle: 38, sys: 62, released: 22, consumed: 39 (MB)
scvg: 0 MB released
scvg: inuse: 23, idle: 38, sys: 62, released: 22, consumed: 39 (MB)
scvg: 0 MB released
scvg: inuse: 23, idle: 38, sys: 62, released: 22, consumed: 39 (MB)
scvg: 0 MB released
scvg: inuse: 23, idle: 38, sys: 62, released: 22, consumed: 39 (MB)
scvg: 0 MB released
scvg: inuse: 23, idle: 38, sys: 62, released: 22, consumed: 39 (MB)
scvg: 0 MB released
scvg: inuse: 23, idle: 38, sys: 62, released: 22, consumed: 39 (MB)
scvg: 0 MB released
scvg: inuse: 23, idle: 38, sys: 62, released: 22, consumed: 39 (MB)
scvg: 0 MB released
scvg: inuse: 23, idle: 38, sys: 62, released: 22, consumed: 39 (MB)
scvg: 0 MB released
scvg: inuse: 23, idle: 38, sys: 62, released: 22, consumed: 39 (MB)
scvg: 0 MB released
scvg: inuse: 23, idle: 38, sys: 62, released: 22, consumed: 39 (MB)
scvg: 0 MB released
scvg: inuse: 23, idle: 38, sys: 62, released: 22, consumed: 39 (MB)
scvg: 0 MB released
scvg: inuse: 23, idle: 38, sys: 62, released: 22, consumed: 39 (MB)
scvg: 0 MB released
scvg: inuse: 23, idle: 38, sys: 62, released: 22, consumed: 39 (MB)
scvg: 0 MB released
scvg: inuse: 23, idle: 38, sys: 62, released: 22, consumed: 39 (MB)
scvg: 0 MB released
scvg: inuse: 23, idle: 38, sys: 62, released: 22, consumed: 39 (MB)
scvg: 0 MB released
scvg: inuse: 23, idle: 38, sys: 62, released: 22, consumed: 39 (MB)
scvg: 0 MB released
scvg: inuse: 23, idle: 38, sys: 62, released: 22, consumed: 39 (MB)
scvg: 0 MB released
scvg: inuse: 23, idle: 38, sys: 62, released: 22, consumed: 39 (MB)
scvg: 0 MB released
scvg: inuse: 23, idle: 38, sys: 62, released: 22, consumed: 39 (MB)
scvg: 0 MB released
scvg: inuse: 23, idle: 38, sys: 62, released: 22, consumed: 39 (MB)
scvg: 0 MB released
scvg: inuse: 23, idle: 38, sys: 62, released: 22, consumed: 39 (MB)
scvg: 0 MB released
scvg: inuse: 23, idle: 38, sys: 62, released: 22, consumed: 39 (MB)
scvg: 0 MB released
scvg: inuse: 23, idle: 38, sys: 62, released: 22, consumed: 39 (MB)
scvg: 0 MB released
scvg: inuse: 23, idle: 38, sys: 62, released: 22, consumed: 39 (MB)
scvg: 0 MB released
scvg: inuse: 23, idle: 38, sys: 62, released: 22, consumed: 39 (MB)
scvg: 0 MB released
scvg: inuse: 23, idle: 38, sys: 62, released: 22, consumed: 39 (MB)
scvg: 0 MB released
scvg: inuse: 23, idle: 38, sys: 62, released: 22, consumed: 39 (MB)
scvg: 0 MB released
scvg: inuse: 23, idle: 38, sys: 62, released: 22, consumed: 39 (MB)
scvg: 0 MB released
scvg: inuse: 23, idle: 38, sys: 62, released: 22, consumed: 39 (MB)
scvg: 0 MB released
scvg: inuse: 23, idle: 38, sys: 62, released: 22, consumed: 39 (MB)
scvg: 0 MB released
scvg: inuse: 23, idle: 38, sys: 62, released: 22, consumed: 39 (MB)
scvg: 0 MB released
scvg: inuse: 23, idle: 38, sys: 62, released: 22, consumed: 39 (MB)
scvg: 0 MB released
scvg: inuse: 23, idle: 38, sys: 62, released: 22, consumed: 39 (MB)
scvg: 0 MB released
scvg: inuse: 23, idle: 38, sys: 62, released: 22, consumed: 39 (MB)
scvg: 0 MB released
scvg: inuse: 23, idle: 38, sys: 62, released: 22, consumed: 39 (MB)
scvg: 0 MB released
scvg: inuse: 23, idle: 38, sys: 62, released: 22, consumed: 39 (MB)
scvg: 0 MB released
scvg: inuse: 23, idle: 38, sys: 62, released: 22, consumed: 39 (MB)
scvg: 0 MB released
scvg: inuse: 23, idle: 38, sys: 62, released: 22, consumed: 39 (MB)
scvg: 0 MB released
scvg: inuse: 23, idle: 38, sys: 62, released: 22, consumed: 39 (MB)
scvg: 0 MB released
scvg: inuse: 23, idle: 38, sys: 62, released: 22, consumed: 39 (MB)
scvg: 0 MB released
scvg: inuse: 23, idle: 38, sys: 62, released: 22, consumed: 39 (MB)
scvg: 0 MB released
scvg: inuse: 23, idle: 38, sys: 62, released: 22, consumed: 39 (MB)
scvg: 0 MB released
scvg: inuse: 23, idle: 38, sys: 62, released: 22, consumed: 39 (MB)
scvg: 0 MB released
scvg: inuse: 23, idle: 38, sys: 62, released: 22, consumed: 39 (MB)
scvg: 0 MB released
scvg: inuse: 23, idle: 38, sys: 62, released: 22, consumed: 39 (MB)
scvg: 0 MB released
scvg: inuse: 23, idle: 38, sys: 62, released: 22, consumed: 39 (MB)
scvg: 0 MB released
scvg: inuse: 23, idle: 38, sys: 62, released: 22, consumed: 39 (MB)
scvg: 0 MB released
scvg: inuse: 23, idle: 38, sys: 62, released: 22, consumed: 39 (MB)
scvg: 0 MB released
scvg: inuse: 23, idle: 38, sys: 62, released: 22, consumed: 39 (MB)
scvg: 0 MB released
scvg: inuse: 23, idle: 38, sys: 62, released: 22, consumed: 39 (MB)
scvg: 0 MB released
scvg: inuse: 23, idle: 38, sys: 62, released: 22, consumed: 39 (MB)
scvg: 0 MB released
scvg: inuse: 23, idle: 38, sys: 62, released: 22, consumed: 39 (MB)
scvg: 0 MB released
scvg: inuse: 23, idle: 38, sys: 62, released: 22, consumed: 39 (MB)
scvg: 0 MB released
scvg: inuse: 23, idle: 38, sys: 62, released: 22, consumed: 39 (MB)
scvg: 0 MB released
scvg: inuse: 23, idle: 38, sys: 62, released: 22, consumed: 39 (MB)
scvg: 0 MB released
scvg: inuse: 23, idle: 38, sys: 62, released: 23, consumed: 39 (MB)
scvg: 0 MB released
scvg: inuse: 23, idle: 38, sys: 62, released: 23, consumed: 39 (MB)
scvg: 0 MB released
scvg: inuse: 23, idle: 38, sys: 62, released: 23, consumed: 39 (MB)
scvg: 0 MB released
scvg: inuse: 23, idle: 38, sys: 62, released: 23, consumed: 39 (MB)
scvg: 0 MB released
scvg: inuse: 23, idle: 38, sys: 62, released: 23, consumed: 39 (MB)
scvg: 0 MB released
scvg: inuse: 23, idle: 38, sys: 62, released: 23, consumed: 39 (MB)
scvg: 0 MB released
scvg: inuse: 23, idle: 38, sys: 62, released: 23, consumed: 39 (MB)
scvg: 0 MB released
scvg: inuse: 23, idle: 38, sys: 62, released: 23, consumed: 39 (MB)
scvg: 0 MB released
scvg: inuse: 23, idle: 38, sys: 62, released: 23, consumed: 39 (MB)
scvg: 0 MB released
scvg: inuse: 23, idle: 38, sys: 62, released: 23, consumed: 39 (MB)
scvg: 0 MB released
scvg: inuse: 23, idle: 38, sys: 62, released: 23, consumed: 39 (MB)
scvg: 0 MB released
scvg: inuse: 23, idle: 38, sys: 62, released: 23, consumed: 39 (MB)
scvg: 0 MB released
scvg: inuse: 23, idle: 38, sys: 62, released: 23, consumed: 39 (MB)
scvg: 0 MB released
scvg: inuse: 23, idle: 38, sys: 62, released: 23, consumed: 39 (MB)
scvg: 0 MB released
scvg: inuse: 23, idle: 38, sys: 62, released: 23, consumed: 39 (MB)
scvg: 0 MB released
scvg: inuse: 23, idle: 38, sys: 62, released: 23, consumed: 39 (MB)
scvg: 0 MB released
scvg: inuse: 23, idle: 38, sys: 62, released: 23, consumed: 39 (MB)
scvg: 0 MB released
scvg: inuse: 23, idle: 38, sys: 62, released: 23, consumed: 39 (MB)
scvg: 0 MB released
scvg: inuse: 23, idle: 38, sys: 62, released: 23, consumed: 39 (MB)
scvg: 0 MB released
scvg: inuse: 23, idle: 38, sys: 62, released: 23, consumed: 39 (MB)
scvg: 0 MB released
scvg: inuse: 23, idle: 38, sys: 62, released: 23, consumed: 39 (MB)
scvg: 0 MB released
scvg: inuse: 23, idle: 38, sys: 62, released: 23, consumed: 39 (MB)
scvg: 0 MB released
scvg: inuse: 23, idle: 38, sys: 62, released: 23, consumed: 39 (MB)
scvg: 0 MB released
scvg: inuse: 23, idle: 38, sys: 62, released: 23, consumed: 39 (MB)
scvg: 0 MB released
scvg: inuse: 23, idle: 38, sys: 62, released: 23, consumed: 39 (MB)
scvg: 0 MB released
scvg: inuse: 23, idle: 38, sys: 62, released: 23, consumed: 38 (MB)
scvg: 0 MB released
scvg: inuse: 23, idle: 38, sys: 62, released: 23, consumed: 38 (MB)
scvg: 0 MB released
scvg: inuse: 23, idle: 38, sys: 62, released: 23, consumed: 38 (MB)
scvg: 0 MB released
scvg: inuse: 23, idle: 38, sys: 62, released: 23, consumed: 38 (MB)
scvg: 0 MB released
scvg: inuse: 23, idle: 38, sys: 62, released: 23, consumed: 38 (MB)
scvg: 0 MB released
scvg: inuse: 23, idle: 38, sys: 62, released: 23, consumed: 38 (MB)
scvg: 0 MB released
scvg: inuse: 23, idle: 38, sys: 62, released: 23, consumed: 38 (MB)
scvg: 0 MB released
scvg: inuse: 23, idle: 38, sys: 62, released: 23, consumed: 38 (MB)
scvg: 0 MB released
scvg: inuse: 23, idle: 38, sys: 62, released: 23, consumed: 38 (MB)
scvg: 0 MB released
scvg: inuse: 23, idle: 38, sys: 62, released: 23, consumed: 38 (MB)
scvg: 0 MB released
scvg: inuse: 23, idle: 38, sys: 62, released: 23, consumed: 38 (MB)
scvg: 0 MB released
scvg: inuse: 23, idle: 38, sys: 62, released: 23, consumed: 38 (MB)
scvg: 0 MB released
scvg: inuse: 23, idle: 38, sys: 62, released: 23, consumed: 38 (MB)
scvg: 0 MB released
scvg: inuse: 23, idle: 38, sys: 62, released: 23, consumed: 38 (MB)
scvg: 0 MB released
scvg: inuse: 23, idle: 38, sys: 62, released: 23, consumed: 38 (MB)
scvg: 0 MB released
scvg: inuse: 23, idle: 38, sys: 62, released: 23, consumed: 38 (MB)
scvg: 0 MB released
scvg: inuse: 23, idle: 38, sys: 62, released: 23, consumed: 38 (MB)
scvg: 0 MB released
scvg: inuse: 23, idle: 38, sys: 62, released: 23, consumed: 38 (MB)
scvg: 0 MB released
scvg: inuse: 23, idle: 38, sys: 62, released: 23, consumed: 38 (MB)
scvg: 0 MB released
scvg: inuse: 23, idle: 38, sys: 62, released: 23, consumed: 38 (MB)
scvg: 0 MB released
scvg: inuse: 23, idle: 38, sys: 62, released: 23, consumed: 38 (MB)
scvg: 0 MB released
scvg: inuse: 23, idle: 38, sys: 62, released: 23, consumed: 38 (MB)
scvg: 0 MB released
scvg: inuse: 23, idle: 38, sys: 62, released: 23, consumed: 38 (MB)
scvg: 0 MB released
scvg: inuse: 23, idle: 38, sys: 62, released: 23, consumed: 38 (MB)
scvg: 0 MB released
scvg: inuse: 23, idle: 38, sys: 62, released: 23, consumed: 38 (MB)
scvg: 0 MB released
scvg: inuse: 23, idle: 38, sys: 62, released: 23, consumed: 38 (MB)
scvg: 0 MB released
scvg: inuse: 23, idle: 38, sys: 62, released: 23, consumed: 38 (MB)
scvg: 0 MB released
scvg: inuse: 23, idle: 38, sys: 62, released: 23, consumed: 38 (MB)
scvg: 0 MB released
scvg: inuse: 23, idle: 38, sys: 62, released: 23, consumed: 38 (MB)
scvg: 0 MB released
scvg: inuse: 23, idle: 38, sys: 62, released: 23, consumed: 38 (MB)
scvg: 0 MB released
scvg: inuse: 23, idle: 38, sys: 62, released: 23, consumed: 38 (MB)
scvg: 0 MB released
scvg: inuse: 23, idle: 38, sys: 62, released: 23, consumed: 38 (MB)
scvg: 0 MB released
scvg: inuse: 23, idle: 38, sys: 62, released: 23, consumed: 38 (MB)
scvg: 0 MB released
scvg: inuse: 23, idle: 38, sys: 62, released: 23, consumed: 38 (MB)
scvg: 0 MB released
scvg: inuse: 23, idle: 38, sys: 62, released: 23, consumed: 38 (MB)
scvg: 0 MB released
scvg: inuse: 23, idle: 38, sys: 62, released: 23, consumed: 38 (MB)
scvg: 0 MB released
scvg: inuse: 23, idle: 38, sys: 62, released: 23, consumed: 38 (MB)
scvg: 0 MB released
scvg: inuse: 23, idle: 38, sys: 62, released: 23, consumed: 38 (MB)
scvg: 0 MB released
scvg: inuse: 23, idle: 38, sys: 62, released: 23, consumed: 38 (MB)
scvg: 0 MB released
scvg: inuse: 23, idle: 38, sys: 62, released: 23, consumed: 38 (MB)
scvg: 0 MB released
scvg: inuse: 23, idle: 38, sys: 62, released: 23, consumed: 38 (MB)
scvg: 0 MB released
scvg: inuse: 23, idle: 38, sys: 62, released: 23, consumed: 38 (MB)
scvg: 0 MB released
scvg: inuse: 23, idle: 38, sys: 62, released: 23, consumed: 38 (MB)
scvg: 0 MB released
scvg: inuse: 23, idle: 38, sys: 62, released: 23, consumed: 38 (MB)
scvg: 0 MB released
scvg: inuse: 23, idle: 38, sys: 62, released: 23, consumed: 38 (MB)
scvg: 0 MB released
scvg: inuse: 23, idle: 38, sys: 62, released: 23, consumed: 38 (MB)
scvg: 0 MB released
scvg: inuse: 23, idle: 38, sys: 62, released: 23, consumed: 38 (MB)
scvg: 0 MB released
scvg: inuse: 23, idle: 38, sys: 62, released: 23, consumed: 38 (MB)
scvg: 0 MB released
scvg: inuse: 23, idle: 38, sys: 62, released: 23, consumed: 38 (MB)
scvg: 0 MB released
scvg: inuse: 23, idle: 38, sys: 62, released: 23, consumed: 38 (MB)
scvg: 0 MB released
scvg: inuse: 23, idle: 38, sys: 62, released: 23, consumed: 38 (MB)
scvg: 0 MB released
scvg: inuse: 23, idle: 38, sys: 62, released: 23, consumed: 38 (MB)
scvg: 0 MB released
scvg: inuse: 23, idle: 38, sys: 62, released: 23, consumed: 38 (MB)
scvg: 0 MB released
scvg: inuse: 23, idle: 38, sys: 62, released: 23, consumed: 38 (MB)
scvg: 0 MB released
scvg: inuse: 23, idle: 38, sys: 62, released: 23, consumed: 38 (MB)
scvg: 0 MB released
scvg: inuse: 23, idle: 38, sys: 62, released: 23, consumed: 38 (MB)
scvg: 0 MB released
scvg: inuse: 23, idle: 38, sys: 62, released: 23, consumed: 38 (MB)
scvg: 0 MB released
scvg: inuse: 23, idle: 38, sys: 62, released: 23, consumed: 38 (MB)
scvg: 0 MB released
scvg: inuse: 23, idle: 38, sys: 62, released: 23, consumed: 38 (MB)
scvg: 0 MB released
scvg: inuse: 23, idle: 38, sys: 62, released: 23, consumed: 38 (MB)
scvg: 0 MB released
scvg: inuse: 23, idle: 38, sys: 62, released: 23, consumed: 38 (MB)
scvg: 0 MB released
scvg: inuse: 23, idle: 38, sys: 62, released: 23, consumed: 38 (MB)
scvg: 0 MB released
scvg: inuse: 23, idle: 38, sys: 62, released: 23, consumed: 38 (MB)
scvg: 0 MB released
scvg: inuse: 23, idle: 38, sys: 62, released: 23, consumed: 38 (MB)
scvg: 0 MB released
scvg: inuse: 23, idle: 38, sys: 62, released: 23, consumed: 38 (MB)
scvg: 0 MB released
scvg: inuse: 23, idle: 38, sys: 62, released: 23, consumed: 38 (MB)
scvg: 0 MB released
scvg: inuse: 23, idle: 38, sys: 62, released: 23, consumed: 38 (MB)
scvg: 0 MB released
scvg: inuse: 23, idle: 38, sys: 62, released: 23, consumed: 38 (MB)
scvg: 0 MB released
scvg: inuse: 23, idle: 38, sys: 62, released: 23, consumed: 38 (MB)
scvg: 0 MB released
scvg: inuse: 23, idle: 38, sys: 62, released: 23, consumed: 38 (MB)
scvg: 0 MB released
scvg: inuse: 23, idle: 38, sys: 62, released: 23, consumed: 38 (MB)
scvg: 0 MB released
scvg: inuse: 23, idle: 38, sys: 62, released: 23, consumed: 38 (MB)
scvg: 0 MB released
scvg: inuse: 23, idle: 38, sys: 62, released: 23, consumed: 38 (MB)
scvg: 0 MB released
scvg: inuse: 23, idle: 38, sys: 62, released: 23, consumed: 38 (MB)
scvg: 0 MB released
scvg: inuse: 23, idle: 38, sys: 62, released: 23, consumed: 38 (MB)
scvg: 0 MB released
scvg: inuse: 23, idle: 38, sys: 62, released: 23, consumed: 38 (MB)
scvg: 0 MB released
scvg: inuse: 23, idle: 38, sys: 62, released: 23, consumed: 38 (MB)
scvg: 0 MB released
scvg: inuse: 23, idle: 38, sys: 62, released: 23, consumed: 38 (MB)
scvg: 0 MB released
scvg: inuse: 23, idle: 38, sys: 62, released: 23, consumed: 38 (MB)
scvg: 0 MB released
scvg: inuse: 23, idle: 38, sys: 62, released: 23, consumed: 38 (MB)
scvg: 0 MB released
scvg: inuse: 23, idle: 38, sys: 62, released: 23, consumed: 38 (MB)
scvg: 0 MB released
scvg: inuse: 23, idle: 38, sys: 62, released: 23, consumed: 38 (MB)
scvg: 0 MB released
scvg: inuse: 23, idle: 38, sys: 62, released: 23, consumed: 38 (MB)
scvg: 0 MB released
scvg: inuse: 23, idle: 38, sys: 62, released: 23, consumed: 38 (MB)
scvg: 0 MB released
scvg: inuse: 23, idle: 38, sys: 62, released: 23, consumed: 38 (MB)
scvg: 0 MB released
scvg: inuse: 23, idle: 38, sys: 62, released: 23, consumed: 38 (MB)
scvg: 0 MB released
scvg: inuse: 23, idle: 38, sys: 62, released: 23, consumed: 38 (MB)
scvg: 0 MB released
scvg: inuse: 23, idle: 38, sys: 62, released: 23, consumed: 38 (MB)
scvg: 0 MB released
scvg: inuse: 23, idle: 38, sys: 62, released: 23, consumed: 38 (MB)
scvg: 0 MB released
scvg: inuse: 23, idle: 38, sys: 62, released: 23, consumed: 38 (MB)
scvg: 0 MB released
scvg: inuse: 23, idle: 38, sys: 62, released: 23, consumed: 38 (MB)
scvg: 0 MB released
scvg: inuse: 23, idle: 38, sys: 62, released: 23, consumed: 38 (MB)
scvg: 0 MB released
scvg: inuse: 23, idle: 38, sys: 62, released: 23, consumed: 38 (MB)
scvg: 0 MB released
scvg: inuse: 23, idle: 38, sys: 62, released: 23, consumed: 38 (MB)
scvg: 0 MB released
scvg: inuse: 23, idle: 38, sys: 62, released: 23, consumed: 38 (MB)
scvg: 0 MB released
scvg: inuse: 23, idle: 38, sys: 62, released: 23, consumed: 38 (MB)
scvg: 0 MB released
scvg: inuse: 23, idle: 38, sys: 62, released: 23, consumed: 38 (MB)
scvg: 0 MB released
scvg: inuse: 23, idle: 38, sys: 62, released: 23, consumed: 38 (MB)
scvg: 0 MB released
scvg: inuse: 23, idle: 38, sys: 62, released: 23, consumed: 38 (MB)
scvg: 0 MB released
scvg: inuse: 23, idle: 38, sys: 62, released: 23, consumed: 38 (MB)
scvg: 0 MB released
scvg: inuse: 23, idle: 38, sys: 62, released: 23, consumed: 38 (MB)
scvg: 0 MB released
scvg: inuse: 23, idle: 38, sys: 62, released: 23, consumed: 38 (MB)
scvg: 0 MB released
scvg: inuse: 23, idle: 38, sys: 62, released: 23, consumed: 38 (MB)
scvg: 0 MB released
scvg: inuse: 23, idle: 38, sys: 62, released: 24, consumed: 38 (MB)
scvg: 0 MB released
scvg: inuse: 23, idle: 38, sys: 62, released: 24, consumed: 38 (MB)
scvg: 0 MB released
scvg: inuse: 23, idle: 38, sys: 62, released: 24, consumed: 38 (MB)
scvg: 0 MB released
scvg: inuse: 23, idle: 38, sys: 62, released: 24, consumed: 38 (MB)
scvg: 0 MB released
scvg: inuse: 23, idle: 38, sys: 62, released: 24, consumed: 38 (MB)
scvg: 0 MB released
scvg: inuse: 23, idle: 38, sys: 62, released: 24, consumed: 38 (MB)
scvg: 0 MB released
scvg: inuse: 23, idle: 38, sys: 62, released: 24, consumed: 38 (MB)
scvg: 0 MB released
scvg: inuse: 23, idle: 38, sys: 62, released: 24, consumed: 38 (MB)
scvg: 0 MB released
scvg: inuse: 23, idle: 38, sys: 62, released: 24, consumed: 38 (MB)
scvg: 0 MB released
scvg: inuse: 23, idle: 38, sys: 62, released: 24, consumed: 38 (MB)
scvg: 0 MB released
scvg: inuse: 23, idle: 38, sys: 62, released: 24, consumed: 38 (MB)
scvg: 0 MB released
scvg: inuse: 23, idle: 38, sys: 62, released: 24, consumed: 38 (MB)
scvg: 0 MB released
scvg: inuse: 23, idle: 38, sys: 62, released: 24, consumed: 38 (MB)
scvg: 0 MB released
scvg: inuse: 23, idle: 38, sys: 62, released: 24, consumed: 38 (MB)
scvg: 0 MB released
scvg: inuse: 23, idle: 38, sys: 62, released: 24, consumed: 38 (MB)
scvg: 0 MB released
scvg: inuse: 23, idle: 38, sys: 62, released: 24, consumed: 38 (MB)
scvg: 0 MB released
scvg: inuse: 23, idle: 38, sys: 62, released: 24, consumed: 38 (MB)
scvg: 0 MB released
scvg: inuse: 23, idle: 38, sys: 62, released: 24, consumed: 38 (MB)
scvg: 0 MB released
scvg: inuse: 23, idle: 38, sys: 62, released: 24, consumed: 38 (MB)
scvg: 0 MB released
scvg: inuse: 23, idle: 38, sys: 62, released: 24, consumed: 38 (MB)
scvg: 0 MB released
scvg: inuse: 23, idle: 38, sys: 62, released: 24, consumed: 38 (MB)
scvg: 0 MB released
scvg: inuse: 23, idle: 38, sys: 62, released: 24, consumed: 38 (MB)
scvg: 0 MB released
scvg: inuse: 23, idle: 38, sys: 62, released: 24, consumed: 38 (MB)
scvg: 0 MB released
scvg: inuse: 23, idle: 38, sys: 62, released: 24, consumed: 38 (MB)
scvg: 0 MB released
scvg: inuse: 23, idle: 38, sys: 62, released: 24, consumed: 38 (MB)
scvg: 0 MB released
scvg: inuse: 23, idle: 38, sys: 62, released: 24, consumed: 37 (MB)
scvg: 0 MB released
scvg: inuse: 23, idle: 38, sys: 62, released: 24, consumed: 37 (MB)
scvg: 0 MB released
scvg: inuse: 23, idle: 38, sys: 62, released: 24, consumed: 37 (MB)
scvg: 0 MB released
scvg: inuse: 23, idle: 38, sys: 62, released: 24, consumed: 37 (MB)
scvg: 0 MB released
scvg: inuse: 23, idle: 38, sys: 62, released: 24, consumed: 37 (MB)
scvg: 0 MB released
scvg: inuse: 23, idle: 38, sys: 62, released: 24, consumed: 37 (MB)
scvg: 0 MB released
scvg: inuse: 23, idle: 38, sys: 62, released: 24, consumed: 37 (MB)
scvg: 0 MB released
scvg: inuse: 23, idle: 38, sys: 62, released: 24, consumed: 37 (MB)
scvg: 0 MB released
scvg: inuse: 23, idle: 38, sys: 62, released: 24, consumed: 37 (MB)
scvg: 0 MB released
scvg: inuse: 23, idle: 38, sys: 62, released: 24, consumed: 37 (MB)
scvg: 0 MB released
scvg: inuse: 23, idle: 38, sys: 62, released: 24, consumed: 37 (MB)
scvg: 0 MB released
scvg: inuse: 23, idle: 38, sys: 62, released: 24, consumed: 37 (MB)
scvg: 0 MB released
scvg: inuse: 23, idle: 38, sys: 62, released: 24, consumed: 37 (MB)
scvg: 0 MB released
scvg: inuse: 23, idle: 38, sys: 62, released: 24, consumed: 37 (MB)
scvg: 0 MB released
scvg: inuse: 23, idle: 38, sys: 62, released: 24, consumed: 37 (MB)
scvg: 0 MB released
scvg: inuse: 23, idle: 38, sys: 62, released: 24, consumed: 37 (MB)
scvg: 0 MB released
scvg: inuse: 23, idle: 38, sys: 62, released: 24, consumed: 37 (MB)
scvg: 0 MB released
scvg: inuse: 23, idle: 38, sys: 62, released: 24, consumed: 37 (MB)
scvg: 0 MB released
scvg: inuse: 23, idle: 38, sys: 62, released: 24, consumed: 37 (MB)
scvg: 0 MB released
scvg: inuse: 23, idle: 38, sys: 62, released: 24, consumed: 37 (MB)
scvg: 0 MB released
scvg: inuse: 23, idle: 38, sys: 62, released: 24, consumed: 37 (MB)
scvg: 0 MB released
scvg: inuse: 23, idle: 38, sys: 62, released: 24, consumed: 37 (MB)
scvg: 0 MB released
scvg: inuse: 23, idle: 38, sys: 62, released: 24, consumed: 37 (MB)
scvg: 0 MB released
scvg: inuse: 23, idle: 38, sys: 62, released: 24, consumed: 37 (MB)
scvg: 0 MB released
scvg: inuse: 23, idle: 38, sys: 62, released: 24, consumed: 37 (MB)
scvg: 0 MB released
scvg: inuse: 23, idle: 38, sys: 62, released: 24, consumed: 37 (MB)
scvg: 0 MB released
scvg: inuse: 23, idle: 38, sys: 62, released: 24, consumed: 37 (MB)
scvg: 0 MB released
scvg: inuse: 23, idle: 38, sys: 62, released: 24, consumed: 37 (MB)
scvg: 0 MB released
scvg: inuse: 23, idle: 38, sys: 62, released: 24, consumed: 37 (MB)
scvg: 0 MB released
scvg: inuse: 23, idle: 38, sys: 62, released: 24, consumed: 37 (MB)
scvg: 0 MB released
scvg: inuse: 23, idle: 38, sys: 62, released: 24, consumed: 37 (MB)
scvg: 0 MB released
scvg: inuse: 23, idle: 38, sys: 62, released: 24, consumed: 37 (MB)
scvg: 0 MB released
scvg: inuse: 23, idle: 38, sys: 62, released: 24, consumed: 37 (MB)
scvg: 0 MB released
scvg: inuse: 23, idle: 38, sys: 62, released: 24, consumed: 37 (MB)
scvg: 0 MB released
scvg: inuse: 23, idle: 38, sys: 62, released: 24, consumed: 37 (MB)
scvg: 0 MB released
scvg: inuse: 23, idle: 38, sys: 62, released: 24, consumed: 37 (MB)
scvg: 0 MB released
scvg: inuse: 23, idle: 38, sys: 62, released: 24, consumed: 37 (MB)
scvg: 0 MB released
scvg: inuse: 23, idle: 38, sys: 62, released: 24, consumed: 37 (MB)
scvg: 0 MB released
scvg: inuse: 23, idle: 38, sys: 62, released: 24, consumed: 37 (MB)
scvg: 0 MB released
scvg: inuse: 23, idle: 38, sys: 62, released: 24, consumed: 37 (MB)
scvg: 0 MB released
scvg: inuse: 23, idle: 38, sys: 62, released: 24, consumed: 37 (MB)
scvg: 0 MB released
scvg: inuse: 23, idle: 38, sys: 62, released: 24, consumed: 37 (MB)
scvg: 0 MB released
scvg: inuse: 23, idle: 38, sys: 62, released: 24, consumed: 37 (MB)
scvg: 0 MB released
scvg: inuse: 23, idle: 38, sys: 62, released: 24, consumed: 37 (MB)
scvg: 0 MB released
scvg: inuse: 23, idle: 38, sys: 62, released: 24, consumed: 37 (MB)
scvg: 0 MB released
scvg: inuse: 23, idle: 38, sys: 62, released: 24, consumed: 37 (MB)
scvg: 0 MB released
scvg: inuse: 23, idle: 38, sys: 62, released: 24, consumed: 37 (MB)
scvg: 0 MB released
scvg: inuse: 23, idle: 38, sys: 62, released: 24, consumed: 37 (MB)
scvg: 0 MB released
scvg: inuse: 23, idle: 38, sys: 62, released: 24, consumed: 37 (MB)
scvg: 0 MB released
scvg: inuse: 23, idle: 38, sys: 62, released: 24, consumed: 37 (MB)
scvg: 0 MB released
scvg: inuse: 23, idle: 38, sys: 62, released: 24, consumed: 37 (MB)
scvg: 0 MB released
scvg: inuse: 23, idle: 38, sys: 62, released: 24, consumed: 37 (MB)
scvg: 0 MB released
scvg: inuse: 23, idle: 38, sys: 62, released: 24, consumed: 37 (MB)
scvg: 0 MB released
scvg: inuse: 23, idle: 38, sys: 62, released: 24, consumed: 37 (MB)
scvg: 0 MB released
scvg: inuse: 23, idle: 38, sys: 62, released: 24, consumed: 37 (MB)
scvg: 0 MB released
scvg: inuse: 23, idle: 38, sys: 62, released: 24, consumed: 37 (MB)
scvg: 0 MB released
scvg: inuse: 23, idle: 38, sys: 62, released: 24, consumed: 37 (MB)
scvg: 0 MB released
scvg: inuse: 23, idle: 38, sys: 62, released: 24, consumed: 37 (MB)
scvg: 0 MB released
scvg: inuse: 23, idle: 38, sys: 62, released: 24, consumed: 37 (MB)
scvg: 0 MB released
scvg: inuse: 23, idle: 38, sys: 62, released: 24, consumed: 37 (MB)
scvg: 0 MB released
scvg: inuse: 23, idle: 38, sys: 62, released: 24, consumed: 37 (MB)
scvg: 0 MB released
scvg: inuse: 23, idle: 38, sys: 62, released: 24, consumed: 37 (MB)
scvg: 0 MB released
scvg: inuse: 23, idle: 38, sys: 62, released: 24, consumed: 37 (MB)
scvg: 0 MB released
scvg: inuse: 23, idle: 38, sys: 62, released: 24, consumed: 37 (MB)
scvg: 0 MB released
scvg: inuse: 23, idle: 38, sys: 62, released: 24, consumed: 37 (MB)
scvg: 0 MB released
scvg: inuse: 23, idle: 38, sys: 62, released: 24, consumed: 37 (MB)
scvg: 0 MB released
scvg: inuse: 23, idle: 38, sys: 62, released: 24, consumed: 37 (MB)
scvg: 0 MB released
scvg: inuse: 23, idle: 38, sys: 62, released: 24, consumed: 37 (MB)
scvg: 0 MB released
scvg: inuse: 23, idle: 38, sys: 62, released: 24, consumed: 37 (MB)
scvg: 0 MB released
scvg: inuse: 23, idle: 38, sys: 62, released: 24, consumed: 37 (MB)
scvg: 0 MB released
scvg: inuse: 23, idle: 38, sys: 62, released: 24, consumed: 37 (MB)
scvg: 0 MB released
scvg: inuse: 23, idle: 38, sys: 62, released: 24, consumed: 37 (MB)
scvg: 0 MB released
scvg: inuse: 23, idle: 38, sys: 62, released: 24, consumed: 37 (MB)
scvg: 0 MB released
scvg: inuse: 23, idle: 38, sys: 62, released: 24, consumed: 37 (MB)
scvg: 0 MB released
scvg: inuse: 23, idle: 38, sys: 62, released: 24, consumed: 37 (MB)
scvg: 0 MB released
scvg: inuse: 23, idle: 38, sys: 62, released: 24, consumed: 37 (MB)
scvg: 0 MB released
scvg: inuse: 23, idle: 38, sys: 62, released: 24, consumed: 37 (MB)
scvg: 0 MB released
scvg: inuse: 23, idle: 38, sys: 62, released: 24, consumed: 37 (MB)
scvg: 0 MB released
scvg: inuse: 23, idle: 38, sys: 62, released: 24, consumed: 37 (MB)
scvg: 0 MB released
scvg: inuse: 23, idle: 38, sys: 62, released: 24, consumed: 37 (MB)
scvg: 0 MB released
scvg: inuse: 23, idle: 38, sys: 62, released: 24, consumed: 37 (MB)
scvg: 0 MB released
scvg: inuse: 23, idle: 38, sys: 62, released: 24, consumed: 37 (MB)
scvg: 0 MB released
scvg: inuse: 23, idle: 38, sys: 62, released: 24, consumed: 37 (MB)
scvg: 0 MB released
scvg: inuse: 23, idle: 38, sys: 62, released: 24, consumed: 37 (MB)
scvg: 0 MB released
scvg: inuse: 23, idle: 38, sys: 62, released: 24, consumed: 37 (MB)
scvg: 0 MB released
scvg: inuse: 23, idle: 38, sys: 62, released: 24, consumed: 37 (MB)
scvg: 0 MB released
scvg: inuse: 23, idle: 38, sys: 62, released: 24, consumed: 37 (MB)
scvg: 0 MB released
scvg: inuse: 23, idle: 38, sys: 62, released: 24, consumed: 37 (MB)
scvg: 0 MB released
scvg: inuse: 23, idle: 38, sys: 62, released: 24, consumed: 37 (MB)
scvg: 0 MB released
scvg: inuse: 23, idle: 38, sys: 62, released: 24, consumed: 37 (MB)
scvg: 0 MB released
scvg: inuse: 23, idle: 38, sys: 62, released: 24, consumed: 37 (MB)
scvg: 0 MB released
scvg: inuse: 23, idle: 38, sys: 62, released: 24, consumed: 37 (MB)
scvg: 0 MB released
scvg: inuse: 23, idle: 38, sys: 62, released: 24, consumed: 37 (MB)
scvg: 0 MB released
scvg: inuse: 23, idle: 38, sys: 62, released: 24, consumed: 37 (MB)
scvg: 0 MB released
scvg: inuse: 23, idle: 38, sys: 62, released: 24, consumed: 37 (MB)
scvg: 0 MB released
scvg: inuse: 23, idle: 38, sys: 62, released: 24, consumed: 37 (MB)
scvg: 0 MB released
scvg: inuse: 23, idle: 38, sys: 62, released: 24, consumed: 37 (MB)
scvg: 0 MB released
scvg: inuse: 23, idle: 38, sys: 62, released: 24, consumed: 37 (MB)
scvg: 0 MB released
scvg: inuse: 23, idle: 38, sys: 62, released: 24, consumed: 37 (MB)
scvg: 0 MB released
scvg: inuse: 23, idle: 38, sys: 62, released: 24, consumed: 37 (MB)
scvg: 0 MB released
scvg: inuse: 23, idle: 38, sys: 62, released: 24, consumed: 37 (MB)
scvg: 0 MB released
scvg: inuse: 23, idle: 38, sys: 62, released: 24, consumed: 37 (MB)
scvg: 0 MB released
scvg: inuse: 23, idle: 38, sys: 62, released: 24, consumed: 37 (MB)
scvg: 0 MB released
scvg: inuse: 23, idle: 38, sys: 62, released: 25, consumed: 37 (MB)
scvg: 0 MB released
scvg: inuse: 23, idle: 38, sys: 62, released: 25, consumed: 37 (MB)
scvg: 0 MB released
scvg: inuse: 23, idle: 38, sys: 62, released: 25, consumed: 37 (MB)
scvg: 0 MB released
scvg: inuse: 23, idle: 38, sys: 62, released: 25, consumed: 37 (MB)
scvg: 0 MB released
scvg: inuse: 23, idle: 38, sys: 62, released: 25, consumed: 37 (MB)
scvg: 0 MB released
scvg: inuse: 23, idle: 38, sys: 62, released: 25, consumed: 37 (MB)
scvg: 0 MB released
scvg: inuse: 23, idle: 38, sys: 62, released: 25, consumed: 37 (MB)
scvg: 0 MB released
scvg: inuse: 23, idle: 38, sys: 62, released: 25, consumed: 37 (MB)
scvg: 0 MB released
scvg: inuse: 23, idle: 38, sys: 62, released: 25, consumed: 37 (MB)
scvg: 0 MB released
scvg: inuse: 23, idle: 38, sys: 62, released: 25, consumed: 37 (MB)
scvg: 0 MB released
scvg: inuse: 23, idle: 38, sys: 62, released: 25, consumed: 37 (MB)
scvg: 0 MB released
scvg: inuse: 23, idle: 38, sys: 62, released: 25, consumed: 37 (MB)
scvg: 0 MB released
scvg: inuse: 23, idle: 38, sys: 62, released: 25, consumed: 37 (MB)
scvg: 0 MB released
scvg: inuse: 23, idle: 38, sys: 62, released: 25, consumed: 37 (MB)
scvg: 0 MB released
scvg: inuse: 23, idle: 38, sys: 62, released: 25, consumed: 37 (MB)
scvg: 0 MB released
scvg: inuse: 23, idle: 38, sys: 62, released: 25, consumed: 37 (MB)
scvg: 0 MB released
scvg: inuse: 23, idle: 38, sys: 62, released: 25, consumed: 37 (MB)
scvg: 0 MB released
scvg: inuse: 23, idle: 38, sys: 62, released: 25, consumed: 37 (MB)
scvg: 0 MB released
scvg: inuse: 23, idle: 38, sys: 62, released: 25, consumed: 37 (MB)
scvg: 0 MB released
scvg: inuse: 23, idle: 38, sys: 62, released: 25, consumed: 37 (MB)
scvg: 0 MB released
scvg: inuse: 23, idle: 38, sys: 62, released: 25, consumed: 37 (MB)
scvg: 0 MB released
scvg: inuse: 23, idle: 38, sys: 62, released: 25, consumed: 37 (MB)
scvg: 0 MB released
scvg: inuse: 23, idle: 38, sys: 62, released: 25, consumed: 37 (MB)
scvg: 0 MB released
scvg: inuse: 23, idle: 38, sys: 62, released: 25, consumed: 37 (MB)
scvg: 0 MB released
scvg: inuse: 23, idle: 38, sys: 62, released: 25, consumed: 37 (MB)
scvg: 0 MB released
scvg: inuse: 23, idle: 38, sys: 62, released: 25, consumed: 36 (MB)
scvg: 0 MB released
scvg: inuse: 23, idle: 38, sys: 62, released: 25, consumed: 36 (MB)
scvg: 0 MB released
scvg: inuse: 23, idle: 38, sys: 62, released: 25, consumed: 36 (MB)
scvg: 0 MB released
scvg: inuse: 23, idle: 38, sys: 62, released: 25, consumed: 36 (MB)
scvg: 0 MB released
scvg: inuse: 23, idle: 38, sys: 62, released: 25, consumed: 36 (MB)
scvg: 0 MB released
scvg: inuse: 23, idle: 38, sys: 62, released: 25, consumed: 36 (MB)
scvg: 0 MB released
scvg: inuse: 23, idle: 38, sys: 62, released: 25, consumed: 36 (MB)
scvg: 0 MB released
scvg: inuse: 23, idle: 38, sys: 62, released: 25, consumed: 36 (MB)
scvg: 0 MB released
scvg: inuse: 23, idle: 38, sys: 62, released: 25, consumed: 36 (MB)
scvg: 0 MB released
scvg: inuse: 23, idle: 38, sys: 62, released: 25, consumed: 36 (MB)
scvg: 0 MB released
scvg: inuse: 23, idle: 38, sys: 62, released: 25, consumed: 36 (MB)
scvg: 0 MB released
scvg: inuse: 23, idle: 38, sys: 62, released: 25, consumed: 36 (MB)
scvg: 0 MB released
scvg: inuse: 23, idle: 38, sys: 62, released: 25, consumed: 36 (MB)
scvg: 0 MB released
scvg: inuse: 23, idle: 38, sys: 62, released: 25, consumed: 36 (MB)
scvg: 0 MB released
scvg: inuse: 23, idle: 38, sys: 62, released: 25, consumed: 36 (MB)
scvg: 0 MB released
scvg: inuse: 23, idle: 38, sys: 62, released: 25, consumed: 36 (MB)
scvg: 0 MB released
scvg: inuse: 23, idle: 38, sys: 62, released: 25, consumed: 36 (MB)
scvg: 0 MB released
scvg: inuse: 23, idle: 38, sys: 62, released: 25, consumed: 36 (MB)
scvg: 0 MB released
scvg: inuse: 23, idle: 38, sys: 62, released: 25, consumed: 36 (MB)
scvg: 0 MB released
scvg: inuse: 23, idle: 38, sys: 62, released: 25, consumed: 36 (MB)
scvg: 0 MB released
scvg: inuse: 23, idle: 38, sys: 62, released: 25, consumed: 36 (MB)
scvg: 0 MB released
scvg: inuse: 23, idle: 38, sys: 62, released: 25, consumed: 36 (MB)
scvg: 0 MB released
scvg: inuse: 23, idle: 38, sys: 62, released: 25, consumed: 36 (MB)
scvg: 0 MB released
scvg: inuse: 23, idle: 38, sys: 62, released: 25, consumed: 36 (MB)
scvg: 0 MB released
scvg: inuse: 23, idle: 38, sys: 62, released: 25, consumed: 36 (MB)
scvg: 0 MB released
scvg: inuse: 23, idle: 38, sys: 62, released: 25, consumed: 36 (MB)
scvg: 0 MB released
scvg: inuse: 23, idle: 38, sys: 62, released: 25, consumed: 36 (MB)
scvg: 0 MB released
scvg: inuse: 23, idle: 38, sys: 62, released: 25, consumed: 36 (MB)
scvg: 0 MB released
scvg: inuse: 23, idle: 38, sys: 62, released: 25, consumed: 36 (MB)
scvg: 0 MB released
scvg: inuse: 23, idle: 38, sys: 62, released: 25, consumed: 36 (MB)
scvg: 0 MB released
scvg: inuse: 23, idle: 38, sys: 62, released: 25, consumed: 36 (MB)
scvg: 0 MB released
scvg: inuse: 23, idle: 38, sys: 62, released: 25, consumed: 36 (MB)
scvg: 0 MB released
scvg: inuse: 23, idle: 38, sys: 62, released: 25, consumed: 36 (MB)
scvg: 0 MB released
scvg: inuse: 23, idle: 38, sys: 62, released: 25, consumed: 36 (MB)
scvg: 0 MB released
scvg: inuse: 23, idle: 38, sys: 62, released: 25, consumed: 36 (MB)
scvg: 0 MB released
scvg: inuse: 23, idle: 38, sys: 62, released: 25, consumed: 36 (MB)
scvg: 0 MB released
scvg: inuse: 23, idle: 38, sys: 62, released: 25, consumed: 36 (MB)
scvg: 0 MB released
scvg: inuse: 23, idle: 38, sys: 62, released: 25, consumed: 36 (MB)
scvg: 0 MB released
scvg: inuse: 23, idle: 38, sys: 62, released: 25, consumed: 36 (MB)
scvg: 0 MB released
scvg: inuse: 23, idle: 38, sys: 62, released: 25, consumed: 36 (MB)
scvg: 0 MB released
scvg: inuse: 23, idle: 38, sys: 62, released: 25, consumed: 36 (MB)
scvg: 0 MB released
scvg: inuse: 23, idle: 38, sys: 62, released: 25, consumed: 36 (MB)
scvg: 0 MB released
scvg: inuse: 23, idle: 38, sys: 62, released: 25, consumed: 36 (MB)
scvg: 0 MB released
scvg: inuse: 23, idle: 38, sys: 62, released: 25, consumed: 36 (MB)
scvg: 0 MB released
scvg: inuse: 23, idle: 38, sys: 62, released: 25, consumed: 36 (MB)
scvg: 0 MB released
scvg: inuse: 23, idle: 38, sys: 62, released: 25, consumed: 36 (MB)
scvg: 0 MB released
scvg: inuse: 23, idle: 38, sys: 62, released: 25, consumed: 36 (MB)
scvg: 0 MB released
scvg: inuse: 23, idle: 38, sys: 62, released: 25, consumed: 36 (MB)
scvg: 0 MB released
scvg: inuse: 23, idle: 38, sys: 62, released: 25, consumed: 36 (MB)
scvg: 0 MB released
scvg: inuse: 23, idle: 38, sys: 62, released: 25, consumed: 36 (MB)
scvg: 0 MB released
scvg: inuse: 23, idle: 38, sys: 62, released: 25, consumed: 36 (MB)
scvg: 0 MB released
scvg: inuse: 23, idle: 38, sys: 62, released: 25, consumed: 36 (MB)
scvg: 0 MB released
scvg: inuse: 23, idle: 38, sys: 62, released: 25, consumed: 36 (MB)
scvg: 0 MB released
scvg: inuse: 23, idle: 38, sys: 62, released: 25, consumed: 36 (MB)
scvg: 0 MB released
scvg: inuse: 23, idle: 38, sys: 62, released: 25, consumed: 36 (MB)
scvg: 0 MB released
scvg: inuse: 23, idle: 38, sys: 62, released: 25, consumed: 36 (MB)
scvg: 0 MB released
scvg: inuse: 23, idle: 38, sys: 62, released: 25, consumed: 36 (MB)
scvg: 0 MB released
scvg: inuse: 23, idle: 38, sys: 62, released: 25, consumed: 36 (MB)
scvg: 0 MB released
scvg: inuse: 23, idle: 38, sys: 62, released: 25, consumed: 36 (MB)
scvg: 0 MB released
scvg: inuse: 23, idle: 38, sys: 62, released: 25, consumed: 36 (MB)
scvg: 0 MB released
scvg: inuse: 23, idle: 38, sys: 62, released: 25, consumed: 36 (MB)
scvg: 0 MB released
scvg: inuse: 23, idle: 38, sys: 62, released: 25, consumed: 36 (MB)
scvg: 0 MB released
scvg: inuse: 23, idle: 38, sys: 62, released: 25, consumed: 36 (MB)
scvg: 0 MB released
scvg: inuse: 23, idle: 38, sys: 62, released: 25, consumed: 36 (MB)
scvg: 0 MB released
scvg: inuse: 23, idle: 38, sys: 62, released: 25, consumed: 36 (MB)
scvg: 0 MB released
scvg: inuse: 23, idle: 38, sys: 62, released: 25, consumed: 36 (MB)
scvg: 0 MB released
scvg: inuse: 23, idle: 38, sys: 62, released: 25, consumed: 36 (MB)
scvg: 0 MB released
scvg: inuse: 23, idle: 38, sys: 62, released: 25, consumed: 36 (MB)
scvg: 0 MB released
scvg: inuse: 23, idle: 38, sys: 62, released: 25, consumed: 36 (MB)
scvg: 0 MB released
scvg: inuse: 23, idle: 38, sys: 62, released: 25, consumed: 36 (MB)
scvg: 0 MB released
scvg: inuse: 23, idle: 38, sys: 62, released: 25, consumed: 36 (MB)
scvg: 0 MB released
scvg: inuse: 23, idle: 38, sys: 62, released: 25, consumed: 36 (MB)
scvg: 0 MB released
scvg: inuse: 23, idle: 38, sys: 62, released: 25, consumed: 36 (MB)
scvg: 0 MB released
scvg: inuse: 23, idle: 38, sys: 62, released: 25, consumed: 36 (MB)
scvg: 0 MB released
scvg: inuse: 23, idle: 38, sys: 62, released: 25, consumed: 36 (MB)
scvg: 0 MB released
scvg: inuse: 23, idle: 38, sys: 62, released: 25, consumed: 36 (MB)
scvg: 0 MB released
scvg: inuse: 23, idle: 38, sys: 62, released: 25, consumed: 36 (MB)
scvg: 0 MB released
scvg: inuse: 23, idle: 38, sys: 62, released: 25, consumed: 36 (MB)
scvg: 0 MB released
scvg: inuse: 23, idle: 38, sys: 62, released: 25, consumed: 36 (MB)
scvg: 0 MB released
scvg: inuse: 23, idle: 38, sys: 62, released: 25, consumed: 36 (MB)
scvg: 0 MB released
scvg: inuse: 23, idle: 38, sys: 62, released: 25, consumed: 36 (MB)
scvg: 0 MB released
scvg: inuse: 23, idle: 38, sys: 62, released: 25, consumed: 36 (MB)
scvg: 0 MB released
scvg: inuse: 23, idle: 38, sys: 62, released: 25, consumed: 36 (MB)
scvg: 0 MB released
scvg: inuse: 23, idle: 38, sys: 62, released: 25, consumed: 36 (MB)
scvg: 0 MB released
scvg: inuse: 23, idle: 38, sys: 62, released: 25, consumed: 36 (MB)
scvg: 0 MB released
scvg: inuse: 23, idle: 38, sys: 62, released: 25, consumed: 36 (MB)
scvg: 0 MB released
scvg: inuse: 23, idle: 38, sys: 62, released: 25, consumed: 36 (MB)
scvg: 0 MB released
scvg: inuse: 23, idle: 38, sys: 62, released: 25, consumed: 36 (MB)
scvg: 0 MB released
scvg: inuse: 23, idle: 38, sys: 62, released: 25, consumed: 36 (MB)
scvg: 0 MB released
scvg: inuse: 23, idle: 38, sys: 62, released: 25, consumed: 36 (MB)
scvg: 0 MB released
scvg: inuse: 23, idle: 38, sys: 62, released: 25, consumed: 36 (MB)
scvg: 0 MB released
scvg: inuse: 23, idle: 38, sys: 62, released: 25, consumed: 36 (MB)
scvg: 0 MB released
scvg: inuse: 23, idle: 38, sys: 62, released: 25, consumed: 36 (MB)
scvg: 0 MB released
scvg: inuse: 23, idle: 38, sys: 62, released: 25, consumed: 36 (MB)
scvg: 0 MB released
scvg: inuse: 23, idle: 38, sys: 62, released: 25, consumed: 36 (MB)
scvg: 0 MB released
scvg: inuse: 23, idle: 38, sys: 62, released: 25, consumed: 36 (MB)
scvg: 0 MB released
scvg: inuse: 23, idle: 38, sys: 62, released: 25, consumed: 36 (MB)
scvg: 0 MB released
scvg: inuse: 23, idle: 38, sys: 62, released: 25, consumed: 36 (MB)
scvg: 0 MB released
scvg: inuse: 23, idle: 38, sys: 62, released: 25, consumed: 36 (MB)
scvg: 0 MB released
scvg: inuse: 23, idle: 38, sys: 62, released: 25, consumed: 36 (MB)
scvg: 0 MB released
scvg: inuse: 23, idle: 38, sys: 62, released: 25, consumed: 36 (MB)
scvg: 0 MB released
scvg: inuse: 23, idle: 38, sys: 62, released: 25, consumed: 36 (MB)
scvg: 0 MB released
scvg: inuse: 23, idle: 38, sys: 62, released: 25, consumed: 36 (MB)
scvg: 0 MB released
scvg: inuse: 23, idle: 38, sys: 62, released: 26, consumed: 36 (MB)
scvg: 0 MB released
scvg: inuse: 23, idle: 38, sys: 62, released: 26, consumed: 36 (MB)
scvg: 0 MB released
scvg: inuse: 23, idle: 38, sys: 62, released: 26, consumed: 36 (MB)
scvg: 0 MB released
scvg: inuse: 23, idle: 38, sys: 62, released: 26, consumed: 36 (MB)
scvg: 0 MB released
scvg: inuse: 23, idle: 38, sys: 62, released: 26, consumed: 36 (MB)
scvg: 0 MB released
scvg: inuse: 23, idle: 38, sys: 62, released: 26, consumed: 36 (MB)
scvg: 0 MB released
scvg: inuse: 23, idle: 38, sys: 62, released: 26, consumed: 36 (MB)
scvg: 0 MB released
scvg: inuse: 23, idle: 38, sys: 62, released: 26, consumed: 36 (MB)
scvg: 0 MB released
scvg: inuse: 23, idle: 38, sys: 62, released: 26, consumed: 36 (MB)
scvg: 0 MB released
scvg: inuse: 23, idle: 38, sys: 62, released: 26, consumed: 36 (MB)
scvg: 0 MB released
scvg: inuse: 23, idle: 38, sys: 62, released: 26, consumed: 36 (MB)
scvg: 0 MB released
scvg: inuse: 23, idle: 38, sys: 62, released: 26, consumed: 36 (MB)
scvg: 0 MB released
scvg: inuse: 23, idle: 38, sys: 62, released: 26, consumed: 36 (MB)
scvg: 0 MB released
scvg: inuse: 23, idle: 38, sys: 62, released: 26, consumed: 36 (MB)
scvg: 0 MB released
scvg: inuse: 23, idle: 38, sys: 62, released: 26, consumed: 36 (MB)
scvg: 0 MB released
scvg: inuse: 23, idle: 38, sys: 62, released: 26, consumed: 36 (MB)
scvg: 0 MB released
scvg: inuse: 23, idle: 38, sys: 62, released: 26, consumed: 36 (MB)
scvg: 0 MB released
scvg: inuse: 23, idle: 38, sys: 62, released: 26, consumed: 36 (MB)
scvg: 0 MB released
scvg: inuse: 23, idle: 38, sys: 62, released: 26, consumed: 36 (MB)
scvg: 0 MB released
scvg: inuse: 23, idle: 38, sys: 62, released: 26, consumed: 36 (MB)
scvg: 0 MB released
scvg: inuse: 23, idle: 38, sys: 62, released: 26, consumed: 36 (MB)
scvg: 0 MB released
scvg: inuse: 23, idle: 38, sys: 62, released: 26, consumed: 36 (MB)
scvg: 0 MB released
scvg: inuse: 23, idle: 38, sys: 62, released: 26, consumed: 36 (MB)
scvg: 0 MB released
scvg: inuse: 23, idle: 38, sys: 62, released: 26, consumed: 36 (MB)
scvg: 0 MB released
scvg: inuse: 23, idle: 38, sys: 62, released: 26, consumed: 36 (MB)
scvg: 0 MB released
scvg: inuse: 23, idle: 38, sys: 62, released: 26, consumed: 35 (MB)
scvg: 0 MB released
scvg: inuse: 23, idle: 38, sys: 62, released: 26, consumed: 35 (MB)
scvg: 0 MB released
scvg: inuse: 23, idle: 38, sys: 62, released: 26, consumed: 35 (MB)
scvg: 0 MB released
scvg: inuse: 23, idle: 38, sys: 62, released: 26, consumed: 35 (MB)
scvg: 0 MB released
scvg: inuse: 23, idle: 38, sys: 62, released: 26, consumed: 35 (MB)
scvg: 0 MB released
scvg: inuse: 23, idle: 38, sys: 62, released: 26, consumed: 35 (MB)
scvg: 0 MB released
scvg: inuse: 23, idle: 38, sys: 62, released: 26, consumed: 35 (MB)
scvg: 0 MB released
scvg: inuse: 23, idle: 38, sys: 62, released: 26, consumed: 35 (MB)
scvg: 0 MB released
scvg: inuse: 23, idle: 38, sys: 62, released: 26, consumed: 35 (MB)
scvg: 0 MB released
scvg: inuse: 23, idle: 38, sys: 62, released: 26, consumed: 35 (MB)
scvg: 0 MB released
scvg: inuse: 23, idle: 38, sys: 62, released: 26, consumed: 35 (MB)
scvg: 0 MB released
scvg: inuse: 23, idle: 38, sys: 62, released: 26, consumed: 35 (MB)
scvg: 0 MB released
scvg: inuse: 23, idle: 38, sys: 62, released: 26, consumed: 35 (MB)
scvg: 0 MB released
scvg: inuse: 23, idle: 38, sys: 62, released: 26, consumed: 35 (MB)
scvg: 0 MB released
scvg: inuse: 23, idle: 38, sys: 62, released: 26, consumed: 35 (MB)
scvg: 0 MB released
scvg: inuse: 23, idle: 38, sys: 62, released: 26, consumed: 35 (MB)
scvg: 0 MB released
scvg: inuse: 23, idle: 38, sys: 62, released: 26, consumed: 35 (MB)
scvg: 0 MB released
scvg: inuse: 23, idle: 38, sys: 62, released: 26, consumed: 35 (MB)
scvg: 0 MB released
scvg: inuse: 23, idle: 38, sys: 62, released: 26, consumed: 35 (MB)
scvg: 0 MB released
scvg: inuse: 23, idle: 38, sys: 62, released: 26, consumed: 35 (MB)
scvg: 0 MB released
scvg: inuse: 23, idle: 38, sys: 62, released: 26, consumed: 35 (MB)
scvg: 0 MB released
scvg: inuse: 23, idle: 38, sys: 62, released: 26, consumed: 35 (MB)
scvg: 0 MB released
scvg: inuse: 23, idle: 38, sys: 62, released: 26, consumed: 35 (MB)
scvg: 0 MB released
scvg: inuse: 23, idle: 38, sys: 62, released: 26, consumed: 35 (MB)
scvg: 0 MB released
scvg: inuse: 23, idle: 38, sys: 62, released: 26, consumed: 35 (MB)
scvg: 0 MB released
scvg: inuse: 23, idle: 38, sys: 62, released: 26, consumed: 35 (MB)
scvg: 0 MB released
scvg: inuse: 23, idle: 38, sys: 62, released: 26, consumed: 35 (MB)
scvg: 0 MB released
scvg: inuse: 23, idle: 38, sys: 62, released: 26, consumed: 35 (MB)
scvg: 0 MB released
scvg: inuse: 23, idle: 38, sys: 62, released: 26, consumed: 35 (MB)
scvg: 0 MB released
scvg: inuse: 23, idle: 38, sys: 62, released: 26, consumed: 35 (MB)
scvg: 0 MB released
scvg: inuse: 23, idle: 38, sys: 62, released: 26, consumed: 35 (MB)
scvg: 0 MB released
scvg: inuse: 23, idle: 38, sys: 62, released: 26, consumed: 35 (MB)
scvg: 0 MB released
scvg: inuse: 23, idle: 38, sys: 62, released: 26, consumed: 35 (MB)
scvg: 0 MB released
scvg: inuse: 23, idle: 38, sys: 62, released: 26, consumed: 35 (MB)
scvg: 0 MB released
scvg: inuse: 23, idle: 38, sys: 62, released: 26, consumed: 35 (MB)
scvg: 0 MB released
scvg: inuse: 23, idle: 38, sys: 62, released: 26, consumed: 35 (MB)
scvg: 0 MB released
scvg: inuse: 23, idle: 38, sys: 62, released: 26, consumed: 35 (MB)
scvg: 0 MB released
scvg: inuse: 23, idle: 38, sys: 62, released: 26, consumed: 35 (MB)
scvg: 0 MB released
scvg: inuse: 23, idle: 38, sys: 62, released: 26, consumed: 35 (MB)
scvg: 0 MB released
scvg: inuse: 23, idle: 38, sys: 62, released: 26, consumed: 35 (MB)
scvg: 0 MB released
scvg: inuse: 23, idle: 38, sys: 62, released: 26, consumed: 35 (MB)
scvg: 0 MB released
scvg: inuse: 23, idle: 38, sys: 62, released: 26, consumed: 35 (MB)
scvg: 0 MB released
scvg: inuse: 23, idle: 38, sys: 62, released: 26, consumed: 35 (MB)
scvg: 0 MB released
scvg: inuse: 23, idle: 38, sys: 62, released: 26, consumed: 35 (MB)
scvg: 0 MB released
scvg: inuse: 23, idle: 38, sys: 62, released: 26, consumed: 35 (MB)
scvg: 0 MB released
scvg: inuse: 23, idle: 38, sys: 62, released: 26, consumed: 35 (MB)
scvg: 0 MB released
scvg: inuse: 23, idle: 38, sys: 62, released: 26, consumed: 35 (MB)
scvg: 0 MB released
scvg: inuse: 23, idle: 38, sys: 62, released: 26, consumed: 35 (MB)
scvg: 0 MB released
scvg: inuse: 23, idle: 38, sys: 62, released: 26, consumed: 35 (MB)
scvg: 0 MB released
scvg: inuse: 23, idle: 38, sys: 62, released: 26, consumed: 35 (MB)
scvg: 0 MB released
scvg: inuse: 23, idle: 38, sys: 62, released: 26, consumed: 35 (MB)
scvg: 0 MB released
scvg: inuse: 23, idle: 38, sys: 62, released: 26, consumed: 35 (MB)
scvg: 0 MB released
scvg: inuse: 23, idle: 38, sys: 62, released: 26, consumed: 35 (MB)
scvg: 0 MB released
scvg: inuse: 23, idle: 38, sys: 62, released: 26, consumed: 35 (MB)
scvg: 0 MB released
scvg: inuse: 23, idle: 38, sys: 62, released: 26, consumed: 35 (MB)
scvg: 0 MB released
scvg: inuse: 23, idle: 38, sys: 62, released: 26, consumed: 35 (MB)
scvg: 0 MB released
scvg: inuse: 23, idle: 38, sys: 62, released: 26, consumed: 35 (MB)
scvg: 0 MB released
scvg: inuse: 23, idle: 38, sys: 62, released: 26, consumed: 35 (MB)
scvg: 0 MB released
scvg: inuse: 23, idle: 38, sys: 62, released: 26, consumed: 35 (MB)
scvg: 0 MB released
scvg: inuse: 23, idle: 38, sys: 62, released: 26, consumed: 35 (MB)
scvg: 0 MB released
scvg: inuse: 23, idle: 38, sys: 62, released: 26, consumed: 35 (MB)
scvg: 0 MB released
scvg: inuse: 23, idle: 38, sys: 62, released: 26, consumed: 35 (MB)
scvg: 0 MB released
scvg: inuse: 23, idle: 38, sys: 62, released: 26, consumed: 35 (MB)
scvg: 0 MB released
scvg: inuse: 23, idle: 38, sys: 62, released: 26, consumed: 35 (MB)
scvg: 0 MB released
scvg: inuse: 23, idle: 38, sys: 62, released: 26, consumed: 35 (MB)
scvg: 0 MB released
scvg: inuse: 23, idle: 38, sys: 62, released: 26, consumed: 35 (MB)
scvg: 0 MB released
scvg: inuse: 23, idle: 38, sys: 62, released: 26, consumed: 35 (MB)
scvg: 0 MB released
scvg: inuse: 23, idle: 38, sys: 62, released: 26, consumed: 35 (MB)
scvg: 0 MB released
scvg: inuse: 23, idle: 38, sys: 62, released: 26, consumed: 35 (MB)
scvg: 0 MB released
scvg: inuse: 23, idle: 38, sys: 62, released: 26, consumed: 35 (MB)
scvg: 0 MB released
scvg: inuse: 23, idle: 38, sys: 62, released: 26, consumed: 35 (MB)
scvg: 0 MB released
scvg: inuse: 23, idle: 38, sys: 62, released: 26, consumed: 35 (MB)
scvg: 0 MB released
scvg: inuse: 23, idle: 38, sys: 62, released: 26, consumed: 35 (MB)
scvg: 0 MB released
scvg: inuse: 23, idle: 38, sys: 62, released: 26, consumed: 35 (MB)
scvg: 0 MB released
scvg: inuse: 23, idle: 38, sys: 62, released: 26, consumed: 35 (MB)
scvg: 0 MB released
scvg: inuse: 23, idle: 38, sys: 62, released: 26, consumed: 35 (MB)
scvg: 0 MB released
scvg: inuse: 23, idle: 38, sys: 62, released: 26, consumed: 35 (MB)
scvg: 0 MB released
scvg: inuse: 23, idle: 38, sys: 62, released: 26, consumed: 35 (MB)
scvg: 0 MB released
scvg: inuse: 23, idle: 38, sys: 62, released: 26, consumed: 35 (MB)
scvg: 0 MB released
scvg: inuse: 23, idle: 38, sys: 62, released: 26, consumed: 35 (MB)
scvg: 0 MB released
scvg: inuse: 23, idle: 38, sys: 62, released: 26, consumed: 35 (MB)
scvg: 0 MB released
scvg: inuse: 23, idle: 38, sys: 62, released: 26, consumed: 35 (MB)
scvg: 0 MB released
scvg: inuse: 23, idle: 38, sys: 62, released: 26, consumed: 35 (MB)
scvg: 0 MB released
scvg: inuse: 23, idle: 38, sys: 62, released: 26, consumed: 35 (MB)
scvg: 0 MB released
scvg: inuse: 23, idle: 38, sys: 62, released: 26, consumed: 35 (MB)
scvg: 0 MB released
scvg: inuse: 23, idle: 38, sys: 62, released: 26, consumed: 35 (MB)
scvg: 0 MB released
scvg: inuse: 23, idle: 38, sys: 62, released: 26, consumed: 35 (MB)
scvg: 0 MB released
scvg: inuse: 23, idle: 38, sys: 62, released: 26, consumed: 35 (MB)
scvg: 0 MB released
scvg: inuse: 23, idle: 38, sys: 62, released: 26, consumed: 35 (MB)
scvg: 0 MB released
scvg: inuse: 23, idle: 38, sys: 62, released: 26, consumed: 35 (MB)
scvg: 0 MB released
scvg: inuse: 23, idle: 38, sys: 62, released: 26, consumed: 35 (MB)
scvg: 0 MB released
scvg: inuse: 23, idle: 38, sys: 62, released: 26, consumed: 35 (MB)
scvg: 0 MB released
scvg: inuse: 23, idle: 38, sys: 62, released: 26, consumed: 35 (MB)
scvg: 0 MB released
scvg: inuse: 23, idle: 38, sys: 62, released: 26, consumed: 35 (MB)
scvg: 0 MB released
scvg: inuse: 23, idle: 38, sys: 62, released: 26, consumed: 35 (MB)
scvg: 0 MB released
scvg: inuse: 23, idle: 38, sys: 62, released: 26, consumed: 35 (MB)
scvg: 0 MB released
scvg: inuse: 23, idle: 38, sys: 62, released: 26, consumed: 35 (MB)
scvg: 0 MB released
scvg: inuse: 23, idle: 38, sys: 62, released: 26, consumed: 35 (MB)
scvg: 0 MB released
scvg: inuse: 23, idle: 38, sys: 62, released: 26, consumed: 35 (MB)
scvg: 0 MB released
scvg: inuse: 23, idle: 38, sys: 62, released: 26, consumed: 35 (MB)
scvg: 0 MB released
scvg: inuse: 23, idle: 38, sys: 62, released: 26, consumed: 35 (MB)
scvg: 0 MB released
scvg: inuse: 23, idle: 38, sys: 62, released: 26, consumed: 35 (MB)
scvg: 0 MB released
scvg: inuse: 23, idle: 38, sys: 62, released: 26, consumed: 35 (MB)
scvg: 0 MB released
scvg: inuse: 23, idle: 38, sys: 62, released: 27, consumed: 35 (MB)
scvg: 0 MB released
scvg: inuse: 23, idle: 38, sys: 62, released: 27, consumed: 35 (MB)
scvg: 0 MB released
scvg: inuse: 23, idle: 38, sys: 62, released: 27, consumed: 35 (MB)
scvg: 0 MB released
scvg: inuse: 23, idle: 38, sys: 62, released: 27, consumed: 35 (MB)
scvg: 0 MB released
scvg: inuse: 23, idle: 38, sys: 62, released: 27, consumed: 35 (MB)
scvg: 0 MB released
scvg: inuse: 23, idle: 38, sys: 62, released: 27, consumed: 35 (MB)
scvg: 0 MB released
scvg: inuse: 23, idle: 38, sys: 62, released: 27, consumed: 35 (MB)
scvg: 0 MB released
scvg: inuse: 23, idle: 38, sys: 62, released: 27, consumed: 35 (MB)
scvg: 0 MB released
scvg: inuse: 23, idle: 38, sys: 62, released: 27, consumed: 35 (MB)
scvg: 0 MB released
scvg: inuse: 23, idle: 38, sys: 62, released: 27, consumed: 35 (MB)
scvg: 0 MB released
scvg: inuse: 23, idle: 38, sys: 62, released: 27, consumed: 35 (MB)
scvg: 0 MB released
scvg: inuse: 23, idle: 38, sys: 62, released: 27, consumed: 35 (MB)
scvg: 0 MB released
scvg: inuse: 23, idle: 38, sys: 62, released: 27, consumed: 35 (MB)
scvg: 0 MB released
scvg: inuse: 23, idle: 38, sys: 62, released: 27, consumed: 35 (MB)
scvg: 0 MB released
scvg: inuse: 23, idle: 38, sys: 62, released: 27, consumed: 35 (MB)
scvg: 0 MB released
scvg: inuse: 23, idle: 38, sys: 62, released: 27, consumed: 35 (MB)
scvg: 0 MB released
scvg: inuse: 23, idle: 38, sys: 62, released: 27, consumed: 35 (MB)
scvg: 0 MB released
scvg: inuse: 23, idle: 38, sys: 62, released: 27, consumed: 35 (MB)
scvg: 0 MB released
scvg: inuse: 23, idle: 38, sys: 62, released: 27, consumed: 35 (MB)
scvg: 0 MB released
scvg: inuse: 23, idle: 38, sys: 62, released: 27, consumed: 35 (MB)
scvg: 0 MB released
scvg: inuse: 23, idle: 38, sys: 62, released: 27, consumed: 35 (MB)
scvg: 0 MB released
scvg: inuse: 23, idle: 38, sys: 62, released: 27, consumed: 35 (MB)
scvg: 0 MB released
scvg: inuse: 23, idle: 38, sys: 62, released: 27, consumed: 35 (MB)
scvg: 0 MB released
scvg: inuse: 23, idle: 38, sys: 62, released: 27, consumed: 35 (MB)
scvg: 0 MB released
scvg: inuse: 23, idle: 38, sys: 62, released: 27, consumed: 35 (MB)
scvg: 0 MB released
scvg: inuse: 23, idle: 38, sys: 62, released: 27, consumed: 34 (MB)
scvg: 0 MB released
scvg: inuse: 23, idle: 38, sys: 62, released: 27, consumed: 34 (MB)
scvg: 0 MB released
scvg: inuse: 23, idle: 38, sys: 62, released: 27, consumed: 34 (MB)
scvg: 0 MB released
scvg: inuse: 23, idle: 38, sys: 62, released: 27, consumed: 34 (MB)
scvg: 0 MB released
scvg: inuse: 23, idle: 38, sys: 62, released: 27, consumed: 34 (MB)
scvg: 0 MB released
scvg: inuse: 23, idle: 38, sys: 62, released: 27, consumed: 34 (MB)
scvg: 0 MB released
scvg: inuse: 23, idle: 38, sys: 62, released: 27, consumed: 34 (MB)
scvg: 0 MB released
scvg: inuse: 23, idle: 38, sys: 62, released: 27, consumed: 34 (MB)
scvg: 0 MB released
scvg: inuse: 23, idle: 38, sys: 62, released: 27, consumed: 34 (MB)
scvg: 0 MB released
scvg: inuse: 23, idle: 38, sys: 62, released: 27, consumed: 34 (MB)
scvg: 0 MB released
scvg: inuse: 23, idle: 38, sys: 62, released: 27, consumed: 34 (MB)
scvg: 0 MB released
scvg: inuse: 23, idle: 38, sys: 62, released: 27, consumed: 34 (MB)
scvg: 0 MB released
scvg: inuse: 23, idle: 38, sys: 62, released: 27, consumed: 34 (MB)
scvg: 0 MB released
scvg: inuse: 23, idle: 38, sys: 62, released: 27, consumed: 34 (MB)
scvg: 0 MB released
scvg: inuse: 23, idle: 38, sys: 62, released: 27, consumed: 34 (MB)
scvg: 0 MB released
scvg: inuse: 23, idle: 38, sys: 62, released: 27, consumed: 34 (MB)
scvg: 0 MB released
scvg: inuse: 23, idle: 38, sys: 62, released: 27, consumed: 34 (MB)
scvg: 0 MB released
scvg: inuse: 23, idle: 38, sys: 62, released: 27, consumed: 34 (MB)
scvg: 0 MB released
scvg: inuse: 23, idle: 38, sys: 62, released: 27, consumed: 34 (MB)
scvg: 0 MB released
scvg: inuse: 23, idle: 38, sys: 62, released: 27, consumed: 34 (MB)
scvg: 0 MB released
scvg: inuse: 23, idle: 38, sys: 62, released: 27, consumed: 34 (MB)
scvg: 0 MB released
scvg: inuse: 23, idle: 38, sys: 62, released: 27, consumed: 34 (MB)
scvg: 0 MB released
scvg: inuse: 23, idle: 38, sys: 62, released: 27, consumed: 34 (MB)
scvg: 0 MB released
scvg: inuse: 23, idle: 38, sys: 62, released: 27, consumed: 34 (MB)
scvg: 0 MB released
scvg: inuse: 23, idle: 38, sys: 62, released: 27, consumed: 34 (MB)
scvg: 0 MB released
scvg: inuse: 23, idle: 38, sys: 62, released: 27, consumed: 34 (MB)
scvg: 0 MB released
scvg: inuse: 23, idle: 38, sys: 62, released: 27, consumed: 34 (MB)
scvg: 0 MB released
scvg: inuse: 23, idle: 38, sys: 62, released: 27, consumed: 34 (MB)
scvg: 0 MB released
scvg: inuse: 23, idle: 38, sys: 62, released: 27, consumed: 34 (MB)
scvg: 0 MB released
scvg: inuse: 23, idle: 38, sys: 62, released: 27, consumed: 34 (MB)
scvg: 0 MB released
scvg: inuse: 23, idle: 38, sys: 62, released: 27, consumed: 34 (MB)
scvg: 0 MB released
scvg: inuse: 23, idle: 38, sys: 62, released: 27, consumed: 34 (MB)
scvg: 0 MB released
scvg: inuse: 23, idle: 38, sys: 62, released: 27, consumed: 34 (MB)
scvg: 0 MB released
scvg: inuse: 23, idle: 38, sys: 62, released: 27, consumed: 34 (MB)
scvg: 0 MB released
scvg: inuse: 23, idle: 38, sys: 62, released: 27, consumed: 34 (MB)
scvg: 0 MB released
scvg: inuse: 23, idle: 38, sys: 62, released: 27, consumed: 34 (MB)
scvg: 0 MB released
scvg: inuse: 23, idle: 38, sys: 62, released: 27, consumed: 34 (MB)
scvg: 0 MB released
scvg: inuse: 23, idle: 38, sys: 62, released: 27, consumed: 34 (MB)
scvg: 0 MB released
scvg: inuse: 23, idle: 38, sys: 62, released: 27, consumed: 34 (MB)
scvg: 0 MB released
scvg: inuse: 23, idle: 38, sys: 62, released: 27, consumed: 34 (MB)
scvg: 0 MB released
scvg: inuse: 23, idle: 38, sys: 62, released: 27, consumed: 34 (MB)
scvg: 0 MB released
scvg: inuse: 23, idle: 38, sys: 62, released: 27, consumed: 34 (MB)
scvg: 0 MB released
scvg: inuse: 23, idle: 38, sys: 62, released: 27, consumed: 34 (MB)
scvg: 0 MB released
scvg: inuse: 23, idle: 38, sys: 62, released: 27, consumed: 34 (MB)
scvg: 0 MB released
scvg: inuse: 23, idle: 38, sys: 62, released: 27, consumed: 34 (MB)
scvg: 0 MB released
scvg: inuse: 23, idle: 38, sys: 62, released: 27, consumed: 34 (MB)
scvg: 0 MB released
scvg: inuse: 23, idle: 38, sys: 62, released: 27, consumed: 34 (MB)
scvg: 0 MB released
scvg: inuse: 23, idle: 38, sys: 62, released: 27, consumed: 34 (MB)
scvg: 0 MB released
scvg: inuse: 23, idle: 38, sys: 62, released: 27, consumed: 34 (MB)
scvg: 0 MB released
scvg: inuse: 23, idle: 38, sys: 62, released: 27, consumed: 34 (MB)
scvg: 0 MB released
scvg: inuse: 23, idle: 38, sys: 62, released: 27, consumed: 34 (MB)
scvg: 0 MB released
scvg: inuse: 23, idle: 38, sys: 62, released: 27, consumed: 34 (MB)
scvg: 0 MB released
scvg: inuse: 23, idle: 38, sys: 62, released: 27, consumed: 34 (MB)
scvg: 0 MB released
scvg: inuse: 23, idle: 38, sys: 62, released: 27, consumed: 34 (MB)
scvg: 0 MB released
scvg: inuse: 23, idle: 38, sys: 62, released: 27, consumed: 34 (MB)
scvg: 0 MB released
scvg: inuse: 23, idle: 38, sys: 62, released: 27, consumed: 34 (MB)
scvg: 0 MB released
scvg: inuse: 23, idle: 38, sys: 62, released: 27, consumed: 34 (MB)
scvg: 0 MB released
scvg: inuse: 23, idle: 38, sys: 62, released: 27, consumed: 34 (MB)
scvg: 0 MB released
scvg: inuse: 23, idle: 38, sys: 62, released: 27, consumed: 34 (MB)
scvg: 0 MB released
scvg: inuse: 23, idle: 38, sys: 62, released: 27, consumed: 34 (MB)
scvg: 0 MB released
scvg: inuse: 23, idle: 38, sys: 62, released: 27, consumed: 34 (MB)
scvg: 0 MB released
scvg: inuse: 23, idle: 38, sys: 62, released: 27, consumed: 34 (MB)
scvg: 0 MB released
scvg: inuse: 23, idle: 38, sys: 62, released: 27, consumed: 34 (MB)
scvg: 0 MB released
scvg: inuse: 23, idle: 38, sys: 62, released: 27, consumed: 34 (MB)
scvg: 0 MB released
scvg: inuse: 23, idle: 38, sys: 62, released: 27, consumed: 34 (MB)
scvg: 0 MB released
scvg: inuse: 23, idle: 38, sys: 62, released: 27, consumed: 34 (MB)
scvg: 0 MB released
scvg: inuse: 23, idle: 38, sys: 62, released: 27, consumed: 34 (MB)
scvg: 0 MB released
scvg: inuse: 23, idle: 38, sys: 62, released: 27, consumed: 34 (MB)
scvg: 0 MB released
scvg: inuse: 23, idle: 38, sys: 62, released: 27, consumed: 34 (MB)
scvg: 0 MB released
scvg: inuse: 23, idle: 38, sys: 62, released: 27, consumed: 34 (MB)
scvg: 0 MB released
scvg: inuse: 23, idle: 38, sys: 62, released: 27, consumed: 34 (MB)
scvg: 0 MB released
scvg: inuse: 23, idle: 38, sys: 62, released: 27, consumed: 34 (MB)
scvg: 0 MB released
scvg: inuse: 23, idle: 38, sys: 62, released: 27, consumed: 34 (MB)
scvg: 0 MB released
scvg: inuse: 23, idle: 38, sys: 62, released: 27, consumed: 34 (MB)
scvg: 0 MB released
scvg: inuse: 23, idle: 38, sys: 62, released: 27, consumed: 34 (MB)
scvg: 0 MB released
scvg: inuse: 23, idle: 38, sys: 62, released: 27, consumed: 34 (MB)
scvg: 0 MB released
scvg: inuse: 23, idle: 38, sys: 62, released: 27, consumed: 34 (MB)
scvg: 0 MB released
scvg: inuse: 23, idle: 38, sys: 62, released: 27, consumed: 34 (MB)
scvg: 0 MB released
scvg: inuse: 23, idle: 38, sys: 62, released: 27, consumed: 34 (MB)
scvg: 0 MB released
scvg: inuse: 23, idle: 38, sys: 62, released: 27, consumed: 34 (MB)
scvg: 0 MB released
scvg: inuse: 23, idle: 38, sys: 62, released: 27, consumed: 34 (MB)
scvg: 0 MB released
scvg: inuse: 23, idle: 38, sys: 62, released: 27, consumed: 34 (MB)
scvg: 0 MB released
scvg: inuse: 23, idle: 38, sys: 62, released: 27, consumed: 34 (MB)
scvg: 0 MB released
scvg: inuse: 23, idle: 38, sys: 62, released: 27, consumed: 34 (MB)
scvg: 0 MB released
scvg: inuse: 23, idle: 38, sys: 62, released: 27, consumed: 34 (MB)
scvg: 0 MB released
scvg: inuse: 23, idle: 38, sys: 62, released: 27, consumed: 34 (MB)
scvg: 0 MB released
scvg: inuse: 23, idle: 38, sys: 62, released: 27, consumed: 34 (MB)
scvg: 0 MB released
scvg: inuse: 23, idle: 38, sys: 62, released: 27, consumed: 34 (MB)
scvg: 0 MB released
scvg: inuse: 23, idle: 38, sys: 62, released: 27, consumed: 34 (MB)
scvg: 0 MB released
scvg: inuse: 23, idle: 38, sys: 62, released: 27, consumed: 34 (MB)
scvg: 0 MB released
scvg: inuse: 23, idle: 38, sys: 62, released: 27, consumed: 34 (MB)
scvg: 0 MB released
scvg: inuse: 23, idle: 38, sys: 62, released: 27, consumed: 34 (MB)
scvg: 0 MB released
scvg: inuse: 23, idle: 38, sys: 62, released: 27, consumed: 34 (MB)
scvg: 0 MB released
scvg: inuse: 23, idle: 38, sys: 62, released: 27, consumed: 34 (MB)
scvg: 0 MB released
scvg: inuse: 23, idle: 38, sys: 62, released: 27, consumed: 34 (MB)
scvg: 0 MB released
scvg: inuse: 23, idle: 38, sys: 62, released: 27, consumed: 34 (MB)
scvg: 0 MB released
scvg: inuse: 23, idle: 38, sys: 62, released: 27, consumed: 34 (MB)
scvg: 0 MB released
scvg: inuse: 23, idle: 38, sys: 62, released: 27, consumed: 34 (MB)
scvg: 0 MB released
scvg: inuse: 23, idle: 38, sys: 62, released: 27, consumed: 34 (MB)
scvg: 0 MB released
scvg: inuse: 23, idle: 38, sys: 62, released: 27, consumed: 34 (MB)
scvg: 0 MB released
scvg: inuse: 23, idle: 38, sys: 62, released: 27, consumed: 34 (MB)
scvg: 0 MB released
scvg: inuse: 23, idle: 38, sys: 62, released: 27, consumed: 34 (MB)
scvg: 0 MB released
scvg: inuse: 23, idle: 38, sys: 62, released: 27, consumed: 34 (MB)
scvg: 0 MB released
scvg: inuse: 23, idle: 38, sys: 62, released: 28, consumed: 34 (MB)
scvg: 0 MB released
scvg: inuse: 23, idle: 38, sys: 62, released: 28, consumed: 34 (MB)
scvg: 0 MB released
scvg: inuse: 23, idle: 38, sys: 62, released: 28, consumed: 34 (MB)
scvg: 0 MB released
scvg: inuse: 23, idle: 38, sys: 62, released: 28, consumed: 34 (MB)
scvg: 0 MB released
scvg: inuse: 23, idle: 38, sys: 62, released: 28, consumed: 34 (MB)
scvg: 0 MB released
scvg: inuse: 23, idle: 38, sys: 62, released: 28, consumed: 34 (MB)
scvg: 0 MB released
scvg: inuse: 23, idle: 38, sys: 62, released: 28, consumed: 34 (MB)
scvg: 0 MB released
scvg: inuse: 23, idle: 38, sys: 62, released: 28, consumed: 34 (MB)
scvg: 0 MB released
scvg: inuse: 23, idle: 38, sys: 62, released: 28, consumed: 34 (MB)
scvg: 0 MB released
scvg: inuse: 23, idle: 38, sys: 62, released: 28, consumed: 34 (MB)
scvg: 0 MB released
scvg: inuse: 23, idle: 38, sys: 62, released: 28, consumed: 34 (MB)
scvg: 0 MB released
scvg: inuse: 23, idle: 38, sys: 62, released: 28, consumed: 34 (MB)
scvg: 0 MB released
scvg: inuse: 23, idle: 38, sys: 62, released: 28, consumed: 34 (MB)
scvg: 0 MB released
scvg: inuse: 23, idle: 38, sys: 62, released: 28, consumed: 34 (MB)
scvg: 0 MB released
scvg: inuse: 23, idle: 38, sys: 62, released: 28, consumed: 34 (MB)
scvg: 0 MB released
scvg: inuse: 23, idle: 38, sys: 62, released: 28, consumed: 34 (MB)
scvg: 0 MB released
scvg: inuse: 23, idle: 38, sys: 62, released: 28, consumed: 34 (MB)
scvg: 0 MB released
scvg: inuse: 23, idle: 38, sys: 62, released: 28, consumed: 34 (MB)
scvg: 0 MB released
scvg: inuse: 23, idle: 38, sys: 62, released: 28, consumed: 34 (MB)
scvg: 0 MB released
scvg: inuse: 23, idle: 38, sys: 62, released: 28, consumed: 34 (MB)
scvg: 0 MB released
scvg: inuse: 23, idle: 38, sys: 62, released: 28, consumed: 34 (MB)
scvg: 0 MB released
scvg: inuse: 23, idle: 38, sys: 62, released: 28, consumed: 34 (MB)
scvg: 0 MB released
scvg: inuse: 23, idle: 38, sys: 62, released: 28, consumed: 34 (MB)
scvg: 0 MB released
scvg: inuse: 23, idle: 38, sys: 62, released: 28, consumed: 34 (MB)
scvg: 0 MB released
scvg: inuse: 23, idle: 38, sys: 62, released: 28, consumed: 34 (MB)
scvg: 0 MB released
scvg: inuse: 23, idle: 38, sys: 62, released: 28, consumed: 33 (MB)
scvg: 0 MB released
scvg: inuse: 23, idle: 38, sys: 62, released: 28, consumed: 33 (MB)
scvg: 0 MB released
scvg: inuse: 23, idle: 38, sys: 62, released: 28, consumed: 33 (MB)
scvg: 0 MB released
scvg: inuse: 23, idle: 38, sys: 62, released: 28, consumed: 33 (MB)
scvg: 0 MB released
scvg: inuse: 23, idle: 38, sys: 62, released: 28, consumed: 33 (MB)
scvg: 0 MB released
scvg: inuse: 23, idle: 38, sys: 62, released: 28, consumed: 33 (MB)
scvg: 0 MB released
scvg: inuse: 23, idle: 38, sys: 62, released: 28, consumed: 33 (MB)
scvg: 0 MB released
scvg: inuse: 23, idle: 38, sys: 62, released: 28, consumed: 33 (MB)
scvg: 0 MB released
scvg: inuse: 23, idle: 38, sys: 62, released: 28, consumed: 33 (MB)
scvg: 0 MB released
scvg: inuse: 23, idle: 38, sys: 62, released: 28, consumed: 33 (MB)
scvg: 0 MB released
scvg: inuse: 23, idle: 38, sys: 62, released: 28, consumed: 33 (MB)
scvg: 0 MB released
scvg: inuse: 23, idle: 38, sys: 62, released: 28, consumed: 33 (MB)
scvg: 0 MB released
scvg: inuse: 23, idle: 38, sys: 62, released: 28, consumed: 33 (MB)
scvg: 0 MB released
scvg: inuse: 23, idle: 38, sys: 62, released: 28, consumed: 33 (MB)
scvg: 0 MB released
scvg: inuse: 23, idle: 38, sys: 62, released: 28, consumed: 33 (MB)
scvg: 0 MB released
scvg: inuse: 23, idle: 38, sys: 62, released: 28, consumed: 33 (MB)
scvg: 0 MB released
scvg: inuse: 23, idle: 38, sys: 62, released: 28, consumed: 33 (MB)
scvg: 0 MB released
scvg: inuse: 23, idle: 38, sys: 62, released: 28, consumed: 33 (MB)
scvg: 0 MB released
scvg: inuse: 23, idle: 38, sys: 62, released: 28, consumed: 33 (MB)
scvg: 0 MB released
scvg: inuse: 23, idle: 38, sys: 62, released: 28, consumed: 33 (MB)
scvg: 0 MB released
scvg: inuse: 23, idle: 38, sys: 62, released: 28, consumed: 33 (MB)
scvg: 0 MB released
scvg: inuse: 23, idle: 38, sys: 62, released: 28, consumed: 33 (MB)
scvg: 0 MB released
scvg: inuse: 23, idle: 38, sys: 62, released: 28, consumed: 33 (MB)
scvg: 0 MB released
scvg: inuse: 23, idle: 38, sys: 62, released: 28, consumed: 33 (MB)
scvg: 0 MB released
scvg: inuse: 23, idle: 38, sys: 62, released: 28, consumed: 33 (MB)
scvg: 0 MB released
scvg: inuse: 23, idle: 38, sys: 62, released: 28, consumed: 33 (MB)
scvg: 0 MB released
scvg: inuse: 23, idle: 38, sys: 62, released: 28, consumed: 33 (MB)
scvg: 0 MB released
scvg: inuse: 23, idle: 38, sys: 62, released: 28, consumed: 33 (MB)
scvg: 0 MB released
scvg: inuse: 23, idle: 38, sys: 62, released: 28, consumed: 33 (MB)
scvg: 0 MB released
scvg: inuse: 23, idle: 38, sys: 62, released: 28, consumed: 33 (MB)
scvg: 0 MB released
scvg: inuse: 23, idle: 38, sys: 62, released: 28, consumed: 33 (MB)
scvg: 0 MB released
scvg: inuse: 23, idle: 38, sys: 62, released: 28, consumed: 33 (MB)
scvg: 0 MB released
scvg: inuse: 23, idle: 38, sys: 62, released: 28, consumed: 33 (MB)
scvg: 0 MB released
scvg: inuse: 23, idle: 38, sys: 62, released: 28, consumed: 33 (MB)
scvg: 0 MB released
scvg: inuse: 23, idle: 38, sys: 62, released: 28, consumed: 33 (MB)
scvg: 0 MB released
scvg: inuse: 23, idle: 38, sys: 62, released: 28, consumed: 33 (MB)
scvg: 0 MB released
scvg: inuse: 23, idle: 38, sys: 62, released: 28, consumed: 33 (MB)
scvg: 0 MB released
scvg: inuse: 23, idle: 38, sys: 62, released: 28, consumed: 33 (MB)
scvg: 0 MB released
scvg: inuse: 23, idle: 38, sys: 62, released: 28, consumed: 33 (MB)
scvg: 0 MB released
scvg: inuse: 23, idle: 38, sys: 62, released: 28, consumed: 33 (MB)
scvg: 0 MB released
scvg: inuse: 23, idle: 38, sys: 62, released: 28, consumed: 33 (MB)
scvg: 0 MB released
scvg: inuse: 23, idle: 38, sys: 62, released: 28, consumed: 33 (MB)
scvg: 0 MB released
scvg: inuse: 23, idle: 38, sys: 62, released: 28, consumed: 33 (MB)
scvg: 0 MB released
scvg: inuse: 23, idle: 38, sys: 62, released: 28, consumed: 33 (MB)
scvg: 0 MB released
scvg: inuse: 23, idle: 38, sys: 62, released: 28, consumed: 33 (MB)
scvg: 0 MB released
scvg: inuse: 23, idle: 38, sys: 62, released: 28, consumed: 33 (MB)
scvg: 0 MB released
scvg: inuse: 23, idle: 38, sys: 62, released: 28, consumed: 33 (MB)
scvg: 0 MB released
scvg: inuse: 23, idle: 38, sys: 62, released: 28, consumed: 33 (MB)
scvg: 0 MB released
scvg: inuse: 23, idle: 38, sys: 62, released: 28, consumed: 33 (MB)
scvg: 0 MB released
scvg: inuse: 23, idle: 38, sys: 62, released: 28, consumed: 33 (MB)
scvg: 0 MB released
scvg: inuse: 23, idle: 38, sys: 62, released: 28, consumed: 33 (MB)
scvg: 0 MB released
scvg: inuse: 23, idle: 38, sys: 62, released: 28, consumed: 33 (MB)
scvg: 0 MB released
scvg: inuse: 23, idle: 38, sys: 62, released: 28, consumed: 33 (MB)
scvg: 0 MB released
scvg: inuse: 23, idle: 38, sys: 62, released: 28, consumed: 33 (MB)
scvg: 0 MB released
scvg: inuse: 23, idle: 38, sys: 62, released: 28, consumed: 33 (MB)
scvg: 0 MB released
scvg: inuse: 23, idle: 38, sys: 62, released: 28, consumed: 33 (MB)
scvg: 0 MB released
scvg: inuse: 23, idle: 38, sys: 62, released: 28, consumed: 33 (MB)
scvg: 0 MB released
scvg: inuse: 23, idle: 38, sys: 62, released: 28, consumed: 33 (MB)
scvg: 0 MB released
scvg: inuse: 23, idle: 38, sys: 62, released: 28, consumed: 33 (MB)
scvg: 0 MB released
scvg: inuse: 23, idle: 38, sys: 62, released: 28, consumed: 33 (MB)
scvg: 0 MB released
scvg: inuse: 23, idle: 38, sys: 62, released: 28, consumed: 33 (MB)
scvg: 0 MB released
scvg: inuse: 23, idle: 38, sys: 62, released: 28, consumed: 33 (MB)
scvg: 0 MB released
scvg: inuse: 23, idle: 38, sys: 62, released: 28, consumed: 33 (MB)
scvg: 0 MB released
scvg: inuse: 23, idle: 38, sys: 62, released: 28, consumed: 33 (MB)
scvg: 0 MB released
scvg: inuse: 23, idle: 38, sys: 62, released: 28, consumed: 33 (MB)
scvg: 0 MB released
scvg: inuse: 23, idle: 38, sys: 62, released: 28, consumed: 33 (MB)
scvg: 0 MB released
scvg: inuse: 23, idle: 38, sys: 62, released: 28, consumed: 33 (MB)
scvg: 0 MB released
scvg: inuse: 23, idle: 38, sys: 62, released: 28, consumed: 33 (MB)
scvg: 0 MB released
scvg: inuse: 23, idle: 38, sys: 62, released: 28, consumed: 33 (MB)
scvg: 0 MB released
scvg: inuse: 23, idle: 38, sys: 62, released: 28, consumed: 33 (MB)
scvg: 0 MB released
scvg: inuse: 23, idle: 38, sys: 62, released: 28, consumed: 33 (MB)
scvg: 0 MB released
scvg: inuse: 23, idle: 38, sys: 62, released: 28, consumed: 33 (MB)
scvg: 0 MB released
scvg: inuse: 23, idle: 38, sys: 62, released: 28, consumed: 33 (MB)
scvg: 0 MB released
scvg: inuse: 23, idle: 38, sys: 62, released: 28, consumed: 33 (MB)
scvg: 0 MB released
scvg: inuse: 23, idle: 38, sys: 62, released: 28, consumed: 33 (MB)
scvg: 0 MB released
scvg: inuse: 23, idle: 38, sys: 62, released: 28, consumed: 33 (MB)
scvg: 0 MB released
scvg: inuse: 23, idle: 38, sys: 62, released: 28, consumed: 33 (MB)
scvg: 0 MB released
scvg: inuse: 23, idle: 38, sys: 62, released: 28, consumed: 33 (MB)
scvg: 0 MB released
scvg: inuse: 23, idle: 38, sys: 62, released: 28, consumed: 33 (MB)
scvg: 0 MB released
scvg: inuse: 23, idle: 38, sys: 62, released: 28, consumed: 33 (MB)
scvg: 0 MB released
scvg: inuse: 23, idle: 38, sys: 62, released: 28, consumed: 33 (MB)
scvg: 0 MB released
scvg: inuse: 23, idle: 38, sys: 62, released: 28, consumed: 33 (MB)
scvg: 0 MB released
scvg: inuse: 23, idle: 38, sys: 62, released: 28, consumed: 33 (MB)
scvg: 0 MB released
scvg: inuse: 23, idle: 38, sys: 62, released: 28, consumed: 33 (MB)
scvg: 0 MB released
scvg: inuse: 23, idle: 38, sys: 62, released: 28, consumed: 33 (MB)
scvg: 0 MB released
scvg: inuse: 23, idle: 38, sys: 62, released: 28, consumed: 33 (MB)
scvg: 0 MB released
scvg: inuse: 23, idle: 38, sys: 62, released: 28, consumed: 33 (MB)
scvg: 0 MB released
scvg: inuse: 23, idle: 38, sys: 62, released: 28, consumed: 33 (MB)
scvg: 0 MB released
scvg: inuse: 23, idle: 38, sys: 62, released: 28, consumed: 33 (MB)
scvg: 0 MB released
scvg: inuse: 23, idle: 38, sys: 62, released: 28, consumed: 33 (MB)
scvg: 0 MB released
scvg: inuse: 23, idle: 38, sys: 62, released: 28, consumed: 33 (MB)
scvg: 0 MB released
scvg: inuse: 23, idle: 38, sys: 62, released: 28, consumed: 33 (MB)
scvg: 0 MB released
scvg: inuse: 23, idle: 38, sys: 62, released: 28, consumed: 33 (MB)
scvg: 0 MB released
scvg: inuse: 23, idle: 38, sys: 62, released: 28, consumed: 33 (MB)
scvg: 0 MB released
scvg: inuse: 23, idle: 38, sys: 62, released: 28, consumed: 33 (MB)
scvg: 0 MB released
scvg: inuse: 23, idle: 38, sys: 62, released: 28, consumed: 33 (MB)
scvg: 0 MB released
scvg: inuse: 23, idle: 38, sys: 62, released: 28, consumed: 33 (MB)
scvg: 0 MB released
scvg: inuse: 23, idle: 38, sys: 62, released: 28, consumed: 33 (MB)
scvg: 0 MB released
scvg: inuse: 23, idle: 38, sys: 62, released: 28, consumed: 33 (MB)
scvg: 0 MB released
scvg: inuse: 23, idle: 38, sys: 62, released: 28, consumed: 33 (MB)
scvg: 0 MB released
scvg: inuse: 23, idle: 38, sys: 62, released: 28, consumed: 33 (MB)
scvg: 0 MB released
scvg: inuse: 23, idle: 38, sys: 62, released: 28, consumed: 33 (MB)
scvg: 0 MB released
scvg: inuse: 23, idle: 38, sys: 62, released: 28, consumed: 33 (MB)
scvg: 0 MB released
scvg: inuse: 23, idle: 38, sys: 62, released: 29, consumed: 33 (MB)
scvg: 0 MB released
scvg: inuse: 23, idle: 38, sys: 62, released: 29, consumed: 33 (MB)
scvg: 0 MB released
scvg: inuse: 23, idle: 38, sys: 62, released: 29, consumed: 33 (MB)
scvg: 0 MB released
scvg: inuse: 23, idle: 38, sys: 62, released: 29, consumed: 33 (MB)
scvg: 0 MB released
scvg: inuse: 23, idle: 38, sys: 62, released: 29, consumed: 33 (MB)
scvg: 0 MB released
scvg: inuse: 23, idle: 38, sys: 62, released: 29, consumed: 33 (MB)
scvg: 0 MB released
scvg: inuse: 23, idle: 38, sys: 62, released: 29, consumed: 33 (MB)
scvg: 0 MB released
scvg: inuse: 23, idle: 38, sys: 62, released: 29, consumed: 33 (MB)
scvg: 0 MB released
scvg: inuse: 23, idle: 38, sys: 62, released: 29, consumed: 33 (MB)
scvg: 0 MB released
scvg: inuse: 23, idle: 38, sys: 62, released: 29, consumed: 33 (MB)
scvg: 0 MB released
scvg: inuse: 23, idle: 38, sys: 62, released: 29, consumed: 33 (MB)
scvg: 0 MB released
scvg: inuse: 23, idle: 38, sys: 62, released: 29, consumed: 33 (MB)
scvg: 0 MB released
scvg: inuse: 23, idle: 38, sys: 62, released: 29, consumed: 33 (MB)
scvg: 0 MB released
scvg: inuse: 23, idle: 38, sys: 62, released: 29, consumed: 33 (MB)
scvg: 0 MB released
scvg: inuse: 23, idle: 38, sys: 62, released: 29, consumed: 33 (MB)
scvg: 0 MB released
scvg: inuse: 23, idle: 38, sys: 62, released: 29, consumed: 33 (MB)
scvg: 0 MB released
scvg: inuse: 23, idle: 38, sys: 62, released: 29, consumed: 33 (MB)
scvg: 0 MB released
scvg: inuse: 23, idle: 38, sys: 62, released: 29, consumed: 33 (MB)
scvg: 0 MB released
scvg: inuse: 23, idle: 38, sys: 62, released: 29, consumed: 33 (MB)
scvg: 0 MB released
scvg: inuse: 23, idle: 38, sys: 62, released: 29, consumed: 33 (MB)
scvg: 0 MB released
scvg: inuse: 23, idle: 38, sys: 62, released: 29, consumed: 33 (MB)
scvg: 0 MB released
scvg: inuse: 23, idle: 38, sys: 62, released: 29, consumed: 33 (MB)
scvg: 0 MB released
scvg: inuse: 23, idle: 38, sys: 62, released: 29, consumed: 33 (MB)
scvg: 0 MB released
scvg: inuse: 23, idle: 38, sys: 62, released: 29, consumed: 33 (MB)
scvg: 0 MB released
scvg: inuse: 23, idle: 38, sys: 62, released: 29, consumed: 33 (MB)
scvg: 0 MB released
scvg: inuse: 23, idle: 38, sys: 62, released: 29, consumed: 32 (MB)
scvg: 0 MB released
scvg: inuse: 23, idle: 38, sys: 62, released: 29, consumed: 32 (MB)
scvg: 0 MB released
scvg: inuse: 23, idle: 38, sys: 62, released: 29, consumed: 32 (MB)
scvg: 0 MB released
scvg: inuse: 23, idle: 38, sys: 62, released: 29, consumed: 32 (MB)
scvg: 0 MB released
scvg: inuse: 23, idle: 38, sys: 62, released: 29, consumed: 32 (MB)
scvg: 0 MB released
scvg: inuse: 23, idle: 38, sys: 62, released: 29, consumed: 32 (MB)
scvg: 0 MB released
scvg: inuse: 23, idle: 38, sys: 62, released: 29, consumed: 32 (MB)
scvg: 0 MB released
scvg: inuse: 23, idle: 38, sys: 62, released: 29, consumed: 32 (MB)
scvg: 0 MB released
scvg: inuse: 23, idle: 38, sys: 62, released: 29, consumed: 32 (MB)
scvg: 0 MB released
scvg: inuse: 23, idle: 38, sys: 62, released: 29, consumed: 32 (MB)
scvg: 0 MB released
scvg: inuse: 23, idle: 38, sys: 62, released: 29, consumed: 32 (MB)
scvg: 0 MB released
scvg: inuse: 23, idle: 38, sys: 62, released: 29, consumed: 32 (MB)
scvg: 0 MB released
scvg: inuse: 23, idle: 38, sys: 62, released: 29, consumed: 32 (MB)
scvg: 0 MB released
scvg: inuse: 23, idle: 38, sys: 62, released: 29, consumed: 32 (MB)
scvg: 0 MB released
scvg: inuse: 23, idle: 38, sys: 62, released: 29, consumed: 32 (MB)
scvg: 0 MB released
scvg: inuse: 23, idle: 38, sys: 62, released: 29, consumed: 32 (MB)
scvg: 0 MB released
scvg: inuse: 23, idle: 38, sys: 62, released: 29, consumed: 32 (MB)
scvg: 0 MB released
scvg: inuse: 23, idle: 38, sys: 62, released: 29, consumed: 32 (MB)
scvg: 0 MB released
scvg: inuse: 23, idle: 38, sys: 62, released: 29, consumed: 32 (MB)
scvg: 0 MB released
scvg: inuse: 23, idle: 38, sys: 62, released: 29, consumed: 32 (MB)
scvg: 0 MB released
scvg: inuse: 23, idle: 38, sys: 62, released: 29, consumed: 32 (MB)
scvg: 0 MB released
scvg: inuse: 23, idle: 38, sys: 62, released: 29, consumed: 32 (MB)
scvg: 0 MB released
scvg: inuse: 23, idle: 38, sys: 62, released: 29, consumed: 32 (MB)
scvg: 0 MB released
scvg: inuse: 23, idle: 38, sys: 62, released: 29, consumed: 32 (MB)
scvg: 0 MB released
scvg: inuse: 23, idle: 38, sys: 62, released: 29, consumed: 32 (MB)
scvg: 0 MB released
scvg: inuse: 23, idle: 38, sys: 62, released: 29, consumed: 32 (MB)
scvg: 0 MB released
scvg: inuse: 23, idle: 38, sys: 62, released: 29, consumed: 32 (MB)
scvg: 0 MB released
scvg: inuse: 23, idle: 38, sys: 62, released: 29, consumed: 32 (MB)
scvg: 0 MB released
scvg: inuse: 23, idle: 38, sys: 62, released: 29, consumed: 32 (MB)
scvg: 0 MB released
scvg: inuse: 23, idle: 38, sys: 62, released: 29, consumed: 32 (MB)
scvg: 0 MB released
scvg: inuse: 23, idle: 38, sys: 62, released: 29, consumed: 32 (MB)
scvg: 0 MB released
scvg: inuse: 23, idle: 38, sys: 62, released: 29, consumed: 32 (MB)
scvg: 0 MB released
scvg: inuse: 23, idle: 38, sys: 62, released: 29, consumed: 32 (MB)
scvg: 0 MB released
scvg: inuse: 23, idle: 38, sys: 62, released: 29, consumed: 32 (MB)
scvg: 0 MB released
scvg: inuse: 23, idle: 38, sys: 62, released: 29, consumed: 32 (MB)
scvg: 0 MB released
scvg: inuse: 23, idle: 38, sys: 62, released: 29, consumed: 32 (MB)
scvg: 0 MB released
scvg: inuse: 23, idle: 38, sys: 62, released: 29, consumed: 32 (MB)
scvg: 0 MB released
scvg: inuse: 23, idle: 38, sys: 62, released: 29, consumed: 32 (MB)
scvg: 0 MB released
scvg: inuse: 23, idle: 38, sys: 62, released: 29, consumed: 32 (MB)
scvg: 0 MB released
scvg: inuse: 23, idle: 38, sys: 62, released: 29, consumed: 32 (MB)
scvg: 0 MB released
scvg: inuse: 23, idle: 38, sys: 62, released: 29, consumed: 32 (MB)
scvg: 0 MB released
scvg: inuse: 23, idle: 38, sys: 62, released: 29, consumed: 32 (MB)
scvg: 0 MB released
scvg: inuse: 23, idle: 38, sys: 62, released: 29, consumed: 32 (MB)
scvg: 0 MB released
scvg: inuse: 23, idle: 38, sys: 62, released: 29, consumed: 32 (MB)
scvg: 0 MB released
scvg: inuse: 23, idle: 38, sys: 62, released: 29, consumed: 32 (MB)
scvg: 0 MB released
scvg: inuse: 23, idle: 38, sys: 62, released: 29, consumed: 32 (MB)
scvg: 0 MB released
scvg: inuse: 23, idle: 38, sys: 62, released: 29, consumed: 32 (MB)
scvg: 0 MB released
scvg: inuse: 23, idle: 38, sys: 62, released: 29, consumed: 32 (MB)
scvg: 0 MB released
scvg: inuse: 23, idle: 38, sys: 62, released: 29, consumed: 32 (MB)
scvg: 0 MB released
scvg: inuse: 23, idle: 38, sys: 62, released: 29, consumed: 32 (MB)
scvg: 0 MB released
scvg: inuse: 23, idle: 38, sys: 62, released: 29, consumed: 32 (MB)
scvg: 0 MB released
scvg: inuse: 23, idle: 38, sys: 62, released: 29, consumed: 32 (MB)
scvg: 0 MB released
scvg: inuse: 23, idle: 38, sys: 62, released: 29, consumed: 32 (MB)
scvg: 0 MB released
scvg: inuse: 23, idle: 38, sys: 62, released: 29, consumed: 32 (MB)
scvg: 0 MB released
scvg: inuse: 23, idle: 38, sys: 62, released: 29, consumed: 32 (MB)
scvg: 0 MB released
scvg: inuse: 23, idle: 38, sys: 62, released: 29, consumed: 32 (MB)
scvg: 0 MB released
scvg: inuse: 23, idle: 38, sys: 62, released: 29, consumed: 32 (MB)
scvg: 0 MB released
scvg: inuse: 23, idle: 38, sys: 62, released: 29, consumed: 32 (MB)
scvg: 0 MB released
scvg: inuse: 23, idle: 38, sys: 62, released: 29, consumed: 32 (MB)
scvg: 0 MB released
scvg: inuse: 23, idle: 38, sys: 62, released: 29, consumed: 32 (MB)
scvg: 0 MB released
scvg: inuse: 23, idle: 38, sys: 62, released: 29, consumed: 32 (MB)
scvg: 0 MB released
scvg: inuse: 23, idle: 38, sys: 62, released: 29, consumed: 32 (MB)
scvg: 0 MB released
scvg: inuse: 23, idle: 38, sys: 62, released: 29, consumed: 32 (MB)
scvg: 0 MB released
scvg: inuse: 23, idle: 38, sys: 62, released: 29, consumed: 32 (MB)
scvg: 0 MB released
scvg: inuse: 23, idle: 38, sys: 62, released: 29, consumed: 32 (MB)
scvg: 0 MB released
scvg: inuse: 23, idle: 38, sys: 62, released: 29, consumed: 32 (MB)
scvg: 0 MB released
scvg: inuse: 23, idle: 38, sys: 62, released: 29, consumed: 32 (MB)
scvg: 0 MB released
scvg: inuse: 23, idle: 38, sys: 62, released: 29, consumed: 32 (MB)
scvg: 0 MB released
scvg: inuse: 23, idle: 38, sys: 62, released: 29, consumed: 32 (MB)
scvg: 0 MB released
scvg: inuse: 23, idle: 38, sys: 62, released: 29, consumed: 32 (MB)
scvg: 0 MB released
scvg: inuse: 23, idle: 38, sys: 62, released: 29, consumed: 32 (MB)
scvg: 0 MB released
scvg: inuse: 23, idle: 38, sys: 62, released: 29, consumed: 32 (MB)
scvg: 0 MB released
scvg: inuse: 23, idle: 38, sys: 62, released: 29, consumed: 32 (MB)
scvg: 0 MB released
scvg: inuse: 23, idle: 38, sys: 62, released: 29, consumed: 32 (MB)
scvg: 0 MB released
scvg: inuse: 23, idle: 38, sys: 62, released: 29, consumed: 32 (MB)
scvg: 0 MB released
scvg: inuse: 23, idle: 38, sys: 62, released: 29, consumed: 32 (MB)
scvg: 0 MB released
scvg: inuse: 23, idle: 38, sys: 62, released: 29, consumed: 32 (MB)
scvg: 0 MB released
scvg: inuse: 23, idle: 38, sys: 62, released: 29, consumed: 32 (MB)
scvg: 0 MB released
scvg: inuse: 23, idle: 38, sys: 62, released: 29, consumed: 32 (MB)
scvg: 0 MB released
scvg: inuse: 23, idle: 38, sys: 62, released: 29, consumed: 32 (MB)
scvg: 0 MB released
scvg: inuse: 23, idle: 38, sys: 62, released: 29, consumed: 32 (MB)
scvg: 0 MB released
scvg: inuse: 23, idle: 38, sys: 62, released: 29, consumed: 32 (MB)
scvg: 0 MB released
scvg: inuse: 23, idle: 38, sys: 62, released: 29, consumed: 32 (MB)
scvg: 0 MB released
scvg: inuse: 23, idle: 38, sys: 62, released: 29, consumed: 32 (MB)
scvg: 0 MB released
scvg: inuse: 23, idle: 38, sys: 62, released: 29, consumed: 32 (MB)
scvg: 0 MB released
scvg: inuse: 23, idle: 38, sys: 62, released: 29, consumed: 32 (MB)
scvg: 0 MB released
scvg: inuse: 23, idle: 38, sys: 62, released: 29, consumed: 32 (MB)
scvg: 0 MB released
scvg: inuse: 23, idle: 38, sys: 62, released: 29, consumed: 32 (MB)
scvg: 0 MB released
scvg: inuse: 23, idle: 38, sys: 62, released: 29, consumed: 32 (MB)
scvg: 0 MB released
scvg: inuse: 23, idle: 38, sys: 62, released: 29, consumed: 32 (MB)
scvg: 0 MB released
scvg: inuse: 23, idle: 38, sys: 62, released: 29, consumed: 32 (MB)
scvg: 0 MB released
scvg: inuse: 23, idle: 38, sys: 62, released: 29, consumed: 32 (MB)
scvg: 0 MB released
scvg: inuse: 23, idle: 38, sys: 62, released: 29, consumed: 32 (MB)
scvg: 0 MB released
scvg: inuse: 23, idle: 38, sys: 62, released: 29, consumed: 32 (MB)
scvg: 0 MB released
scvg: inuse: 23, idle: 38, sys: 62, released: 29, consumed: 32 (MB)
scvg: 0 MB released
scvg: inuse: 23, idle: 38, sys: 62, released: 29, consumed: 32 (MB)
scvg: 0 MB released
scvg: inuse: 23, idle: 38, sys: 62, released: 29, consumed: 32 (MB)
scvg: 0 MB released
scvg: inuse: 23, idle: 38, sys: 62, released: 29, consumed: 32 (MB)
scvg: 0 MB released
scvg: inuse: 23, idle: 38, sys: 62, released: 29, consumed: 32 (MB)
scvg: 0 MB released
scvg: inuse: 23, idle: 38, sys: 62, released: 29, consumed: 32 (MB)
scvg: 0 MB released
scvg: inuse: 23, idle: 38, sys: 62, released: 29, consumed: 32 (MB)
scvg: 0 MB released
scvg: inuse: 23, idle: 38, sys: 62, released: 29, consumed: 32 (MB)
scvg: 0 MB released
scvg: inuse: 23, idle: 38, sys: 62, released: 29, consumed: 32 (MB)
scvg: 0 MB released
scvg: inuse: 23, idle: 38, sys: 62, released: 30, consumed: 32 (MB)
scvg: 0 MB released
scvg: inuse: 23, idle: 38, sys: 62, released: 30, consumed: 32 (MB)
scvg: 0 MB released
scvg: inuse: 23, idle: 38, sys: 62, released: 30, consumed: 32 (MB)
scvg: 0 MB released
scvg: inuse: 23, idle: 38, sys: 62, released: 30, consumed: 32 (MB)
scvg: 0 MB released
scvg: inuse: 23, idle: 38, sys: 62, released: 30, consumed: 32 (MB)
scvg: 0 MB released
scvg: inuse: 23, idle: 38, sys: 62, released: 30, consumed: 32 (MB)
scvg: 0 MB released
scvg: inuse: 23, idle: 38, sys: 62, released: 30, consumed: 32 (MB)
scvg: 0 MB released
scvg: inuse: 23, idle: 38, sys: 62, released: 30, consumed: 32 (MB)
scvg: 0 MB released
scvg: inuse: 23, idle: 38, sys: 62, released: 30, consumed: 32 (MB)
scvg: 0 MB released
scvg: inuse: 23, idle: 38, sys: 62, released: 30, consumed: 32 (MB)
scvg: 0 MB released
scvg: inuse: 23, idle: 38, sys: 62, released: 30, consumed: 32 (MB)
scvg: 0 MB released
scvg: inuse: 23, idle: 38, sys: 62, released: 30, consumed: 32 (MB)
scvg: 0 MB released
scvg: inuse: 23, idle: 38, sys: 62, released: 30, consumed: 32 (MB)
scvg: 0 MB released
scvg: inuse: 23, idle: 38, sys: 62, released: 30, consumed: 32 (MB)
scvg: 0 MB released
scvg: inuse: 23, idle: 38, sys: 62, released: 30, consumed: 32 (MB)
scvg: 0 MB released
scvg: inuse: 23, idle: 38, sys: 62, released: 30, consumed: 32 (MB)
scvg: 0 MB released
scvg: inuse: 23, idle: 38, sys: 62, released: 30, consumed: 32 (MB)
scvg: 0 MB released
scvg: inuse: 23, idle: 38, sys: 62, released: 30, consumed: 32 (MB)
scvg: 0 MB released
scvg: inuse: 23, idle: 38, sys: 62, released: 30, consumed: 32 (MB)
scvg: 0 MB released
scvg: inuse: 23, idle: 38, sys: 62, released: 30, consumed: 32 (MB)
scvg: 0 MB released
scvg: inuse: 23, idle: 38, sys: 62, released: 30, consumed: 32 (MB)
scvg: 0 MB released
scvg: inuse: 23, idle: 38, sys: 62, released: 30, consumed: 32 (MB)
scvg: 0 MB released
scvg: inuse: 23, idle: 38, sys: 62, released: 30, consumed: 32 (MB)
scvg: 0 MB released
scvg: inuse: 23, idle: 38, sys: 62, released: 30, consumed: 32 (MB)
scvg: 0 MB released
scvg: inuse: 23, idle: 38, sys: 62, released: 30, consumed: 32 (MB)
scvg: 0 MB released
scvg: inuse: 23, idle: 38, sys: 62, released: 30, consumed: 31 (MB)
scvg: 0 MB released
scvg: inuse: 23, idle: 38, sys: 62, released: 30, consumed: 31 (MB)
scvg: 0 MB released
scvg: inuse: 23, idle: 38, sys: 62, released: 30, consumed: 31 (MB)
scvg: 0 MB released
scvg: inuse: 23, idle: 38, sys: 62, released: 30, consumed: 31 (MB)
scvg: 0 MB released
scvg: inuse: 23, idle: 38, sys: 62, released: 30, consumed: 31 (MB)
scvg: 0 MB released
scvg: inuse: 23, idle: 38, sys: 62, released: 30, consumed: 31 (MB)
scvg: 0 MB released
scvg: inuse: 23, idle: 38, sys: 62, released: 30, consumed: 31 (MB)
scvg: 0 MB released
scvg: inuse: 23, idle: 38, sys: 62, released: 30, consumed: 31 (MB)
scvg: 0 MB released
scvg: inuse: 23, idle: 38, sys: 62, released: 30, consumed: 31 (MB)
scvg: 0 MB released
scvg: inuse: 23, idle: 38, sys: 62, released: 30, consumed: 31 (MB)
scvg: 0 MB released
scvg: inuse: 23, idle: 38, sys: 62, released: 30, consumed: 31 (MB)
scvg: 0 MB released
scvg: inuse: 23, idle: 38, sys: 62, released: 30, consumed: 31 (MB)
scvg: 0 MB released
scvg: inuse: 23, idle: 38, sys: 62, released: 30, consumed: 31 (MB)
scvg: 0 MB released
scvg: inuse: 23, idle: 38, sys: 62, released: 30, consumed: 31 (MB)
scvg: 0 MB released
scvg: inuse: 23, idle: 38, sys: 62, released: 30, consumed: 31 (MB)
scvg: 0 MB released
scvg: inuse: 23, idle: 38, sys: 62, released: 30, consumed: 31 (MB)
scvg: 0 MB released
scvg: inuse: 23, idle: 38, sys: 62, released: 30, consumed: 31 (MB)
scvg: 0 MB released
scvg: inuse: 23, idle: 38, sys: 62, released: 30, consumed: 31 (MB)
scvg: 0 MB released
scvg: inuse: 23, idle: 38, sys: 62, released: 30, consumed: 31 (MB)
scvg: 0 MB released
scvg: inuse: 23, idle: 38, sys: 62, released: 30, consumed: 31 (MB)
scvg: 0 MB released
scvg: inuse: 23, idle: 38, sys: 62, released: 30, consumed: 31 (MB)
scvg: 0 MB released
scvg: inuse: 23, idle: 38, sys: 62, released: 30, consumed: 31 (MB)
scvg: 0 MB released
scvg: inuse: 23, idle: 38, sys: 62, released: 30, consumed: 31 (MB)
scvg: 0 MB released
scvg: inuse: 23, idle: 38, sys: 62, released: 30, consumed: 31 (MB)
scvg: 0 MB released
scvg: inuse: 23, idle: 38, sys: 62, released: 30, consumed: 31 (MB)
scvg: 0 MB released
scvg: inuse: 23, idle: 38, sys: 62, released: 30, consumed: 31 (MB)
scvg: 0 MB released
scvg: inuse: 23, idle: 38, sys: 62, released: 30, consumed: 31 (MB)
scvg: 0 MB released
scvg: inuse: 23, idle: 38, sys: 62, released: 30, consumed: 31 (MB)
scvg: 0 MB released
scvg: inuse: 23, idle: 38, sys: 62, released: 30, consumed: 31 (MB)
scvg: 0 MB released
scvg: inuse: 23, idle: 38, sys: 62, released: 30, consumed: 31 (MB)
scvg: 0 MB released
scvg: inuse: 23, idle: 38, sys: 62, released: 30, consumed: 31 (MB)
scvg: 0 MB released
scvg: inuse: 23, idle: 38, sys: 62, released: 30, consumed: 31 (MB)
scvg: 0 MB released
scvg: inuse: 23, idle: 38, sys: 62, released: 30, consumed: 31 (MB)
scvg: 0 MB released
scvg: inuse: 23, idle: 38, sys: 62, released: 30, consumed: 31 (MB)
scvg: 0 MB released
scvg: inuse: 23, idle: 38, sys: 62, released: 30, consumed: 31 (MB)
scvg: 0 MB released
scvg: inuse: 23, idle: 38, sys: 62, released: 30, consumed: 31 (MB)
scvg: 0 MB released
scvg: inuse: 23, idle: 38, sys: 62, released: 30, consumed: 31 (MB)
scvg: 0 MB released
scvg: inuse: 23, idle: 38, sys: 62, released: 30, consumed: 31 (MB)
scvg: 0 MB released
scvg: inuse: 23, idle: 38, sys: 62, released: 30, consumed: 31 (MB)
scvg: 0 MB released
scvg: inuse: 23, idle: 38, sys: 62, released: 30, consumed: 31 (MB)
scvg: 0 MB released
scvg: inuse: 23, idle: 38, sys: 62, released: 30, consumed: 31 (MB)
scvg: 0 MB released
scvg: inuse: 23, idle: 38, sys: 62, released: 30, consumed: 31 (MB)
scvg: 0 MB released
scvg: inuse: 23, idle: 38, sys: 62, released: 30, consumed: 31 (MB)
scvg: 0 MB released
scvg: inuse: 23, idle: 38, sys: 62, released: 30, consumed: 31 (MB)
scvg: 0 MB released
scvg: inuse: 23, idle: 38, sys: 62, released: 30, consumed: 31 (MB)
scvg: 0 MB released
scvg: inuse: 23, idle: 38, sys: 62, released: 30, consumed: 31 (MB)
scvg: 0 MB released
scvg: inuse: 23, idle: 38, sys: 62, released: 30, consumed: 31 (MB)
scvg: 0 MB released
scvg: inuse: 23, idle: 38, sys: 62, released: 30, consumed: 31 (MB)
scvg: 0 MB released
scvg: inuse: 23, idle: 38, sys: 62, released: 30, consumed: 31 (MB)
scvg: 0 MB released
scvg: inuse: 23, idle: 38, sys: 62, released: 30, consumed: 31 (MB)
scvg: 0 MB released
scvg: inuse: 23, idle: 38, sys: 62, released: 30, consumed: 31 (MB)
scvg: 0 MB released
scvg: inuse: 23, idle: 38, sys: 62, released: 30, consumed: 31 (MB)
scvg: 0 MB released
scvg: inuse: 23, idle: 38, sys: 62, released: 30, consumed: 31 (MB)
scvg: 0 MB released
scvg: inuse: 23, idle: 38, sys: 62, released: 30, consumed: 31 (MB)
scvg: 0 MB released
scvg: inuse: 23, idle: 38, sys: 62, released: 30, consumed: 31 (MB)
scvg: 0 MB released
scvg: inuse: 23, idle: 38, sys: 62, released: 30, consumed: 31 (MB)
scvg: 0 MB released
scvg: inuse: 23, idle: 38, sys: 62, released: 30, consumed: 31 (MB)
scvg: 0 MB released
scvg: inuse: 23, idle: 38, sys: 62, released: 30, consumed: 31 (MB)
scvg: 0 MB released
scvg: inuse: 23, idle: 38, sys: 62, released: 30, consumed: 31 (MB)
scvg: 0 MB released
scvg: inuse: 23, idle: 38, sys: 62, released: 30, consumed: 31 (MB)
scvg: 0 MB released
scvg: inuse: 23, idle: 38, sys: 62, released: 30, consumed: 31 (MB)
scvg: 0 MB released
scvg: inuse: 23, idle: 38, sys: 62, released: 30, consumed: 31 (MB)
scvg: 0 MB released
scvg: inuse: 23, idle: 38, sys: 62, released: 30, consumed: 31 (MB)
scvg: 0 MB released
scvg: inuse: 23, idle: 38, sys: 62, released: 30, consumed: 31 (MB)
scvg: 0 MB released
scvg: inuse: 23, idle: 38, sys: 62, released: 30, consumed: 31 (MB)
scvg: 0 MB released
scvg: inuse: 23, idle: 38, sys: 62, released: 30, consumed: 31 (MB)
scvg: 0 MB released
scvg: inuse: 23, idle: 38, sys: 62, released: 30, consumed: 31 (MB)
scvg: 0 MB released
scvg: inuse: 23, idle: 38, sys: 62, released: 30, consumed: 31 (MB)
scvg: 0 MB released
scvg: inuse: 23, idle: 38, sys: 62, released: 30, consumed: 31 (MB)
scvg: 0 MB released
scvg: inuse: 23, idle: 38, sys: 62, released: 30, consumed: 31 (MB)
scvg: 0 MB released
scvg: inuse: 23, idle: 38, sys: 62, released: 30, consumed: 31 (MB)
scvg: 0 MB released
scvg: inuse: 23, idle: 38, sys: 62, released: 30, consumed: 31 (MB)
scvg: 0 MB released
scvg: inuse: 23, idle: 38, sys: 62, released: 30, consumed: 31 (MB)
scvg: 0 MB released
scvg: inuse: 23, idle: 38, sys: 62, released: 30, consumed: 31 (MB)
scvg: 0 MB released
scvg: inuse: 23, idle: 38, sys: 62, released: 30, consumed: 31 (MB)
scvg: 0 MB released
scvg: inuse: 23, idle: 38, sys: 62, released: 30, consumed: 31 (MB)
scvg: 0 MB released
scvg: inuse: 23, idle: 38, sys: 62, released: 30, consumed: 31 (MB)
scvg: 0 MB released
scvg: inuse: 23, idle: 38, sys: 62, released: 30, consumed: 31 (MB)
scvg: 0 MB released
scvg: inuse: 23, idle: 38, sys: 62, released: 30, consumed: 31 (MB)
scvg: 0 MB released
scvg: inuse: 23, idle: 38, sys: 62, released: 30, consumed: 31 (MB)
scvg: 0 MB released
scvg: inuse: 23, idle: 38, sys: 62, released: 30, consumed: 31 (MB)
scvg: 0 MB released
scvg: inuse: 23, idle: 38, sys: 62, released: 30, consumed: 31 (MB)
scvg: 0 MB released
scvg: inuse: 23, idle: 38, sys: 62, released: 30, consumed: 31 (MB)
scvg: 0 MB released
scvg: inuse: 23, idle: 38, sys: 62, released: 30, consumed: 31 (MB)
scvg: 0 MB released
scvg: inuse: 23, idle: 38, sys: 62, released: 30, consumed: 31 (MB)
scvg: 0 MB released
scvg: inuse: 23, idle: 38, sys: 62, released: 30, consumed: 31 (MB)
scvg: 0 MB released
scvg: inuse: 23, idle: 38, sys: 62, released: 30, consumed: 31 (MB)
scvg: 0 MB released
scvg: inuse: 23, idle: 38, sys: 62, released: 30, consumed: 31 (MB)
scvg: 0 MB released
scvg: inuse: 23, idle: 38, sys: 62, released: 30, consumed: 31 (MB)
scvg: 0 MB released
scvg: inuse: 23, idle: 38, sys: 62, released: 30, consumed: 31 (MB)
scvg: 0 MB released
scvg: inuse: 23, idle: 38, sys: 62, released: 30, consumed: 31 (MB)
scvg: 0 MB released
scvg: inuse: 23, idle: 38, sys: 62, released: 30, consumed: 31 (MB)
scvg: 0 MB released
scvg: inuse: 23, idle: 38, sys: 62, released: 30, consumed: 31 (MB)
scvg: 0 MB released
scvg: inuse: 23, idle: 38, sys: 62, released: 30, consumed: 31 (MB)
scvg: 0 MB released
scvg: inuse: 23, idle: 38, sys: 62, released: 30, consumed: 31 (MB)
scvg: 0 MB released
scvg: inuse: 23, idle: 38, sys: 62, released: 30, consumed: 31 (MB)
scvg: 0 MB released
scvg: inuse: 23, idle: 38, sys: 62, released: 30, consumed: 31 (MB)
scvg: 0 MB released
scvg: inuse: 23, idle: 38, sys: 62, released: 30, consumed: 31 (MB)
scvg: 0 MB released
scvg: inuse: 23, idle: 38, sys: 62, released: 30, consumed: 31 (MB)
scvg: 0 MB released
scvg: inuse: 23, idle: 38, sys: 62, released: 30, consumed: 31 (MB)
scvg: 0 MB released
scvg: inuse: 23, idle: 38, sys: 62, released: 30, consumed: 31 (MB)
scvg: 0 MB released
scvg: inuse: 23, idle: 38, sys: 62, released: 30, consumed: 31 (MB)
scvg: 0 MB released
scvg: inuse: 23, idle: 38, sys: 62, released: 30, consumed: 31 (MB)
scvg: 0 MB released
scvg: inuse: 23, idle: 38, sys: 62, released: 31, consumed: 31 (MB)
scvg: 0 MB released
scvg: inuse: 23, idle: 38, sys: 62, released: 31, consumed: 31 (MB)
scvg: 0 MB released
scvg: inuse: 23, idle: 38, sys: 62, released: 31, consumed: 31 (MB)
scvg: 0 MB released
scvg: inuse: 23, idle: 38, sys: 62, released: 31, consumed: 31 (MB)
scvg: 0 MB released
scvg: inuse: 23, idle: 38, sys: 62, released: 31, consumed: 31 (MB)
scvg: 0 MB released
scvg: inuse: 23, idle: 38, sys: 62, released: 31, consumed: 31 (MB)
scvg: 0 MB released
scvg: inuse: 23, idle: 38, sys: 62, released: 31, consumed: 31 (MB)
scvg: 0 MB released
scvg: inuse: 23, idle: 38, sys: 62, released: 31, consumed: 31 (MB)
scvg: 0 MB released
scvg: inuse: 23, idle: 38, sys: 62, released: 31, consumed: 31 (MB)
scvg: 0 MB released
scvg: inuse: 23, idle: 38, sys: 62, released: 31, consumed: 31 (MB)
scvg: 0 MB released
scvg: inuse: 23, idle: 38, sys: 62, released: 31, consumed: 31 (MB)
scvg: 0 MB released
scvg: inuse: 23, idle: 38, sys: 62, released: 31, consumed: 31 (MB)
scvg: 0 MB released
scvg: inuse: 23, idle: 38, sys: 62, released: 31, consumed: 31 (MB)
scvg: 0 MB released
scvg: inuse: 23, idle: 38, sys: 62, released: 31, consumed: 31 (MB)
scvg: 0 MB released
scvg: inuse: 23, idle: 38, sys: 62, released: 31, consumed: 31 (MB)
scvg: 0 MB released
scvg: inuse: 23, idle: 38, sys: 62, released: 31, consumed: 31 (MB)
scvg: 0 MB released
scvg: inuse: 23, idle: 38, sys: 62, released: 31, consumed: 31 (MB)
scvg: 0 MB released
scvg: inuse: 23, idle: 38, sys: 62, released: 31, consumed: 31 (MB)
scvg: 0 MB released
scvg: inuse: 23, idle: 38, sys: 62, released: 31, consumed: 31 (MB)
scvg: 0 MB released
scvg: inuse: 23, idle: 38, sys: 62, released: 31, consumed: 31 (MB)
scvg: 0 MB released
scvg: inuse: 23, idle: 38, sys: 62, released: 31, consumed: 31 (MB)
scvg: 0 MB released
scvg: inuse: 23, idle: 38, sys: 62, released: 31, consumed: 31 (MB)
scvg: 0 MB released
scvg: inuse: 23, idle: 38, sys: 62, released: 31, consumed: 31 (MB)
scvg: 0 MB released
scvg: inuse: 23, idle: 38, sys: 62, released: 31, consumed: 31 (MB)
scvg: 0 MB released
scvg: inuse: 23, idle: 38, sys: 62, released: 31, consumed: 31 (MB)
scvg: 0 MB released
scvg: inuse: 23, idle: 38, sys: 62, released: 31, consumed: 30 (MB)
scvg: 0 MB released
scvg: inuse: 23, idle: 38, sys: 62, released: 31, consumed: 30 (MB)
scvg: 0 MB released
scvg: inuse: 23, idle: 38, sys: 62, released: 31, consumed: 30 (MB)
scvg: 0 MB released
scvg: inuse: 23, idle: 38, sys: 62, released: 31, consumed: 30 (MB)
scvg: 0 MB released
scvg: inuse: 23, idle: 38, sys: 62, released: 31, consumed: 30 (MB)
scvg: 0 MB released
scvg: inuse: 23, idle: 38, sys: 62, released: 31, consumed: 30 (MB)
scvg: 0 MB released
scvg: inuse: 23, idle: 38, sys: 62, released: 31, consumed: 30 (MB)
scvg: 0 MB released
scvg: inuse: 23, idle: 38, sys: 62, released: 31, consumed: 30 (MB)
scvg: 0 MB released
scvg: inuse: 23, idle: 38, sys: 62, released: 31, consumed: 30 (MB)
scvg: 0 MB released
scvg: inuse: 23, idle: 38, sys: 62, released: 31, consumed: 30 (MB)
scvg: 0 MB released
scvg: inuse: 23, idle: 38, sys: 62, released: 31, consumed: 30 (MB)
scvg: 0 MB released
scvg: inuse: 23, idle: 38, sys: 62, released: 31, consumed: 30 (MB)
scvg: 0 MB released
scvg: inuse: 23, idle: 38, sys: 62, released: 31, consumed: 30 (MB)
scvg: 0 MB released
scvg: inuse: 23, idle: 38, sys: 62, released: 31, consumed: 30 (MB)
scvg: 0 MB released
scvg: inuse: 23, idle: 38, sys: 62, released: 31, consumed: 30 (MB)
scvg: 0 MB released
scvg: inuse: 23, idle: 38, sys: 62, released: 31, consumed: 30 (MB)
scvg: 0 MB released
scvg: inuse: 23, idle: 38, sys: 62, released: 31, consumed: 30 (MB)
scvg: 0 MB released
scvg: inuse: 23, idle: 38, sys: 62, released: 31, consumed: 30 (MB)
scvg: 0 MB released
scvg: inuse: 23, idle: 38, sys: 62, released: 31, consumed: 30 (MB)
scvg: 0 MB released
scvg: inuse: 23, idle: 38, sys: 62, released: 31, consumed: 30 (MB)
scvg: 0 MB released
scvg: inuse: 23, idle: 38, sys: 62, released: 31, consumed: 30 (MB)
scvg: 0 MB released
scvg: inuse: 23, idle: 38, sys: 62, released: 31, consumed: 30 (MB)
scvg: 0 MB released
scvg: inuse: 23, idle: 38, sys: 62, released: 31, consumed: 30 (MB)
scvg: 0 MB released
scvg: inuse: 23, idle: 38, sys: 62, released: 31, consumed: 30 (MB)
scvg: 0 MB released
scvg: inuse: 23, idle: 38, sys: 62, released: 31, consumed: 30 (MB)
scvg: 0 MB released
scvg: inuse: 23, idle: 38, sys: 62, released: 31, consumed: 30 (MB)
scvg: 0 MB released
scvg: inuse: 23, idle: 38, sys: 62, released: 31, consumed: 30 (MB)
scvg: 0 MB released
scvg: inuse: 23, idle: 38, sys: 62, released: 31, consumed: 30 (MB)
scvg: 0 MB released
scvg: inuse: 23, idle: 38, sys: 62, released: 31, consumed: 30 (MB)
scvg: 0 MB released
scvg: inuse: 23, idle: 38, sys: 62, released: 31, consumed: 30 (MB)
scvg: 0 MB released
scvg: inuse: 23, idle: 38, sys: 62, released: 31, consumed: 30 (MB)
scvg: 0 MB released
scvg: inuse: 23, idle: 38, sys: 62, released: 31, consumed: 30 (MB)
scvg: 0 MB released
scvg: inuse: 23, idle: 38, sys: 62, released: 31, consumed: 30 (MB)
scvg: 0 MB released
scvg: inuse: 23, idle: 38, sys: 62, released: 31, consumed: 30 (MB)
scvg: 0 MB released
scvg: inuse: 23, idle: 38, sys: 62, released: 31, consumed: 30 (MB)
scvg: 0 MB released
scvg: inuse: 23, idle: 38, sys: 62, released: 31, consumed: 30 (MB)
scvg: 0 MB released
scvg: inuse: 23, idle: 38, sys: 62, released: 31, consumed: 30 (MB)
scvg: 0 MB released
scvg: inuse: 23, idle: 38, sys: 62, released: 31, consumed: 30 (MB)
scvg: 0 MB released
scvg: inuse: 23, idle: 38, sys: 62, released: 31, consumed: 30 (MB)
scvg: 0 MB released
scvg: inuse: 23, idle: 38, sys: 62, released: 31, consumed: 30 (MB)
scvg: 0 MB released
scvg: inuse: 23, idle: 38, sys: 62, released: 31, consumed: 30 (MB)
scvg: 0 MB released
scvg: inuse: 23, idle: 38, sys: 62, released: 31, consumed: 30 (MB)
scvg: 0 MB released
scvg: inuse: 23, idle: 38, sys: 62, released: 31, consumed: 30 (MB)
scvg: 0 MB released
scvg: inuse: 23, idle: 38, sys: 62, released: 31, consumed: 30 (MB)
scvg: 0 MB released
scvg: inuse: 23, idle: 38, sys: 62, released: 31, consumed: 30 (MB)
scvg: 0 MB released
scvg: inuse: 23, idle: 38, sys: 62, released: 31, consumed: 30 (MB)
scvg: 0 MB released
scvg: inuse: 23, idle: 38, sys: 62, released: 31, consumed: 30 (MB)
scvg: 0 MB released
scvg: inuse: 23, idle: 38, sys: 62, released: 31, consumed: 30 (MB)
scvg: 0 MB released
scvg: inuse: 23, idle: 38, sys: 62, released: 31, consumed: 30 (MB)
scvg: 0 MB released
scvg: inuse: 23, idle: 38, sys: 62, released: 31, consumed: 30 (MB)
scvg: 0 MB released
scvg: inuse: 23, idle: 38, sys: 62, released: 31, consumed: 30 (MB)
scvg: 0 MB released
scvg: inuse: 23, idle: 38, sys: 62, released: 31, consumed: 30 (MB)
scvg: 0 MB released
scvg: inuse: 23, idle: 38, sys: 62, released: 31, consumed: 30 (MB)
scvg: 0 MB released
scvg: inuse: 23, idle: 38, sys: 62, released: 31, consumed: 30 (MB)
scvg: 0 MB released
scvg: inuse: 23, idle: 38, sys: 62, released: 31, consumed: 30 (MB)
scvg: 0 MB released
scvg: inuse: 23, idle: 38, sys: 62, released: 31, consumed: 30 (MB)
scvg: 0 MB released
scvg: inuse: 23, idle: 38, sys: 62, released: 31, consumed: 30 (MB)
scvg: 0 MB released
scvg: inuse: 23, idle: 38, sys: 62, released: 31, consumed: 30 (MB)
scvg: 0 MB released
scvg: inuse: 23, idle: 38, sys: 62, released: 31, consumed: 30 (MB)
scvg: 0 MB released
scvg: inuse: 23, idle: 38, sys: 62, released: 31, consumed: 30 (MB)
scvg: 0 MB released
scvg: inuse: 23, idle: 38, sys: 62, released: 31, consumed: 30 (MB)
scvg: 0 MB released
scvg: inuse: 23, idle: 38, sys: 62, released: 31, consumed: 30 (MB)
scvg: 0 MB released
scvg: inuse: 23, idle: 38, sys: 62, released: 31, consumed: 30 (MB)
scvg: 0 MB released
scvg: inuse: 23, idle: 38, sys: 62, released: 31, consumed: 30 (MB)
scvg: 0 MB released
scvg: inuse: 23, idle: 38, sys: 62, released: 31, consumed: 30 (MB)
scvg: 0 MB released
scvg: inuse: 23, idle: 38, sys: 62, released: 31, consumed: 30 (MB)
scvg: 0 MB released
scvg: inuse: 23, idle: 38, sys: 62, released: 31, consumed: 30 (MB)
scvg: 0 MB released
scvg: inuse: 23, idle: 38, sys: 62, released: 31, consumed: 30 (MB)
scvg: 0 MB released
scvg: inuse: 23, idle: 38, sys: 62, released: 31, consumed: 30 (MB)
scvg: 0 MB released
scvg: inuse: 23, idle: 38, sys: 62, released: 31, consumed: 30 (MB)
scvg: 0 MB released
scvg: inuse: 23, idle: 38, sys: 62, released: 31, consumed: 30 (MB)
scvg: 0 MB released
scvg: inuse: 23, idle: 38, sys: 62, released: 31, consumed: 30 (MB)
scvg: 0 MB released
scvg: inuse: 23, idle: 38, sys: 62, released: 31, consumed: 30 (MB)
scvg: 0 MB released
scvg: inuse: 23, idle: 38, sys: 62, released: 31, consumed: 30 (MB)
scvg: 0 MB released
scvg: inuse: 23, idle: 38, sys: 62, released: 31, consumed: 30 (MB)
scvg: 0 MB released
scvg: inuse: 23, idle: 38, sys: 62, released: 31, consumed: 30 (MB)
scvg: 0 MB released
scvg: inuse: 23, idle: 38, sys: 62, released: 31, consumed: 30 (MB)
scvg: 0 MB released
scvg: inuse: 23, idle: 38, sys: 62, released: 31, consumed: 30 (MB)
scvg: 0 MB released
scvg: inuse: 23, idle: 38, sys: 62, released: 31, consumed: 30 (MB)
scvg: 0 MB released
scvg: inuse: 23, idle: 38, sys: 62, released: 31, consumed: 30 (MB)
scvg: 0 MB released
scvg: inuse: 23, idle: 38, sys: 62, released: 31, consumed: 30 (MB)
scvg: 0 MB released
scvg: inuse: 23, idle: 38, sys: 62, released: 31, consumed: 30 (MB)
scvg: 0 MB released
scvg: inuse: 23, idle: 38, sys: 62, released: 31, consumed: 30 (MB)
scvg: 0 MB released
scvg: inuse: 23, idle: 38, sys: 62, released: 31, consumed: 30 (MB)
scvg: 0 MB released
scvg: inuse: 23, idle: 38, sys: 62, released: 31, consumed: 30 (MB)
scvg: 0 MB released
scvg: inuse: 23, idle: 38, sys: 62, released: 31, consumed: 30 (MB)
scvg: 0 MB released
scvg: inuse: 23, idle: 38, sys: 62, released: 31, consumed: 30 (MB)
scvg: 0 MB released
scvg: inuse: 23, idle: 38, sys: 62, released: 31, consumed: 30 (MB)
scvg: 0 MB released
scvg: inuse: 23, idle: 38, sys: 62, released: 31, consumed: 30 (MB)
scvg: 0 MB released
scvg: inuse: 23, idle: 38, sys: 62, released: 31, consumed: 30 (MB)
scvg: 0 MB released
scvg: inuse: 23, idle: 38, sys: 62, released: 31, consumed: 30 (MB)
scvg: 0 MB released
scvg: inuse: 23, idle: 38, sys: 62, released: 31, consumed: 30 (MB)
scvg: 0 MB released
scvg: inuse: 23, idle: 38, sys: 62, released: 31, consumed: 30 (MB)
scvg: 0 MB released
scvg: inuse: 23, idle: 38, sys: 62, released: 31, consumed: 30 (MB)
scvg: 0 MB released
scvg: inuse: 23, idle: 38, sys: 62, released: 31, consumed: 30 (MB)
scvg: 0 MB released
scvg: inuse: 23, idle: 38, sys: 62, released: 31, consumed: 30 (MB)
scvg: 0 MB released
scvg: inuse: 23, idle: 38, sys: 62, released: 31, consumed: 30 (MB)
scvg: 0 MB released
scvg: inuse: 23, idle: 38, sys: 62, released: 31, consumed: 30 (MB)
scvg: 0 MB released
scvg: inuse: 23, idle: 38, sys: 62, released: 31, consumed: 30 (MB)
scvg: 0 MB released
scvg: inuse: 23, idle: 38, sys: 62, released: 31, consumed: 30 (MB)
scvg: 0 MB released
scvg: inuse: 23, idle: 38, sys: 62, released: 31, consumed: 30 (MB)
scvg: 0 MB released
scvg: inuse: 23, idle: 38, sys: 62, released: 31, consumed: 30 (MB)
scvg: 0 MB released
scvg: inuse: 23, idle: 38, sys: 62, released: 31, consumed: 30 (MB)
scvg: 0 MB released
scvg: inuse: 23, idle: 38, sys: 62, released: 32, consumed: 30 (MB)
scvg: 0 MB released
scvg: inuse: 23, idle: 38, sys: 62, released: 32, consumed: 30 (MB)
scvg: 0 MB released
scvg: inuse: 23, idle: 38, sys: 62, released: 32, consumed: 30 (MB)
scvg: 0 MB released
scvg: inuse: 23, idle: 38, sys: 62, released: 32, consumed: 30 (MB)
scvg: 0 MB released
scvg: inuse: 23, idle: 38, sys: 62, released: 32, consumed: 30 (MB)
scvg: 0 MB released
scvg: inuse: 23, idle: 38, sys: 62, released: 32, consumed: 30 (MB)
scvg: 0 MB released
scvg: inuse: 23, idle: 38, sys: 62, released: 32, consumed: 30 (MB)
scvg: 0 MB released
scvg: inuse: 23, idle: 38, sys: 62, released: 32, consumed: 30 (MB)
scvg: 0 MB released
scvg: inuse: 23, idle: 38, sys: 62, released: 32, consumed: 30 (MB)
scvg: 0 MB released
scvg: inuse: 23, idle: 38, sys: 62, released: 32, consumed: 30 (MB)
scvg: 0 MB released
scvg: inuse: 23, idle: 38, sys: 62, released: 32, consumed: 30 (MB)
scvg: 0 MB released
scvg: inuse: 23, idle: 38, sys: 62, released: 32, consumed: 30 (MB)
scvg: 0 MB released
scvg: inuse: 23, idle: 38, sys: 62, released: 32, consumed: 30 (MB)
scvg: 0 MB released
scvg: inuse: 23, idle: 38, sys: 62, released: 32, consumed: 30 (MB)
scvg: 0 MB released
scvg: inuse: 23, idle: 38, sys: 62, released: 32, consumed: 30 (MB)
scvg: 0 MB released
scvg: inuse: 23, idle: 38, sys: 62, released: 32, consumed: 30 (MB)
scvg: 0 MB released
scvg: inuse: 23, idle: 38, sys: 62, released: 32, consumed: 30 (MB)
scvg: 0 MB released
scvg: inuse: 23, idle: 38, sys: 62, released: 32, consumed: 30 (MB)
scvg: 0 MB released
scvg: inuse: 23, idle: 38, sys: 62, released: 32, consumed: 30 (MB)
scvg: 0 MB released
scvg: inuse: 23, idle: 38, sys: 62, released: 32, consumed: 30 (MB)
scvg: 0 MB released
scvg: inuse: 23, idle: 38, sys: 62, released: 32, consumed: 30 (MB)
scvg: 0 MB released
scvg: inuse: 23, idle: 38, sys: 62, released: 32, consumed: 30 (MB)
scvg: 0 MB released
scvg: inuse: 23, idle: 38, sys: 62, released: 32, consumed: 30 (MB)
scvg: 0 MB released
scvg: inuse: 23, idle: 38, sys: 62, released: 32, consumed: 30 (MB)
scvg: 0 MB released
scvg: inuse: 23, idle: 38, sys: 62, released: 32, consumed: 30 (MB)
scvg: 0 MB released
scvg: inuse: 23, idle: 38, sys: 62, released: 32, consumed: 29 (MB)
scvg: 0 MB released
scvg: inuse: 23, idle: 38, sys: 62, released: 32, consumed: 29 (MB)
scvg: 0 MB released
scvg: inuse: 23, idle: 38, sys: 62, released: 32, consumed: 29 (MB)
scvg: 0 MB released
scvg: inuse: 23, idle: 38, sys: 62, released: 32, consumed: 29 (MB)
scvg: 0 MB released
scvg: inuse: 23, idle: 38, sys: 62, released: 32, consumed: 29 (MB)
scvg: 0 MB released
scvg: inuse: 23, idle: 38, sys: 62, released: 32, consumed: 29 (MB)
scvg: 0 MB released
scvg: inuse: 23, idle: 38, sys: 62, released: 32, consumed: 29 (MB)
scvg: 0 MB released
scvg: inuse: 23, idle: 38, sys: 62, released: 32, consumed: 29 (MB)
scvg: 0 MB released
scvg: inuse: 23, idle: 38, sys: 62, released: 32, consumed: 29 (MB)
scvg: 0 MB released
scvg: inuse: 23, idle: 38, sys: 62, released: 32, consumed: 29 (MB)
scvg: 0 MB released
scvg: inuse: 23, idle: 38, sys: 62, released: 32, consumed: 29 (MB)
scvg: 0 MB released
scvg: inuse: 23, idle: 38, sys: 62, released: 32, consumed: 29 (MB)
scvg: 0 MB released
scvg: inuse: 23, idle: 38, sys: 62, released: 32, consumed: 29 (MB)
scvg: 0 MB released
scvg: inuse: 23, idle: 38, sys: 62, released: 32, consumed: 29 (MB)
scvg: 0 MB released
scvg: inuse: 23, idle: 38, sys: 62, released: 32, consumed: 29 (MB)
scvg: 0 MB released
scvg: inuse: 23, idle: 38, sys: 62, released: 32, consumed: 29 (MB)
scvg: 0 MB released
scvg: inuse: 23, idle: 38, sys: 62, released: 32, consumed: 29 (MB)
scvg: 0 MB released
scvg: inuse: 23, idle: 38, sys: 62, released: 32, consumed: 29 (MB)
scvg: 0 MB released
scvg: inuse: 23, idle: 38, sys: 62, released: 32, consumed: 29 (MB)
scvg: 0 MB released
scvg: inuse: 23, idle: 38, sys: 62, released: 32, consumed: 29 (MB)
scvg: 0 MB released
scvg: inuse: 23, idle: 38, sys: 62, released: 32, consumed: 29 (MB)
scvg: 0 MB released
scvg: inuse: 23, idle: 38, sys: 62, released: 32, consumed: 29 (MB)
scvg: 0 MB released
scvg: inuse: 23, idle: 38, sys: 62, released: 32, consumed: 29 (MB)
scvg: 0 MB released
scvg: inuse: 23, idle: 38, sys: 62, released: 32, consumed: 29 (MB)
scvg: 0 MB released
scvg: inuse: 23, idle: 38, sys: 62, released: 32, consumed: 29 (MB)
scvg: 0 MB released
scvg: inuse: 23, idle: 38, sys: 62, released: 32, consumed: 29 (MB)
GC forced
gc 1432 @155578.341s 0%: 0.028+2.1+0.007 ms clock, 0.22+0/3.5/5.6+0.059 ms cpu, 25->25->20 MB, 41 MB goal, 8 P
scvg: 0 MB released
scvg: inuse: 24, idle: 37, sys: 62, released: 32, consumed: 29 (MB)
scvg: 0 MB released
scvg: inuse: 23, idle: 38, sys: 62, released: 32, consumed: 29 (MB)
scvg: 0 MB released
scvg: inuse: 23, idle: 38, sys: 62, released: 32, consumed: 29 (MB)
scvg: 0 MB released
scvg: inuse: 23, idle: 38, sys: 62, released: 32, consumed: 29 (MB)
scvg: 0 MB released
scvg: inuse: 23, idle: 38, sys: 62, released: 32, consumed: 29 (MB)
scvg: 0 MB released
scvg: inuse: 23, idle: 38, sys: 62, released: 32, consumed: 29 (MB)
scvg: 0 MB released
scvg: inuse: 23, idle: 38, sys: 62, released: 32, consumed: 29 (MB)
scvg: 0 MB released
scvg: inuse: 23, idle: 38, sys: 62, released: 32, consumed: 29 (MB)
scvg: 0 MB released
scvg: inuse: 23, idle: 38, sys: 62, released: 32, consumed: 29 (MB)
scvg: 0 MB released
scvg: inuse: 23, idle: 38, sys: 62, released: 32, consumed: 29 (MB)
scvg: 0 MB released
scvg: inuse: 23, idle: 38, sys: 62, released: 32, consumed: 29 (MB)
scvg: 0 MB released
scvg: inuse: 23, idle: 38, sys: 62, released: 32, consumed: 29 (MB)
scvg: 0 MB released
scvg: inuse: 23, idle: 38, sys: 62, released: 32, consumed: 29 (MB)
scvg: 0 MB released
scvg: inuse: 23, idle: 38, sys: 62, released: 32, consumed: 29 (MB)
scvg: 0 MB released
scvg: inuse: 23, idle: 38, sys: 62, released: 32, consumed: 29 (MB)
scvg: 0 MB released
scvg: inuse: 23, idle: 38, sys: 62, released: 32, consumed: 29 (MB)
scvg: 0 MB released
scvg: inuse: 23, idle: 38, sys: 62, released: 32, consumed: 29 (MB)
scvg: 0 MB released
scvg: inuse: 23, idle: 38, sys: 62, released: 32, consumed: 29 (MB)
scvg: 0 MB released
scvg: inuse: 23, idle: 38, sys: 62, released: 32, consumed: 29 (MB)
scvg: 0 MB released
scvg: inuse: 23, idle: 38, sys: 62, released: 32, consumed: 29 (MB)
scvg: 0 MB released
scvg: inuse: 23, idle: 38, sys: 62, released: 32, consumed: 29 (MB)
scvg: 0 MB released
scvg: inuse: 23, idle: 38, sys: 62, released: 32, consumed: 29 (MB)
scvg: 0 MB released
scvg: inuse: 23, idle: 38, sys: 62, released: 32, consumed: 29 (MB)
scvg: 0 MB released
scvg: inuse: 23, idle: 38, sys: 62, released: 32, consumed: 29 (MB)
scvg: 0 MB released
scvg: inuse: 23, idle: 38, sys: 62, released: 32, consumed: 29 (MB)
scvg: 0 MB released
scvg: inuse: 23, idle: 38, sys: 62, released: 32, consumed: 29 (MB)
scvg: 0 MB released
scvg: inuse: 23, idle: 38, sys: 62, released: 32, consumed: 29 (MB)
scvg: 0 MB released
scvg: inuse: 23, idle: 38, sys: 62, released: 32, consumed: 29 (MB)
scvg: 0 MB released
scvg: inuse: 23, idle: 38, sys: 62, released: 32, consumed: 29 (MB)
scvg: 0 MB released
scvg: inuse: 23, idle: 38, sys: 62, released: 32, consumed: 29 (MB)
scvg: 0 MB released
scvg: inuse: 23, idle: 38, sys: 62, released: 32, consumed: 29 (MB)
scvg: 0 MB released
scvg: inuse: 23, idle: 38, sys: 62, released: 32, consumed: 29 (MB)
scvg: 0 MB released
scvg: inuse: 23, idle: 38, sys: 62, released: 32, consumed: 29 (MB)
scvg: 0 MB released
scvg: inuse: 23, idle: 38, sys: 62, released: 32, consumed: 29 (MB)
scvg: 0 MB released
scvg: inuse: 23, idle: 38, sys: 62, released: 32, consumed: 29 (MB)
scvg: 0 MB released
scvg: inuse: 23, idle: 38, sys: 62, released: 32, consumed: 29 (MB)
scvg: 0 MB released
scvg: inuse: 23, idle: 38, sys: 62, released: 32, consumed: 29 (MB)
scvg: 0 MB released
scvg: inuse: 23, idle: 38, sys: 62, released: 32, consumed: 29 (MB)
scvg: 0 MB released
scvg: inuse: 23, idle: 38, sys: 62, released: 32, consumed: 29 (MB)
scvg: 0 MB released
scvg: inuse: 23, idle: 38, sys: 62, released: 32, consumed: 29 (MB)
scvg: 0 MB released
scvg: inuse: 23, idle: 38, sys: 62, released: 32, consumed: 29 (MB)
scvg: 0 MB released
scvg: inuse: 23, idle: 38, sys: 62, released: 32, consumed: 29 (MB)
scvg: 0 MB released
scvg: inuse: 23, idle: 38, sys: 62, released: 32, consumed: 29 (MB)
scvg: 0 MB released
scvg: inuse: 23, idle: 38, sys: 62, released: 32, consumed: 29 (MB)
scvg: 0 MB released
scvg: inuse: 23, idle: 38, sys: 62, released: 32, consumed: 29 (MB)
scvg: 0 MB released
scvg: inuse: 23, idle: 38, sys: 62, released: 32, consumed: 29 (MB)
scvg: 0 MB released
scvg: inuse: 23, idle: 38, sys: 62, released: 32, consumed: 29 (MB)
scvg: 0 MB released
scvg: inuse: 23, idle: 38, sys: 62, released: 32, consumed: 29 (MB)
scvg: 0 MB released
scvg: inuse: 23, idle: 38, sys: 62, released: 32, consumed: 29 (MB)
scvg: 0 MB released
scvg: inuse: 23, idle: 38, sys: 62, released: 32, consumed: 29 (MB)
scvg: 0 MB released
scvg: inuse: 23, idle: 38, sys: 62, released: 32, consumed: 29 (MB)
scvg: 0 MB released
scvg: inuse: 23, idle: 38, sys: 62, released: 32, consumed: 29 (MB)
scvg: 0 MB released
scvg: inuse: 23, idle: 38, sys: 62, released: 32, consumed: 29 (MB)
scvg: 0 MB released
scvg: inuse: 23, idle: 38, sys: 62, released: 32, consumed: 29 (MB)
scvg: 0 MB released
scvg: inuse: 23, idle: 38, sys: 62, released: 32, consumed: 29 (MB)
scvg: 0 MB released
scvg: inuse: 23, idle: 38, sys: 62, released: 32, consumed: 29 (MB)
scvg: 0 MB released
scvg: inuse: 23, idle: 38, sys: 62, released: 32, consumed: 29 (MB)
scvg: 0 MB released
scvg: inuse: 23, idle: 38, sys: 62, released: 32, consumed: 29 (MB)
scvg: 0 MB released
scvg: inuse: 23, idle: 38, sys: 62, released: 32, consumed: 29 (MB)
scvg: 0 MB released
scvg: inuse: 23, idle: 38, sys: 62, released: 32, consumed: 29 (MB)
scvg: 0 MB released
scvg: inuse: 23, idle: 38, sys: 62, released: 32, consumed: 29 (MB)
scvg: 0 MB released
scvg: inuse: 23, idle: 38, sys: 62, released: 32, consumed: 29 (MB)
scvg: 0 MB released
scvg: inuse: 23, idle: 38, sys: 62, released: 32, consumed: 29 (MB)
scvg: 0 MB released
scvg: inuse: 23, idle: 38, sys: 62, released: 32, consumed: 29 (MB)
scvg: 0 MB released
scvg: inuse: 23, idle: 38, sys: 62, released: 32, consumed: 29 (MB)
scvg: 0 MB released
scvg: inuse: 23, idle: 38, sys: 62, released: 32, consumed: 29 (MB)
scvg: 0 MB released
scvg: inuse: 23, idle: 38, sys: 62, released: 32, consumed: 29 (MB)
scvg: 0 MB released
scvg: inuse: 23, idle: 38, sys: 62, released: 32, consumed: 29 (MB)
scvg: 0 MB released
scvg: inuse: 23, idle: 38, sys: 62, released: 32, consumed: 29 (MB)
scvg: 0 MB released
scvg: inuse: 23, idle: 38, sys: 62, released: 33, consumed: 29 (MB)
scvg: 0 MB released
scvg: inuse: 23, idle: 38, sys: 62, released: 33, consumed: 29 (MB)
scvg: 0 MB released
scvg: inuse: 23, idle: 38, sys: 62, released: 33, consumed: 29 (MB)
scvg: 0 MB released
scvg: inuse: 23, idle: 38, sys: 62, released: 33, consumed: 29 (MB)
scvg: 0 MB released
scvg: inuse: 23, idle: 38, sys: 62, released: 33, consumed: 29 (MB)
scvg: 0 MB released
scvg: inuse: 23, idle: 38, sys: 62, released: 33, consumed: 29 (MB)
scvg: 0 MB released
scvg: inuse: 23, idle: 38, sys: 62, released: 33, consumed: 29 (MB)
scvg: 0 MB released
scvg: inuse: 23, idle: 38, sys: 62, released: 33, consumed: 29 (MB)
scvg: 0 MB released
scvg: inuse: 23, idle: 38, sys: 62, released: 33, consumed: 29 (MB)
scvg: 0 MB released
scvg: inuse: 23, idle: 38, sys: 62, released: 33, consumed: 29 (MB)
scvg: 0 MB released
scvg: inuse: 23, idle: 38, sys: 62, released: 33, consumed: 29 (MB)
scvg: 0 MB released
scvg: inuse: 23, idle: 38, sys: 62, released: 33, consumed: 29 (MB)
scvg: 0 MB released
scvg: inuse: 23, idle: 38, sys: 62, released: 33, consumed: 29 (MB)
scvg: 0 MB released
scvg: inuse: 23, idle: 38, sys: 62, released: 33, consumed: 29 (MB)
scvg: 0 MB released
scvg: inuse: 23, idle: 38, sys: 62, released: 33, consumed: 29 (MB)
scvg: 0 MB released
scvg: inuse: 23, idle: 38, sys: 62, released: 33, consumed: 29 (MB)
scvg: 0 MB released
scvg: inuse: 23, idle: 38, sys: 62, released: 33, consumed: 29 (MB)
scvg: 0 MB released
scvg: inuse: 23, idle: 38, sys: 62, released: 33, consumed: 29 (MB)
scvg: 0 MB released
scvg: inuse: 23, idle: 38, sys: 62, released: 33, consumed: 29 (MB)
scvg: 0 MB released
scvg: inuse: 23, idle: 38, sys: 62, released: 33, consumed: 29 (MB)
scvg: 0 MB released
scvg: inuse: 23, idle: 38, sys: 62, released: 33, consumed: 29 (MB)
scvg: 0 MB released
scvg: inuse: 23, idle: 38, sys: 62, released: 33, consumed: 29 (MB)
GC forced
gc 1433 @155698.360s 0%: 0.009+3.8+0.005 ms clock, 0.072+0/4.7/5.0+0.047 ms cpu, 25->25->20 MB, 41 MB goal, 8 P
GC forced
gc 1434 @155818.376s 0%: 0.008+3.9+0.006 ms clock, 0.068+0/4.6/4.4+0.051 ms cpu, 25->25->20 MB, 41 MB goal, 8 P
GC forced
gc 1435 @155938.393s 0%: 0.010+3.2+0.005 ms clock, 0.086+0/4.0/4.5+0.040 ms cpu, 25->25->20 MB, 41 MB goal, 8 P
GC forced
gc 1436 @156058.409s 0%: 0.008+2.9+0.005 ms clock, 0.070+0/4.3/3.1+0.045 ms cpu, 25->25->20 MB, 41 MB goal, 8 P
GC forced
gc 1437 @156178.425s 0%: 0.009+2.4+0.005 ms clock, 0.073+0/3.5/7.3+0.044 ms cpu, 25->25->20 MB, 41 MB goal, 8 P
GC forced
gc 1438 @156298.434s 0%: 0.008+5.2+0.006 ms clock, 0.064+0/5.5/2.6+0.048 ms cpu, 25->25->20 MB, 41 MB goal, 8 P
scvg: 0 MB released
scvg: inuse: 24, idle: 37, sys: 62, released: 33, consumed: 29 (MB)
scvg: 0 MB released
scvg: inuse: 23, idle: 38, sys: 62, released: 33, consumed: 29 (MB)
scvg: 0 MB released
scvg: inuse: 23, idle: 38, sys: 62, released: 33, consumed: 29 (MB)
scvg: 0 MB released
scvg: inuse: 23, idle: 38, sys: 62, released: 33, consumed: 28 (MB)
scvg: 0 MB released
scvg: inuse: 23, idle: 38, sys: 62, released: 33, consumed: 28 (MB)
scvg: 0 MB released
scvg: inuse: 23, idle: 38, sys: 62, released: 33, consumed: 28 (MB)
scvg: 0 MB released
scvg: inuse: 23, idle: 38, sys: 62, released: 33, consumed: 28 (MB)
scvg: 0 MB released
scvg: inuse: 23, idle: 38, sys: 62, released: 33, consumed: 28 (MB)
scvg: 0 MB released
scvg: inuse: 23, idle: 38, sys: 62, released: 33, consumed: 28 (MB)
scvg: 0 MB released
scvg: inuse: 23, idle: 38, sys: 62, released: 33, consumed: 28 (MB)
scvg: 0 MB released
scvg: inuse: 23, idle: 38, sys: 62, released: 33, consumed: 28 (MB)
scvg: 0 MB released
scvg: inuse: 23, idle: 38, sys: 62, released: 33, consumed: 28 (MB)
scvg: 0 MB released
scvg: inuse: 23, idle: 38, sys: 62, released: 33, consumed: 28 (MB)
scvg: 0 MB released
scvg: inuse: 23, idle: 38, sys: 62, released: 33, consumed: 28 (MB)
scvg: 0 MB released
scvg: inuse: 23, idle: 38, sys: 62, released: 33, consumed: 28 (MB)
scvg: 0 MB released
scvg: inuse: 23, idle: 38, sys: 62, released: 33, consumed: 28 (MB)
scvg: 0 MB released
scvg: inuse: 23, idle: 38, sys: 62, released: 33, consumed: 28 (MB)
scvg: 0 MB released
scvg: inuse: 23, idle: 38, sys: 62, released: 33, consumed: 28 (MB)
scvg: 0 MB released
scvg: inuse: 23, idle: 38, sys: 62, released: 33, consumed: 28 (MB)
scvg: 0 MB released
scvg: inuse: 23, idle: 38, sys: 62, released: 33, consumed: 28 (MB)
scvg: 0 MB released
scvg: inuse: 23, idle: 38, sys: 62, released: 33, consumed: 28 (MB)
scvg: 0 MB released
scvg: inuse: 23, idle: 38, sys: 62, released: 33, consumed: 28 (MB)
scvg: 0 MB released
scvg: inuse: 23, idle: 38, sys: 62, released: 33, consumed: 28 (MB)
scvg: 0 MB released
scvg: inuse: 23, idle: 38, sys: 62, released: 33, consumed: 28 (MB)
GC forced
gc 1439 @156418.441s 0%: 0.017+4.8+0.007 ms clock, 0.14+0/6.0/0.92+0.061 ms cpu, 25->25->20 MB, 41 MB goal, 8 P
GC forced
gc 1440 @156538.453s 0%: 0.020+4.0+0.006 ms clock, 0.16+0/5.3/2.1+0.051 ms cpu, 25->25->20 MB, 41 MB goal, 8 P
GC forced
gc 1441 @156658.462s 0%: 0.008+3.6+0.005 ms clock, 0.068+0/3.2/8.1+0.047 ms cpu, 25->25->20 MB, 41 MB goal, 8 P
GC forced
gc 1442 @156778.477s 0%: 0.009+3.9+0.006 ms clock, 0.078+0/4.7/2.3+0.049 ms cpu, 25->25->20 MB, 41 MB goal, 8 P
GC forced
gc 1443 @156898.484s 0%: 0.014+4.7+0.005 ms clock, 0.11+0.24/5.9/2.7+0.047 ms cpu, 25->25->20 MB, 41 MB goal, 8 P
GC forced
gc 1444 @157018.492s 0%: 0.009+3.9+0.006 ms clock, 0.072+0/4.6/2.9+0.049 ms cpu, 25->25->20 MB, 41 MB goal, 8 P
GC forced
gc 1445 @157138.514s 0%: 0.008+3.6+0.007 ms clock, 0.068+0/4.9/2.8+0.062 ms cpu, 25->25->20 MB, 41 MB goal, 8 P
